
> reddit-clone@0.1.0 test
> react-scripts test

  console.log
    the error state false

      at Home (src/features/feed/HomeFeed.js:21:13)

  console.log
    the loading state true

      at Home (src/features/feed/HomeFeed.js:22:13)

  console.log
    1st store {
      counter: { value: 0, status: 'idle' },
      post: { post: null, comments: [], loading: false, error: null },
      home: {
        posts: [],
        subreddits: [ [Object], [Object] ],
        loading: true,
        error: false,
        searchTerm: '',
        selectedSubreddit: '/r/nibbio'
      }
    }

      at Object.<anonymous> (src/features/feed/tests/HomeFeed.test.js:51:17)

  console.log
    the error state false

      at Home (src/features/feed/HomeFeed.js:21:13)

  console.log
    the loading state false

      at Home (src/features/feed/HomeFeed.js:22:13)

  console.log
    the error state false

      at Home (src/features/feed/HomeFeed.js:21:13)

  console.log
    the loading state true

      at Home (src/features/feed/HomeFeed.js:22:13)

  console.log
    2nd store {
      counter: { value: 0, status: 'idle' },
      home: {
        posts: [],
        subreddits: [ [Object], [Object] ],
        loading: false,
        error: true,
        searchTerm: '',
        selectedSubreddit: '/r/nibbio'
      },
      post: { post: null, comments: [], loading: false, error: null }
    }

      at Object.<anonymous> (src/features/feed/tests/HomeFeed.test.js:79:17)

  console.log
    the error state false

      at Home (src/features/feed/HomeFeed.js:21:13)

  console.log
    the loading state false

      at Home (src/features/feed/HomeFeed.js:22:13)

  console.log
    the error state false

      at Home (src/features/feed/HomeFeed.js:21:13)

  console.log
    the loading state true

      at Home (src/features/feed/HomeFeed.js:22:13)

  console.log
    the error state false

      at Home (src/features/feed/HomeFeed.js:21:13)

  console.log
    the loading state false

      at Home (src/features/feed/HomeFeed.js:22:13)

  console.log
    the error state false

      at Home (src/features/feed/HomeFeed.js:21:13)

  console.log
    the loading state true

      at Home (src/features/feed/HomeFeed.js:22:13)

  console.log
    4th store {
      counter: { value: 0, status: 'idle' },
      home: {
        posts: [],
        subreddits: [ [Object], [Object] ],
        loading: false,
        error: false,
        searchTerm: 'Test',
        selectedSubreddit: '/r/nibbio'
      },
      post: { post: null, comments: [], loading: false, error: null }
    }

      at Object.<anonymous> (src/features/feed/tests/HomeFeed.test.js:129:17)

  console.log
    subreddits: [
      {
        user_flair_background_color: null,
        submit_text_html: null,
        restrict_posting: true,
        user_is_banned: null,
        free_form_reports: true,
        wiki_enabled: false,
        user_is_muted: null,
        user_can_flair_in_sr: null,
        display_name: 'MechanicalEngineering',
        header_img: null,
        title: 'The ME Hang Out',
        allow_galleries: true,
        icon_size: null,
        primary_color: '',
        active_user_count: null,
        icon_img: '',
        display_name_prefixed: 'r/MechanicalEngineering',
        accounts_active: null,
        public_traffic: false,
        subscribers: 103894,
        user_flair_richtext: [],
        name: 't5_2s8xv',
        quarantine: false,
        hide_ads: false,
        prediction_leaderboard_entry_type: 'SUBREDDIT_HEADER',
        emojis_enabled: false,
        advertiser_category: '',
        public_description: '',
        comment_score_hide_mins: 0,
        allow_predictions: false,
        user_has_favorited: null,
        user_flair_template_id: null,
        community_icon: 'https://styles.redditmedia.com/t5_2s8xv/styles/communityIcon_ghf6yswpyyf61.png?width=256&amp;s=19e4d91a6328f6822af955cfee67a251dde9ed69',
        banner_background_image: '',
        original_content_tag_enabled: false,
        community_reviewed: true,
        submit_text: '',
        description_html: '&lt;!-- SC_OFF --&gt;&lt;div class="md"&gt;&lt;h2&gt;&lt;a href="/r/MechanicalEngineering"&gt;/r/MechanicalEngineering&lt;/a&gt;!&lt;/h2&gt;\n' +
          '\n' +
          '&lt;p&gt;The gathering place for mechanical engineers to discuss current technology, methods, jobs, and anything else related to mechanical engineering.&lt;/p&gt;\n' +
          '\n' +
          '&lt;p&gt;Feel free to share anything you feel is relevant. Threads related to current projects (home or work), discussion threads, best practices, and everything in between are more than welcome.&lt;/p&gt;\n' +
          '\n' +
          '&lt;p&gt;&lt;strong&gt;Read the side bar and all rules before posting.&lt;/strong&gt;&lt;/p&gt;\n' +
          '\n' +
          '&lt;h2&gt;Posting Rules&lt;/h2&gt;\n' +
          '\n' +
          '&lt;ol&gt;\n' +
          '&lt;li&gt;&lt;p&gt;Keep all posts and comments constructive and good natured.&lt;/p&gt;&lt;/li&gt;\n' +
          '&lt;li&gt;&lt;p&gt;No advertising/self-promotion allowed. (No direct links to product websites) If you&amp;#39;d like to discuss a particular product please do so in a self post.&lt;/p&gt;&lt;/li&gt;\n' +
          '&lt;li&gt;&lt;p&gt;All low effort posts will be removed. These will be evaluated on a &amp;#39;per-post&amp;#39; basis.&lt;/p&gt;&lt;/li&gt;\n' +
          '&lt;li&gt;&lt;p&gt;&amp;#39;Design this for me&amp;#39; posts will be removed. &amp;#39;How do I do this&amp;#39; posts will be removed unless it&amp;#39;s clear sufficient thought has already been given to the problem.&lt;/p&gt;&lt;/li&gt;\n' +
          '&lt;li&gt;&lt;p&gt;Images are allowed provided they are relevant to mechanical engineering or the the posted topic.&lt;/p&gt;&lt;/li&gt;\n' +
          '&lt;li&gt;&lt;p&gt;All school/university related items please see &lt;a href="http://www.reddit.com/r/EngineeringStudents"&gt;Engineering Students&lt;/a&gt;&lt;/p&gt;&lt;/li&gt;\n' +
          '&lt;li&gt;&lt;p&gt;Looking for help with your resume or portfolio? Head on over to &lt;a href="http://www.reddit.com/r/EngineeringResumes"&gt;Engineering Resumes&lt;/a&gt;&lt;/p&gt;&lt;/li&gt;\n' +
          '&lt;/ol&gt;\n' +
          '\n' +
          '&lt;h2&gt;Flair&lt;/h2&gt;\n' +
          '\n' +
          '&lt;p&gt;Users are encouraged to add their own user flair to denote what industry or discipline they work in.&lt;/p&gt;\n' +
          '\n' +
          '&lt;hr/&gt;\n' +
          '\n' +
          '&lt;h3&gt;Reporting Posts&lt;/h3&gt;\n' +
          '\n' +
          '&lt;p&gt;Please report any post(s) which you feel violates the above rules, or reddiquette. If the reason is not obvious, please use the &amp;#39;other&amp;#39; box and provide a short explanation for the report.&lt;/p&gt;\n' +
          '\n' +
          '&lt;hr/&gt;\n' +
          '\n' +
          '&lt;h3&gt;Other Discipline Subreddits&lt;/h3&gt;\n' +
          '\n' +
          '&lt;ul&gt;\n' +
          '&lt;li&gt;&lt;p&gt;&lt;a href="http://www.reddit.com/r/engineering"&gt;General&lt;/a&gt;&lt;/p&gt;&lt;/li&gt;\n' +
          '&lt;li&gt;&lt;p&gt;&lt;a href="http://www.reddit.com/r/AskEngineers"&gt;Electrical&lt;/a&gt;&lt;/p&gt;&lt;/li&gt;\n' +
          '&lt;li&gt;&lt;p&gt;&lt;a href="http://www.reddit.com/r/chemicalengineering"&gt;Chemical&lt;/a&gt;&lt;/p&gt;&lt;/li&gt;\n' +
          '&lt;li&gt;&lt;p&gt;&lt;a href="http://www.reddit.com/r/bioengineering"&gt;Biological&lt;/a&gt;&lt;/p&gt;&lt;/li&gt;\n' +
          '&lt;li&gt;&lt;p&gt;&lt;a href="http://www.reddit.com/r/civilengineering"&gt;Civil&lt;/a&gt;&lt;/p&gt;&lt;/li&gt;\n' +
          '&lt;li&gt;&lt;p&gt;&lt;a href="http://www.reddit.com/r/Manufacturing"&gt;Manufacturing&lt;/a&gt;&lt;/p&gt;&lt;/li&gt;\n' +
          '&lt;li&gt;&lt;p&gt;&lt;a href="http://www.reddit.com/r/AeroSpace"&gt;Aerospace&lt;/a&gt;&lt;/p&gt;&lt;/li&gt;\n' +
          '&lt;li&gt;&lt;p&gt;&lt;a href="http://www.reddit.com/r/thermodynamics"&gt;Thermodynamics&lt;/a&gt;&lt;/p&gt;&lt;/li&gt;\n' +
          '&lt;/ul&gt;\n' +
          '\n' +
          '&lt;hr/&gt;\n' +
          '\n' +
          '&lt;h3&gt;Other Engineering Related Subreddits&lt;/h3&gt;\n' +
          '\n' +
          '&lt;ul&gt;\n' +
          '&lt;li&gt;&lt;p&gt;&lt;a href="http://www.reddit.com/r/AskEngineers"&gt;Ask Engineers&lt;/a&gt;&lt;/p&gt;&lt;/li&gt;\n' +
          '&lt;li&gt;&lt;p&gt;&lt;a href="http://www.reddit.com/r/CAD"&gt;Computer Aided Design&lt;/a&gt;&lt;/p&gt;&lt;/li&gt;\n' +
          '&lt;li&gt;&lt;p&gt;&lt;a href="http://www.reddit.com/r/FEA"&gt;Finite Element Analysis&lt;/a&gt;&lt;/p&gt;&lt;/li&gt;\n' +
          '&lt;li&gt;&lt;p&gt;&lt;a href="http://www.reddit.com/r/PLC"&gt;Programmable Logic Controllers&lt;/a&gt;&lt;/p&gt;&lt;/li&gt;\n' +
          '&lt;li&gt;&lt;p&gt;&lt;a href="http://www.reddit.com/r/ThermalPerformance"&gt;Thermal Performance&lt;/a&gt;&lt;/p&gt;&lt;/li&gt;\n' +
          '&lt;/ul&gt;\n' +
          '&lt;/div&gt;&lt;!-- SC_ON --&gt;',
        spoilers_enabled: true,
        comment_contribution_settings: { allowed_media_types: null },
        allow_talks: false,
        header_size: null,
        user_flair_position: 'right',
        all_original_content: false,
        has_menu_widget: false,
        is_enrolled_in_new_modmail: null,
        key_color: '',
        can_assign_user_flair: true,
        created: 1293592573,
        wls: 6,
        show_media_preview: true,
        submission_type: 'any',
        user_is_subscriber: null,
        allowed_media_in_comments: [],
        allow_videogifs: true,
        should_archive_posts: false,
        user_flair_type: 'text',
        allow_polls: true,
        collapse_deleted_comments: false,
        emojis_custom_size: null,
        public_description_html: null,
        allow_videos: false,
        is_crosspostable_subreddit: false,
        suggested_comment_sort: null,
        should_show_media_in_comments_setting: true,
        can_assign_link_flair: false,
        accounts_active_is_fuzzed: false,
        allow_prediction_contributors: false,
        submit_text_label: '',
        link_flair_position: '',
        user_sr_flair_enabled: null,
        user_flair_enabled_in_sr: false,
        allow_chat_post_creation: false,
        allow_discovery: true,
        accept_followers: true,
        user_sr_theme_enabled: true,
        link_flair_enabled: false,
        disable_contributor_requests: false,
        subreddit_type: 'public',
        notification_level: null,
        banner_img: '',
        user_flair_text: null,
        banner_background_color: '',
        show_media: true,
        id: '2s8xv',
        user_is_contributor: null,
        over18: false,
        header_title: '',
        description: '## /r/MechanicalEngineering!\n' +
          '\n' +
          'The gathering place for mechanical engineers to discuss current technology, methods, jobs, and anything else related to mechanical engineering.\n' +
          '\n' +
          'Feel free to share anything you feel is relevant. Threads related to current projects (home or work), discussion threads, best practices, and everything in between are more than welcome.\n' +
          '\n' +
          '**Read the side bar and all rules before posting.**\n' +
          '\n' +
          '## Posting Rules\n' +
          '\n' +
          '1. Keep all posts and comments constructive and good natured.\n' +
          '\n' +
          "2. No advertising/self-promotion allowed. (No direct links to product websites) If you'd like to discuss a particular product please do so in a self post.\n" +
          '\n' +
          "3. All low effort posts will be removed. These will be evaluated on a 'per-post' basis.\n" +
          '\n' +
          "4. 'Design this for me' posts will be removed. 'How do I do this' posts will be removed unless it's clear sufficient thought has already been given to the problem.\n" +
          '\n' +
          '5. Images are allowed provided they are relevant to mechanical engineering or the the posted topic.\n' +
          '\n' +
          '6. All school/university related items please see [Engineering Students](http://www.reddit.com/r/EngineeringStudents)\n' +
          '\n' +
          '7. Looking for help with your resume or portfolio? Head on over to [Engineering Resumes](http://www.reddit.com/r/EngineeringResumes)\n' +
          '\n' +
          '## Flair\n' +
          '\n' +
          'Users are encouraged to add their own user flair to denote what industry or discipline they work in.\n' +
          '\n' +
          '---\n' +
          '###Reporting Posts\n' +
          '\n' +
          "Please report any post(s) which you feel violates the above rules, or reddiquette. If the reason is not obvious, please use the 'other' box and provide a short explanation for the report.\n" +
          '\n' +
          '---\n' +
          '\n' +
          '###Other Discipline Subreddits\n' +
          '\n' +
          '- [General](http://www.reddit.com/r/engineering)\n' +
          '\n' +
          '- [Electrical](http://www.reddit.com/r/AskEngineers)\n' +
          '\n' +
          '- [Chemical](http://www.reddit.com/r/chemicalengineering)\n' +
          '\n' +
          '- [Biological](http://www.reddit.com/r/bioengineering)\n' +
          '\n' +
          '- [Civil](http://www.reddit.com/r/civilengineering)\n' +
          '\n' +
          '- [Manufacturing](http://www.reddit.com/r/Manufacturing)\n' +
          '\n' +
          '- [Aerospace](http://www.reddit.com/r/AeroSpace)\n' +
          '\n' +
          '- [Thermodynamics](http://www.reddit.com/r/thermodynamics)\n' +
          '\n' +
          '---\n' +
          '\n' +
          '### Other Engineering Related Subreddits\n' +
          '\n' +
          '- [Ask Engineers](http://www.reddit.com/r/AskEngineers)\n' +
          '\n' +
          '- [Computer Aided Design](http://www.reddit.com/r/CAD)\n' +
          '\n' +
          '- [Finite Element Analysis](http://www.reddit.com/r/FEA)\n' +
          '\n' +
          '- [Programmable Logic Controllers](http://www.reddit.com/r/PLC)\n' +
          '\n' +
          '- [Thermal Performance](http://www.reddit.com/r/ThermalPerformance)',
        is_chat_post_feature_enabled: true,
        submit_link_label: '',
        user_flair_text_color: null,
        restrict_commenting: false,
        user_flair_css_class: null,
        allow_images: true,
        lang: 'en',
        whitelist_status: 'all_ads',
        url: '/r/MechanicalEngineering/',
        created_utc: 1293592573,
        banner_size: null,
        mobile_banner_image: '',
        user_is_moderator: null,
        allow_predictions_tournament: false
      },
      {
        user_flair_background_color: null,
        submit_text_html: null,
        restrict_posting: true,
        user_is_banned: null,
        free_form_reports: true,
        wiki_enabled: true,
        user_is_muted: null,
        user_can_flair_in_sr: null,
        display_name: 'MechanicalEngineer',
        header_img: null,
        title: 'Mechanical Engineering',
        allow_galleries: true,
        icon_size: null,
        primary_color: '',
        active_user_count: null,
        icon_img: '',
        display_name_prefixed: 'r/MechanicalEngineer',
        accounts_active: null,
        public_traffic: false,
        subscribers: 13554,
        user_flair_richtext: [],
        videostream_links_count: 0,
        name: 't5_2u0xg',
        quarantine: false,
        hide_ads: false,
        prediction_leaderboard_entry_type: 'IN_FEED',
        emojis_enabled: false,
        advertiser_category: '',
        public_description: 'A community for those that practice the broad discipline of mechanical engineering. ',
        comment_score_hide_mins: 0,
        allow_predictions: false,
        user_has_favorited: null,
        user_flair_template_id: null,
        community_icon: '',
        banner_background_image: '',
        original_content_tag_enabled: false,
        community_reviewed: true,
        submit_text: '',
        description_html: '&lt;!-- SC_OFF --&gt;&lt;div class="md"&gt;&lt;h1&gt;&lt;strong&gt;Welcome&lt;/strong&gt;&lt;/h1&gt;\n' +
          '\n' +
          '&lt;p&gt;This a community for all things related to engineering, especially those dedicated to the broad definition of mechanical engineering.  &lt;/p&gt;\n' +
          '\n' +
          '&lt;p&gt;This is a community where we can share the things we find interesting or relevant to the discipline.  &lt;/p&gt;\n' +
          '\n' +
          '&lt;p&gt;This is a place where we can come together to help solve problems or answer questions that we may be struggling with.&lt;/p&gt;\n' +
          '\n' +
          '&lt;hr/&gt;\n' +
          '\n' +
          '&lt;h1&gt;&lt;strong&gt;Rules&lt;/strong&gt;&lt;/h1&gt;\n' +
          '\n' +
          '&lt;ul&gt;\n' +
          '&lt;li&gt;&lt;p&gt;Questions / Inquiries : When posting questions please be sure to keep them in-line with what this subreddit is about. No questions that would be better geared towards a car mechanic or a technician. I know we all want to help solve problems but these questions don&amp;#39;t really belong here. &lt;/p&gt;&lt;/li&gt;\n' +
          '&lt;li&gt;&lt;p&gt;Submitting White Papers / Research Posts: When posting white papers or research articles please be sure to provide a link that leads to the actual report or paper. No posting of articles behind paywalls. &lt;/p&gt;&lt;/li&gt;\n' +
          '&lt;li&gt;&lt;p&gt;No advertising allowed&lt;/p&gt;&lt;/li&gt;\n' +
          '&lt;li&gt;&lt;p&gt;No Spamming&lt;/p&gt;&lt;/li&gt;\n' +
          '&lt;/ul&gt;\n' +
          '\n' +
          '&lt;hr/&gt;\n' +
          '\n' +
          '&lt;h1&gt;&lt;strong&gt;Related Subreddits&lt;/strong&gt;&lt;/h1&gt;\n' +
          '\n' +
          '&lt;p&gt;&lt;a href="https://www.reddit.com/r/MechanicalEngineering/"&gt;General Engineering&lt;/a&gt;&lt;br/&gt;\n' +
          '&lt;a href="https://www.reddit.com/r/ChemicalEngineering/"&gt;Chemical Engineers&lt;/a&gt;&lt;br/&gt;\n' +
          '&lt;a href="https://www.reddit.com/r/bioengineering/"&gt;Bio Engineers&lt;/a&gt;&lt;br/&gt;\n' +
          '&lt;a href="https://www.reddit.com/r/civilengineering/"&gt;Civil Engineers&lt;/a&gt;&lt;br/&gt;\n' +
          '&lt;a href="https://www.reddit.com/r/aerospace/"&gt;Aerospace Engineers&lt;/a&gt;&lt;br/&gt;\n' +
          '&lt;a href="https://www.reddit.com/r/EngineeringStudents/"&gt;Engineering Students&lt;/a&gt;&lt;br/&gt;\n' +
          '&lt;a href="https://www.reddit.com/r/computerscience/"&gt;Computer Science&lt;/a&gt;\n' +
          '&lt;a href="https://www.reddit.com/r/AskEngineers/"&gt;Ask Engineers&lt;/a&gt;&lt;br/&gt;\n' +
          '&lt;a href="https://www.reddit.com/r/askscience/"&gt;Ask Science&lt;/a&gt;&lt;br/&gt;\n' +
          '&lt;a href="https://www.reddit.com/r/thermodynamics/"&gt;Thermodynamics&lt;/a&gt; &lt;/p&gt;\n' +
          '&lt;/div&gt;&lt;!-- SC_ON --&gt;',
        spoilers_enabled: true,
        comment_contribution_settings: { allowed_media_types: null },
        allow_talks: false,
        header_size: null,
        user_flair_position: 'right',
        all_original_content: false,
        has_menu_widget: false,
        is_enrolled_in_new_modmail: null,
        key_color: '#545452',
        can_assign_user_flair: true,
        created: 1335994553,
        wls: 6,
        show_media_preview: true,
        submission_type: 'any',
        user_is_subscriber: null,
        allowed_media_in_comments: [],
        allow_videogifs: true,
        should_archive_posts: false,
        user_flair_type: 'text',
        allow_polls: true,
        collapse_deleted_comments: false,
        emojis_custom_size: null,
        public_description_html: '&lt;!-- SC_OFF --&gt;&lt;div class="md"&gt;&lt;p&gt;A community for those that practice the broad discipline of mechanical engineering. &lt;/p&gt;\n' +
          '&lt;/div&gt;&lt;!-- SC_ON --&gt;',
        allow_videos: true,
        is_crosspostable_subreddit: false,
        suggested_comment_sort: null,
        should_show_media_in_comments_setting: true,
        can_assign_link_flair: false,
        accounts_active_is_fuzzed: false,
        allow_prediction_contributors: false,
        submit_text_label: '',
        link_flair_position: '',
        user_sr_flair_enabled: null,
        user_flair_enabled_in_sr: false,
        allow_chat_post_creation: false,
        allow_discovery: true,
        accept_followers: true,
        user_sr_theme_enabled: true,
        link_flair_enabled: false,
        disable_contributor_requests: false,
        subreddit_type: 'public',
        notification_level: null,
        banner_img: '',
        user_flair_text: null,
        banner_background_color: '',
        show_media: true,
        id: '2u0xg',
        user_is_contributor: null,
        over18: false,
        header_title: '',
        description: '#**Welcome**\n' +
          'This a community for all things related to engineering, especially those dedicated to the broad definition of mechanical engineering.  \n' +
          '\n' +
          'This is a community where we can share the things we find interesting or relevant to the discipline.  \n' +
          '\n' +
          'This is a place where we can come together to help solve problems or answer questions that we may be struggling with.\n' +
          '\n' +
          '***\n' +
          '\n' +
          '#**Rules**\n' +
          "+ Questions / Inquiries : When posting questions please be sure to keep them in-line with what this subreddit is about. No questions that would be better geared towards a car mechanic or a technician. I know we all want to help solve problems but these questions don't really belong here. \n" +
          '\n' +
          '+ Submitting White Papers / Research Posts: When posting white papers or research articles please be sure to provide a link that leads to the actual report or paper. No posting of articles behind paywalls. \n' +
          '\n' +
          '+ No advertising allowed\n' +
          '\n' +
          '+ No Spamming\n' +
          ' \n' +
          '***\n' +
          '\n' +
          '#**Related Subreddits**\n' +
          '[General Engineering](https://www.reddit.com/r/MechanicalEngineering/)  \n' +
          '[Chemical Engineers](https://www.reddit.com/r/ChemicalEngineering/)  \n' +
          '[Bio Engineers](https://www.reddit.com/r/bioengineering/)  \n' +
          '[Civil Engineers](https://www.reddit.com/r/civilengineering/)  \n' +
          '[Aerospace Engineers](https://www.reddit.com/r/aerospace/)  \n' +
          '[Engineering Students](https://www.reddit.com/r/EngineeringStudents/)  \n' +
          '[Computer Science](https://www.reddit.com/r/computerscience/)\n' +
          '[Ask Engineers](https://www.reddit.com/r/AskEngineers/)  \n' +
          '[Ask Science](https://www.reddit.com/r/askscience/)  \n' +
          '[Thermodynamics](https://www.reddit.com/r/thermodynamics/) ',
        is_chat_post_feature_enabled: true,
        submit_link_label: '',
        user_flair_text_color: null,
        restrict_commenting: false,
        user_flair_css_class: null,
        allow_images: true,
        lang: 'en',
        whitelist_status: 'all_ads',
        url: '/r/MechanicalEngineer/',
        created_utc: 1335994553,
        banner_size: null,
        mobile_banner_image: '',
        user_is_moderator: null,
        allow_predictions_tournament: false
      },
      {
        user_flair_background_color: null,
        submit_text_html: '&lt;!-- SC_OFF --&gt;&lt;div class="md"&gt;&lt;p&gt;&lt;strong&gt;Search your question&lt;/strong&gt; &lt;strong&gt;&lt;em&gt;before&lt;/em&gt;&lt;/strong&gt; &lt;strong&gt;posting&lt;/strong&gt;&lt;/p&gt;\n' +
          '\n' +
          '&lt;p&gt;&lt;strong&gt;Resume posts/questions should be posted &lt;a href="/r/EngineeringResumes"&gt;/r/EngineeringResumes&lt;/a&gt;&lt;/strong&gt;&lt;/p&gt;\n' +
          '\n' +
          '&lt;p&gt;&lt;strong&gt;MEMES ARE ONLY ALLOWED SATURDAY, SUNDAY, AND MONDAY. MEME POSTS MADE OUTSIDE THIS TIME WILL BE REMOVED.&lt;/strong&gt;&lt;/p&gt;\n' +
          '\n' +
          '&lt;p&gt;&lt;strong&gt;NO LAPTOP QUESTIONS&lt;/strong&gt;&lt;/p&gt;\n' +
          '\n' +
          '&lt;p&gt;&lt;strong&gt;FOLLOW THE HOMEWORK HELP GUIDELINES AND STANDARD TEMPLATE&lt;/strong&gt;&lt;/p&gt;\n' +
          '\n' +
          '&lt;p&gt;&lt;strong&gt;POSTS ASKING FOR PDF COPIES OF TEXTBOOKS WILL ALSO BE REMOVED&lt;/strong&gt;&lt;/p&gt;\n' +
          '&lt;/div&gt;&lt;!-- SC_ON --&gt;',
        restrict_posting: true,
        user_is_banned: null,
        free_form_reports: false,
        wiki_enabled: true,
        user_is_muted: null,
        user_can_flair_in_sr: null,
        display_name: 'EngineeringStudents',
        header_img: 'https://f.thumbs.redditmedia.com/Azfg6mz7yvA3zHUG.png',
        title: 'EngineeringStudents: For those stuck doing math at 3am.',
        allow_galleries: true,
        icon_size: null,
        primary_color: '#646d73',
        active_user_count: null,
        icon_img: '',
        display_name_prefixed: 'r/EngineeringStudents',
        accounts_active: null,
        public_traffic: false,
        subscribers: 757380,
        user_flair_richtext: [],
        name: 't5_2sh0b',
        quarantine: false,
        hide_ads: false,
        prediction_leaderboard_entry_type: 'SUBREDDIT_HEADER',
        emojis_enabled: false,
        advertiser_category: 'Technology',
        public_description: 'This subreddit is currently restricted as a protest against recent decisions and personal behavior by Reddit Inc and its CEO.  For more information on what happened, see here: https://www.theverge.com/2023/6/5/23749188/reddit-subreddit-private-protest-api-changes-apollo-charges',
        comment_score_hide_mins: 120,
        allow_predictions: false,
        user_has_favorited: null,
        user_flair_template_id: null,
        community_icon: '',
        banner_background_image: '',
        original_content_tag_enabled: false,
        community_reviewed: true,
        submit_text: '**Search your question** ***before*** **posting**\n' +
          '\n' +
          '**Resume posts/questions should be posted /r/EngineeringResumes**\n' +
          '\n' +
          '**MEMES ARE ONLY ALLOWED SATURDAY, SUNDAY, AND MONDAY. MEME POSTS MADE OUTSIDE THIS TIME WILL BE REMOVED.**\n' +
          '\n' +
          '**NO LAPTOP QUESTIONS**\n' +
          '\n' +
          '**FOLLOW THE HOMEWORK HELP GUIDELINES AND STANDARD TEMPLATE**\n' +
          '\n' +
          '**POSTS ASKING FOR PDF COPIES OF TEXTBOOKS WILL ALSO BE REMOVED**',
        description_html: '&lt;!-- SC_OFF --&gt;&lt;div class="md"&gt;&lt;p&gt;&lt;strong&gt;Check out the official EngineeringStudents Discord!:&lt;/strong&gt;&lt;br/&gt;\n' +
          '&lt;strong&gt;&lt;a href="https://discord.gg/EngineeringStudents"&gt;discord.gg/EngineeringStudents&lt;/a&gt;&lt;/strong&gt;&lt;/p&gt;\n' +
          '\n' +
          '&lt;p&gt;This is a place for engineering students of any discipline to discuss study methods, get &lt;a href="https://www.reddit.com/r/EngineeringStudents/wiki/homeworkhelp"&gt;homework help&lt;/a&gt;, get job search advice, and find a compassionate ear when you get a 40% on your midterm after studying all night. &lt;/p&gt;\n' +
          '\n' +
          '&lt;hr/&gt;\n' +
          '\n' +
          '&lt;p&gt;&lt;a href="https://www.reddit.com/message/compose?to=%2Fr%2FEngineeringStudents"&gt;&lt;strong&gt;PM THE MODERATORS HERE&lt;/strong&gt;&lt;/a&gt;&lt;/p&gt;\n' +
          '\n' +
          '&lt;hr/&gt;\n' +
          '\n' +
          '&lt;p&gt;&lt;strong&gt;&lt;a href="https://reddit.com/r/EngineeringStudents/wiki/rules"&gt;RULES&lt;/a&gt;&lt;/strong&gt;&lt;/p&gt;\n' +
          '\n' +
          '&lt;p&gt;^ Read above for the expanded rules. Not reading them and then complaining will not earn you any sympathy. &lt;/p&gt;\n' +
          '\n' +
          '&lt;ol&gt;\n' +
          '&lt;li&gt;&lt;p&gt;If the topic of your post is currently covered in one of the megathreads/stickied posts at the top of the page, please put your content as a comment there instead. Otherwise your post may get deleted.&lt;/p&gt;&lt;/li&gt;\n' +
          '&lt;li&gt;&lt;p&gt;Do your own research, follow basic guidelines, and be sure to google your question beforehand. &lt;/p&gt;&lt;/li&gt;\n' +
          '&lt;li&gt;&lt;p&gt;&lt;a href="https://old.reddit.com/r/EngineeringStudents/wiki/homeworkhelp"&gt;Follow homework help guidelines&lt;/a&gt;&lt;/p&gt;&lt;/li&gt;\n' +
          '&lt;li&gt;&lt;p&gt;Racism, sexism or any other kind of intolerance or discrimination will not be tolerated.&lt;/p&gt;&lt;/li&gt;\n' +
          '&lt;li&gt;&lt;p&gt;Trolling, posts intentionally inciting conflict, personal attacks, and spam will be removed.&lt;/p&gt;&lt;/li&gt;\n' +
          '&lt;li&gt;&lt;p&gt;No pirated materials. &lt;/p&gt;&lt;/li&gt;\n' +
          '&lt;li&gt;&lt;p&gt;Avoid posting blogspam, blog self-promotion, or personally monetized links. You can be an account with a website, but not a website with an account. &lt;/p&gt;&lt;/li&gt;\n' +
          '&lt;li&gt;&lt;p&gt;Meme posts are allowed only Saturday, Sunday, and Monday. Meme posts made outside this time will be removed.  &lt;/p&gt;&lt;/li&gt;\n' +
          '&lt;li&gt;&lt;p&gt;No laptop posts. &lt;/p&gt;&lt;/li&gt;\n' +
          '&lt;/ol&gt;\n' +
          '\n' +
          '&lt;hr/&gt;\n' +
          '\n' +
          '&lt;p&gt;&lt;strong&gt;&lt;a href="https://reddit.com/r/EngineeringStudents/wiki/index"&gt;RESOURCES&lt;/a&gt;&lt;/strong&gt;&lt;/p&gt;\n' +
          '\n' +
          '&lt;p&gt;&lt;strong&gt;General&lt;/strong&gt;&lt;/p&gt;\n' +
          '\n' +
          '&lt;p&gt;&lt;a href="https://cosmolearning.org/"&gt;CosmoLearning&lt;/a&gt;\n' +
          '&lt;a href="https://ocw.mit.edu/index.htm"&gt;MIT OpenCourseware&lt;/a&gt;&lt;/p&gt;\n' +
          '\n' +
          '&lt;p&gt;&lt;a href="https://www.open.ac.uk/about/open-educational-resources/openlearn"&gt;LearningSpace&lt;/a&gt;&lt;/p&gt;\n' +
          '\n' +
          '&lt;p&gt;&lt;a href="https://www.engineer4free.com/"&gt;Engineer4Free&lt;/a&gt;  &lt;/p&gt;\n' +
          '\n' +
          '&lt;p&gt;&lt;a href="https://www.reddit.com/r/SuicideWatch/wiki/hotlines?v=462381b7-9edc-11eb-bd93-0e09ea1039cb"&gt;Mental Health Resources&lt;/a&gt;&lt;/p&gt;\n' +
          '\n' +
          '&lt;p&gt;&lt;strong&gt;Best of Threads&lt;/strong&gt;  &lt;/p&gt;\n' +
          '\n' +
          '&lt;p&gt;&lt;a href="http://www.reddit.com/r/EngineeringStudents/comments/25eg2o/best_engineering_student_tools/"&gt;School Supplies&lt;/a&gt;&lt;/p&gt;\n' +
          '\n' +
          '&lt;p&gt;&lt;a href="http://www.reddit.com/r/EngineeringStudents/comments/rsxlk/help_me_compile_a_best_of_collection_for/"&gt;Old Overall Thread Compilation&lt;/a&gt;&lt;/p&gt;\n' +
          '\n' +
          '&lt;p&gt;&lt;strong&gt;Math&lt;/strong&gt;&lt;/p&gt;\n' +
          '\n' +
          '&lt;p&gt;&lt;a href="https://www.wolframalpha.com"&gt;WolframAlpha&lt;/a&gt;&lt;/p&gt;\n' +
          '\n' +
          '&lt;p&gt;&lt;a href="https://www.khanacademy.org/"&gt;Khan Academy&lt;/a&gt;&lt;/p&gt;\n' +
          '\n' +
          '&lt;p&gt;&lt;a href="https://tutorial.math.lamar.edu/"&gt;Paul&amp;#39;s Online Math Notes&lt;/a&gt;&lt;/p&gt;\n' +
          '\n' +
          '&lt;p&gt;&lt;a href="https://www.youtube.com/user/patrickJMT"&gt;PatrickJMT Video Math Tutorials&lt;/a&gt;&lt;/p&gt;\n' +
          '\n' +
          '&lt;p&gt;&lt;a href="https://www.youtube.com/user/professorleonard57"&gt;Professor Leonard&lt;/a&gt;&lt;/p&gt;\n' +
          '\n' +
          '&lt;p&gt;&lt;strong&gt;Electronics&lt;/strong&gt;&lt;/p&gt;\n' +
          '\n' +
          '&lt;p&gt;&lt;a href="http://www.allaboutcircuits.com/"&gt;All About Circuits&lt;/a&gt;&lt;/p&gt;\n' +
          '\n' +
          '&lt;p&gt;&lt;a href="https://www.circuitlab.com/"&gt;Circuit Lab&lt;/a&gt;&lt;/p&gt;\n' +
          '\n' +
          '&lt;p&gt;&lt;strong&gt;Programming&lt;/strong&gt;&lt;/p&gt;\n' +
          '\n' +
          '&lt;p&gt;&lt;a href="http://www.cplusplus.com/"&gt;C++.com&lt;/a&gt;&lt;/p&gt;\n' +
          '\n' +
          '&lt;p&gt;&lt;a href="http://stackoverflow.com/"&gt;StackOverflow&lt;/a&gt;&lt;/p&gt;\n' +
          '\n' +
          '&lt;p&gt;&lt;strong&gt;Mechanics and Materials&lt;/strong&gt;&lt;/p&gt;\n' +
          '\n' +
          '&lt;p&gt;&lt;a href="http://www.matweb.com/"&gt;MatWeb&lt;/a&gt;&lt;/p&gt;\n' +
          '\n' +
          '&lt;p&gt;&lt;a href="http://web.mst.edu/%7Emecmovie/"&gt;MecMovies&lt;/a&gt;&lt;/p&gt;\n' +
          '\n' +
          '&lt;p&gt;&lt;a href="https://www.phase-trans.msm.cam.ac.uk/teaching.html"&gt;Cambridge Materials Science Videos&lt;/a&gt;  &lt;/p&gt;\n' +
          '\n' +
          '&lt;p&gt;&lt;a href="http://www.cpp.edu/%7Emeonline/"&gt;Cal Poly Pomona ME Videos&lt;/a&gt;&lt;/p&gt;\n' +
          '\n' +
          '&lt;p&gt;&lt;strong&gt;Engineering Subreddits&lt;/strong&gt;&lt;/p&gt;\n' +
          '\n' +
          '&lt;p&gt;&lt;a href="https://www.reddit.com/r/aerospaceengineering"&gt;r/AerospaceEngineering&lt;/a&gt;&lt;/p&gt;\n' +
          '\n' +
          '&lt;p&gt;&lt;a href="https://www.reddit.com/r/AskEngineers"&gt;r/AskEngineers&lt;/a&gt;&lt;/p&gt;\n' +
          '\n' +
          '&lt;p&gt;&lt;a href="https://reddit.com/r/bioengineering/"&gt;r/bioengineering&lt;/a&gt;&lt;/p&gt;\n' +
          '\n' +
          '&lt;p&gt;&lt;a href="https://www.reddit.com//r/ChemicalEngineering"&gt;r/ChemicalEngineering&lt;/a&gt;&lt;/p&gt;\n' +
          '\n' +
          '&lt;p&gt;&lt;a href="https://www.reddit.com/r/civilengineering/"&gt;r/civilengineering&lt;/a&gt;&lt;/p&gt;\n' +
          '\n' +
          '&lt;p&gt;&lt;a href="https://www.reddit.com/r/Engineering"&gt;r/Engineering&lt;/a&gt;&lt;/p&gt;\n' +
          '\n' +
          '&lt;p&gt;&lt;a href="https://www.reddit.com/r/ECE"&gt;r/ECE&lt;/a&gt;&lt;/p&gt;\n' +
          '\n' +
          '&lt;p&gt;&lt;a href="https://www.reddit.com/r/materials/"&gt;/r/materials &lt;/a&gt;&lt;/p&gt;\n' +
          '\n' +
          '&lt;p&gt;&lt;a href="https://www.reddit.com/r/MechanicalEngineering/"&gt;r/MechanicalEngineering&lt;/a&gt;&lt;/p&gt;\n' +
          '\n' +
          '&lt;p&gt;&lt;a href="https://www.reddit.com//r/womenEngineers"&gt;r/WomenEngineers&lt;/a&gt;&lt;/p&gt;\n' +
          '\n' +
          '&lt;p&gt;&lt;strong&gt;Other Subreddits and Communities&lt;/strong&gt;&lt;/p&gt;\n' +
          '\n' +
          '&lt;p&gt;&lt;a href="https://www.reddit.com/r/AskElectronics"&gt;r/AskElectronics&lt;/a&gt;&lt;/p&gt;\n' +
          '\n' +
          '&lt;p&gt;&lt;a href="https://www.reddit.com/r/CAD"&gt;r/CAD&lt;/a&gt;&lt;/p&gt;\n' +
          '\n' +
          '&lt;p&gt;&lt;a href="https://www.reddit.com/r/CFD/"&gt;r/CFD&lt;/a&gt;&lt;/p&gt;\n' +
          '\n' +
          '&lt;p&gt;&lt;a href="https://www.reddit.com/r/ComputerScience"&gt;r/ComputerScience&lt;/a&gt;&lt;/p&gt;\n' +
          '\n' +
          '&lt;p&gt;&lt;a href="https://www.reddit.com/r/C_Programming/"&gt;r/C_Programming &lt;/a&gt;&lt;/p&gt;\n' +
          '\n' +
          '&lt;p&gt;&lt;a href="https://www.reddit.com/r/LaTeX"&gt;r/LaTeX&lt;/a&gt;&lt;/p&gt;\n' +
          '\n' +
          '&lt;p&gt;&lt;a href="https://www.reddit.com//r/learnprogramming"&gt;r/learnprogramming&lt;/a&gt;&lt;/p&gt;\n' +
          '\n' +
          '&lt;p&gt;&lt;a href="https://www.reddit.com/r/matlab"&gt;r/MatLab&lt;/a&gt;&lt;/p&gt;\n' +
          '\n' +
          '&lt;p&gt;&lt;a href="https://reddit.com/r/manufacturing/"&gt;r/manufacturing &lt;/a&gt;&lt;/p&gt;\n' +
          '\n' +
          '&lt;p&gt;&lt;a href="https://www.reddit.com/r/Python/"&gt;/r/Python &lt;/a&gt;&lt;/p&gt;\n' +
          '\n' +
          '&lt;p&gt;&lt;a href="https://www.reddit.com/r/FE_Exam"&gt;r/FE_Exam&lt;/a&gt;&lt;/p&gt;\n' +
          '\n' +
          '&lt;p&gt;&lt;a href="https://discord.gg/J67ggJQ"&gt;Unofficial NCEES FE/PE Exam Discord&lt;/a&gt;  &lt;/p&gt;\n' +
          '\n' +
          '&lt;hr/&gt;\n' +
          '\n' +
          '&lt;p&gt;&lt;a href="http://www.reddit.com/r/EngineeringStudents/comments/ln2xy/you_are_now_in_control_of_your_own_flair_so_get/"&gt;Want flair?&lt;/a&gt;&lt;/p&gt;\n' +
          '&lt;/div&gt;&lt;!-- SC_ON --&gt;',
        spoilers_enabled: false,
        comment_contribution_settings: { allowed_media_types: null },
        allow_talks: false,
        header_size: [ 432, 128 ],
        user_flair_position: 'right',
        all_original_content: false,
        has_menu_widget: false,
        is_enrolled_in_new_modmail: null,
        key_color: '#a5a4a4',
        can_assign_user_flair: true,
        created: 1304530939,
        wls: 6,
        show_media_preview: true,
        submission_type: 'any',
        user_is_subscriber: null,
        allowed_media_in_comments: [],
        allow_videogifs: true,
        should_archive_posts: false,
        user_flair_type: 'text',
        allow_polls: false,
        collapse_deleted_comments: true,
        emojis_custom_size: null,
        public_description_html: '&lt;!-- SC_OFF --&gt;&lt;div class="md"&gt;&lt;p&gt;This subreddit is currently restricted as a protest against recent decisions and personal behavior by Reddit Inc and its CEO.  For more information on what happened, see here: &lt;a href="https://www.theverge.com/2023/6/5/23749188/reddit-subreddit-private-protest-api-changes-apollo-charges"&gt;https://www.theverge.com/2023/6/5/23749188/reddit-subreddit-private-protest-api-changes-apollo-charges&lt;/a&gt;&lt;/p&gt;\n' +
          '&lt;/div&gt;&lt;!-- SC_ON --&gt;',
        allow_videos: false,
        is_crosspostable_subreddit: false,
        suggested_comment_sort: 'new',
        should_show_media_in_comments_setting: true,
        can_assign_link_flair: true,
        accounts_active_is_fuzzed: false,
        allow_prediction_contributors: false,
        submit_text_label: '',
        link_flair_position: 'left',
        user_sr_flair_enabled: null,
        user_flair_enabled_in_sr: false,
        allow_chat_post_creation: false,
        allow_discovery: false,
        accept_followers: true,
        user_sr_theme_enabled: true,
        link_flair_enabled: true,
        disable_contributor_requests: false,
        subreddit_type: 'public',
        notification_level: null,
        banner_img: '',
        user_flair_text: null,
        banner_background_color: '#edeff1',
        show_media: true,
        id: '2sh0b',
        user_is_contributor: null,
        over18: false,
        header_title: '',
        description: '**Check out the official EngineeringStudents Discord!:**  \n' +
          '**[discord.gg/EngineeringStudents](https://discord.gg/EngineeringStudents)**\n' +
          '\n' +
          'This is a place for engineering students of any discipline to discuss study methods, get [homework help](https://www.reddit.com/r/EngineeringStudents/wiki/homeworkhelp), get job search advice, and find a compassionate ear when you get a 40% on your midterm after studying all night. \n' +
          '\n' +
          '---\n' +
          '[**PM THE MODERATORS HERE**](https://www.reddit.com/message/compose?to=%2Fr%2FEngineeringStudents)\n' +
          '\n' +
          '--- \n' +
          '\n' +
          '**[RULES](https://reddit.com/r/EngineeringStudents/wiki/rules)**\n' +
          '\n' +
          '\n' +
          '^ Read above for the expanded rules. Not reading them and then complaining will not earn you any sympathy. \n' +
          '\n' +
          '1. If the topic of your post is currently covered in one of the megathreads/stickied posts at the top of the page, please put your content as a comment there instead. Otherwise your post may get deleted.\n' +
          '\n' +
          '2. Do your own research, follow basic guidelines, and be sure to google your question beforehand. \n' +
          '\n' +
          '3. [Follow homework help guidelines](https://old.reddit.com/r/EngineeringStudents/wiki/homeworkhelp)\n' +
          '\n' +
          '4. Racism, sexism or any other kind of intolerance or discrimination will not be tolerated.\n' +
          '\n' +
          '5. Trolling, posts intentionally inciting conflict, personal attacks, and spam will be removed.\n' +
          '\n' +
          '6. No pirated materials. \n' +
          '\n' +
          '7. Avoid posting blogspam, blog self-promotion, or personally monetized links. You can be an account with a website, but not a website with an account. \n' +
          '\n' +
          '8. Meme posts are allowed only Saturday, Sunday, and Monday. Meme posts made outside this time will be removed.  \n' +
          '\n' +
          '9. No laptop posts. \n' +
          '\n' +
          '---\n' +
          '\n' +
          '**[RESOURCES](https://reddit.com/r/EngineeringStudents/wiki/index)**\n' +
          '\n' +
          '**General**\n' +
          '\n' +
          '\n' +
          '[CosmoLearning](https://cosmolearning.org/)\n' +
          '[MIT OpenCourseware](https://ocw.mit.edu/index.htm)\n' +
          '\n' +
          '[LearningSpace](https://www.open.ac.uk/about/open-educational-resources/openlearn)\n' +
          '\n' +
          '[Engineer4Free](https://www.engineer4free.com/)  \n' +
          '\n' +
          '[Mental Health Resources](https://www.reddit.com/r/SuicideWatch/wiki/hotlines?v=462381b7-9edc-11eb-bd93-0e09ea1039cb)\n' +
          '\n' +
          '**Best of Threads**  \n' +
          '\n' +
          '[School Supplies](http://www.reddit.com/r/EngineeringStudents/comments/25eg2o/best_engineering_student_tools/)\n' +
          '\n' +
          '[Old Overall Thread Compilation](http://www.reddit.com/r/EngineeringStudents/comments/rsxlk/help_me_compile_a_best_of_collection_for/)\n' +
          '\n' +
          '\n' +
          '**Math**\n' +
          '\n' +
          '[WolframAlpha](https://www.wolframalpha.com)\n' +
          '\n' +
          '[Khan Academy](https://www.khanacademy.org/)\n' +
          '\n' +
          "[Paul's Online Math Notes](https://tutorial.math.lamar.edu/)\n" +
          '\n' +
          '[PatrickJMT Video Math Tutorials](https://www.youtube.com/user/patrickJMT)\n' +
          '\n' +
          '[Professor Leonard](https://www.youtube.com/user/professorleonard57)\n' +
          '\n' +
          '\n' +
          '**Electronics**\n' +
          '\n' +
          '[All About Circuits](http://www.allaboutcircuits.com/)\n' +
          '\n' +
          '[Circuit Lab](https://www.circuitlab.com/ )\n' +
          '\n' +
          '**Programming**\n' +
          '\n' +
          '[C++.com](http://www.cplusplus.com/)\n' +
          '\n' +
          '[StackOverflow](http://stackoverflow.com/)\n' +
          '\n' +
          '\n' +
          '**Mechanics and Materials**\n' +
          '\n' +
          '[MatWeb](http://www.matweb.com/)\n' +
          '\n' +
          '[MecMovies](http://web.mst.edu/~mecmovie/)\n' +
          '\n' +
          '[Cambridge Materials Science Videos](https://www.phase-trans.msm.cam.ac.uk/teaching.html)  \n' +
          '\n' +
          '[Cal Poly Pomona ME Videos](http://www.cpp.edu/~meonline/)\n' +
          '\n' +
          '**Engineering Subreddits**\n' +
          '\n' +
          '[r/AerospaceEngineering](https://www.reddit.com/r/aerospaceengineering)\n' +
          '\n' +
          '[r/AskEngineers](https://www.reddit.com/r/AskEngineers)\n' +
          '\n' +
          '[r/bioengineering](https://reddit.com/r/bioengineering/)\n' +
          '\n' +
          '[r/ChemicalEngineering](https://www.reddit.com//r/ChemicalEngineering )\n' +
          '\n' +
          '[r/civilengineering](https://www.reddit.com/r/civilengineering/)\n' +
          '\n' +
          '[r/Engineering](https://www.reddit.com/r/Engineering)\n' +
          '\n' +
          '[r/ECE](https://www.reddit.com/r/ECE)\n' +
          '\n' +
          '[/r/materials ](https://www.reddit.com/r/materials/)\n' +
          '\n' +
          '[r/MechanicalEngineering](https://www.reddit.com/r/MechanicalEngineering/)\n' +
          '\n' +
          '[r/WomenEngineers](https://www.reddit.com//r/womenEngineers)\n' +
          '\n' +
          '**Other Subreddits and Communities**\n' +
          '\n' +
          '[r/AskElectronics](https://www.reddit.com/r/AskElectronics)\n' +
          '\n' +
          '[r/CAD](https://www.reddit.com/r/CAD)\n' +
          '\n' +
          '[r/CFD](https://www.reddit.com/r/CFD/)\n' +
          '\n' +
          '[r/ComputerScience](https://www.reddit.com/r/ComputerScience)\n' +
          '\n' +
          '[r/C_Programming ](https://www.reddit.com/r/C_Programming/)\n' +
          '\n' +
          '[r/LaTeX](https://www.reddit.com/r/LaTeX)\n' +
          '\n' +
          '[r/learnprogramming](https://www.reddit.com//r/learnprogramming)\n' +
          '\n' +
          '[r/MatLab](https://www.reddit.com/r/matlab)\n' +
          '\n' +
          '[r/manufacturing ](https://reddit.com/r/manufacturing/)\n' +
          '\n' +
          '[/r/Python ](https://www.reddit.com/r/Python/)\n' +
          '\n' +
          '[r/FE_Exam](https://www.reddit.com/r/FE_Exam)\n' +
          '\n' +
          '[Unofficial NCEES FE/PE Exam Discord](https://discord.gg/J67ggJQ)  \n' +
          '\n' +
          '--------\n' +
          '\n' +
          '[Want flair?](http://www.reddit.com/r/EngineeringStudents/comments/ln2xy/you_are_now_in_control_of_your_own_flair_so_get/)',
        is_chat_post_feature_enabled: true,
        submit_link_label: 'Submit A Link',
        user_flair_text_color: null,
        restrict_commenting: false,
        user_flair_css_class: null,
        allow_images: true,
        lang: 'en',
        whitelist_status: 'all_ads',
        url: '/r/EngineeringStudents/',
        created_utc: 1304530939,
        banner_size: null,
        mobile_banner_image: '',
        user_is_moderator: null,
        allow_predictions_tournament: false
      },
      {
        user_flair_background_color: null,
        submit_text_html: '&lt;!-- SC_OFF --&gt;&lt;div class="md"&gt;&lt;h1&gt;!!! READ BEFORE YOU POST !!!&lt;/h1&gt;\n' +
          '\n' +
          '&lt;ol&gt;\n' +
          '&lt;li&gt;&lt;p&gt;Check the &lt;a href="/r/AskEngineers/wiki/faq"&gt;&lt;strong&gt;Frequently Asked Questions page&lt;/strong&gt;&lt;/a&gt; to see if your question is already answered first.&lt;/p&gt;&lt;/li&gt;\n' +
          '&lt;li&gt;&lt;p&gt;Follow the &lt;a href="/r/AskEngineers/wiki/rules#wiki_submission_rules"&gt;&lt;strong&gt;submission rules&lt;/strong&gt;&lt;/a&gt;, or your post may be removed without warning.&lt;/p&gt;&lt;/li&gt;\n' +
          '&lt;/ol&gt;\n' +
          '\n' +
          '&lt;h2&gt;Students seeking advice on college major&lt;/h2&gt;\n' +
          '\n' +
          '&lt;p&gt;&lt;strong&gt;Read this announcement:&lt;/strong&gt; &lt;a href="https://redd.it/axv804"&gt;https://redd.it/axv804&lt;/a&gt;&lt;/p&gt;\n' +
          '\n' +
          '&lt;h2&gt;Posts that will get removed&lt;/h2&gt;\n' +
          '\n' +
          '&lt;ul&gt;\n' +
          '&lt;li&gt;&lt;strong&gt;Questions that are not about engineering.&lt;/strong&gt;&lt;/li&gt;\n' +
          '&lt;li&gt;&lt;strong&gt;Questions that can easily be answered by searching on the internet.&lt;/strong&gt;&lt;/li&gt;\n' +
          '&lt;li&gt;&lt;strong&gt;Homework problems from your class, including egg-drop and miniature bridge designs.&lt;/strong&gt; Engineering case studies are OK.&lt;/li&gt;\n' +
          '&lt;li&gt;&lt;strong&gt;Questions about which undergraduate major to pick and questions about Grade Point Average.&lt;/strong&gt;&lt;/li&gt;\n' +
          '&lt;li&gt;&lt;strong&gt;Asking for feedback on your résumé, CV, or cover letter.&lt;/strong&gt;&lt;/li&gt;\n' +
          '&lt;li&gt;&lt;strong&gt;Career related questions that do not meet the requirements listed in Rule 7.&lt;/strong&gt;&lt;/li&gt;\n' +
          '&lt;li&gt;&lt;strong&gt;Questions with an answer available in the wiki.&lt;/strong&gt;&lt;/li&gt;\n' +
          '&lt;/ul&gt;\n' +
          '&lt;/div&gt;&lt;!-- SC_ON --&gt;',
        restrict_posting: true,
        user_is_banned: null,
        free_form_reports: false,
        wiki_enabled: true,
        user_is_muted: null,
        user_can_flair_in_sr: null,
        display_name: 'AskEngineers',
        header_img: 'https://b.thumbs.redditmedia.com/aUQZr4O4EasbsqrmhZ7JdJUvHGX-mova9SPT2QwlINs.png',
        title: 'AskEngineers: Stop nodding, start asking questions.',
        allow_galleries: true,
        icon_size: null,
        primary_color: '#014980',
        active_user_count: null,
        icon_img: '',
        display_name_prefixed: 'r/AskEngineers',
        accounts_active: null,
        public_traffic: false,
        subscribers: 647842,
        user_flair_richtext: [],
        name: 't5_2sebk',
        quarantine: false,
        hide_ads: false,
        prediction_leaderboard_entry_type: 'SUBREDDIT_HEADER',
        emojis_enabled: false,
        advertiser_category: '',
        public_description: 'Engineers apply the knowledge of math &amp; science to design and manufacture maintainable systems used to solve specific problems. AskEngineers is a forum for questions about the technologies, standards, and processes used to design &amp; build these systems, as well as for questions about the engineering profession and its many disciplines.',
        comment_score_hide_mins: 360,
        allow_predictions: false,
        user_has_favorited: null,
        user_flair_template_id: null,
        community_icon: '',
        banner_background_image: '',
        original_content_tag_enabled: false,
        community_reviewed: true,
        submit_text: '# !!! READ BEFORE YOU POST !!!\n' +
          '\n' +
          '1. Check the [**Frequently Asked Questions page**](/r/AskEngineers/wiki/faq) to see if your question is already answered first.\n' +
          '\n' +
          '1. Follow the [**submission rules**](/r/AskEngineers/wiki/rules#wiki_submission_rules), or your post may be removed without warning.\n' +
          '\n' +
          '## Students seeking advice on college major\n' +
          '\n' +
          '**Read this announcement:** https://redd.it/axv804\n' +
          '\n' +
          '## Posts that will get removed\n' +
          '\n' +
          '* **Questions that are not about engineering.**\n' +
          '* **Questions that can easily be answered by searching on the internet.**\n' +
          '* **Homework problems from your class, including egg-drop and miniature bridge designs.** Engineering case studies are OK.\n' +
          '* **Questions about which undergraduate major to pick and questions about Grade Point Average.**\n' +
          '* **Asking for feedback on your résumé, CV, or cover letter.**\n' +
          '* **Career related questions that do not meet the requirements listed in Rule 7.**\n' +
          '* **Questions with an answer available in the wiki.**',
        description_html: '&lt;!-- SC_OFF --&gt;&lt;div class="md"&gt;&lt;h1&gt;&lt;a href="#icon-star"&gt;&lt;/a&gt; &lt;a href="/r/AskEngineers/comments/hs7mu3/call_for_engineers_tell_us_about_your_job_16_july/"&gt;Call for Engineers: Tell us about your job! (2020)&lt;/a&gt;&lt;/h1&gt;\n' +
          '\n' +
          '&lt;h5&gt;&lt;a href="#icon-exclamation"&gt;&lt;/a&gt;New to AskEngineers? Read our &lt;a href="/r/AskEngineers/wiki/rules"&gt;&lt;strong&gt;subreddit rules&lt;/strong&gt;&lt;/a&gt; and &lt;a href="/r/AskEngineers/wiki/faq"&gt;&lt;strong&gt;FAQ page&lt;/strong&gt;&lt;/a&gt; before posting!&lt;/h5&gt;\n' +
          '\n' +
          '&lt;hr/&gt;\n' +
          '\n' +
          '&lt;h2&gt;Topic Filters&lt;/h2&gt;\n' +
          '\n' +
          '&lt;table&gt;&lt;thead&gt;\n' +
          '&lt;tr&gt;\n' +
          '&lt;th align="center"&gt;&lt;/th&gt;\n' +
          '&lt;th align="center"&gt;&lt;/th&gt;\n' +
          '&lt;/tr&gt;\n' +
          '&lt;/thead&gt;&lt;tbody&gt;\n' +
          '&lt;tr&gt;\n' +
          '&lt;td align="center"&gt;&lt;a href="/r/AskEngineers/search/?q=flair%3Amechanical&amp;amp;include_over_18=on&amp;amp;restrict_sr=on&amp;amp;t=all&amp;amp;sort=new"&gt;Mechanical&lt;/a&gt;&lt;/td&gt;\n' +
          '&lt;td align="center"&gt;&lt;a href="/r/AskEngineers/search/?q=flair%3Acivil&amp;amp;include_over_18=on&amp;amp;restrict_sr=on&amp;amp;t=all&amp;amp;sort=new"&gt;Civil&lt;/a&gt;&lt;/td&gt;\n' +
          '&lt;/tr&gt;\n' +
          '&lt;tr&gt;\n' +
          '&lt;td align="center"&gt;&lt;a href="/r/AskEngineers/search/?q=flair%3Aelectrical&amp;amp;include_over_18=on&amp;amp;restrict_sr=on&amp;amp;t=all&amp;amp;sort=new"&gt;Electrical&lt;/a&gt;&lt;/td&gt;\n' +
          '&lt;td align="center"&gt;&lt;a href="/r/AskEngineers/search/?q=flair%3Achemical&amp;amp;include_over_18=on&amp;amp;restrict_sr=on&amp;amp;t=all&amp;amp;sort=new"&gt;Chemical&lt;/a&gt;&lt;/td&gt;\n' +
          '&lt;/tr&gt;\n' +
          '&lt;tr&gt;\n' +
          '&lt;td align="center"&gt;&lt;a href="/r/AskEngineers/search/?q=flair%3Acomputer&amp;amp;include_over_18=on&amp;amp;restrict_sr=on&amp;amp;t=all&amp;amp;sort=new"&gt;Computer&lt;/a&gt;&lt;/td&gt;\n' +
          '&lt;td align="center"&gt;&lt;a href="/r/AskEngineers/search/?q=flair%3Adiscussion&amp;amp;include_over_18=on&amp;amp;restrict_sr=on&amp;amp;t=all&amp;amp;sort=new"&gt;Discussion&lt;/a&gt;&lt;/td&gt;\n' +
          '&lt;/tr&gt;\n' +
          '&lt;/tbody&gt;&lt;/table&gt;\n' +
          '\n' +
          '&lt;hr/&gt;\n' +
          '\n' +
          '&lt;h2&gt;&lt;a href="#icon-information"&gt;&lt;/a&gt;&lt;a href="/r/AskEngineers/wiki/rules#wiki_submission_rules"&gt;Submission Rules&lt;/a&gt;&lt;/h2&gt;\n' +
          '\n' +
          '&lt;ol&gt;\n' +
          '&lt;li&gt;&lt;p&gt;Post titles must be a question about engineering and provide context — be specific. Remember to flair your post. Most general career related questions should be placed in the Monday Career Megathread. Review the wiki prior to posting.&lt;/p&gt;&lt;/li&gt;\n' +
          '&lt;li&gt;&lt;p&gt;No homework questions.&lt;/p&gt;&lt;/li&gt;\n' +
          '&lt;li&gt;&lt;p&gt;Avoid questions that can easily be answered by searching on the internet.&lt;/p&gt;&lt;/li&gt;\n' +
          '&lt;li&gt;&lt;p&gt;Avoid questions that have already be answered by a post in the &lt;a href="/r/AskEngineers/wiki/faq"&gt;FAQ section&lt;/a&gt; of the wiki.&lt;/p&gt;&lt;/li&gt;\n' +
          '&lt;/ol&gt;\n' +
          '\n' +
          '&lt;h2&gt;&lt;a href="#icon-information"&gt;&lt;/a&gt;Flair Guide&lt;/h2&gt;\n' +
          '\n' +
          '&lt;ul&gt;\n' +
          '&lt;li&gt;&lt;p&gt;&lt;strong&gt;Mechanical, Electrical, Civil, Chemical, and Computer&lt;/strong&gt; are reserved for technical questions only.&lt;/p&gt;&lt;/li&gt;\n' +
          '&lt;li&gt;&lt;p&gt;&lt;strong&gt;Discussion&lt;/strong&gt; can be used for general questions that apply to multiple disciplines, including some workplace topics. Note that questions must still be specific to engineering and not a general opinion survey.&lt;/p&gt;&lt;/li&gt;\n' +
          '&lt;/ul&gt;\n' +
          '\n' +
          '&lt;h2&gt;&lt;a href="#icon-information"&gt;&lt;/a&gt;&lt;a href="/r/AskEngineers/wiki/rules#wiki_comment_rules"&gt;Comment Rules&lt;/a&gt;&lt;/h2&gt;\n' +
          '\n' +
          '&lt;ol&gt;\n' +
          '&lt;li&gt;&lt;p&gt;&lt;strong&gt;Be respectful to other users.&lt;/strong&gt; All users are expected to behave with courtesy. Racism, sexism, or any other form of bigotry will not be tolerated.&lt;/p&gt;&lt;/li&gt;\n' +
          '&lt;li&gt;&lt;p&gt;&lt;strong&gt;Don&amp;#39;t answer if you aren&amp;#39;t knowledgeable.&lt;/strong&gt; Answers must contain an explanation using engineering logic, and assertions of fact must be supported by links to credible sources.&lt;/p&gt;&lt;/li&gt;\n' +
          '&lt;li&gt;&lt;p&gt;&lt;strong&gt;Be substantive.&lt;/strong&gt; No low-effort one-liner comments, memes, or off-topic replies. Limit the use of engineering jokes.&lt;/p&gt;&lt;/li&gt;\n' +
          '&lt;/ol&gt;\n' +
          '\n' +
          '&lt;h2&gt;&lt;a href="#icon-star"&gt;&lt;/a&gt;Featured Posts&lt;/h2&gt;\n' +
          '\n' +
          '&lt;ul&gt;\n' +
          '&lt;li&gt;&lt;p&gt;&lt;a href="/r/AskEngineers/comments/hs7mu3/call_for_engineers_tell_us_about_your_job_16_july/"&gt;Call for Engineers: Tell us about your job! (16 July 2020)&lt;/a&gt;&lt;/p&gt;&lt;/li&gt;\n' +
          '&lt;li&gt;&lt;p&gt;&lt;a href="/r/AskEngineers/comments/ha8f10/the_askengineers_q2_thru_q4_2020_salary_survey/"&gt;The AskEngineers Salary Survey&lt;/a&gt;&lt;/p&gt;&lt;/li&gt;\n' +
          '&lt;/ul&gt;\n' +
          '\n' +
          '&lt;h2&gt;&lt;a href="#icon-note"&gt;&lt;/a&gt;Resources&lt;/h2&gt;\n' +
          '\n' +
          '&lt;ul&gt;\n' +
          '&lt;li&gt;&lt;p&gt;&lt;a href="/r/AskEngineers/wiki/library"&gt;AskEngineers Reference Library&lt;/a&gt;&lt;/p&gt;&lt;/li&gt;\n' +
          '&lt;li&gt;&lt;p&gt;&lt;a href="/r/AskEngineers/comments/ftkg8a/call_for_engineers_willing_to_be_interviewed_02/"&gt;2020 List of engineers willing to be interviewed&lt;/a&gt;&lt;/p&gt;&lt;/li&gt;\n' +
          '&lt;li&gt;&lt;p&gt;&lt;a href="/r/AskEngineers/comments/b8hrrd/call_for_engineers_willing_to_be_interviewed_02/"&gt;2019 List of engineers willing to be interviewed&lt;/a&gt;&lt;/p&gt;&lt;/li&gt;\n' +
          '&lt;/ul&gt;\n' +
          '\n' +
          '&lt;h2&gt;&lt;a href="#icon-comments"&gt;&lt;/a&gt;Related subreddits&lt;/h2&gt;\n' +
          '\n' +
          '&lt;p&gt;&lt;a href="/r/ScienceSubreddits/wiki/index"&gt;List of all science subreddits&lt;/a&gt;&lt;/p&gt;\n' +
          '\n' +
          '&lt;p&gt;&lt;a href="/r/engineering"&gt;r/engineering&lt;/a&gt;&lt;/p&gt;\n' +
          '\n' +
          '&lt;p&gt;&lt;a href="/r/EngineeringStudents"&gt;r/EngineeringStudents&lt;/a&gt;&lt;/p&gt;\n' +
          '\n' +
          '&lt;p&gt;&lt;a href="/r/AskElectronics"&gt;r/AskElectronics&lt;/a&gt;&lt;/p&gt;\n' +
          '\n' +
          '&lt;p&gt;&lt;a href="/r/MechanicalEngineering"&gt;r/MechanicalEngineering&lt;/a&gt; &lt;/p&gt;\n' +
          '\n' +
          '&lt;p&gt;&lt;a href="/r/ChemicalEngineering"&gt;r/ChemicalEngineering&lt;/a&gt; &lt;/p&gt;\n' +
          '\n' +
          '&lt;p&gt;&lt;a href="/r/civilengineering"&gt;r/civilengineering&lt;/a&gt;&lt;/p&gt;\n' +
          '\n' +
          '&lt;p&gt;&lt;a href="/r/civil3d"&gt;r/civil3d&lt;/a&gt;&lt;/p&gt;\n' +
          '\n' +
          '&lt;p&gt;&lt;a href="/r/aerospace"&gt;r/aerospace&lt;/a&gt;&lt;/p&gt;\n' +
          '\n' +
          '&lt;p&gt;&lt;a href="/r/womenEngineers"&gt;r/womenEngineers&lt;/a&gt;&lt;/p&gt;\n' +
          '\n' +
          '&lt;p&gt;&lt;a href="/r/lasercom"&gt;r/lasercom&lt;/a&gt;&lt;/p&gt;\n' +
          '\n' +
          '&lt;p&gt;&lt;a href="/r/thermodynamics"&gt;r/thermodynamics&lt;/a&gt;&lt;/p&gt;\n' +
          '\n' +
          '&lt;p&gt;&lt;a href="/r/CFD"&gt;r/CFD&lt;/a&gt;&lt;/p&gt;\n' +
          '\n' +
          '&lt;p&gt;&lt;a href="/r/FluidMechanics"&gt;r/FluidMechanics&lt;/a&gt;&lt;/p&gt;\n' +
          '\n' +
          '&lt;p&gt;&lt;a href="/r/PLC"&gt;r/PLC&lt;/a&gt;&lt;/p&gt;\n' +
          '\n' +
          '&lt;p&gt;&lt;a href="/r/CAD"&gt;r/CAD&lt;/a&gt;&lt;/p&gt;\n' +
          '\n' +
          '&lt;p&gt;&lt;a href="/r/manufacturing"&gt;r/manufacturing&lt;/a&gt;&lt;/p&gt;\n' +
          '\n' +
          '&lt;p&gt;&lt;a href="/r/CNC"&gt;r/CNC&lt;/a&gt;&lt;/p&gt;\n' +
          '\n' +
          '&lt;p&gt;&lt;a href="/r/Welding"&gt;r/Welding&lt;/a&gt;&lt;/p&gt;\n' +
          '\n' +
          '&lt;p&gt;&lt;a href="/r/AskScience"&gt;r/AskScience&lt;/a&gt;&lt;/p&gt;\n' +
          '\n' +
          '&lt;p&gt;&lt;a href="/r/HomeworkHelp"&gt;r/HomeworkHelp&lt;/a&gt;&lt;/p&gt;\n' +
          '\n' +
          '&lt;p&gt;&lt;a href="/r/Programming"&gt;r/Programming&lt;/a&gt;&lt;/p&gt;\n' +
          '\n' +
          '&lt;p&gt;&lt;a href="/r/ComputerScience"&gt;r/ComputerScience&lt;/a&gt;&lt;/p&gt;\n' +
          '\n' +
          '&lt;p&gt;&lt;a href="/r/CScareerquestions"&gt;r/CScareerquestions&lt;/a&gt;&lt;/p&gt;\n' +
          '\n' +
          '&lt;p&gt;&lt;a href="/r/EngineeringResumes"&gt;r/EngineeringResumes&lt;/a&gt;&lt;/p&gt;\n' +
          '\n' +
          '&lt;p&gt;&lt;a href="/r/whatisthisthing"&gt;r/whatisthisthing&lt;/a&gt;&lt;/p&gt;\n' +
          '\n' +
          '&lt;p&gt;&lt;a href="/r/NavalArchitecture"&gt;r/NavalArchitecture&lt;/a&gt;&lt;/p&gt;\n' +
          '&lt;/div&gt;&lt;!-- SC_ON --&gt;',
        spoilers_enabled: false,
        comment_contribution_settings: { allowed_media_types: null },
        allow_talks: false,
        header_size: [ 200, 200 ],
        user_flair_position: 'right',
        all_original_content: false,
        has_menu_widget: false,
        is_enrolled_in_new_modmail: null,
        key_color: '',
        can_assign_user_flair: true,
        created: 1301267343,
        wls: 6,
        show_media_preview: true,
        submission_type: 'self',
        user_is_subscriber: null,
        allowed_media_in_comments: [],
        allow_videogifs: false,
        should_archive_posts: true,
        user_flair_type: 'text',
        allow_polls: false,
        collapse_deleted_comments: true,
        emojis_custom_size: null,
        public_description_html: '&lt;!-- SC_OFF --&gt;&lt;div class="md"&gt;&lt;p&gt;Engineers apply the knowledge of math &amp;amp; science to design and manufacture maintainable systems used to solve specific problems. AskEngineers is a forum for questions about the technologies, standards, and processes used to design &amp;amp; build these systems, as well as for questions about the engineering profession and its many disciplines.&lt;/p&gt;\n' +
          '&lt;/div&gt;&lt;!-- SC_ON --&gt;',
        allow_videos: false,
        is_crosspostable_subreddit: false,
        suggested_comment_sort: null,
        should_show_media_in_comments_setting: true,
        can_assign_link_flair: true,
        accounts_active_is_fuzzed: false,
        allow_prediction_contributors: false,
        submit_text_label: 'Ask a new question',
        link_flair_position: 'left',
        user_sr_flair_enabled: null,
        user_flair_enabled_in_sr: false,
        allow_chat_post_creation: false,
        allow_discovery: true,
        accept_followers: true,
        user_sr_theme_enabled: true,
        link_flair_enabled: true,
        disable_contributor_requests: false,
        subreddit_type: 'public',
        notification_level: null,
        banner_img: '',
        user_flair_text: null,
        banner_background_color: '#014980',
        show_media: false,
        id: '2sebk',
        user_is_contributor: null,
        over18: false,
        header_title: '',
        description: '#[](#icon-star) [Call for Engineers: Tell us about your job! (2020)](/r/AskEngineers/comments/hs7mu3/call_for_engineers_tell_us_about_your_job_16_july/)\n' +
          '\n' +
          '##### [](#icon-exclamation)New to AskEngineers? Read our [**subreddit rules**](/r/AskEngineers/wiki/rules) and [**FAQ page**](/r/AskEngineers/wiki/faq) before posting!\n' +
          '\n' +
          '---\n' +
          '\n' +
          '## Topic Filters\n' +
          '\n' +
          '|||\n' +
          ':-:|:-:\n' +
          '[Mechanical](/r/AskEngineers/search/?q=flair%3Amechanical&amp;include_over_18=on&amp;restrict_sr=on&amp;t=all&amp;sort=new)|[Civil](/r/AskEngineers/search/?q=flair%3Acivil&amp;include_over_18=on&amp;restrict_sr=on&amp;t=all&amp;sort=new)\n' +
          '[Electrical](/r/AskEngineers/search/?q=flair%3Aelectrical&amp;include_over_18=on&amp;restrict_sr=on&amp;t=all&amp;sort=new) | [Chemical](/r/AskEngineers/search/?q=flair%3Achemical&amp;include_over_18=on&amp;restrict_sr=on&amp;t=all&amp;sort=new)\n' +
          '[Computer](/r/AskEngineers/search/?q=flair%3Acomputer&amp;include_over_18=on&amp;restrict_sr=on&amp;t=all&amp;sort=new)| [Discussion](/r/AskEngineers/search/?q=flair%3Adiscussion&amp;include_over_18=on&amp;restrict_sr=on&amp;t=all&amp;sort=new)\n' +
          '\n' +
          '---\n' +
          '\n' +
          '## [](#icon-information)[Submission Rules](/r/AskEngineers/wiki/rules#wiki_submission_rules)\n' +
          '\n' +
          '1. Post titles must be a question about engineering and provide context — be specific. Remember to flair your post. Most general career related questions should be placed in the Monday Career Megathread. Review the wiki prior to posting.\n' +
          '\n' +
          '1. No homework questions.\n' +
          '\n' +
          '1. Avoid questions that can easily be answered by searching on the internet.\n' +
          '\n' +
          '1. Avoid questions that have already be answered by a post in the [FAQ section](/r/AskEngineers/wiki/faq) of the wiki.\n' +
          '\n' +
          '## [](#icon-information)Flair Guide\n' +
          '\n' +
          '* **Mechanical, Electrical, Civil, Chemical, and Computer** are reserved for technical questions only.\n' +
          '\n' +
          '* **Discussion** can be used for general questions that apply to multiple disciplines, including some workplace topics. Note that questions must still be specific to engineering and not a general opinion survey.\n' +
          '\n' +
          '## [](#icon-information)[Comment Rules](/r/AskEngineers/wiki/rules#wiki_comment_rules)\n' +
          '\n' +
          '1. **Be respectful to other users.** All users are expected to behave with courtesy. Racism, sexism, or any other form of bigotry will not be tolerated.\n' +
          '\n' +
          "1. **Don't answer if you aren't knowledgeable.** Answers must contain an explanation using engineering logic, and assertions of fact must be supported by links to credible sources.\n" +
          '\n' +
          '1. **Be substantive.** No low-effort one-liner comments, memes, or off-topic replies. Limit the use of engineering jokes.\n' +
          '\n' +
          '## [](#icon-star)Featured Posts\n' +
          '\n' +
          '* [Call for Engineers: Tell us about your job! (16 July 2020)](/r/AskEngineers/comments/hs7mu3/call_for_engineers_tell_us_about_your_job_16_july/)\n' +
          '\n' +
          '* [The AskEngineers Salary Survey](/r/AskEngineers/comments/ha8f10/the_askengineers_q2_thru_q4_2020_salary_survey/)\n' +
          '\n' +
          '## [](#icon-note)Resources\n' +
          '\n' +
          '* [AskEngineers Reference Library](/r/AskEngineers/wiki/library)\n' +
          '\n' +
          '* [2020 List of engineers willing to be interviewed](/r/AskEngineers/comments/ftkg8a/call_for_engineers_willing_to_be_interviewed_02/)\n' +
          '\n' +
          '* [2019 List of engineers willing to be interviewed](/r/AskEngineers/comments/b8hrrd/call_for_engineers_willing_to_be_interviewed_02/)\n' +
          '\n' +
          '## [](#icon-comments)Related subreddits\n' +
          '\n' +
          '[List of all science subreddits](/r/ScienceSubreddits/wiki/index)\n' +
          '\n' +
          'r/engineering\n' +
          '\n' +
          'r/EngineeringStudents\n' +
          '\n' +
          'r/AskElectronics\n' +
          '\n' +
          'r/MechanicalEngineering \n' +
          '\n' +
          'r/ChemicalEngineering \n' +
          '\n' +
          'r/civilengineering\n' +
          '\n' +
          'r/civil3d\n' +
          '\n' +
          'r/aerospace\n' +
          '\n' +
          'r/womenEngineers\n' +
          '\n' +
          'r/lasercom\n' +
          '\n' +
          'r/thermodynamics\n' +
          '\n' +
          'r/CFD\n' +
          '\n' +
          'r/FluidMechanics\n' +
          '\n' +
          'r/PLC\n' +
          '\n' +
          'r/CAD\n' +
          '\n' +
          'r/manufacturing\n' +
          '\n' +
          'r/CNC\n' +
          '\n' +
          'r/Welding\n' +
          '\n' +
          'r/AskScience\n' +
          '\n' +
          'r/HomeworkHelp\n' +
          '\n' +
          'r/Programming\n' +
          '\n' +
          'r/ComputerScience\n' +
          '\n' +
          'r/CScareerquestions\n' +
          '\n' +
          'r/EngineeringResumes\n' +
          '\n' +
          'r/whatisthisthing\n' +
          '\n' +
          'r/NavalArchitecture',
        is_chat_post_feature_enabled: true,
        submit_link_label: 'Link Submission',
        user_flair_text_color: null,
        restrict_commenting: false,
        user_flair_css_class: null,
        allow_images: true,
        lang: 'en',
        whitelist_status: 'all_ads',
        url: '/r/AskEngineers/',
        created_utc: 1301267343,
        banner_size: null,
        mobile_banner_image: '',
        user_is_moderator: null,
        allow_predictions_tournament: false
      },
      {
        user_flair_background_color: null,
        submit_text_html: '&lt;!-- SC_OFF --&gt;&lt;div class="md"&gt;&lt;h1&gt;READ BEFORE POSTING OR FACE PERMANENT BAN!&lt;/h1&gt;\n' +
          '\n' +
          '&lt;ol&gt;\n' +
          '&lt;li&gt;&lt;p&gt;Read the &lt;a href="/r/engineering/wiki/rules"&gt;&lt;strong&gt;submission rules&lt;/strong&gt;&lt;/a&gt; in the sidebar before posting. If you still aren&amp;#39;t sure whether your post is OK, reference &lt;a href="https://i.imgur.com/Zii60K0.png"&gt;&lt;strong&gt;this flowchart.&lt;/strong&gt;&lt;/a&gt;&lt;/p&gt;&lt;/li&gt;\n' +
          '&lt;li&gt;&lt;p&gt;&lt;strong&gt;Students seeking advice on college major:&lt;/strong&gt; Read this &lt;a href="/r/AskEngineers/comments/axv804/attention_students_read_before_posting_or_your/"&gt;&lt;strong&gt;AskEngineers announcement&lt;/strong&gt;&lt;/a&gt; for resources. Specifically, the &lt;em&gt;&amp;quot;What&amp;#39;s your average day like as an engineer?&amp;quot;&lt;/em&gt; threads.&lt;/p&gt;\n' +
          '\n' +
          '&lt;ul&gt;\n' +
          '&lt;li&gt;&lt;strong&gt;DO NOT make a new post in either subreddit asking about majors&lt;/strong&gt; — go to &lt;a href="/r/EngineeringStudents"&gt;r/EngineeringStudents&lt;/a&gt; instead.&lt;/li&gt;\n' +
          '&lt;/ul&gt;&lt;/li&gt;\n' +
          '&lt;li&gt;&lt;p&gt;All workplace topics and questions asking for career advice must go into the &lt;a href="/r/engineering/search/?q=flair%3A%22weekly+discussion%22&amp;amp;include_over_18=on&amp;amp;restrict_sr=on&amp;amp;t=all&amp;amp;sort=new"&gt;&lt;strong&gt;Weekly Career Discussion Thread.&lt;/strong&gt;&lt;/a&gt;&lt;/p&gt;&lt;/li&gt;\n' +
          '&lt;/ol&gt;\n' +
          '&lt;/div&gt;&lt;!-- SC_ON --&gt;',
        restrict_posting: true,
        user_is_banned: null,
        free_form_reports: true,
        wiki_enabled: true,
        user_is_muted: null,
        user_can_flair_in_sr: null,
        display_name: 'engineering',
        header_img: 'https://b.thumbs.redditmedia.com/MtnR_gLOjnM-Qq86iHuj87y3aR3khM8VcQmAzF0HilA.png',
        title: 'engineering',
        allow_galleries: true,
        icon_size: null,
        primary_color: '',
        active_user_count: null,
        icon_img: '',
        display_name_prefixed: 'r/engineering',
        accounts_active: null,
        public_traffic: false,
        subscribers: 456051,
        user_flair_richtext: [],
        name: 't5_2qhpi',
        quarantine: false,
        hide_ads: false,
        prediction_leaderboard_entry_type: 'SUBREDDIT_HEADER',
        emojis_enabled: false,
        advertiser_category: 'Technology',
        public_description: 'r/engineering is a forum for engineering professionals to share information, knowledge, experience related to the principles &amp; practices of the numerous engineering disciplines.\n' +
          '\n' +
          'r/engineering is **NOT** for students to ask for guidance on selecting their major, or for homework / project help. Read the sidebar BEFORE posting.',
        comment_score_hide_mins: 60,
        allow_predictions: false,
        user_has_favorited: null,
        user_flair_template_id: null,
        community_icon: '',
        banner_background_image: '',
        original_content_tag_enabled: false,
        community_reviewed: true,
        submit_text: '# READ BEFORE POSTING OR FACE PERMANENT BAN!\n' +
          '\n' +
          "1. Read the [**submission rules**](/r/engineering/wiki/rules) in the sidebar before posting. If you still aren't sure whether your post is OK, reference [**this flowchart.**](https://i.imgur.com/Zii60K0.png)\n" +
          '\n' +
          `1. **Students seeking advice on college major:** Read this [**AskEngineers announcement**](/r/AskEngineers/comments/axv804/attention_students_read_before_posting_or_your/) for resources. Specifically, the *"What's your average day like as an engineer?"* threads.\n` +
          '  * **DO NOT make a new post in either subreddit asking about majors** — go to r/EngineeringStudents instead.\n' +
          '\n' +
          '1. All workplace topics and questions asking for career advice must go into the [**Weekly Career Discussion Thread.**](/r/engineering/search/?q=flair%3A%22weekly+discussion%22&amp;include_over_18=on&amp;restrict_sr=on&amp;t=all&amp;sort=new)',
        description_html: '&lt;!-- SC_OFF --&gt;&lt;div class="md"&gt;&lt;h6&gt;&lt;a href="https://www.reddit.com/r/engineering/wiki/rules#wiki_submission_rules"&gt;Submission Rules&lt;/a&gt;&lt;/h6&gt;\n' +
          '\n' +
          '&lt;p&gt;If you see any post or comment that violates these rules, please report it so the moderators can respond in a timely manner. Thank you.&lt;/p&gt;\n' +
          '\n' +
          '&lt;ol&gt;\n' +
          '&lt;li&gt;&lt;p&gt;&lt;strong&gt;No questions related to university, school, major selection, GPA, coursework, etc.&lt;/strong&gt; NOTE: Asking for help on homework will result in an instant ban. &lt;strong&gt;DO NOT DO IT.&lt;/strong&gt;&lt;/p&gt;&lt;/li&gt;\n' +
          '&lt;li&gt;&lt;p&gt;&lt;strong&gt;No questions on &lt;em&gt;&amp;quot;how something works&amp;quot;&lt;/em&gt;&lt;/strong&gt; — try &lt;a href="/r/AskEngineers"&gt;r/AskEngineers&lt;/a&gt;.&lt;/p&gt;&lt;/li&gt;\n' +
          '&lt;li&gt;&lt;p&gt;All workplace topics and questions asking for career advice must go into the &lt;a href="https://www.reddit.com/r/engineering/search/?q=flair%3A%22weekly+discussion%22&amp;amp;include_over_18=on&amp;amp;restrict_sr=on&amp;amp;t=all&amp;amp;sort=new"&gt;&lt;strong&gt;Weekly Career Discussion Thread.&lt;/strong&gt;&lt;/a&gt;&lt;/p&gt;\n' +
          '\n' +
          '&lt;ul&gt;\n' +
          '&lt;li&gt;Job postings must go into the &lt;a href="https://www.reddit.com/r/engineering/search?q=flair%3A%22hiring+thread%22&amp;amp;restrict_sr=on&amp;amp;sort=new&amp;amp;t=all"&gt;&lt;strong&gt;Quarterly Hiring Thread.&lt;/strong&gt;&lt;/a&gt;&lt;/li&gt;\n' +
          '&lt;li&gt;For assistance with resumes, try &lt;a href="/r/EngineeringResumes"&gt;/r/EngineeringResumes&lt;/a&gt;.&lt;/li&gt;\n' +
          '&lt;/ul&gt;&lt;/li&gt;\n' +
          '&lt;li&gt;&lt;p&gt;&lt;strong&gt;No self-promotion or blogspam.&lt;/strong&gt; This includes YouTube channels, blogs, etc.&lt;/p&gt;&lt;/li&gt;\n' +
          '&lt;li&gt;&lt;p&gt;&lt;strong&gt;No misleading or sensationalized titles.&lt;/strong&gt; All sources are subject to moderator evaluation.&lt;/p&gt;&lt;/li&gt;\n' +
          '&lt;li&gt;&lt;p&gt;&lt;strong&gt;No posts about the 9/11 terrorist attacks.&lt;/strong&gt; You can read about why this policy exists &lt;a href="https://www.reddit.com/r/engineering/comments/51ykr8/european_physical_society_15_years_later_on_the/d7fwbtk"&gt;&lt;strong&gt;here.&lt;/strong&gt;&lt;/a&gt;&lt;/p&gt;&lt;/li&gt;\n' +
          '&lt;li&gt;&lt;p&gt;&lt;strong&gt;Crowdfunding:&lt;/strong&gt; Must be relevant to engineering and submitted as a self-post (not a link). You are allowed one submission, and you must be active in the comments to answer any questions.&lt;/p&gt;&lt;/li&gt;\n' +
          '&lt;/ol&gt;\n' +
          '\n' +
          '&lt;blockquote&gt;\n' +
          '&lt;p&gt;&lt;a href="https://i.imgur.com/Zii60K0.png"&gt;Submission Flowchart&lt;/a&gt;&lt;/p&gt;\n' +
          '&lt;/blockquote&gt;\n' +
          '\n' +
          '&lt;h6&gt;Comment Rules&lt;/h6&gt;\n' +
          '\n' +
          '&lt;ol&gt;\n' +
          '&lt;li&gt;&lt;p&gt;&lt;strong&gt;Keep the discussion civil.&lt;/strong&gt; Overly insulting or crass comments will be removed. Multiple violations will lead to ban. Racism, sexism, or any other form of bigotry will not be tolerated.&lt;/p&gt;&lt;/li&gt;\n' +
          '&lt;li&gt;&lt;p&gt;&lt;strong&gt;Be substantive.&lt;/strong&gt; No low-effort one-liner comments, memes, or off-topic replies. Limit the use of engineering jokes.&lt;/p&gt;&lt;/li&gt;\n' +
          '&lt;li&gt;&lt;p&gt;&lt;strong&gt;Do not comment outside your area of competence.&lt;/strong&gt; If you do not know about a topic, do not attempt to answer somebody&amp;#39;s question. If you paste a comment that appears to be from an AI source, it will be removed. Multiple violations of this will result in a ban.&lt;/p&gt;&lt;/li&gt;\n' +
          '&lt;/ol&gt;\n' +
          '\n' +
          '&lt;h6&gt;What is r/engineering for?&lt;/h6&gt;\n' +
          '\n' +
          '&lt;p&gt;r/engineering is a forum for engineering professionals to share information, knowledge, experience related to the principles &amp;amp; practices of all types of engineering: civil, structural, mechanical, electrical, aerospace, chemical, computer, environmental, etc.&lt;/p&gt;\n' +
          '\n' +
          '&lt;p&gt;Questions about current engineering projects you are working on, how to interpret codes and standards, and industry practices are all encouraged. Engineers should help each other to make the world a safer and better place.&lt;/p&gt;\n' +
          '\n' +
          '&lt;p&gt;Images and videos related to engineering are acceptable, &lt;strong&gt;provided they are relevant to engineering.&lt;/strong&gt; Completed projects, destructive test results, and unique machinery and hardware are all acceptable and encouraged. Lead-in comments are required to provide context to the readers.&lt;/p&gt;\n' +
          '\n' +
          '&lt;h6&gt;Need to Interview an Engineer?&lt;/h6&gt;\n' +
          '\n' +
          '&lt;p&gt;Pick an engineer from the list of volunteers below and send him or her a PM indicating that you would like to conduct an interview:&lt;/p&gt;\n' +
          '\n' +
          '&lt;ul&gt;\n' +
          '&lt;li&gt;&lt;a href="/u/ArtificialSpark"&gt;/u/ArtificialSpark&lt;/a&gt;: Consulting (EE)&lt;/li&gt;\n' +
          '&lt;li&gt;&lt;a href="/u/Axagoras"&gt;/u/Axagoras&lt;/a&gt;: Offshore Wind (CompE)&lt;/li&gt;\n' +
          '&lt;li&gt;&lt;a href="/u/B-Wilks"&gt;/u/B-Wilks&lt;/a&gt;: Building Design (EE)&lt;/li&gt;\n' +
          '&lt;li&gt;&lt;a href="/u/caffinate"&gt;/u/caffinate&lt;/a&gt;: Power Electronics (Prof)&lt;/li&gt;\n' +
          '&lt;li&gt;&lt;a href="/u/capitalmonks"&gt;/u/capitalmonks&lt;/a&gt; Electrical Power Systems (EE)&lt;/li&gt;\n' +
          '&lt;li&gt;&lt;a href="/u/careercatalysis"&gt;/u/careercatalysis&lt;/a&gt;: Refining (CHE)&lt;/li&gt;\n' +
          '&lt;li&gt;&lt;a href="/u/ChronoMachete"&gt;/u/ChronoMachete&lt;/a&gt;: Space Systems&lt;/li&gt;\n' +
          '&lt;li&gt;&lt;a href="/u/c0d3M0nk3y"&gt;/u/c0d3M0nk3y&lt;/a&gt;: Video Games (CS)&lt;/li&gt;\n' +
          '&lt;li&gt;&lt;a href="/u/cr4zy3ng1n33r"&gt;/u/cr4zy3ng1n33r&lt;/a&gt;: Broadcast (EE)&lt;/li&gt;\n' +
          '&lt;li&gt;&lt;a href="/u/CyaNBlu3"&gt;/u/CyaNBlu3&lt;/a&gt;: Bioengineering (ME)&lt;/li&gt;\n' +
          '&lt;li&gt;&lt;a href="/u/DoorGuote"&gt;/u/DoorGuote&lt;/a&gt;: Stormwater (PE)&lt;/li&gt;\n' +
          '&lt;li&gt;&lt;a href="/u/Dunengel"&gt;/u/Dunengel&lt;/a&gt;: Geotechnical&lt;/li&gt;\n' +
          '&lt;li&gt;&lt;a href="/u/evans075"&gt;/u/evans075&lt;/a&gt;: Pulp and Paper (ME)&lt;/li&gt;\n' +
          '&lt;li&gt;&lt;a href="/u/Gohanto"&gt;/u/Gohanto&lt;/a&gt;: Acoustics&lt;/li&gt;\n' +
          '&lt;li&gt;&lt;a href="/u/hydro_wonk"&gt;/u/hydro_wonk&lt;/a&gt;: Hydrologist (PE)&lt;/li&gt;\n' +
          '&lt;li&gt;&lt;a href="/u/internationengineer"&gt;/u/internationengineer&lt;/a&gt;: MEP Design (ME)&lt;/li&gt;\n' +
          '&lt;li&gt;&lt;a href="/u/injuredtoad"&gt;/u/injuredtoad&lt;/a&gt;: Oil Refining (ME)&lt;/li&gt;\n' +
          '&lt;li&gt;&lt;a href="/u/lafleur818"&gt;/u/lafleur818&lt;/a&gt;: Environmental/Wastewater&lt;/li&gt;\n' +
          '&lt;li&gt;&lt;a href="/u/legofarley"&gt;/u/legofarley&lt;/a&gt;: Structural (PE/SE)&lt;/li&gt;\n' +
          '&lt;li&gt;&lt;a href="/u/Mine2Me"&gt;/u/Mine2Me&lt;/a&gt;: Mining Engineer&lt;/li&gt;\n' +
          '&lt;li&gt;&lt;a href="/u/Notagiant2199"&gt;/u/Notagiant2199&lt;/a&gt;: Biofuels (CHE)&lt;/li&gt;\n' +
          '&lt;li&gt;&lt;a href="/u/Obbz"&gt;/u/Obbz&lt;/a&gt; Consulting: (EE)&lt;/li&gt;\n' +
          '&lt;li&gt;&lt;a href="/u/occamman"&gt;/u/occamman&lt;/a&gt;: Medical Device Development (SysE)&lt;/li&gt;\n' +
          '&lt;li&gt;&lt;a href="/u/raoulduke25"&gt;/u/raoulduke25&lt;/a&gt;: Structural (PE)&lt;/li&gt;\n' +
          '&lt;li&gt;&lt;a href="/u/realjd"&gt;/u/realjd&lt;/a&gt;: Systems&lt;/li&gt;\n' +
          '&lt;li&gt;&lt;a href="/u/Red8600"&gt;/u/Red8600&lt;/a&gt;: Controls (EET)&lt;/li&gt;\n' +
          '&lt;li&gt;&lt;a href="/u/rockitscyentist"&gt;/u/rockitscyentist&lt;/a&gt;: Control Systems (AE)&lt;/li&gt;\n' +
          '&lt;li&gt;&lt;a href="/u/Roughneck16"&gt;/u/Roughneck16&lt;/a&gt;: Military Engineering (CE)&lt;/li&gt;\n' +
          '&lt;li&gt;&lt;a href="/u/Saryu"&gt;/u/Saryu&lt;/a&gt;: IP Video Distribution (EE/SE)&lt;/li&gt;\n' +
          '&lt;li&gt;&lt;a href="/u/SmashAndCAD"&gt;/u/SmashAndCAD&lt;/a&gt;: Automation/Metrology&lt;/li&gt;\n' +
          '&lt;li&gt;&lt;a href="/u/testfire10"&gt;/u/testfire10&lt;/a&gt;: Oil, Gas, Space (ME)&lt;/li&gt;\n' +
          '&lt;li&gt;&lt;a href="/u/unbelieverben"&gt;/u/unbelieverben&lt;/a&gt;: Plastics/Molding (CHE), Glass (Display/Automotive)&lt;/li&gt;\n' +
          '&lt;li&gt;&lt;a href="/u/__wampa__stompa"&gt;/u/__wampa__stompa&lt;/a&gt;: Sheet metal, Structural, Aerodynamics (AE)&lt;/li&gt;\n' +
          '&lt;/ul&gt;\n' +
          '\n' +
          '&lt;hr/&gt;\n' +
          '\n' +
          '&lt;p&gt;&lt;strong&gt;Directory of Useful Subreddits&lt;/strong&gt;&lt;/p&gt;\n' +
          '\n' +
          '&lt;h6&gt;Engineering Fields&lt;/h6&gt;\n' +
          '\n' +
          '&lt;ul&gt;\n' +
          '&lt;li&gt;&lt;a href="/r/Aerospace"&gt;Aerospace&lt;/a&gt;: Aerospace&lt;/li&gt;\n' +
          '&lt;li&gt;&lt;a href="/r/AskEngineers"&gt;AskEngineers&lt;/a&gt;: Non-school Q&amp;amp;A&lt;/li&gt;\n' +
          '&lt;li&gt;&lt;a href="/r/AskElectronics"&gt;AskElectronics&lt;/a&gt;: CE/EE Q&amp;amp;A&lt;/li&gt;\n' +
          '&lt;li&gt;&lt;a href="/r/bioengineering"&gt;BioEngineering&lt;/a&gt;: Biological&lt;/li&gt;\n' +
          '&lt;li&gt;&lt;a href="/r/biotech"&gt;Biotech&lt;/a&gt;: Biotechnology&lt;/li&gt;\n' +
          '&lt;li&gt;&lt;a href="/r/chemicalengineering"&gt;Chem E&lt;/a&gt;: Chemical&lt;/li&gt;\n' +
          '&lt;li&gt;&lt;a href="/r/civilengineering"&gt;Civil Engineering&lt;/a&gt;: Civil&lt;/li&gt;\n' +
          '&lt;li&gt;&lt;a href="/r/construction"&gt;Construction&lt;/a&gt;: Construction&lt;/li&gt;\n' +
          '&lt;li&gt;&lt;a href="/r/ECE"&gt;ECE&lt;/a&gt;: General EE &amp;amp; CE discussion&lt;/li&gt;\n' +
          '&lt;li&gt;&lt;a href="/r/electricalengineering"&gt;EE&lt;/a&gt;: Electrical&lt;/li&gt;\n' +
          '&lt;li&gt;&lt;a href="/r/EngineeringStudents"&gt;EngineeringStudents&lt;/a&gt;: For wee engineerlings&lt;/li&gt;\n' +
          '&lt;li&gt;&lt;a href="/r/Manufacturing"&gt;Manufacturing&lt;/a&gt;: Manufacturing Industry&lt;/li&gt;\n' +
          '&lt;li&gt;&lt;a href="/r/materials"&gt;Materials&lt;/a&gt;: Materials Engineering&lt;/li&gt;\n' +
          '&lt;li&gt;&lt;a href="/r/mechanicalengineering"&gt;Mech E&lt;/a&gt;: Mechanical Engineering&lt;/li&gt;\n' +
          '&lt;li&gt;&lt;a href="/r/industrialengineering"&gt;Ind E&lt;/a&gt;: Industrial Engineering&lt;/li&gt;\n' +
          '&lt;li&gt;&lt;a href="/r/USACE"&gt;USACE&lt;/a&gt;: United States Army Corps of Engineers&lt;/li&gt;\n' +
          '&lt;/ul&gt;\n' +
          '\n' +
          '&lt;h6&gt;Engineering Topics&lt;/h6&gt;\n' +
          '\n' +
          '&lt;ul&gt;\n' +
          '&lt;li&gt;&lt;a href="/r/LearnEngineering"&gt;LearnEngineering&lt;/a&gt;: Learn &amp;amp; discuss engineering concepts&lt;/li&gt;\n' +
          '&lt;li&gt;&lt;a href="/r/CAD"&gt;CAD&lt;/a&gt;: Computer Aided Design&lt;/li&gt;\n' +
          '&lt;li&gt;&lt;a href="/r/cfd"&gt;CFD&lt;/a&gt;: Fluid Dynamics&lt;/li&gt;\n' +
          '&lt;li&gt;&lt;a href="/r/FEA"&gt;FEA&lt;/a&gt;: Finite Element Analysis&lt;/li&gt;\n' +
          '&lt;li&gt;&lt;a href="/r/PLC"&gt;PLC&lt;/a&gt;: Programmable Logic Controllers&lt;/li&gt;\n' +
          '&lt;/ul&gt;\n' +
          '\n' +
          '&lt;h'... 1733 more characters,
        spoilers_enabled: true,
        comment_contribution_settings: { allowed_media_types: null },
        allow_talks: false,
        header_size: [ 45, 60 ],
        user_flair_position: 'right',
        all_original_content: false,
        has_menu_widget: false,
        is_enrolled_in_new_modmail: null,
        key_color: '',
        can_assign_user_flair: true,
        created: 1206958809,
        wls: 6,
        show_media_preview: true,
        submission_type: 'any',
        user_is_subscriber: null,
        allowed_media_in_comments: [],
        allow_videogifs: true,
        should_archive_posts: false,
        user_flair_type: 'text',
        allow_polls: false,
        collapse_deleted_comments: true,
        emojis_custom_size: null,
        public_description_html: '&lt;!-- SC_OFF --&gt;&lt;div class="md"&gt;&lt;p&gt;&lt;a href="/r/engineering"&gt;r/engineering&lt;/a&gt; is a forum for engineering professionals to share information, knowledge, experience related to the principles &amp;amp; practices of the numerous engineering disciplines.&lt;/p&gt;\n' +
          '\n' +
          '&lt;p&gt;&lt;a href="/r/engineering"&gt;r/engineering&lt;/a&gt; is &lt;strong&gt;NOT&lt;/strong&gt; for students to ask for guidance on selecting their major, or for homework / project help. Read the sidebar BEFORE posting.&lt;/p&gt;\n' +
          '&lt;/div&gt;&lt;!-- SC_ON --&gt;',
        allow_videos: false,
        is_crosspostable_subreddit: false,
        suggested_comment_sort: null,
        should_show_media_in_comments_setting: true,
        can_assign_link_flair: true,
        accounts_active_is_fuzzed: false,
        allow_prediction_contributors: false,
        submit_text_label: '',
        link_flair_position: 'left',
        user_sr_flair_enabled: null,
        user_flair_enabled_in_sr: false,
        allow_chat_post_creation: false,
        allow_discovery: true,
        accept_followers: true,
        user_sr_theme_enabled: true,
        link_flair_enabled: true,
        disable_contributor_requests: true,
        subreddit_type: 'public',
        notification_level: null,
        banner_img: '',
        user_flair_text: null,
        banner_background_color: '',
        show_media: true,
        id: '2qhpi',
        user_is_contributor: null,
        over18: false,
        header_title: '',
        description: '###### [Submission Rules](https://www.reddit.com/r/engineering/wiki/rules#wiki_submission_rules)\n' +
          '\n' +
          'If you see any post or comment that violates these rules, please report it so the moderators can respond in a timely manner. Thank you.\n' +
          '\n' +
          '1. **No questions related to university, school, major selection, GPA, coursework, etc.** NOTE: Asking for help on homework will result in an instant ban. **DO NOT DO IT.**\n' +
          '\n' +
          '1. **No questions on _"how something works"_** — try r/AskEngineers.\n' +
          '\n' +
          '1. All workplace topics and questions asking for career advice must go into the [**Weekly Career Discussion Thread.**](https://www.reddit.com/r/engineering/search/?q=flair%3A%22weekly+discussion%22&amp;include_over_18=on&amp;restrict_sr=on&amp;t=all&amp;sort=new)\n' +
          '  * Job postings must go into the [**Quarterly Hiring Thread.**](https://www.reddit.com/r/engineering/search?q=flair%3A%22hiring+thread%22&amp;restrict_sr=on&amp;sort=new&amp;t=all)\n' +
          '  * For assistance with resumes, try /r/EngineeringResumes.\n' +
          '\n' +
          '1. **No self-promotion or blogspam.** This includes YouTube channels, blogs, etc.\n' +
          '\n' +
          '1. **No misleading or sensationalized titles.** All sources are subject to moderator evaluation.\n' +
          '\n' +
          '1. **No posts about the 9/11 terrorist attacks.** You can read about why this policy exists [**here.**](https://www.reddit.com/r/engineering/comments/51ykr8/european_physical_society_15_years_later_on_the/d7fwbtk)\n' +
          '\n' +
          '1. **Crowdfunding:** Must be relevant to engineering and submitted as a self-post (not a link). You are allowed one submission, and you must be active in the comments to answer any questions.\n' +
          '\n' +
          '&gt; [Submission Flowchart](https://i.imgur.com/Zii60K0.png)\n' +
          '\n' +
          '###### Comment Rules\n' +
          '\n' +
          '1. **Keep the discussion civil.** Overly insulting or crass comments will be removed. Multiple violations will lead to ban. Racism, sexism, or any other form of bigotry will not be tolerated.\n' +
          '\n' +
          '1. **Be substantive.** No low-effort one-liner comments, memes, or off-topic replies. Limit the use of engineering jokes.\n' +
          '\n' +
          "1. **Do not comment outside your area of competence.** If you do not know about a topic, do not attempt to answer somebody's question. If you paste a comment that appears to be from an AI source, it will be removed. Multiple violations of this will result in a ban.\n" +
          '\n' +
          '###### What is r\\/engineering for?\n' +
          '\n' +
          'r\\/engineering is a forum for engineering professionals to share information, knowledge, experience related to the principles &amp; practices of all types of engineering: civil, structural, mechanical, electrical, aerospace, chemical, computer, environmental, etc.\n' +
          '\n' +
          'Questions about current engineering projects you are working on, how to interpret codes and standards, and industry practices are all encouraged. Engineers should help each other to make the world a safer and better place.\n' +
          '\n' +
          'Images and videos related to engineering are acceptable, **provided they are relevant to engineering.** Completed projects, destructive test results, and unique machinery and hardware are all acceptable and encouraged. Lead-in comments are required to provide context to the readers.\n' +
          '\n' +
          '###### Need to Interview an Engineer?\n' +
          '\n' +
          'Pick an engineer from the list of volunteers below and send him or her a PM indicating that you would like to conduct an interview:\n' +
          '\n' +
          '* /u/ArtificialSpark: Consulting (EE)\n' +
          '* /u/Axagoras: Offshore Wind (CompE)\n' +
          '* /u/B-Wilks: Building Design (EE)\n' +
          '* /u/caffinate: Power Electronics (Prof)\n' +
          '* /u/capitalmonks Electrical Power Systems (EE)\n' +
          '* /u/careercatalysis: Refining (CHE)\n' +
          '* /u/ChronoMachete: Space Systems\n' +
          '* /u/c0d3M0nk3y: Video Games (CS)\n' +
          '* /u/cr4zy3ng1n33r: Broadcast (EE)\n' +
          '* /u/CyaNBlu3: Bioengineering (ME)\n' +
          '* /u/DoorGuote: Stormwater (PE)\n' +
          '* /u/Dunengel: Geotechnical\n' +
          '* /u/evans075: Pulp and Paper (ME)\n' +
          '* /u/Gohanto: Acoustics\n' +
          '* /u/hydro_wonk: Hydrologist (PE)\n' +
          '* /u/internationengineer: MEP Design (ME)\n' +
          '* /u/injuredtoad: Oil Refining (ME)\n' +
          '* /u/lafleur818: Environmental/Wastewater\n' +
          '* /u/legofarley: Structural (PE/SE)\n' +
          '* /u/Mine2Me: Mining Engineer\n' +
          '* /u/Notagiant2199: Biofuels (CHE)\n' +
          '* /u/Obbz Consulting: (EE)\n' +
          '* /u/occamman: Medical Device Development (SysE)\n' +
          '* /u/raoulduke25: Structural (PE)\n' +
          '* /u/realjd: Systems\n' +
          '* /u/Red8600: Controls (EET)\n' +
          '* /u/rockitscyentist: Control Systems (AE)\n' +
          '* /u/Roughneck16: Military Engineering (CE)\n' +
          '* /u/Saryu: IP Video Distribution (EE/SE)\n' +
          '* /u/SmashAndCAD: Automation/Metrology\n' +
          '* /u/testfire10: Oil, Gas, Space (ME)\n' +
          '* /u/unbelieverben: Plastics/Molding (CHE), Glass (Display/Automotive)\n' +
          '* /u/__wampa__stompa: Sheet metal, Structural, Aerodynamics (AE)\n' +
          '\n' +
          '---\n' +
          '\n' +
          '**Directory of Useful Subreddits**\n' +
          '\n' +
          '###### Engineering Fields\n' +
          '\n' +
          '* [Aerospace](/r/Aerospace): Aerospace\n' +
          '* [AskEngineers](/r/AskEngineers): Non-school Q&amp;A\n' +
          '* [AskElectronics](/r/AskElectronics): CE/EE Q&amp;A\n' +
          '* [BioEngineering](/r/bioengineering): Biological\n' +
          '* [Biotech](/r/biotech): Biotechnology\n' +
          '* [Chem E](/r/chemicalengineering): Chemical\n' +
          '* [Civil Engineering](/r/civilengineering): Civil\n' +
          '* [Construction](/r/construction): Construction\n' +
          '* [ECE](/r/ECE): General EE &amp; CE discussion\n' +
          '* [EE](/r/electricalengineering): Electrical\n' +
          '* [EngineeringStudents](/r/EngineeringStudents): For wee engineerlings\n' +
          '* [Manufacturing](/r/Manufacturing): Manufacturing Industry\n' +
          '* [Materials](/r/materials): Materials Engineering\n' +
          '* [Mech E](/r/mechanicalengineering): Mechanical Engineering\n' +
          '* [Ind E](/r/industrialengineering): Industrial Engineering\n' +
          '* [USACE](/r/USACE): United States Army Corps of Engineers\n' +
          '\n' +
          '###### Engineering Topics\n' +
          '\n' +
          '* [LearnEngineering](/r/LearnEngineering): Learn &amp; discuss engineering concepts\n' +
          '* [CAD](/r/CAD): Computer Aided Design\n' +
          '* [CFD](/r/cfd): Fluid Dynamics\n' +
          '* [FEA](/r/FEA): Finite Element Analysis\n' +
          '* [PLC](/r/PLC): Programmable Logic Controllers\n' +
          '\n' +
          '###### General Science\n' +
          '\n' +
          '* [AskScience](/r/askscience): No-nonsense science Q&amp;A\n' +
          '* [Biology](/r/biology)\n' +
          '* [Chemistry](/r/chemistry/)\n' +
          '* [Coding](/r/coding)\n' +
          '* [Computer Science](/r/ComputerScience)\n' +
          '* [Electronics](/r/electronics)\n' +
          '* [Lectures](/r/lectures)\n' +
          '* [Math](/r/math/)\n' +
          '* [Physics](/r/physics/)\n' +
          '* [Programming](/r/programming)\n' +
          '* [Science](/r/science)\n' +
          '* [Fluid Mechanics](/r/FluidMechanics)\n' +
          '* [Thermodynamics](/r/thermodynamics)\n' +
          '\n' +
          '###### Textbooks\n' +
          '\n' +
          '* [CSBooks](/r/csbooks): Computer Science\n' +
          '* [EEBooks](/r/eebooks): Electrical Engineering\n' +
          '* [MathBooks](/r/mathbooks/): Mathematics\n' +
          '* [PhysicsBooks](/r/physicsbooks): Physics\n' +
          '\n' +
          '###### Other Links\n' +
          '\n' +
          '* [ECEComponentExchange](/r/ECEComponentExchange): Parts swap  \n' +
          '* [Eng-Tips](http://www.eng-tips.com/): Q&amp;A for various fields',
        is_chat_post_feature_enabled: true,
        submit_link_label: '',
        user_flair_text_color: null,
        restrict_commenting: false,
        user_flair_css_class: null,
        allow_images: true,
        lang: 'en',
        whitelist_status: 'all_ads',
        url: '/r/engineering/',
        created_utc: 1206958809,
        banner_size: null,
        mobile_banner_image: '',
        user_is_moderator: null,
        allow_predictions_tournament: false
      },
      {
        user_flair_background_color: null,
        submit_text_html: '&lt;!-- SC_OFF --&gt;&lt;div class="md"&gt;&lt;ol&gt;\n' +
          '&lt;li&gt;Read the wiki before posting.&lt;/li&gt;\n' +
          '&lt;li&gt;Export your resume as a PDF.&lt;/li&gt;\n' +
          '&lt;li&gt;Convert it to a PNG file &lt;strong&gt;(600 DPI)&lt;/strong&gt; using Preview or &lt;a href="https://www.cleverpdf.com/"&gt;cleverpdf.com&lt;/a&gt;.&lt;/li&gt;\n' +
          '&lt;li&gt;Upload your resume on &lt;strong&gt;DESKTOP NEW REDDIT&lt;/strong&gt; by inserting an image into a &lt;strong&gt;TEXT SUBMISSION.&lt;/strong&gt; &lt;a href="https://imgur.com/2beIg5g"&gt;https://imgur.com/2beIg5g&lt;/a&gt;&lt;/li&gt;\n' +
          '&lt;li&gt;Include a descriptive title &lt;strong&gt;and&lt;/strong&gt; text post. There is a minimum body text character count of &lt;strong&gt;500&lt;/strong&gt; to post.&lt;/li&gt;\n' +
          '&lt;/ol&gt;\n' +
          '&lt;/div&gt;&lt;!-- SC_ON --&gt;',
        restrict_posting: true,
        user_is_banned: null,
        free_form_reports: true,
        wiki_enabled: true,
        user_is_muted: null,
        user_can_flair_in_sr: null,
        display_name: 'EngineeringResumes',
        header_img: null,
        title: 'r/EngineeringResumes',
        allow_galleries: true,
        icon_size: null,
        primary_color: '#feae00',
        active_user_count: null,
        icon_img: '',
        display_name_prefixed: 'r/EngineeringResumes',
        accounts_active: null,
        public_traffic: false,
        subscribers: 55572,
        user_flair_richtext: [],
        name: 't5_37mk2',
        quarantine: false,
        hide_ads: false,
        prediction_leaderboard_entry_type: 'SUBREDDIT_HEADER',
        emojis_enabled: true,
        advertiser_category: '',
        public_description: 'A place to review and discuss engineering resumes.',
        comment_score_hide_mins: 380,
        allow_predictions: false,
        user_has_favorited: null,
        user_flair_template_id: null,
        community_icon: 'https://styles.redditmedia.com/t5_37mk2/styles/communityIcon_2a04cxka01qb1.png?width=256&amp;s=2497937d3751047d40421e6c31036c821eeb586d',
        banner_background_image: 'https://styles.redditmedia.com/t5_37mk2/styles/bannerBackgroundImage_a1usxipwk0qb1.png?width=4000&amp;s=6bf81b7c1fc4b03a2a70a4cceaa4d71c68922da2',
        original_content_tag_enabled: false,
        community_reviewed: true,
        submit_text: '1. Read the wiki before posting.\n' +
          '2. Export your resume as a PDF.\n' +
          '3. Convert it to a PNG file **(600 DPI)** using Preview or [cleverpdf.com](https://www.cleverpdf.com/).\n' +
          '5. Upload your resume on **DESKTOP NEW REDDIT** by inserting an image into a **TEXT SUBMISSION.** https://imgur.com/2beIg5g\n' +
          '6. Include a descriptive title **and** text post. There is a minimum body text character count of **500** to post.',
        description_html: '&lt;!-- SC_OFF --&gt;&lt;div class="md"&gt;&lt;h1&gt;&lt;a href="https://old.reddit.com/r/EngineeringResumes/wiki/"&gt;Wiki&lt;/a&gt;&lt;/h1&gt;\n' +
          '\n' +
          '&lt;hr/&gt;\n' +
          '\n' +
          '&lt;h1&gt;&lt;a href="https://old.reddit.com/r/EngineeringResumes/wiki/rules/"&gt;Rules&lt;/a&gt;&lt;/h1&gt;\n' +
          '\n' +
          '&lt;hr/&gt;\n' +
          '\n' +
          '&lt;h1&gt;&lt;a href="https://old.reddit.com/r/EngineeringResumes/wiki/resumetemplates/"&gt;Resume Templates&lt;/a&gt;&lt;/h1&gt;\n' +
          '\n' +
          '&lt;hr/&gt;\n' +
          '\n' +
          '&lt;h1&gt;&lt;a href="https://old.reddit.com/r/EngineeringResumes/wiki/submission-instructions/"&gt;Submission Instructions&lt;/a&gt;&lt;/h1&gt;\n' +
          '\n' +
          '&lt;hr/&gt;\n' +
          '\n' +
          '&lt;h1&gt;&lt;a href="https://old.reddit.com/r/EngineeringResumes/search?q=flair%3Aquestion&amp;amp;restrict_sr=on&amp;amp;sort=relevance&amp;amp;t=all"&gt;FAQ&lt;/a&gt;&lt;/h1&gt;\n' +
          '\n' +
          '&lt;hr/&gt;\n' +
          '\n' +
          '&lt;h1&gt;&lt;a href="https://old.reddit.com/r/EngineeringResumes/wiki/helpfullinks/"&gt;Helpful Links&lt;/a&gt;&lt;/h1&gt;\n' +
          '\n' +
          '&lt;hr/&gt;\n' +
          '\n' +
          '&lt;h1&gt;Filter by Flair&lt;/h1&gt;\n' +
          '\n' +
          '&lt;p&gt;&lt;a href="https://old.reddit.com/r/EngineeringResumes/search?q=flair%3Ameta&amp;amp;restrict_sr=on&amp;amp;sort=relevance&amp;amp;t=all"&gt;Meta&lt;/a&gt;&lt;/p&gt;\n' +
          '\n' +
          '&lt;p&gt;&lt;a href="https://old.reddit.com/r/EngineeringResumes/search?q=flair%3Asuccess&amp;amp;restrict_sr=on&amp;amp;sort=relevance&amp;amp;t=all"&gt;Success Story!&lt;/a&gt;&lt;/p&gt;\n' +
          '\n' +
          '&lt;p&gt;&lt;a href="https://old.reddit.com/r/EngineeringResumes/search?q=flair%3Aquestion&amp;amp;restrict_sr=on&amp;amp;sort=relevance&amp;amp;t=all"&gt;Question&lt;/a&gt;&lt;/p&gt;\n' +
          '\n' +
          '&lt;p&gt;&lt;a href="https://old.reddit.com/r/EngineeringResumes/search?q=flair%3Aaerospace&amp;amp;restrict_sr=on&amp;amp;sort=relevance&amp;amp;t=all"&gt;Aerospace&lt;/a&gt;&lt;/p&gt;\n' +
          '\n' +
          '&lt;p&gt;&lt;a href="https://old.reddit.com/r/EngineeringResumes/search?q=flair%3Aautomation&amp;amp;restrict_sr=on&amp;amp;sort=relevance&amp;amp;t=all"&gt;Automation/PLC&lt;/a&gt;&lt;/p&gt;\n' +
          '\n' +
          '&lt;p&gt;&lt;a href="https://old.reddit.com/r/EngineeringResumes/search?q=flair%3Abio&amp;amp;restrict_sr=on&amp;amp;sort=relevance&amp;amp;t=all"&gt;BME/Bio&lt;/a&gt;&lt;/p&gt;\n' +
          '\n' +
          '&lt;p&gt;&lt;a href="https://old.reddit.com/r/EngineeringResumes/search?q=flair%3Achemical&amp;amp;restrict_sr=on&amp;amp;sort=relevance&amp;amp;t=all"&gt;Chemical&lt;/a&gt;&lt;/p&gt;\n' +
          '\n' +
          '&lt;p&gt;&lt;a href="https://old.reddit.com/r/EngineeringResumes/search?q=flair%3Acivil&amp;amp;restrict_sr=on&amp;amp;sort=relevance&amp;amp;t=all"&gt;Civil/Construction&lt;/a&gt;&lt;/p&gt;\n' +
          '\n' +
          '&lt;p&gt;&lt;a href="https://old.reddit.com/r/EngineeringResumes/search?q=flair%3Aelectrical&amp;amp;restrict_sr=on&amp;amp;sort=relevance&amp;amp;t=all"&gt;Electrical/Computer&lt;/a&gt;&lt;/p&gt;\n' +
          '\n' +
          '&lt;p&gt;&lt;a href="https://old.reddit.com/r/EngineeringResumes/search?q=flair%3Aenvironmental&amp;amp;restrict_sr=on&amp;amp;sort=relevance&amp;amp;t=all"&gt;Environmental&lt;/a&gt;&lt;/p&gt;\n' +
          '\n' +
          '&lt;p&gt;&lt;a href="https://old.reddit.com/r/EngineeringResumes/search?q=flair%3Aindustrial&amp;amp;restrict_sr=on&amp;amp;sort=relevance&amp;amp;t=all"&gt;Industrial&lt;/a&gt;&lt;/p&gt;\n' +
          '\n' +
          '&lt;p&gt;&lt;a href="https://old.reddit.com/r/EngineeringResumes/search?q=flair%3Amaterials&amp;amp;restrict_sr=on&amp;amp;sort=relevance&amp;amp;t=all"&gt;Materials&lt;/a&gt;&lt;/p&gt;\n' +
          '\n' +
          '&lt;p&gt;&lt;a href="https://old.reddit.com/r/EngineeringResumes/search?q=flair%3Amechanical&amp;amp;restrict_sr=on&amp;amp;sort=relevance&amp;amp;t=all"&gt;Mechanical&lt;/a&gt;&lt;/p&gt;\n' +
          '\n' +
          '&lt;p&gt;&lt;a href="https://old.reddit.com/r/EngineeringResumes/search?q=flair%3Amechatronics&amp;amp;restrict_sr=on&amp;amp;sort=relevance&amp;amp;t=all"&gt;Mechatronics/Robotics&lt;/a&gt;&lt;/p&gt;\n' +
          '\n' +
          '&lt;p&gt;&lt;a href="https://old.reddit.com/r/EngineeringResumes/search?q=flair%3Anuclear&amp;amp;restrict_sr=on&amp;amp;sort=relevance&amp;amp;t=all"&gt;Nuclear&lt;/a&gt;&lt;/p&gt;\n' +
          '\n' +
          '&lt;p&gt;&lt;a href="https://old.reddit.com/r/EngineeringResumes/search?q=flair%3Apetroleum&amp;amp;restrict_sr=on&amp;amp;sort=relevance&amp;amp;t=all"&gt;Petroleum&lt;/a&gt;&lt;/p&gt;\n' +
          '\n' +
          '&lt;p&gt;&lt;a href="https://old.reddit.com/r/EngineeringResumes/search?q=flair%3Asoftware&amp;amp;restrict_sr=on&amp;amp;sort=relevance&amp;amp;t=all"&gt;Software&lt;/a&gt;&lt;/p&gt;\n' +
          '\n' +
          '&lt;p&gt;&lt;a href="https://old.reddit.com/r/EngineeringResumes/search?q=flair%3Asystems&amp;amp;restrict_sr=on&amp;amp;sort=relevance&amp;amp;t=all"&gt;Systems/Integration&lt;/a&gt;&lt;/p&gt;\n' +
          '\n' +
          '&lt;hr/&gt;\n' +
          '\n' +
          '&lt;h1&gt;&lt;a href="https://www.reddit.com/r/EngineeringResumes/wiki/relatedsubs/"&gt;Related Subreddits&lt;/a&gt;&lt;/h1&gt;\n' +
          '&lt;/div&gt;&lt;!-- SC_ON --&gt;',
        spoilers_enabled: false,
        comment_contribution_settings: { allowed_media_types: [Array] },
        allow_talks: false,
        header_size: null,
        user_flair_position: 'left',
        all_original_content: false,
        has_menu_widget: false,
        is_enrolled_in_new_modmail: null,
        key_color: '#ffb000',
        can_assign_user_flair: true,
        created: 1427845749,
        wls: 6,
        show_media_preview: true,
        submission_type: 'any',
        user_is_subscriber: null,
        allowed_media_in_comments: [ 'static', 'expression' ],
        allow_videogifs: true,
        should_archive_posts: false,
        user_flair_type: 'text',
        allow_polls: false,
        collapse_deleted_comments: true,
        emojis_custom_size: null,
        public_description_html: '&lt;!-- SC_OFF --&gt;&lt;div class="md"&gt;&lt;p&gt;A place to review and discuss engineering resumes.&lt;/p&gt;\n' +
          '&lt;/div&gt;&lt;!-- SC_ON --&gt;',
        allow_videos: false,
        is_crosspostable_subreddit: false,
        suggested_comment_sort: 'confidence',
        should_show_media_in_comments_setting: true,
        can_assign_link_flair: true,
        accounts_active_is_fuzzed: false,
        allow_prediction_contributors: false,
        submit_text_label: '',
        link_flair_position: 'left',
        user_sr_flair_enabled: null,
        user_flair_enabled_in_sr: false,
        allow_chat_post_creation: false,
        allow_discovery: true,
        accept_followers: true,
        user_sr_theme_enabled: true,
        link_flair_enabled: true,
        disable_contributor_requests: false,
        subreddit_type: 'public',
        notification_level: null,
        banner_img: '',
        user_flair_text: null,
        banner_background_color: '#ffb000',
        show_media: true,
        id: '37mk2',
        user_is_contributor: null,
        over18: false,
        header_title: '',
        description: '# [Wiki](https://old.reddit.com/r/EngineeringResumes/wiki/)\n' +
          '\n' +
          '---\n' +
          '\n' +
          '# [Rules](https://old.reddit.com/r/EngineeringResumes/wiki/rules/)\n' +
          '\n' +
          '---\n' +
          '\n' +
          '# [Resume Templates](https://old.reddit.com/r/EngineeringResumes/wiki/resumetemplates/)\n' +
          '\n' +
          '---\n' +
          '\n' +
          '# [Submission Instructions](https://old.reddit.com/r/EngineeringResumes/wiki/submission-instructions/)\n' +
          '\n' +
          '---\n' +
          '\n' +
          '# [FAQ](https://old.reddit.com/r/EngineeringResumes/search?q=flair%3Aquestion&amp;restrict_sr=on&amp;sort=relevance&amp;t=all)\n' +
          '\n' +
          '---\n' +
          '\n' +
          '# [Helpful Links](https://old.reddit.com/r/EngineeringResumes/wiki/helpfullinks/)\n' +
          '\n' +
          '---\n' +
          '\n' +
          '# Filter by Flair\n' +
          '\n' +
          '[Meta](https://old.reddit.com/r/EngineeringResumes/search?q=flair%3Ameta&amp;restrict_sr=on&amp;sort=relevance&amp;t=all)\n' +
          '\n' +
          '[Success Story!](https://old.reddit.com/r/EngineeringResumes/search?q=flair%3Asuccess&amp;restrict_sr=on&amp;sort=relevance&amp;t=all)\n' +
          '\n' +
          '[Question](https://old.reddit.com/r/EngineeringResumes/search?q=flair%3Aquestion&amp;restrict_sr=on&amp;sort=relevance&amp;t=all)\n' +
          '\n' +
          '[Aerospace](https://old.reddit.com/r/EngineeringResumes/search?q=flair%3Aaerospace&amp;restrict_sr=on&amp;sort=relevance&amp;t=all)\n' +
          '\n' +
          '[Automation/PLC](https://old.reddit.com/r/EngineeringResumes/search?q=flair%3Aautomation&amp;restrict_sr=on&amp;sort=relevance&amp;t=all)\n' +
          '\n' +
          '[BME/Bio](https://old.reddit.com/r/EngineeringResumes/search?q=flair%3Abio&amp;restrict_sr=on&amp;sort=relevance&amp;t=all)\n' +
          '\n' +
          '[Chemical](https://old.reddit.com/r/EngineeringResumes/search?q=flair%3Achemical&amp;restrict_sr=on&amp;sort=relevance&amp;t=all)\n' +
          '\n' +
          '[Civil/Construction](https://old.reddit.com/r/EngineeringResumes/search?q=flair%3Acivil&amp;restrict_sr=on&amp;sort=relevance&amp;t=all)\n' +
          '\n' +
          '[Electrical/Computer](https://old.reddit.com/r/EngineeringResumes/search?q=flair%3Aelectrical&amp;restrict_sr=on&amp;sort=relevance&amp;t=all)\n' +
          '\n' +
          '[Environmental](https://old.reddit.com/r/EngineeringResumes/search?q=flair%3Aenvironmental&amp;restrict_sr=on&amp;sort=relevance&amp;t=all)\n' +
          '\n' +
          '[Industrial](https://old.reddit.com/r/EngineeringResumes/search?q=flair%3Aindustrial&amp;restrict_sr=on&amp;sort=relevance&amp;t=all)\n' +
          '\n' +
          '[Materials](https://old.reddit.com/r/EngineeringResumes/search?q=flair%3Amaterials&amp;restrict_sr=on&amp;sort=relevance&amp;t=all)\n' +
          '\n' +
          '[Mechanical](https://old.reddit.com/r/EngineeringResumes/search?q=flair%3Amechanical&amp;restrict_sr=on&amp;sort=relevance&amp;t=all)\n' +
          '\n' +
          '[Mechatronics/Robotics](https://old.reddit.com/r/EngineeringResumes/search?q=flair%3Amechatronics&amp;restrict_sr=on&amp;sort=relevance&amp;t=all)\n' +
          '\n' +
          '[Nuclear](https://old.reddit.com/r/EngineeringResumes/search?q=flair%3Anuclear&amp;restrict_sr=on&amp;sort=relevance&amp;t=all)\n' +
          '\n' +
          '[Petroleum](https://old.reddit.com/r/EngineeringResumes/search?q=flair%3Apetroleum&amp;restrict_sr=on&amp;sort=relevance&amp;t=all)\n' +
          '\n' +
          '[Software](https://old.reddit.com/r/EngineeringResumes/search?q=flair%3Asoftware&amp;restrict_sr=on&amp;sort=relevance&amp;t=all)\n' +
          '\n' +
          '[Systems/Integration](https://old.reddit.com/r/EngineeringResumes/search?q=flair%3Asystems&amp;restrict_sr=on&amp;sort=relevance&amp;t=all)\n' +
          '\n' +
          '---\n' +
          '\n' +
          '# [Related Subreddits](https://www.reddit.com/r/EngineeringResumes/wiki/relatedsubs/)',
        is_chat_post_feature_enabled: true,
        submit_link_label: '',
        user_flair_text_color: null,
        restrict_commenting: false,
        user_flair_css_class: null,
        allow_images: true,
        lang: 'en',
        whitelist_status: 'all_ads',
        url: '/r/EngineeringResumes/',
        created_utc: 1427845749,
        banner_size: null,
        mobile_banner_image: '',
        user_is_moderator: null,
        allow_predictions_tournament: false
      },
      {
        user_flair_background_color: null,
        submit_text_html: null,
        restrict_posting: true,
        user_is_banned: null,
        free_form_reports: true,
        wiki_enabled: false,
        user_is_muted: null,
        user_can_flair_in_sr: null,
        display_name: 'MechEng',
        header_img: null,
        title: 'Mechanical Engineering',
        allow_galleries: true,
        icon_size: null,
        primary_color: '',
        active_user_count: null,
        icon_img: '',
        display_name_prefixed: 'r/MechEng',
        accounts_active: null,
        public_traffic: false,
        subscribers: 291,
        user_flair_richtext: [],
        videostream_links_count: 0,
        name: 't5_2sbay',
        quarantine: false,
        hide_ads: false,
        prediction_leaderboard_entry_type: 'IN_FEED',
        emojis_enabled: false,
        advertiser_category: '',
        public_description: '',
        comment_score_hide_mins: 0,
        allow_predictions: false,
        user_has_favorited: null,
        user_flair_template_id: null,
        community_icon: '',
        banner_background_image: '',
        original_content_tag_enabled: false,
        community_reviewed: false,
        submit_text: '',
        description_html: '&lt;!-- SC_OFF --&gt;&lt;div class="md"&gt;&lt;p&gt;As a mechanical engineer it would be great to have like-minded individuals share topics and have discussions here.&lt;/p&gt;\n' +
          '&lt;/div&gt;&lt;!-- SC_ON --&gt;',
        spoilers_enabled: true,
        comment_contribution_settings: {},
        allow_talks: false,
        header_size: null,
        user_flair_position: 'right',
        all_original_content: false,
        has_menu_widget: false,
        is_enrolled_in_new_modmail: null,
        key_color: '',
        can_assign_user_flair: false,
        created: 1297056542,
        wls: null,
        show_media_preview: true,
        submission_type: 'any',
        user_is_subscriber: null,
        allowed_media_in_comments: [],
        allow_videogifs: true,
        should_archive_posts: false,
        user_flair_type: 'text',
        allow_polls: true,
        collapse_deleted_comments: false,
        emojis_custom_size: null,
        public_description_html: null,
        allow_videos: true,
        is_crosspostable_subreddit: false,
        suggested_comment_sort: null,
        should_show_media_in_comments_setting: true,
        can_assign_link_flair: false,
        accounts_active_is_fuzzed: false,
        allow_prediction_contributors: false,
        submit_text_label: '',
        link_flair_position: '',
        user_sr_flair_enabled: null,
        user_flair_enabled_in_sr: false,
        allow_chat_post_creation: false,
        allow_discovery: true,
        accept_followers: true,
        user_sr_theme_enabled: true,
        link_flair_enabled: false,
        disable_contributor_requests: false,
        subreddit_type: 'restricted',
        notification_level: null,
        banner_img: '',
        user_flair_text: null,
        banner_background_color: '',
        show_media: true,
        id: '2sbay',
        user_is_contributor: null,
        over18: false,
        header_title: '',
        description: 'As a mechanical engineer it would be great to have like-minded individuals share topics and have discussions here.',
        is_chat_post_feature_enabled: true,
        submit_link_label: '',
        user_flair_text_color: null,
        restrict_commenting: false,
        user_flair_css_class: null,
        allow_images: true,
        lang: 'en',
        whitelist_status: null,
        url: '/r/MechEng/',
        created_utc: 1297056542,
        banner_size: null,
        mobile_banner_image: '',
        user_is_moderator: null,
        allow_predictions_tournament: false
      },
      {
        user_flair_background_color: null,
        submit_text_html: '&lt;!-- SC_OFF --&gt;&lt;div class="md"&gt;&lt;p&gt;Please post a description of your EDC as a comment in your post OR IT WILL BE REMOVED.&lt;/p&gt;\n' +
          '\n' +
          '&lt;p&gt;Please read the FAQ in the sidebar before asking questions.&lt;/p&gt;\n' +
          '&lt;/div&gt;&lt;!-- SC_ON --&gt;',
        restrict_posting: true,
        user_is_banned: null,
        free_form_reports: true,
        wiki_enabled: true,
        user_is_muted: null,
        user_can_flair_in_sr: null,
        display_name: 'EDC',
        header_img: 'https://b.thumbs.redditmedia.com/BBTcJ74oWvCdBjJw2pqg-D6_6j28V7fUJJUbxBZPBXU.png',
        title: 'Everyday Carry. What essentials do you carry on a daily basis?',
        allow_galleries: true,
        icon_size: null,
        primary_color: '#d25e27',
        active_user_count: null,
        icon_img: '',
        display_name_prefixed: 'r/EDC',
        accounts_active: null,
        public_traffic: false,
        subscribers: 464516,
        user_flair_richtext: [],
        name: 't5_2reni',
        quarantine: false,
        hide_ads: false,
        prediction_leaderboard_entry_type: 'SUBREDDIT_HEADER',
        emojis_enabled: true,
        advertiser_category: '',
        public_description: "A Reddit space where people can come together to show and discuss their various EDC items, ask questions and receive advice from fellow carriers, and generally promote the enjoyment of EDC.  You never know when you're going to need it!",
        comment_score_hide_mins: 30,
        allow_predictions: false,
        user_has_favorited: null,
        user_flair_template_id: null,
        community_icon: 'https://styles.redditmedia.com/t5_2reni/styles/communityIcon_5bpxuw6hrih71.jpg?width=256&amp;s=c1d1815240f3d61f1ddeedd6948fec6a77c35db8',
        banner_background_image: 'https://styles.redditmedia.com/t5_2reni/styles/bannerBackgroundImage_clwvrol4kij21.jpg?width=4000&amp;s=07785c46f4de5bea23f982848c3d0b9c4944e650',
        original_content_tag_enabled: false,
        community_reviewed: true,
        submit_text: 'Please post a description of your EDC as a comment in your post OR IT WILL BE REMOVED.\n' +
          '\n' +
          'Please read the FAQ in the sidebar before asking questions.',
        description_html: '&lt;!-- SC_OFF --&gt;&lt;div class="md"&gt;&lt;p&gt;What is your Every Day Carry?&lt;/p&gt;\n' +
          '\n' +
          '&lt;hr/&gt;\n' +
          '\n' +
          '&lt;hr/&gt;\n' +
          '\n' +
          '&lt;p&gt;&lt;strong&gt;FAQ&lt;/strong&gt;&lt;/p&gt;\n' +
          '\n' +
          '&lt;p&gt;&lt;a href="https://www.reddit.com/r/EDC/comments/27fzhc/meta_new_edc_faq_why_are_you_carrying_a_knifegun/"&gt;1. Why are you carrying a gun/knife/etc?&lt;/a&gt;&lt;/p&gt;\n' +
          '\n' +
          '&lt;p&gt;&lt;a href="https://www.reddit.com/r/EDC/comments/6vljs1/redditors_who_carry_a_notebook_and_a_pen_in_their/"&gt;2. Why carry a pen &amp;amp; notebook?&lt;/a&gt;&lt;/p&gt;\n' +
          '\n' +
          '&lt;p&gt;&lt;a href="https://www.reddit.com/r/EDC/comments/8do5fj/why_are_you_carrying_a_tourniquet/"&gt;3. Why carry a tourniquet?&lt;/a&gt;&lt;/p&gt;\n' +
          '\n' +
          '&lt;hr/&gt;\n' +
          '\n' +
          '&lt;p&gt;&lt;strong&gt;Frequently Recommended Gear&lt;/strong&gt;&lt;/p&gt;\n' +
          '\n' +
          '&lt;p&gt;&lt;a href="https://www.reddit.com/r/EDC/comments/7j7lrs/edc_starter_pack_an_arbitrary_list_of_gear_that/"&gt;Check it out!&lt;/a&gt;&lt;/p&gt;\n' +
          '\n' +
          '&lt;hr/&gt;\n' +
          '\n' +
          '&lt;p&gt;&lt;strong&gt;RULES&lt;/strong&gt;\n' +
          'Please use the &amp;#39;Report&amp;#39; feature for any post/comment you feel is in violation of the below rules.&lt;/p&gt;\n' +
          '\n' +
          '&lt;p&gt;&lt;strong&gt;1.) Post a list of your items&lt;/strong&gt;&lt;/p&gt;\n' +
          '\n' +
          '&lt;p&gt;When posting pictures of your EDC, please provide a list of items in the comments within one hour of posting; otherwise, your post will be removed.&lt;/p&gt;\n' +
          '\n' +
          '&lt;p&gt;&lt;strong&gt;2.) No Spam&lt;/strong&gt; &lt;/p&gt;\n' +
          '\n' +
          '&lt;p&gt;We consider spam to be posts/comments that try to take advantage of the subreddit, automated or otherwise. &lt;/p&gt;\n' +
          '\n' +
          '&lt;p&gt;This includes, but is not limited to:&lt;/p&gt;\n' +
          '\n' +
          '&lt;ul&gt;\n' +
          '&lt;li&gt;&lt;p&gt;Advertising your own products/company/social media&lt;/p&gt;&lt;/li&gt;\n' +
          '&lt;li&gt;&lt;p&gt;Shilling for a third party/Thinly veiled advertising such as &amp;quot;Hope I can get this into other people&amp;#39;s hands&amp;quot; or &amp;quot; Items I produce&amp;quot; &lt;/p&gt;&lt;/li&gt;\n' +
          '&lt;li&gt;&lt;p&gt;Affiliate/referral links&lt;/p&gt;&lt;/li&gt;\n' +
          '&lt;/ul&gt;\n' +
          '\n' +
          '&lt;p&gt;You can include items that you make/sell in EDC posts, so long as it includes other items. &lt;/p&gt;\n' +
          '\n' +
          '&lt;p&gt;The one and only exception to this rule is special deals offered to the members of this sub. Before posting such deals please message the Mod team. &lt;/p&gt;\n' +
          '\n' +
          '&lt;p&gt;&lt;strong&gt;3.) No Incivility&lt;/strong&gt;&lt;/p&gt;\n' +
          '\n' +
          '&lt;p&gt;Comments/posts that include name calling, insults, mocking, condescension, gatekeeping, or any other form of incivility towards users or items will be removed. Criticism of an item itself is allowed, but keep it civil.&lt;/p&gt;\n' +
          '\n' +
          '&lt;p&gt;&lt;strong&gt;4.) No Politics&lt;/strong&gt;&lt;/p&gt;\n' +
          '\n' +
          '&lt;p&gt;Discussion regarding any political party/ideology/group, even those you agree with, will not be tolerated. Do not debate the politics of a country/state/city, user or of an item they choose to EDC. Posts are allowed to contain political imagery (stickers, flags, patches, etc.) so long as they aren’t the primary focus of the post, and don’t violate Reddit TOS.&lt;/p&gt;\n' +
          '\n' +
          '&lt;p&gt;&lt;strong&gt;5.) No Inappropriate Content&lt;/strong&gt;&lt;/p&gt;\n' +
          '\n' +
          '&lt;p&gt;Inappropriate content is content that doesn’t fit the theme of the subreddit. This includes, but is not limited to: content unrelated to EDC, news articles, nudity, and injuries/gore.&lt;/p&gt;\n' +
          '\n' +
          '&lt;p&gt;&lt;strong&gt;6.) No Videos&lt;/strong&gt;&lt;/p&gt;\n' +
          '\n' +
          '&lt;p&gt;Video posts are not allowed. They are difficult/time consuming to moderate and often contain advertising.&lt;/p&gt;\n' +
          '\n' +
          '&lt;p&gt;&lt;strong&gt;7.) No Memes&lt;/strong&gt; &lt;/p&gt;\n' +
          '\n' +
          '&lt;p&gt;No memes, petitions, screenshots, or clickbait. Satirical EDCs are allowed, so long as it follows the traditional EDC post format.&lt;/p&gt;\n' +
          '\n' +
          '&lt;p&gt;&lt;strong&gt;8.) Meet Minimum Posting Requirements&lt;/strong&gt;&lt;/p&gt;\n' +
          '\n' +
          '&lt;p&gt;In order to post or comment, an account must be at least 48 hours old and have a minimum of 50 Karma. This is to prevent spam. Please do not message the mods asking for your post to be approved. Be patient and repost/comment once your account has met these requirements. &lt;/p&gt;\n' +
          '\n' +
          '&lt;p&gt;&lt;strong&gt;9.) Do not ask why someone carries a knife or a gun&lt;/strong&gt;&lt;/p&gt;\n' +
          '\n' +
          '&lt;p&gt;Please read the FAQ before asking why someone carries a knife or a gun. These questions are often asked dishonestly, and this rule exists to discourage political debate stemming from loaded questions.&lt;/p&gt;\n' +
          '\n' +
          '&lt;p&gt;&lt;strong&gt;10) Do not give unasked for advice regarding firearms or knives, or ask why they aren&amp;#39;t carried.&lt;/strong&gt;&lt;/p&gt;\n' +
          '\n' +
          '&lt;p&gt;Do not give unasked for advice regarding purchasing or carrying firearms or knives.&lt;/p&gt;\n' +
          '\n' +
          '&lt;p&gt;Do not ask users why they &lt;em&gt;don&amp;#39;t&lt;/em&gt; carry. &lt;/p&gt;\n' +
          '\n' +
          '&lt;p&gt;Both of these actions are the flip side of not asking why they &lt;em&gt;are&lt;/em&gt; carried. Doing so serves no good purpose and pushes users who choose not to carry such items into justifying their choice, or explaining the fact that laws are not the same everywhere.&lt;/p&gt;\n' +
          '\n' +
          '&lt;hr/&gt;\n' +
          '\n' +
          '&lt;p&gt;&lt;strong&gt;Related subreddits&lt;/strong&gt;&lt;/p&gt;\n' +
          '\n' +
          '&lt;p&gt;&lt;a href="/r/CCW"&gt;/r/CCW&lt;/a&gt; &lt;/p&gt;\n' +
          '\n' +
          '&lt;p&gt;&lt;a href="/r/EDCexchange"&gt;/r/EDCexchange&lt;/a&gt; &lt;/p&gt;\n' +
          '\n' +
          '&lt;p&gt;&lt;a href="/r/fidgetspinners"&gt;/r/fidgetspinners&lt;/a&gt;&lt;/p&gt;\n' +
          '\n' +
          '&lt;p&gt;&lt;a href="/r/fidgettoys"&gt;/r/fidgettoys&lt;/a&gt;&lt;/p&gt;\n' +
          '\n' +
          '&lt;p&gt;&lt;a href="/r/flashlight"&gt;/r/flashlight&lt;/a&gt;&lt;/p&gt;\n' +
          '\n' +
          '&lt;p&gt;&lt;a href="/r/journaling"&gt;/r/journaling&lt;/a&gt;&lt;/p&gt;\n' +
          '\n' +
          '&lt;p&gt;&lt;a href="/r/knifeclub"&gt;/r/knifeclub&lt;/a&gt;&lt;/p&gt;\n' +
          '\n' +
          '&lt;p&gt;&lt;a href="/r/Knife_Swap"&gt;/r/Knife_Swap&lt;/a&gt; &lt;/p&gt;\n' +
          '\n' +
          '&lt;p&gt;&lt;a href="/r/knives"&gt;/r/knives&lt;/a&gt;&lt;/p&gt;\n' +
          '\n' +
          '&lt;p&gt;&lt;a href="/r/paracord"&gt;/r/paracord&lt;/a&gt;&lt;/p&gt;\n' +
          '\n' +
          '&lt;p&gt;&lt;a href="/r/pens"&gt;/r/pens&lt;/a&gt;&lt;/p&gt;\n' +
          '\n' +
          '&lt;p&gt;&lt;a href="/r/photography"&gt;/r/photography&lt;/a&gt;&lt;/p&gt;\n' +
          '\n' +
          '&lt;p&gt;&lt;a href="/r/moleskine"&gt;/r/moleskine&lt;/a&gt;&lt;/p&gt;\n' +
          '\n' +
          '&lt;p&gt;&lt;a href="/r/multitools"&gt;/r/multitools&lt;/a&gt;&lt;/p&gt;\n' +
          '\n' +
          '&lt;p&gt;&lt;a href="/r/notebooks"&gt;/r/notebooks&lt;/a&gt;&lt;/p&gt;\n' +
          '\n' +
          '&lt;p&gt;&lt;a href="/r/Onebag"&gt;/r/Onebag&lt;/a&gt; &lt;/p&gt;\n' +
          '\n' +
          '&lt;p&gt;&lt;a href="/r/onebagging"&gt;/r/onebagging&lt;/a&gt;&lt;/p&gt;\n' +
          '\n' +
          '&lt;p&gt;&lt;a href="/r/vedc"&gt;/r/vedc&lt;/a&gt;&lt;/p&gt;\n' +
          '\n' +
          '&lt;p&gt;&lt;a href="/r/watches"&gt;/r/watches&lt;/a&gt;&lt;/p&gt;\n' +
          '\n' +
          '&lt;p&gt;&lt;a href="/r/watchexchange"&gt;/r/watchexchange&lt;/a&gt;&lt;/p&gt;\n' +
          '\n' +
          '&lt;p&gt;&lt;a href="/r/wellworn"&gt;/r/wellworn&lt;/a&gt;&lt;/p&gt;\n' +
          '\n' +
          '&lt;p&gt;&lt;a href="/r/whatsinthebag"&gt;/r/whatsinthebag&lt;/a&gt;&lt;/p&gt;\n' +
          '\n' +
          '&lt;p&gt;&lt;a href="/r/Zippo"&gt;/r/Zippo&lt;/a&gt;&lt;/p&gt;\n' +
          '\n' +
          '&lt;p&gt;&lt;a href="/r/victorinox"&gt;/r/victorinox&lt;/a&gt;&lt;/p&gt;\n' +
          '&lt;/div&gt;&lt;!-- SC_ON --&gt;',
        spoilers_enabled: false,
        comment_contribution_settings: { allowed_media_types: null },
        allow_talks: false,
        header_size: [ 390, 113 ],
        user_flair_position: 'right',
        all_original_content: false,
        has_menu_widget: false,
        is_enrolled_in_new_modmail: null,
        key_color: '#a5a4a4',
        can_assign_user_flair: true,
        created: 1261413866,
        wls: null,
        show_media_preview: true,
        submission_type: 'any',
        user_is_subscriber: null,
        allowed_media_in_comments: [],
        allow_videogifs: true,
        should_archive_posts: true,
        user_flair_type: 'text',
        allow_polls: false,
        collapse_deleted_comments: true,
        emojis_custom_size: null,
        public_description_html: '&lt;!-- SC_OFF --&gt;&lt;div class="md"&gt;&lt;p&gt;A Reddit space where people can come together to show and discuss their various EDC items, ask questions and receive advice from fellow carriers, and generally promote the enjoyment of EDC.  You never know when you&amp;#39;re going to need it!&lt;/p&gt;\n' +
          '&lt;/div&gt;&lt;!-- SC_ON --&gt;',
        allow_videos: false,
        is_crosspostable_subreddit: false,
        suggested_comment_sort: 'new',
        should_show_media_in_comments_setting: true,
        can_assign_link_flair: true,
        accounts_active_is_fuzzed: false,
        allow_prediction_contributors: false,
        submit_text_label: '',
        link_flair_position: 'right',
        user_sr_flair_enabled: null,
        user_flair_enabled_in_sr: false,
        allow_chat_post_creation: false,
        allow_discovery: true,
        accept_followers: true,
        user_sr_theme_enabled: true,
        link_flair_enabled: true,
        disable_contributor_requests: false,
        subreddit_type: 'public',
        notification_level: null,
        banner_img: '',
        user_flair_text: null,
        banner_background_color: '',
        show_media: true,
        id: '2reni',
        user_is_contributor: null,
        over18: false,
        header_title: 'What do you carry?',
        description: 'What is your Every Day Carry?\n' +
          '\n' +
          '--------------------\n' +
          '\n' +
          '------\n' +
          '\n' +
          '**FAQ**\n' +
          '\n' +
          '[1. Why are you carrying a gun/knife/etc?](https://www.reddit.com/r/EDC/comments/27fzhc/meta_new_edc_faq_why_are_you_carrying_a_knifegun/)\n' +
          '\n' +
          '\n' +
          '[2. Why carry a pen &amp; notebook?](https://www.reddit.com/r/EDC/comments/6vljs1/redditors_who_carry_a_notebook_and_a_pen_in_their/)\n' +
          '\n' +
          '[3. Why carry a tourniquet?](https://www.reddit.com/r/EDC/comments/8do5fj/why_are_you_carrying_a_tourniquet/)\n' +
          '\n' +
          '-----\n' +
          '\n' +
          '\n' +
          '**Frequently Recommended Gear**\n' +
          '\n' +
          '[Check it out!](https://www.reddit.com/r/EDC/comments/7j7lrs/edc_starter_pack_an_arbitrary_list_of_gear_that/)\n' +
          '\n' +
          '\n' +
          '-----\n' +
          '\n' +
          '**RULES**\n' +
          "Please use the 'Report' feature for any post/comment you feel is in violation of the below rules.\n" +
          '\n' +
          '\n' +
          '**1.) Post a list of your items**\n' +
          '\n' +
          'When posting pictures of your EDC, please provide a list of items in the comments within one hour of posting; otherwise, your post will be removed.\n' +
          '\n' +
          '\n' +
          '**2.) No Spam** \n' +
          '\n' +
          'We consider spam to be posts/comments that try to take advantage of the subreddit, automated or otherwise. \n' +
          '\n' +
          'This includes, but is not limited to:\n' +
          '\n' +
          '* Advertising your own products/company/social media\n' +
          '\n' +
          `* Shilling for a third party/Thinly veiled advertising such as "Hope I can get this into other people's hands" or " Items I produce" \n` +
          '\n' +
          '* Affiliate/referral links\n' +
          '\n' +
          'You can include items that you make/sell in EDC posts, so long as it includes other items. \n' +
          '\n' +
          'The one and only exception to this rule is special deals offered to the members of this sub. Before posting such deals please message the Mod team. \n' +
          '\n' +
          '\n' +
          '**3.) No Incivility**\n' +
          '\n' +
          'Comments/posts that include name calling, insults, mocking, condescension, gatekeeping, or any other form of incivility towards users or items will be removed. Criticism of an item itself is allowed, but keep it civil.\n' +
          '\n' +
          '\n' +
          '**4.) No Politics**\n' +
          '\n' +
          'Discussion regarding any political party/ideology/group, even those you agree with, will not be tolerated. Do not debate the politics of a country/state/city, user or of an item they choose to EDC. Posts are allowed to contain political imagery (stickers, flags, patches, etc.) so long as they aren’t the primary focus of the post, and don’t violate Reddit TOS.\n' +
          '\n' +
          '\n' +
          '**5.) No Inappropriate Content**\n' +
          '\n' +
          'Inappropriate content is content that doesn’t fit the theme of the subreddit. This includes, but is not limited to: content unrelated to EDC, news articles, nudity, and injuries/gore.\n' +
          '\n' +
          '**6.) No Videos**\n' +
          '\n' +
          'Video posts are not allowed. They are difficult/time consuming to moderate and often contain advertising.\n' +
          '\n' +
          '**7.) No Memes** \n' +
          '\n' +
          'No memes, petitions, screenshots, or clickbait. Satirical EDCs are allowed, so long as it follows the traditional EDC post format.\n' +
          '\n' +
          '**8.) Meet Minimum Posting Requirements**\n' +
          '\n' +
          'In order to post or comment, an account must be at least 48 hours old and have a minimum of 50 Karma. This is to prevent spam. Please do not message the mods asking for your post to be approved. Be patient and repost/comment once your account has met these requirements. \n' +
          '\n' +
          '\n' +
          '**9.) Do not ask why someone carries a knife or a gun**\n' +
          '\n' +
          'Please read the FAQ before asking why someone carries a knife or a gun. These questions are often asked dishonestly, and this rule exists to discourage political debate stemming from loaded questions.\n' +
          '\n' +
          '\n' +
          "**10) Do not give unasked for advice regarding firearms or knives, or ask why they aren't carried.**\n" +
          '\n' +
          'Do not give unasked for advice regarding purchasing or carrying firearms or knives.\n' +
          '\n' +
          "Do not ask users why they *don't* carry. \n" +
          '\n' +
          'Both of these actions are the flip side of not asking why they *are* carried. Doing so serves no good purpose and pushes users who choose not to carry such items into justifying their choice, or explaining the fact that laws are not the same everywhere.\n' +
          '\n' +
          '---------\n' +
          '\n' +
          '\n' +
          '**Related subreddits**\n' +
          '\n' +
          '/r/CCW \n' +
          '\n' +
          '/r/EDCexchange \n' +
          '\n' +
          '/r/fidgetspinners\n' +
          '\n' +
          '/r/fidgettoys\n' +
          '\n' +
          '/r/flashlight\n' +
          '\n' +
          '/r/journaling\n' +
          '\n' +
          '/r/knifeclub\n' +
          '\n' +
          '/r/Knife_Swap \n' +
          '\n' +
          '/r/knives\n' +
          '\n' +
          '/r/paracord\n' +
          '\n' +
          '/r/pens\n' +
          '\n' +
          '/r/photography\n' +
          '\n' +
          '/r/moleskine\n' +
          '\n' +
          '/r/multitools\n' +
          '\n' +
          '/r/notebooks\n' +
          '\n' +
          '/r/Onebag \n' +
          '\n' +
          '/r/onebagging\n' +
          '\n' +
          '/r/vedc\n' +
          '\n' +
          '/r/watches\n' +
          '\n' +
          '/r/watchexchange\n' +
          '\n' +
          '/r/wellworn\n' +
          '\n' +
          '/r/whatsinthebag\n' +
          '\n' +
          '/r/Zippo\n' +
          '\n' +
          '/r/victorinox',
        is_chat_post_feature_enabled: true,
        submit_link_label: '',
        user_flair_text_color: null,
        restrict_commenting: false,
        user_flair_css_class: null,
        allow_images: true,
        lang: 'en',
        whitelist_status: null,
        url: '/r/EDC/',
        created_utc: 1261413866,
        banner_size: null,
        mobile_banner_image: 'https://styles.redditmedia.com/t5_2reni/styles/mobileBannerImage_iaw6smo4cuh71.jpeg',
        user_is_moderator: null,
        allow_predictions_tournament: false
      },
      {
        user_flair_background_color: null,
        submit_text_html: '&lt;!-- SC_OFF --&gt;&lt;div class="md"&gt;&lt;p&gt;&lt;strong&gt;Please remember to flair your posts&lt;/strong&gt;&lt;/p&gt;\n' +
          '&lt;/div&gt;&lt;!-- SC_ON --&gt;',
        restrict_posting: true,
        user_is_banned: null,
        free_form_reports: true,
        wiki_enabled: true,
        user_is_muted: null,
        user_can_flair_in_sr: null,
        display_name: 'AerospaceEngineering',
        header_img: null,
        title: 'Aerospace Engineering',
        allow_galleries: true,
        icon_size: null,
        primary_color: '#646d73',
        active_user_count: null,
        icon_img: '',
        display_name_prefixed: 'r/AerospaceEngineering',
        accounts_active: null,
        public_traffic: false,
        subscribers: 69909,
        user_flair_richtext: [],
        videostream_links_count: 0,
        name: 't5_2ss4i',
        quarantine: false,
        hide_ads: false,
        prediction_leaderboard_entry_type: 'SUBREDDIT_HEADER',
        emojis_enabled: true,
        advertiser_category: '',
        public_description: 'r/AerospaceEngineering is a forum for enthusiasts, hobbyists, and professionals to share knowledge, experience, and learn about aerospace topics. \n' +
          '\n' +
          'Read the rules before posting!',
        comment_score_hide_mins: 60,
        allow_predictions: false,
        user_has_favorited: null,
        user_flair_template_id: null,
        community_icon: 'https://styles.redditmedia.com/t5_2ss4i/styles/communityIcon_2edupd9vpfc51.jpg?width=256&amp;s=ecd5c63400cba063c6297e58dd38b241d11ded61',
        banner_background_image: 'https://styles.redditmedia.com/t5_2ss4i/styles/bannerBackgroundImage_tnlf36hl1qf81.png?width=4000&amp;s=89521849cbdb873541bd1ecb5fab84f8e4439372',
        original_content_tag_enabled: false,
        community_reviewed: true,
        submit_text: '**Please remember to flair your posts**',
        description_html: '&lt;!-- SC_OFF --&gt;&lt;div class="md"&gt;&lt;p&gt;&lt;strong&gt;&lt;a href="https://discord.gg/PKBBeSPW9V"&gt;Check out the new Discord!&lt;/a&gt;&lt;/strong&gt;&lt;/p&gt;\n' +
          '\n' +
          '&lt;p&gt;For anything and everything aerospace engineering including, but not limited to:    &lt;/p&gt;\n' +
          '\n' +
          '&lt;ul&gt;\n' +
          '&lt;li&gt;Articles about the industry&lt;/li&gt;\n' +
          '&lt;li&gt;Questions about aerospace engineering&lt;/li&gt;\n' +
          '&lt;li&gt;Questions about studying aerospace engineering&lt;/li&gt;\n' +
          '&lt;li&gt;Pictures of aerospace engineering related things (rockets, planes, projects, etc.)&lt;/li&gt;\n' +
          '&lt;/ul&gt;\n' +
          '\n' +
          '&lt;p&gt;There are only a few simple rules:     &lt;/p&gt;\n' +
          '\n' +
          '&lt;ol&gt;\n' +
          '&lt;li&gt;&lt;p&gt;Don&amp;#39;t be negative. Be supportive, helpful, and constructive.&lt;/p&gt;&lt;/li&gt;\n' +
          '&lt;li&gt;&lt;p&gt;&lt;strong&gt;Flair your posts!&lt;/strong&gt;&lt;/p&gt;&lt;/li&gt;\n' +
          '&lt;/ol&gt;\n' +
          '\n' +
          '&lt;p&gt;&lt;strong&gt;ITAR&lt;/strong&gt; or the &lt;a href="https://en.wikipedia.org/wiki/International_Traffic_in_Arms_Regulations"&gt;International Traffic In Arms Regulations&lt;/a&gt; means that a lot of defense related information related to the United States and her interests is restricted to the USA and can not be exported to other counties. Please don&amp;#39;t ask, and if you do and someone mentions ITAR, don&amp;#39;t get mad.&lt;/p&gt;\n' +
          '&lt;/div&gt;&lt;!-- SC_ON --&gt;',
        spoilers_enabled: true,
        comment_contribution_settings: { allowed_media_types: [Array] },
        allow_talks: false,
        header_size: null,
        user_flair_position: 'right',
        all_original_content: false,
        has_menu_widget: false,
        is_enrolled_in_new_modmail: null,
        key_color: '#94e044',
        can_assign_user_flair: true,
        created: 1314287694,
        wls: 6,
        show_media_preview: true,
        submission_type: 'any',
        user_is_subscriber: null,
        allowed_media_in_comments: [ 'giphy', 'expression' ],
        allow_videogifs: true,
        should_archive_posts: false,
        user_flair_type: 'text',
        allow_polls: true,
        collapse_deleted_comments: true,
        emojis_custom_size: null,
        public_description_html: '&lt;!-- SC_OFF --&gt;&lt;div class="md"&gt;&lt;p&gt;&lt;a href="/r/AerospaceEngineering"&gt;r/AerospaceEngineering&lt;/a&gt; is a forum for enthusiasts, hobbyists, and professionals to share knowledge, experience, and learn about aerospace topics. &lt;/p&gt;\n' +
          '\n' +
          '&lt;p&gt;Read the rules before posting!&lt;/p&gt;\n' +
          '&lt;/div&gt;&lt;!-- SC_ON --&gt;',
        allow_videos: true,
        is_crosspostable_subreddit: false,
        suggested_comment_sort: null,
        should_show_media_in_comments_setting: true,
        can_assign_link_flair: true,
        accounts_active_is_fuzzed: false,
        allow_prediction_contributors: false,
        submit_text_label: '',
        link_flair_position: 'left',
        user_sr_flair_enabled: null,
        user_flair_enabled_in_sr: false,
        allow_chat_post_creation: false,
        allow_discovery: true,
        accept_followers: true,
        user_sr_theme_enabled: true,
        link_flair_enabled: true,
        disable_contributor_requests: false,
        subreddit_type: 'public',
        notification_level: null,
        banner_img: '',
        user_flair_text: null,
        banner_background_color: '',
        show_media: false,
        id: '2ss4i',
        user_is_contributor: null,
        over18: false,
        header_title: '',
        description: '**[Check out the new Discord!](https://discord.gg/PKBBeSPW9V)**\n' +
          '\n' +
          'For anything and everything aerospace engineering including, but not limited to:    \n' +
          '\n' +
          '* Articles about the industry\n' +
          '* Questions about aerospace engineering\n' +
          '* Questions about studying aerospace engineering\n' +
          '* Pictures of aerospace engineering related things (rockets, planes, projects, etc.)\n' +
          '    \n' +
          'There are only a few simple rules:     \n' +
          '\n' +
          "1. Don't be negative. Be supportive, helpful, and constructive.\n" +
          '\n' +
          '2. **Flair your posts!**\n' +
          '\n' +
          "**ITAR** or the [International Traffic In Arms Regulations](https://en.wikipedia.org/wiki/International_Traffic_in_Arms_Regulations) means that a lot of defense related information related to the United States and her interests is restricted to the USA and can not be exported to other counties. Please don't ask, and if you do and someone mentions ITAR, don't get mad.",
        is_chat_post_feature_enabled: true,
        submit_link_label: '',
        user_flair_text_color: null,
        restrict_commenting: false,
        user_flair_css_class: null,
        allow_images: true,
        lang: 'en',
        whitelist_status: 'all_ads',
        url: '/r/AerospaceEngineering/',
        created_utc: 1314287694,
        banner_size: null,
        mobile_banner_image: '',
        user_is_moderator: null,
        allow_predictions_tournament: false
      },
      {
        user_flair_background_color: null,
        submit_text_html: null,
        restrict_posting: true,
        user_is_banned: null,
        free_form_reports: true,
        wiki_enabled: false,
        user_is_muted: null,
        user_can_flair_in_sr: null,
        display_name: 'mechatronics',
        header_img: null,
        title: 'Mechatronics Engineering discussion',
        allow_galleries: true,
        icon_size: null,
        primary_color: '',
        active_user_count: null,
        icon_img: '',
        display_name_prefixed: 'r/mechatronics',
        accounts_active: null,
        public_traffic: false,
        subscribers: 12225,
        user_flair_richtext: [],
        videostream_links_count: 1,
        name: 't5_2qjim',
        quarantine: false,
        hide_ads: false,
        prediction_leaderboard_entry_type: 'IN_FEED',
        emojis_enabled: false,
        advertiser_category: '',
        public_description: 'Mechatronics Engineering',
        comment_score_hide_mins: 0,
        allow_predictions: false,
        user_has_favorited: null,
        user_flair_template_id: null,
        community_icon: '',
        banner_background_image: '',
        original_content_tag_enabled: false,
        community_reviewed: false,
        submit_text: '',
        description_html: '&lt;!-- SC_OFF --&gt;&lt;div class="md"&gt;&lt;p&gt;&lt;strong&gt;Related subreddits:&lt;/strong&gt;&lt;/p&gt;\n' +
          '\n' +
          '&lt;p&gt;&lt;a href="/r/Engineering"&gt;/r/Engineering&lt;/a&gt;&lt;br/&gt;\n' +
          '&lt;a href="/r/EngineeringStudents"&gt;/r/EngineeringStudents&lt;/a&gt;&lt;/p&gt;\n' +
          '\n' +
          '&lt;p&gt;Electronics:&lt;/p&gt;\n' +
          '\n' +
          '&lt;p&gt;&lt;a href="/r/electronics"&gt;/r/electronics&lt;/a&gt;&lt;br/&gt;\n' +
          '&lt;a href="/r/AskElectronics"&gt;/r/AskElectronics&lt;/a&gt;&lt;br/&gt;\n' +
          '&lt;a href="/r/ECE"&gt;/r/ECE&lt;/a&gt; &lt;/p&gt;\n' +
          '\n' +
          '&lt;p&gt;Mechanical:&lt;/p&gt;\n' +
          '\n' +
          '&lt;p&gt;&lt;a href="/r/MechanicalEngineering"&gt;/r/MechanicalEngineering&lt;/a&gt;&lt;/p&gt;\n' +
          '\n' +
          '&lt;p&gt;Software:&lt;/p&gt;\n' +
          '\n' +
          '&lt;p&gt;&lt;a href="/r/programming"&gt;/r/programming&lt;/a&gt;&lt;br/&gt;\n' +
          '&lt;a href="/r/coding"&gt;/r/coding&lt;/a&gt;&lt;br/&gt;\n' +
          '&lt;a href="/r/compsci"&gt;/r/compsci&lt;/a&gt;&lt;/p&gt;\n' +
          '\n' +
          '&lt;p&gt;Specifics:&lt;/p&gt;\n' +
          '\n' +
          '&lt;p&gt;&lt;a href="/r/robotics"&gt;/r/robotics&lt;/a&gt;&lt;br/&gt;\n' +
          '&lt;a href="/r/CAD"&gt;/r/CAD&lt;/a&gt;&lt;/p&gt;\n' +
          '&lt;/div&gt;&lt;!-- SC_ON --&gt;',
        spoilers_enabled: true,
        comment_contribution_settings: { allowed_media_types: null },
        allow_talks: false,
        header_size: null,
        user_flair_position: 'right',
        all_original_content: false,
        has_menu_widget: false,
        is_enrolled_in_new_modmail: null,
        key_color: '',
        can_assign_user_flair: false,
        created: 1214730295,
        wls: 6,
        show_media_preview: true,
        submission_type: 'any',
        user_is_subscriber: null,
        allowed_media_in_comments: [],
        allow_videogifs: true,
        should_archive_posts: false,
        user_flair_type: 'text',
        allow_polls: true,
        collapse_deleted_comments: false,
        emojis_custom_size: null,
        public_description_html: '&lt;!-- SC_OFF --&gt;&lt;div class="md"&gt;&lt;p&gt;Mechatronics Engineering&lt;/p&gt;\n' +
          '&lt;/div&gt;&lt;!-- SC_ON --&gt;',
        allow_videos: true,
        is_crosspostable_subreddit: false,
        suggested_comment_sort: null,
        should_show_media_in_comments_setting: true,
        can_assign_link_flair: false,
        accounts_active_is_fuzzed: false,
        allow_prediction_contributors: false,
        submit_text_label: 'Submit new content',
        link_flair_position: '',
        user_sr_flair_enabled: null,
        user_flair_enabled_in_sr: false,
        allow_chat_post_creation: false,
        allow_discovery: true,
        accept_followers: true,
        user_sr_theme_enabled: true,
        link_flair_enabled: false,
        disable_contributor_requests: false,
        subreddit_type: 'public',
        notification_level: null,
        banner_img: '',
        user_flair_text: null,
        banner_background_color: '',
        show_media: true,
        id: '2qjim',
        user_is_contributor: null,
        over18: false,
        header_title: '',
        description: '**Related subreddits:**\n' +
          '\n' +
          '/r/Engineering  \n' +
          '/r/EngineeringStudents\n' +
          '\n' +
          'Electronics:\n' +
          '\n' +
          '/r/electronics  \n' +
          '/r/AskElectronics  \n' +
          '/r/ECE \n' +
          '\n' +
          'Mechanical:\n' +
          '\n' +
          '/r/MechanicalEngineering\n' +
          '\n' +
          'Software:\n' +
          '\n' +
          '/r/programming  \n' +
          '/r/coding  \n' +
          '/r/compsci\n' +
          '\n' +
          'Specifics:\n' +
          '\n' +
          '/r/robotics  \n' +
          '/r/CAD',
        is_chat_post_feature_enabled: true,
        submit_link_label: 'Submit new content',
        user_flair_text_color: null,
        restrict_commenting: false,
        user_flair_css_class: null,
        allow_images: true,
        lang: 'en',
        whitelist_status: 'all_ads',
        url: '/r/mechatronics/',
        created_utc: 1214730295,
        banner_size: null,
        mobile_banner_image: '',
        user_is_moderator: null,
        allow_predictions_tournament: false
      },
      {
        user_flair_background_color: null,
        submit_text_html: null,
        restrict_posting: true,
        user_is_banned: null,
        free_form_reports: true,
        wiki_enabled: false,
        user_is_muted: null,
        user_can_flair_in_sr: null,
        display_name: 'engineeringmemes',
        header_img: null,
        title: 'memes about all things engineering',
        allow_galleries: true,
        icon_size: null,
        primary_color: '',
        active_user_count: null,
        icon_img: '',
        display_name_prefixed: 'r/engineeringmemes',
        accounts_active: null,
        public_traffic: false,
        subscribers: 81484,
        user_flair_richtext: [],
        videostream_links_count: 0,
        name: 't5_2vl6u',
        quarantine: false,
        hide_ads: false,
        prediction_leaderboard_entry_type: 'SUBREDDIT_HEADER',
        emojis_enabled: false,
        advertiser_category: '',
        public_description: "There are lots of great memes out there that only engineers would understand. Since r/engineering prefers more serious posts, here's a subreddit for some nerdy humor.",
        comment_score_hide_mins: 0,
        allow_predictions: false,
        user_has_favorited: null,
        user_flair_template_id: null,
        community_icon: 'https://styles.redditmedia.com/t5_2vl6u/styles/communityIcon_405m7u5wbzb91.jpg?width=256&amp;s=93a0e3ec2d9381b8cf3f8f0a9828390f44837ea2',
        banner_background_image: '',
        original_content_tag_enabled: false,
        community_reviewed: true,
        submit_text: '',
        description_html: '&lt;!-- SC_OFF --&gt;&lt;div class="md"&gt;&lt;p&gt;There are lots of great memes out there that only engineers would understand. Since &lt;a href="/r/engineering"&gt;r/engineering&lt;/a&gt; prefers more serious posts, here&amp;#39;s a subreddit for some nerdy humor.&lt;/p&gt;\n' +
          '&lt;/div&gt;&lt;!-- SC_ON --&gt;',
        spoilers_enabled: true,
        comment_contribution_settings: { allowed_media_types: null },
        allow_talks: false,
        header_size: null,
        user_flair_position: 'right',
        all_original_content: false,
        has_menu_widget: false,
        is_enrolled_in_new_modmail: null,
        key_color: '',
        can_assign_user_flair: true,
        created: 1353285389,
        wls: 6,
        show_media_preview: true,
        submission_type: 'any',
        user_is_subscriber: null,
        allowed_media_in_comments: [],
        allow_videogifs: true,
        should_archive_posts: false,
        user_flair_type: 'text',
        allow_polls: true,
        collapse_deleted_comments: false,
        emojis_custom_size: null,
        public_description_html: '&lt;!-- SC_OFF --&gt;&lt;div class="md"&gt;&lt;p&gt;There are lots of great memes out there that only engineers would understand. Since &lt;a href="/r/engineering"&gt;r/engineering&lt;/a&gt; prefers more serious posts, here&amp;#39;s a subreddit for some nerdy humor.&lt;/p&gt;\n' +
          '&lt;/div&gt;&lt;!-- SC_ON --&gt;',
        allow_videos: true,
        is_crosspostable_subreddit: false,
        suggested_comment_sort: null,
        should_show_media_in_comments_setting: true,
        can_assign_link_flair: false,
        accounts_active_is_fuzzed: false,
        allow_prediction_contributors: false,
        submit_text_label: '',
        link_flair_position: 'left',
        user_sr_flair_enabled: null,
        user_flair_enabled_in_sr: false,
        allow_chat_post_creation: false,
        allow_discovery: true,
        accept_followers: true,
        user_sr_theme_enabled: true,
        link_flair_enabled: true,
        disable_contributor_requests: false,
        subreddit_type: 'public',
        notification_level: null,
        banner_img: '',
        user_flair_text: null,
        banner_background_color: '',
        show_media: true,
        id: '2vl6u',
        user_is_contributor: null,
        over18: false,
        header_title: '',
        description: "There are lots of great memes out there that only engineers would understand. Since r/engineering prefers more serious posts, here's a subreddit for some nerdy humor.",
        is_chat_post_feature_enabled: true,
        submit_link_label: '',
        user_flair_text_color: null,
        restrict_commenting: false,
        user_flair_css_class: null,
        allow_images: true,
        lang: 'en',
        whitelist_status: 'all_ads',
        url: '/r/engineeringmemes/',
        created_utc: 1353285389,
        banner_size: null,
        mobile_banner_image: '',
        user_is_moderator: null,
        allow_predictions_tournament: false
      },
      {
        user_flair_background_color: null,
        submit_text_html: '&lt;!-- SC_OFF --&gt;&lt;div class="md"&gt;&lt;h3&gt;Rules&lt;/h3&gt;\n' +
          '\n' +
          '&lt;ol&gt;\n' +
          '&lt;li&gt;Keep your criticism of others constructive!&lt;/li&gt;\n' +
          '&lt;li&gt;No advertising.&lt;/li&gt;\n' +
          '&lt;li&gt;No soliciting other users through direct messages. &lt;/li&gt;\n' +
          '&lt;li&gt;Do not discuss moderation actions in the sub.&lt;/li&gt;\n' +
          '&lt;li&gt;Do not post inappropriate or irrelevant content. &lt;/li&gt;\n' +
          '&lt;li&gt;Anonymize your resume before posting.&lt;/li&gt;\n' +
          '&lt;li&gt;Do not post low quality content. &lt;/li&gt;\n' +
          '&lt;li&gt;No karma farming.&lt;/li&gt;\n' +
          '&lt;/ol&gt;\n' +
          '&lt;/div&gt;&lt;!-- SC_ON --&gt;',
        restrict_posting: true,
        user_is_banned: null,
        free_form_reports: true,
        wiki_enabled: true,
        user_is_muted: null,
        user_can_flair_in_sr: null,
        display_name: 'resumes',
        header_img: null,
        title: 'Resumes',
        allow_galleries: true,
        icon_size: null,
        primary_color: '#5a74cc',
        active_user_count: null,
        icon_img: '',
        display_name_prefixed: 'r/resumes',
        accounts_active: null,
        public_traffic: false,
        subscribers: 1043321,
        user_flair_richtext: [],
        videostream_links_count: 0,
        name: 't5_2r0bv',
        quarantine: false,
        hide_ads: false,
        prediction_leaderboard_entry_type: 'SUBREDDIT_HEADER',
        emojis_enabled: false,
        advertiser_category: '',
        public_description: 'A place for people to give and receive resume-related advice.',
        comment_score_hide_mins: 5,
        allow_predictions: false,
        user_has_favorited: null,
        user_flair_template_id: null,
        community_icon: 'https://styles.redditmedia.com/t5_2r0bv/styles/communityIcon_fkqnij6bfap71.png?width=256&amp;s=8a4aa3779b38d6bcdc1de9bc9f18df321a353530',
        banner_background_image: '',
        original_content_tag_enabled: false,
        community_reviewed: true,
        submit_text: '### Rules\n' +
          '1. Keep your criticism of others constructive!\n' +
          '2. No advertising.\n' +
          '3. No soliciting other users through direct messages. \n' +
          '4. Do not discuss moderation actions in the sub.\n' +
          '5. Do not post inappropriate or irrelevant content. \n' +
          '6. Anonymize your resume before posting.\n' +
          '7. Do not post low quality content. \n' +
          '8. No karma farming.',
        description_html: '&lt;!-- SC_OFF --&gt;&lt;div class="md"&gt;&lt;p&gt;&lt;strong&gt;Post your anonymized resume for feedback from other community members. In your post, please include the following info:&lt;/strong&gt;&lt;/p&gt;\n' +
          '\n' +
          '&lt;ol&gt;\n' +
          '&lt;li&gt;&lt;p&gt;Who you are as a professional (i.e., engineer, developer, salesperson).&lt;/p&gt;&lt;/li&gt;\n' +
          '&lt;li&gt;&lt;p&gt;Tell us why you&amp;#39;re you seeking help. (i.e., just fine-tuning, not getting called back for interviews etc.). &lt;/p&gt;&lt;/li&gt;\n' +
          '&lt;li&gt;&lt;p&gt;Type of roles you&amp;#39;re looking for. &lt;/p&gt;&lt;/li&gt;\n' +
          '&lt;/ol&gt;\n' +
          '\n' +
          '&lt;p&gt;&lt;strong&gt;How does post flair work?&lt;/strong&gt;&lt;/p&gt;\n' +
          '\n' +
          '&lt;p&gt;Assign one of the following post flairs to your post: &lt;/p&gt;\n' +
          '\n' +
          '&lt;ul&gt;\n' +
          '&lt;li&gt;&lt;p&gt;I need feedback: Use this flair if you need someone to critique your resume. Choose the location corresponding to where you will be applying, not where you are currently located.&lt;/p&gt;&lt;/li&gt;\n' +
          '&lt;li&gt;&lt;p&gt;I have a question: Use this flair if you have a specific (not open-ended) question. &lt;/p&gt;&lt;/li&gt;\n' +
          '&lt;li&gt;&lt;p&gt;I&amp;#39;m sharing advice: Use this flair if you&amp;#39;re sharing valuable tips/advice with the community. Please ask the mods before posting links to external sites. Paid sites are always not allowed. &lt;/p&gt;&lt;/li&gt;\n' +
          '&lt;li&gt;&lt;p&gt;Discussion: Use this flair if you&amp;#39;d like to have an open-ended discussion on a particular topic within the realm of resumes or resume writing.&lt;/p&gt;&lt;/li&gt;\n' +
          '&lt;/ul&gt;\n' +
          '\n' +
          '&lt;p&gt;&lt;strong&gt;QUICK LINKS&lt;/strong&gt;&lt;/p&gt;\n' +
          '\n' +
          '&lt;p&gt;&lt;a href="https://www.reddit.com/r/resumes/wiki/index/howtoparticipate"&gt;Sub Etiquette&lt;/a&gt;&lt;/p&gt;\n' +
          '\n' +
          '&lt;p&gt;&lt;a href="https://www.reddit.com/r/resumes/wiki/index/faq"&gt;Free Resume Writing Guide&lt;/a&gt; &lt;/p&gt;\n' +
          '\n' +
          '&lt;p&gt;&lt;a href="https://www.reddit.com/r/resumes/wiki/index/beforehiringawriter"&gt;Considering hiring a resume writer? Read this&lt;/a&gt;&lt;/p&gt;\n' +
          '\n' +
          '&lt;p&gt;&lt;a href="https://kristenfife.medium.com/understanding-how-the-ats-reads-and-interacts-with-your-resume-401bd00b66db"&gt;Want to understand how ATS works? Read this&lt;/a&gt;&lt;/p&gt;\n' +
          '&lt;/div&gt;&lt;!-- SC_ON --&gt;',
        spoilers_enabled: true,
        comment_contribution_settings: { allowed_media_types: [Array] },
        allow_talks: false,
        header_size: null,
        user_flair_position: 'right',
        all_original_content: false,
        has_menu_widget: false,
        is_enrolled_in_new_modmail: null,
        key_color: '',
        can_assign_user_flair: false,
        created: 1244973608,
        wls: 6,
        show_media_preview: true,
        submission_type: 'any',
        user_is_subscriber: null,
        allowed_media_in_comments: [ 'static', 'giphy', 'animated', 'expression' ],
        allow_videogifs: true,
        should_archive_posts: false,
        user_flair_type: 'text',
        allow_polls: true,
        collapse_deleted_comments: true,
        emojis_custom_size: null,
        public_description_html: '&lt;!-- SC_OFF --&gt;&lt;div class="md"&gt;&lt;p&gt;A place for people to give and receive resume-related advice.&lt;/p&gt;\n' +
          '&lt;/div&gt;&lt;!-- SC_ON --&gt;',
        allow_videos: true,
        is_crosspostable_subreddit: false,
        suggested_comment_sort: 'top',
        should_show_media_in_comments_setting: true,
        can_assign_link_flair: true,
        accounts_active_is_fuzzed: false,
        allow_prediction_contributors: false,
        submit_text_label: '',
        link_flair_position: 'left',
        user_sr_flair_enabled: null,
        user_flair_enabled_in_sr: false,
        allow_chat_post_creation: false,
        allow_discovery: true,
        accept_followers: true,
        user_sr_theme_enabled: true,
        link_flair_enabled: true,
        disable_contributor_requests: false,
        subreddit_type: 'public',
        notification_level: null,
        banner_img: '',
        user_flair_text: null,
        banner_background_color: '',
        show_media: false,
        id: '2r0bv',
        user_is_contributor: null,
        over18: false,
        header_title: '',
        description: '**Post your anonymized resume for feedback from other community members. In your post, please include the following info:**\n' +
          '\n' +
          '1. Who you are as a professional (i.e., engineer, developer, salesperson).\n' +
          '\n' +
          "2. Tell us why you're you seeking help. (i.e., just fine-tuning, not getting called back for interviews etc.). \n" +
          '\n' +
          "3. Type of roles you're looking for. \n" +
          '\n' +
          '**How does post flair work?**\n' +
          '\n' +
          'Assign one of the following post flairs to your post: \n' +
          '\n' +
          '* I need feedback: Use this flair if you need someone to critique your resume. Choose the location corresponding to where you will be applying, not where you are currently located.\n' +
          '\n' +
          '* I have a question: Use this flair if you have a specific (not open-ended) question. \n' +
          '\n' +
          "* I'm sharing advice: Use this flair if you're sharing valuable tips/advice with the community. Please ask the mods before posting links to external sites. Paid sites are always not allowed. \n" +
          '\n' +
          "* Discussion: Use this flair if you'd like to have an open-ended discussion on a particular topic within the realm of resumes or resume writing.\n" +
          '\n' +
          '**QUICK LINKS**\n' +
          '\n' +
          '[Sub Etiquette](https://www.reddit.com/r/resumes/wiki/index/howtoparticipate)\n' +
          '\n' +
          '[Free Resume Writing Guide](https://www.reddit.com/r/resumes/wiki/index/faq) \n' +
          '\n' +
          '[Considering hiring a resume writer? Read this](https://www.reddit.com/r/resumes/wiki/index/beforehiringawriter)\n' +
          '\n' +
          '[Want to understand how ATS works? Read this](https://kristenfife.medium.com/understanding-how-the-ats-reads-and-interacts-with-your-resume-401bd00b66db)',
        is_chat_post_feature_enabled: true,
        submit_link_label: '',
        user_flair_text_color: null,
        restrict_commenting: false,
        user_flair_css_class: null,
        allow_images: true,
        lang: 'en',
        whitelist_status: 'all_ads',
        url: '/r/resumes/',
        created_utc: 1244973608,
        banner_size: null,
        mobile_banner_image: '',
        user_is_moderator: null,
        allow_predictions_tournament: false
      },
      {
        user_flair_background_color: null,
        submit_text_html: null,
        restrict_posting: true,
        user_is_banned: null,
        free_form_reports: true,
        wiki_enabled: false,
        user_is_muted: null,
        user_can_flair_in_sr: null,
        display_name: 'mecheporn',
        header_img: null,
        title: 'Mechanical Engineering Porn',
        allow_galleries: true,
        icon_size: null,
        primary_color: '',
        active_user_count: null,
        icon_img: '',
        display_name_prefixed: 'r/mecheporn',
        accounts_active: null,
        public_traffic: false,
        subscribers: 743,
        user_flair_richtext: [],
        videostream_links_count: 0,
        name: 't5_2yg3c',
        quarantine: false,
        hide_ads: false,
        prediction_leaderboard_entry_type: 'IN_FEED',
        emojis_enabled: false,
        advertiser_category: '',
        public_description: 'Visually aesthetic mechanical engineering creations from around the world. ',
        comment_score_hide_mins: 0,
        allow_predictions: false,
        user_has_favorited: null,
        user_flair_template_id: null,
        community_icon: '',
        banner_background_image: '',
        original_content_tag_enabled: false,
        community_reviewed: false,
        submit_text: '',
        description_html: '&lt;!-- SC_OFF --&gt;&lt;div class="md"&gt;&lt;p&gt;Looking for a place to start? Go watch Pacific Rim. &lt;/p&gt;\n' +
          '&lt;/div&gt;&lt;!-- SC_ON --&gt;',
        spoilers_enabled: true,
        comment_contribution_settings: {},
        allow_talks: false,
        header_size: null,
        user_flair_position: 'right',
        all_original_content: false,
        has_menu_widget: false,
        is_enrolled_in_new_modmail: null,
        key_color: '',
        can_assign_user_flair: false,
        created: 1378682181,
        wls: null,
        show_media_preview: true,
        submission_type: 'any',
        user_is_subscriber: null,
        allowed_media_in_comments: [],
        allow_videogifs: true,
        should_archive_posts: false,
        user_flair_type: 'text',
        allow_polls: true,
        collapse_deleted_comments: false,
        emojis_custom_size: null,
        public_description_html: '&lt;!-- SC_OFF --&gt;&lt;div class="md"&gt;&lt;p&gt;Visually aesthetic mechanical engineering creations from around the world. &lt;/p&gt;\n' +
          '&lt;/div&gt;&lt;!-- SC_ON --&gt;',
        allow_videos: true,
        is_crosspostable_subreddit: false,
        suggested_comment_sort: null,
        should_show_media_in_comments_setting: true,
        can_assign_link_flair: false,
        accounts_active_is_fuzzed: false,
        allow_prediction_contributors: false,
        submit_text_label: '',
        link_flair_position: '',
        user_sr_flair_enabled: null,
        user_flair_enabled_in_sr: false,
        allow_chat_post_creation: false,
        allow_discovery: true,
        accept_followers: true,
        user_sr_theme_enabled: true,
        link_flair_enabled: false,
        disable_contributor_requests: false,
        subreddit_type: 'restricted',
        notification_level: null,
        banner_img: '',
        user_flair_text: null,
        banner_background_color: '',
        show_media: true,
        id: '2yg3c',
        user_is_contributor: null,
        over18: false,
        header_title: '',
        description: 'Looking for a place to start? Go watch Pacific Rim. ',
        is_chat_post_feature_enabled: true,
        submit_link_label: '',
        user_flair_text_color: null,
        restrict_commenting: false,
        user_flair_css_class: null,
        allow_images: true,
        lang: 'en',
        whitelist_status: null,
        url: '/r/mecheporn/',
        created_utc: 1378682181,
        banner_size: null,
        mobile_banner_image: '',
        user_is_moderator: null,
        allow_predictions_tournament: false
      },
      {
        user_flair_background_color: null,
        submit_text_html: '&lt;!-- SC_OFF --&gt;&lt;div class="md"&gt;&lt;h2&gt;Please state your question succinctly in the title and include a question mark.&lt;/h2&gt;\n' +
          '\n' +
          '&lt;h2&gt;All submissions are placed in the spam filter for moderator review, so please be patient.&lt;/h2&gt;\n' +
          '\n' +
          '&lt;h2&gt;Is the answer to your question a number? Then you most likely want to post to &lt;a href="/r/estimation"&gt;/r/estimation&lt;/a&gt; or &lt;a href="/r/theydidthemath"&gt;/r/theydidthemath&lt;/a&gt;&lt;/h2&gt;\n' +
          '\n' +
          '&lt;h1&gt;&lt;a href="http://www.reddit.com/r/askscience/wiki/index#wiki_asking_askscience"&gt;Read our rules and guidelines before asking your question.&lt;/a&gt;&lt;/h1&gt;\n' +
          '\n' +
          '&lt;p&gt;Use the &lt;a href="http://www.reddit.com/r/askscience/search"&gt;reddit search function&lt;/a&gt; and google &amp;#39;site:reddit.com&lt;a href="/r/askscience"&gt;/r/askscience&lt;/a&gt;: search terms&amp;#39; before posting in order to avoid repeat questions.&lt;/p&gt;\n' +
          '\n' +
          '&lt;p&gt;&lt;strong&gt;Instructions for flairing your post:&lt;/strong&gt;&lt;/p&gt;\n' +
          '\n' +
          '&lt;p&gt;Once you click &amp;quot;submit,&amp;quot; there will be an option that is highlighted in yellow under the post that says &amp;quot;Please Click This To Categorize Your Post.&amp;quot; Once you click it, a menu will pop up and you will be able to choose what field your question falls under.&lt;/p&gt;\n' +
          '\n' +
          '&lt;p&gt;Thanks for asking your question in AskScience! :)&lt;/p&gt;\n' +
          '&lt;/div&gt;&lt;!-- SC_ON --&gt;',
        restrict_posting: true,
        user_is_banned: null,
        free_form_reports: true,
        wiki_enabled: true,
        user_is_muted: null,
        user_can_flair_in_sr: null,
        display_name: 'askscience',
        header_img: 'https://a.thumbs.redditmedia.com/KtS37yyOy-MnvMyMfKgjib6M07bHEZMAUu5lCIkEF40.png',
        title: 'AskScience: Got Questions? Get Answers.',
        allow_galleries: true,
        icon_size: [ 256, 256 ],
        primary_color: '#373c3f',
        active_user_count: null,
        icon_img: 'https://b.thumbs.redditmedia.com/VXukRtebQAtdj6BUMLlOjCh3XnLH9_oScHxsDJ-vsio.png',
        display_name_prefixed: 'r/askscience',
        accounts_active: null,
        public_traffic: false,
        subscribers: 24480291,
        user_flair_richtext: [],
        name: 't5_2qm4e',
        quarantine: false,
        hide_ads: false,
        prediction_leaderboard_entry_type: 'SUBREDDIT_HEADER',
        emojis_enabled: false,
        advertiser_category: 'Lifestyles',
        public_description: 'Ask a science question, get a science answer.',
        comment_score_hide_mins: 360,
        allow_predictions: false,
        user_has_favorited: null,
        user_flair_template_id: null,
        community_icon: '',
        banner_background_image: 'https://styles.redditmedia.com/t5_2qm4e/styles/bannerBackgroundImage_ht6xxd9rylf01.png?width=4000&amp;s=50a3be97fb21f1ebe05b65d0069c12ad49e21e99',
        original_content_tag_enabled: false,
        community_reviewed: true,
        submit_text: '##Please state your question succinctly in the title and include a question mark.\n' +
          '\n' +
          '##All submissions are placed in the spam filter for moderator review, so please be patient.\n' +
          '\n' +
          '##Is the answer to your question a number? Then you most likely want to post to /r/estimation or /r/theydidthemath\n' +
          '\n' +
          '#[Read our rules and guidelines before asking your question.](http://www.reddit.com/r/askscience/wiki/index#wiki_asking_askscience)\n' +
          '\n' +
          "Use the [reddit search function](http://www.reddit.com/r/askscience/search) and google 'site:reddit.com/r/askscience: search terms' before posting in order to avoid repeat questions.\n" +
          '\n' +
          '**Instructions for flairing your post:**\n' +
          '\n' +
          'Once you click "submit," there will be an option that is highlighted in yellow under the post that says "Please Click This To Categorize Your Post." Once you click it, a menu will pop up and you will be able to choose what field your question falls under.\n' +
          '\n' +
          'Thanks for asking your question in AskScience! :)',
        description_html: '&lt;!-- SC_OFF --&gt;&lt;div class="md"&gt;&lt;h3&gt;Please read our &lt;a href="http://goo.gl/NZf5gP"&gt;&lt;strong&gt;guidelines&lt;/strong&gt;&lt;/a&gt; and &lt;a href="http://goo.gl/hfiJiJ"&gt;&lt;strong&gt;FAQ&lt;/strong&gt;&lt;/a&gt; before posting&lt;/h3&gt;\n' +
          '\n' +
          '&lt;ul&gt;\n' +
          '&lt;li&gt;&lt;strong&gt;Answer questions&lt;/strong&gt; with accurate, in-depth explanations, &lt;a href="/r/askscience/wiki/sources"&gt;including &lt;strong&gt;peer-reviewed sources&lt;/strong&gt; where possible&lt;/a&gt;&lt;/li&gt;\n' +
          '&lt;li&gt;&lt;strong&gt;Upvote&lt;/strong&gt; on-topic answers supported by reputable sources and scientific research&lt;/li&gt;\n' +
          '&lt;li&gt;&lt;strong&gt;Downvote&lt;/strong&gt; anecdotes, speculation, and jokes&lt;/li&gt;\n' +
          '&lt;li&gt;&lt;strong&gt;Report&lt;/strong&gt; comments that do not meet our &lt;a href="http://goo.gl/NZf5gP"&gt;&lt;strong&gt;guidelines&lt;/strong&gt;&lt;/a&gt;, including &lt;a href="http://goo.gl/UAVhTJ"&gt;medical advice&lt;/a&gt;&lt;/li&gt;\n' +
          '&lt;li&gt;&lt;strong&gt;Be civil:&lt;/strong&gt; &lt;a href="http://redd.it/1ytp7q"&gt;Remember the human&lt;/a&gt; and follow &lt;a href="http://www.reddit.com/wiki/reddiquette"&gt;Reddiquette&lt;/a&gt;&lt;/li&gt;\n' +
          '&lt;/ul&gt;\n' +
          '\n' +
          '&lt;h3&gt;Features&lt;/h3&gt;\n' +
          '\n' +
          '&lt;ul&gt;\n' +
          '&lt;li&gt;&lt;a href="/r/askscience/wiki/booklist"&gt;&lt;strong&gt;Book List&lt;/strong&gt;&lt;/a&gt;&lt;/li&gt;\n' +
          '&lt;li&gt;&lt;a href="http://goo.gl/chKW86"&gt;&lt;strong&gt;Weekly Features&lt;/strong&gt;&lt;/a&gt;: Archives of AskAnything Wednesday, FAQ Fridays, and more!&lt;/li&gt;\n' +
          '&lt;li&gt;&lt;a href="http://goo.gl/hfiJiJ"&gt;&lt;strong&gt;FAQ&lt;/strong&gt;&lt;/a&gt;: In-depth answers to many popular questions&lt;/li&gt;\n' +
          '&lt;li&gt;&lt;a href="https://www.reddit.com/r/askscience/new/"&gt;&lt;strong&gt;New&lt;/strong&gt;&lt;/a&gt; and &lt;a href="https://www.reddit.com/r/askscience/comments/gilded/"&gt;&lt;strong&gt;gilded&lt;/strong&gt;&lt;/a&gt; posts&lt;/li&gt;\n' +
          '&lt;li&gt;&lt;strong&gt;&lt;a href="/r/AskScienceDiscussion"&gt;/r/AskScienceDiscussion&lt;/a&gt;&lt;/strong&gt;: For open-ended and hypothetical questions &lt;/li&gt;\n' +
          '&lt;/ul&gt;\n' +
          '\n' +
          '&lt;h3&gt;Filter by Field&lt;/h3&gt;\n' +
          '\n' +
          '&lt;table&gt;&lt;thead&gt;\n' +
          '&lt;tr&gt;\n' +
          '&lt;th align="left"&gt;Title&lt;/th&gt;\n' +
          '&lt;th align="right"&gt;Description&lt;/th&gt;\n' +
          '&lt;/tr&gt;\n' +
          '&lt;/thead&gt;&lt;tbody&gt;\n' +
          '&lt;tr&gt;\n' +
          '&lt;td align="left"&gt;&lt;a href="/r/askscience/search?q=flair%3A%27Physics%27&amp;amp;sort=new&amp;amp;restrict_sr=on"&gt;Physics&lt;/a&gt;&lt;/td&gt;\n' +
          '&lt;td align="right"&gt;Theoretical Physics, Experimental Physics, High-energy Physics, Solid-State Physics, Fluid Dynamics, Relativity, Quantum Physics, Plasma Physics&lt;/td&gt;\n' +
          '&lt;/tr&gt;\n' +
          '&lt;tr&gt;\n' +
          '&lt;td align="left"&gt;&lt;a href="/r/askscience/search?q=flair%3A%27Mathematics%27&amp;amp;sort=new&amp;amp;restrict_sr=on"&gt;Mathematics&lt;/a&gt;&lt;/td&gt;\n' +
          '&lt;td align="right"&gt;Mathematics, Statistics, Number Theory, Calculus, Algebra&lt;/td&gt;\n' +
          '&lt;/tr&gt;\n' +
          '&lt;tr&gt;\n' +
          '&lt;td align="left"&gt;&lt;a href="/r/askscience/search?q=flair%3A%27Astronomy%27&amp;amp;sort=new&amp;amp;restrict_sr=on"&gt;Astronomy&lt;/a&gt;&lt;/td&gt;\n' +
          '&lt;td align="right"&gt;Astronomy, Astrophysics, Cosmology, Planetary Formation&lt;/td&gt;\n' +
          '&lt;/tr&gt;\n' +
          '&lt;tr&gt;\n' +
          '&lt;td align="left"&gt;&lt;a href="/r/askscience/search?q=flair%3A%27Computing%27&amp;amp;sort=new&amp;amp;restrict_sr=on"&gt;Computing&lt;/a&gt;&lt;/td&gt;\n' +
          '&lt;td align="right"&gt;Computing, Artificial Intelligence, Machine Learning, Computability&lt;/td&gt;\n' +
          '&lt;/tr&gt;\n' +
          '&lt;tr&gt;\n' +
          '&lt;td align="left"&gt;&lt;a href="/r/askscience/search?q=flair%3A%27planetary%2Bsci.%27+OR+flair%3A%27earth%2Bsciences%27&amp;amp;sort=new&amp;amp;restrict_sr=on"&gt;Earth and Planetary Sciences&lt;/a&gt;&lt;/td&gt;\n' +
          '&lt;td align="right"&gt;Earth Science, Atmospheric Science, Oceanography, Geology&lt;/td&gt;\n' +
          '&lt;/tr&gt;\n' +
          '&lt;tr&gt;\n' +
          '&lt;td align="left"&gt;&lt;a href="/r/askscience/search?q=flair%3A%27Engineering%27&amp;amp;sort=new&amp;amp;restrict_sr=on"&gt;Engineering&lt;/a&gt;&lt;/td&gt;\n' +
          '&lt;td align="right"&gt;Mechanical Engineering, Electrical Engineering, Structural Engineering, Computer Engineering, Aerospace Engineering&lt;/td&gt;\n' +
          '&lt;/tr&gt;\n' +
          '&lt;tr&gt;\n' +
          '&lt;td align="left"&gt;&lt;a href="/r/askscience/search?q=flair%3A%27Chemistry%27&amp;amp;sort=new&amp;amp;restrict_sr=on"&gt;Chemistry&lt;/a&gt;&lt;/td&gt;\n' +
          '&lt;td align="right"&gt;Chemistry, Organic Chemistry, Polymers, Biochemistry&lt;/td&gt;\n' +
          '&lt;/tr&gt;\n' +
          '&lt;tr&gt;\n' +
          '&lt;td align="left"&gt;&lt;a href="/r/askscience/search?q=flair%3ALinguistics+OR+flair%3Asocial%2Bscience+OR+flair%3Apolitical%2Bscience+OR+flair%3AEconomics+OR+flair%3AArchaeology+OR+flair%3AAnthropology&amp;amp;sort=new&amp;amp;restrict_sr=on"&gt;Social Sciences&lt;/a&gt;&lt;/td&gt;\n' +
          '&lt;td align="right"&gt;Social Science, Political Science, Economics, Archaeology, Anthropology, Linguistics&lt;/td&gt;\n' +
          '&lt;/tr&gt;\n' +
          '&lt;tr&gt;\n' +
          '&lt;td align="left"&gt;&lt;a href="/r/askscience/search?q=flair%3A%27Biology%27+OR+flair%3A%27paleontology%27&amp;amp;sort=new&amp;amp;restrict_sr=on"&gt;Biology&lt;/a&gt;&lt;/td&gt;\n' +
          '&lt;td align="right"&gt;Biology, Evolution, Morphology, Ecology, Synthetic Biology, Microbiology, Cellular Biology, Molecular Biology, Paleontology&lt;/td&gt;\n' +
          '&lt;/tr&gt;\n' +
          '&lt;tr&gt;\n' +
          '&lt;td align="left"&gt;&lt;a href="/r/askscience/search?q=flair%3A%27Psychology%27&amp;amp;sort=new&amp;amp;restrict_sr=on"&gt;Psychology&lt;/a&gt;&lt;/td&gt;\n' +
          '&lt;td align="right"&gt;Psychology, Cognitive Psychology, Developmental Psychology, Abnormal, Social Psychology&lt;/td&gt;\n' +
          '&lt;/tr&gt;\n' +
          '&lt;tr&gt;\n' +
          '&lt;td align="left"&gt;&lt;a href="/r/askscience/search?q=flair%3A%27Medicine%27+OR+flair%3A%27COVID-19%27+&amp;amp;restrict_sr=on&amp;amp;sort=new"&gt;Medicine&lt;/a&gt;&lt;/td&gt;\n' +
          '&lt;td align="right"&gt;Medicine, Oncology, Dentistry, Physiology, Epidemiology, Infectious Disease, Pharmacy, Human Body&lt;/td&gt;\n' +
          '&lt;/tr&gt;\n' +
          '&lt;tr&gt;\n' +
          '&lt;td align="left"&gt;&lt;a href="/r/askscience/search?q=flair%3A%27Neuroscience%27&amp;amp;sort=new&amp;amp;restrict_sr=on"&gt;Neuroscience&lt;/a&gt;&lt;/td&gt;\n' +
          '&lt;td align="right"&gt;Neuroscience, Neurology, Neurochemistry, Cognitive Neuroscience&lt;/td&gt;\n' +
          '&lt;/tr&gt;\n' +
          '&lt;/tbody&gt;&lt;/table&gt;\n' +
          '\n' +
          '&lt;h3&gt;Calendar&lt;/h3&gt;\n' +
          '\n' +
          '&lt;h5&gt;&lt;a href="/blank"&gt;&lt;/a&gt;&lt;/h5&gt;\n' +
          '\n' +
          '&lt;table&gt;&lt;thead&gt;\n' +
          '&lt;tr&gt;\n' +
          '&lt;th align="left"&gt;Date&lt;/th&gt;\n' +
          '&lt;th align="left"&gt;Description&lt;/th&gt;\n' +
          '&lt;/tr&gt;\n' +
          '&lt;/thead&gt;&lt;tbody&gt;\n' +
          '&lt;tr&gt;\n' +
          '&lt;td align="left"&gt;23 Oct&lt;/td&gt;\n' +
          '&lt;td align="left"&gt;Mole Day&lt;/td&gt;\n' +
          '&lt;/tr&gt;\n' +
          '&lt;tr&gt;\n' +
          '&lt;td align="left"&gt;25 Oct&lt;/td&gt;\n' +
          '&lt;td align="left"&gt;Ask Anything Wednesday - Biology, Chemistry, Neuroscience, Medicine, Psychology&lt;/td&gt;\n' +
          '&lt;/tr&gt;\n' +
          '&lt;tr&gt;\n' +
          '&lt;td align="left"&gt;28 Oct&lt;/td&gt;\n' +
          '&lt;td align="left"&gt;Jonas Salk&amp;#39;s Birthday (b.1914)&lt;/td&gt;\n' +
          '&lt;/tr&gt;\n' +
          '&lt;tr&gt;\n' +
          '&lt;td align="left"&gt;1 Nov&lt;/td&gt;\n' +
          '&lt;td align="left"&gt;Ask Anything Wednesday - Economics, Political Science, Linguistics, Anthropology&lt;/td&gt;\n' +
          '&lt;/tr&gt;\n' +
          '&lt;tr&gt;\n' +
          '&lt;td align="left"&gt;7 Nov&lt;/td&gt;\n' +
          '&lt;td align="left"&gt;Marie Curie&amp;#39;s Birthday (b.1867)&lt;/td&gt;\n' +
          '&lt;/tr&gt;\n' +
          '&lt;tr&gt;\n' +
          '&lt;td align="left"&gt;8 Nov&lt;/td&gt;\n' +
          '&lt;td align="left"&gt;Ask Anything Wednesday - Physics, Astronomy, Earth and Planetary Science&lt;/td&gt;\n' +
          '&lt;/tr&gt;\n' +
          '&lt;tr&gt;\n' +
          '&lt;td align="left"&gt;15 Nov&lt;/td&gt;\n' +
          '&lt;td align="left"&gt;Ask Anything Wednesday - Engineering, Mathematics, Computer science&lt;/td&gt;\n' +
          '&lt;/tr&gt;\n' +
          '&lt;tr&gt;\n' +
          '&lt;td align="left"&gt;22 Nov&lt;/td&gt;\n' +
          '&lt;td align="left"&gt;Ask Anything Wednesday - Biology, Chemistry, Neuroscience, Medicine, Psychology&lt;/td&gt;\n' +
          '&lt;/tr&gt;\n' +
          '&lt;/tbody&gt;&lt;/table&gt;\n' +
          '\n' +
          '&lt;h3&gt;Related subreddits&lt;/h3&gt;\n' +
          '\n' +
          '&lt;ul&gt;\n' +
          '&lt;li&gt;&lt;a href="/r/askscience/wiki/subreddit_links"&gt;Click here for a list of related subs!&lt;/a&gt;&lt;/li&gt;\n' +
          '&lt;/ul&gt;\n' +
          '\n' +
          '&lt;h3&gt;Are you a science expert?&lt;/h3&gt;\n' +
          '\n' +
          '&lt;ul&gt;\n' +
          '&lt;li&gt;&lt;strong&gt;Looking for flair? &lt;a href="https://www.reddit.com/r/askscience/about/sticky"&gt;Sign up to be a panelist!&lt;/a&gt;&lt;/strong&gt; &lt;/li&gt;\n' +
          '&lt;/ul&gt;\n' +
          '\n' +
          '&lt;hr/&gt;\n' +
          '\n' +
          '&lt;p&gt;&lt;a href="http://goo.gl/cRQDGr"&gt;Header Information&lt;/a&gt; &lt;/p&gt;\n' +
          '\n' +
          '&lt;ul&gt;\n' +
          '&lt;li&gt;&lt;a href="http://goo.gl/wRzlXr"&gt;Switch to dark theme&lt;/a&gt;&lt;/li&gt;\n' +
          '&lt;li&gt;&lt;a href="http://goo.gl/cYwdsu"&gt;Switch to light theme&lt;/a&gt;&lt;/li&gt;\n' +
          '&lt;/ul&gt;\n' +
          '\n' +
          '&lt;p&gt;&lt;a href="#/RES_SR_Config/NightModeCompatible"&gt;&lt;/a&gt;&lt;/p&gt;\n' +
          '\n' +
          '&lt;ol&gt;\n' +
          '&lt;li&gt;For more open-ended questions, try &lt;a href="/r/AskScienceDiscussion"&gt;/r/AskScienceDiscussion&lt;/a&gt; | &lt;a href="https://www.reddit.com/r/askscience/about/sticky"&gt;Sign up to be a panelist!&lt;/a&gt;&lt;/li&gt;\n' +
          '&lt;/ol&gt;\n' +
          '\n' +
          '&lt;p&gt;We make our world significant by the courage of our questions and by the depth of our answers. -Carl Sagan, &lt;em&gt;Cosmos&lt;/em&gt;&lt;/p&gt;\n' +
          '&lt;/div&gt;&lt;!-- SC_ON --&gt;',
        spoilers_enabled: true,
        comment_contribution_settings: { allowed_media_types: null },
        allow_talks: false,
        header_size: [ 70, 72 ],
        user_flair_position: 'right',
        all_original_content: false,
        has_menu_widget: false,
        is_enrolled_in_new_modmail: null,
        key_color: '#94e044',
        can_assign_user_flair: false,
        created: 1220599964,
        wls: 6,
        show_media_preview: true,
        submission_type: 'self',
        user_is_subscriber: null,
        allowed_media_in_comments: [],
        allow_videogifs: false,
        should_archive_posts: true,
        user_flair_type: 'text',
        allow_polls: false,
        collapse_deleted_comments: true,
        emojis_custom_size: null,
        public_description_html: '&lt;!-- SC_OFF --&gt;&lt;div class="md"&gt;&lt;p&gt;Ask a science question, get a science answer.&lt;/p&gt;\n' +
          '&lt;/div&gt;&lt;!-- SC_ON --&gt;',
        allow_videos: false,
        is_crosspostable_subreddit: false,
        suggested_comment_sort: null,
        should_show_media_in_comments_setting: true,
        can_assign_link_flair: true,
        accounts_active_is_fuzzed: false,
        allow_prediction_contributors: false,
        submit_text_label: 'Ask a science question',
        link_flair_position: 'left',
        user_sr_flair_enabled: null,
        user_flair_enabled_in_sr: false,
        allow_chat_post_creation: false,
        allow_discovery: true,
        accept_followers: true,
        user_sr_theme_enabled: true,
        link_flair_enabled: true,
        disable_contributor_requests: true,
        subreddit_type: 'public',
        notification_level: null,
        banner_img: '',
        user_flair_text: null,
        banner_background_color: '#000000',
        show_media: false,
        id: '2qm4e',
        user_is_contributor: null,
        over18: false,
        header_title: 'AskScience',
        description: '### Please read our [**guidelines**](http://goo.gl/NZf5gP) and [**FAQ**](http://goo.gl/hfiJiJ) before posting\r\n' +
          '\r\n' +
          '* **Answer questions** with accurate, in-depth explanations, [including **peer-reviewed sources** where possible](/r/askscience/wiki/sources)\r\n' +
          '* **Upvote** on-topic answers supported by reputable sources and scientific research\r\n' +
          '* **Downvote** anecdotes, speculation, and jokes\r\n' +
          '* **Report** comments that do not meet our [**guidelines**](http://goo.gl/NZf5gP), including [medical advice](http://goo.gl/UAVhTJ)\r\n' +
          '* **Be civil:** [Remember the human](http://redd.it/1ytp7q) and follow [Reddiquette](http://www.reddit.com/wiki/reddiquette)\r\n' +
          '\r\n' +
          '\r\n' +
          '\r\n' +
          '###Features\r\n' +
          '\r\n' +
          '* [**Book List**](/r/askscience/wiki/booklist)\r\n' +
          '* [**Weekly Features**](http://goo.gl/chKW86): Archives of AskAnything Wednesday, FAQ Fridays, and more!\r\n' +
          '* [**FAQ**](http://goo.gl/hfiJiJ): In-depth answers to many popular questions\r\n' +
          '* [**New**](https://www.reddit.com/r/askscience/new/) and [**gilded**](https://www.reddit.com/r/askscience/comments/gilded/) posts\r\n' +
          '* **/r/AskScienceDiscussion**: For open-ended and hypothetical questions \r\n' +
          '\r\n' +
          '### Filter by Field   \r\n' +
          '\r\n' +
          'Title|Description\r\n' +
          ':--|--:\r\n' +
          '[Physics](/r/askscience/search?q=flair%3A%27Physics%27&amp;sort=new&amp;restrict_sr=on)|Theoretical Physics, Experimental Physics, High-energy Physics, Solid-State Physics, Fluid Dynamics, Relativity, Quantum Physics, Plasma Physics  \r\n' +
          '[Mathematics](/r/askscience/search?q=flair%3A%27Mathematics%27&amp;sort=new&amp;restrict_sr=on)|Mathematics, Statistics, Number Theory, Calculus, Algebra\r\n' +
          '[Astronomy](/r/askscience/search?q=flair%3A%27Astronomy%27&amp;sort=new&amp;restrict_sr=on)|Astronomy, Astrophysics, Cosmology, Planetary Formation  \r\n' +
          '[Computing](/r/askscience/search?q=flair%3A%27Computing%27&amp;sort=new&amp;restrict_sr=on)|Computing, Artificial Intelligence, Machine Learning, Computability \r\n' +
          '[Earth and Planetary Sciences](/r/askscience/search?q=flair%3A%27planetary%2Bsci.%27+OR+flair%3A%27earth%2Bsciences%27&amp;sort=new&amp;restrict_sr=on)|Earth Science, Atmospheric Science, Oceanography, Geology  \r\n' +
          '[Engineering](/r/askscience/search?q=flair%3A%27Engineering%27&amp;sort=new&amp;restrict_sr=on)|Mechanical Engineering, Electrical Engineering, Structural Engineering, Computer Engineering, Aerospace Engineering\r\n' +
          '[Chemistry](/r/askscience/search?q=flair%3A%27Chemistry%27&amp;sort=new&amp;restrict_sr=on)|Chemistry, Organic Chemistry, Polymers, Biochemistry\r\n' +
          '[Social Sciences](/r/askscience/search?q=flair%3ALinguistics+OR+flair%3Asocial%2Bscience+OR+flair%3Apolitical%2Bscience+OR+flair%3AEconomics+OR+flair%3AArchaeology+OR+flair%3AAnthropology&amp;sort=new&amp;restrict_sr=on)|Social Science, Political Science, Economics, Archaeology, Anthropology, Linguistics  \r\n' +
          '[Biology](/r/askscience/search?q=flair%3A%27Biology%27+OR+flair%3A%27paleontology%27&amp;sort=new&amp;restrict_sr=on)|Biology, Evolution, Morphology, Ecology, Synthetic Biology, Microbiology, Cellular Biology, Molecular Biology, Paleontology   \r\n' +
          '[Psychology](/r/askscience/search?q=flair%3A%27Psychology%27&amp;sort=new&amp;restrict_sr=on)|Psychology, Cognitive Psychology, Developmental Psychology, Abnormal, Social Psychology\r\n' +
          '[Medicine](/r/askscience/search?q=flair%3A%27Medicine%27+OR+flair%3A%27COVID-19%27+&amp;restrict_sr=on&amp;sort=new)|Medicine, Oncology, Dentistry, Physiology, Epidemiology, Infectious Disease, Pharmacy, Human Body\r\n' +
          '[Neuroscience](/r/askscience/search?q=flair%3A%27Neuroscience%27&amp;sort=new&amp;restrict_sr=on)|Neuroscience, Neurology, Neurochemistry, Cognitive Neuroscience   \r\n' +
          ' \r\n' +
          '###Calendar\r\n' +
          '##### [](/blank)\r\n' +
          'Date|Description\r\n' +
          ':--|:--\r\n' +
          '23 Oct|Mole Day\n' +
          '25 Oct|Ask Anything Wednesday - Biology, Chemistry, Neuroscience, Medicine, Psychology\n' +
          "28 Oct|Jonas Salk's Birthday (b.1914)\n" +
          '1 Nov|Ask Anything Wednesday - Economics, Political Science, Linguistics, Anthropology\n' +
          "7 Nov|Marie Curie's Birthday (b.1867)\n" +
          '8 Nov|Ask Anything Wednesday - Physics, Astronomy, Earth and Planetary Science\n' +
          '15 Nov|Ask Anything Wednesday - Engineering, Mathematics, Computer science\n' +
          '22 Nov|Ask Anything Wednesday - Biology, Chemistry, Neuroscience, Medicine, Psychology\n' +
          '\r\n' +
          '\r\n' +
          '\r\n' +
          '\r\n' +
          '\r\n' +
          '###Related subreddits\r\n' +
          '\r\n' +
          '* [Click here for a list of related subs!](/r/askscience/wiki/subreddit_links)\r\n' +
          '\r\n' +
          '### Are you a science expert?\r\n' +
          '\r\n' +
          '* **Looking for flair? [Sign up to be a panelist!](https://www.reddit.com/r/askscience/about/sticky)** \r\n' +
          '\r\n' +
          '---\r\n' +
          '[Header Information](http://goo.gl/cRQDGr) \r\n' +
          '\r\n' +
          '* [Switch to dark theme](http://goo.gl/wRzlXr)\r\n' +
          '* [Switch to light theme](http://goo.gl/cYwdsu)\r\n' +
          '\r\n' +
          '[](#/RES_SR_Config/NightModeCompatible)\r\n' +
          '\r\n' +
          '1. For more open-ended questions, try /r/AskScienceDiscussion | [Sign up to be a panelist!](https://www.reddit.com/r/askscience/about/sticky)\r\n' +
          '\r\n' +
          '\r\n' +
          '\r\n' +
          'We make our world significant by the courage of our questions and by the depth of our answers. -Carl Sagan, *Cosmos*',
        is_chat_post_feature_enabled: true,
        submit_link_label: '',
        user_flair_text_color: null,
        restrict_commenting: true,
        user_flair_css_class: null,
        allow_images: true,
        lang: 'en',
        whitelist_status: 'all_ads',
        url: '/r/askscience/',
        created_utc: 1220599964,
        banner_size: null,
        mobile_banner_image: '',
        user_is_moderator: null,
        allow_predictions_tournament: false
      },
      {
        user_flair_background_color: null,
        submit_text_html: '&lt;!-- SC_OFF --&gt;&lt;div class="md"&gt;&lt;p&gt;Skim the &lt;a href="https://www.reddit.com/r/ChemicalEngineering/wiki/faq"&gt;FAQ&lt;/a&gt;. If you don&amp;#39;t see what you&amp;#39;re looking for, then please post.&lt;/p&gt;\n' +
          '\n' +
          '&lt;p&gt;Memes are only allowed on Mondays. &lt;/p&gt;\n' +
          '\n' +
          '&lt;p&gt;The following questions are banned because they can easily be answered with a search through past posts :&lt;/p&gt;\n' +
          '\n' +
          '&lt;ul&gt;\n' +
          '&lt;li&gt;Should I major in ChemE?&lt;/li&gt;\n' +
          '&lt;li&gt;What undergraduate university should I attend?&lt;/li&gt;\n' +
          '&lt;li&gt;I have applied to X # jobs. Please help.&lt;/li&gt;\n' +
          '&lt;/ul&gt;\n' +
          '&lt;/div&gt;&lt;!-- SC_ON --&gt;',
        restrict_posting: true,
        user_is_banned: null,
        free_form_reports: true,
        wiki_enabled: true,
        user_is_muted: null,
        user_can_flair_in_sr: null,
        display_name: 'ChemicalEngineering',
        header_img: null,
        title: 'Chemical Engineering',
        allow_galleries: true,
        icon_size: null,
        primary_color: '#005ba1',
        active_user_count: null,
        icon_img: '',
        display_name_prefixed: 'r/ChemicalEngineering',
        accounts_active: null,
        public_traffic: false,
        subscribers: 87761,
        user_flair_richtext: [],
        videostream_links_count: 0,
        name: 't5_2qwn7',
        quarantine: false,
        hide_ads: false,
        prediction_leaderboard_entry_type: 'SUBREDDIT_HEADER',
        emojis_enabled: true,
        advertiser_category: '',
        public_description: 'All things Chemical Engineering!',
        comment_score_hide_mins: 0,
        allow_predictions: false,
        user_has_favorited: null,
        user_flair_template_id: null,
        community_icon: 'https://styles.redditmedia.com/t5_2qwn7/styles/communityIcon_x1az7iip9ka11.png?width=256&amp;s=38915d0f9998bc8aded37651d31e5e7caa5b5a1d',
        banner_background_image: 'https://styles.redditmedia.com/t5_2qwn7/styles/bannerBackgroundImage_mv48m2hlmav01.png?width=4000&amp;s=c638411b72e8e45ccc55331adac0fe0257ef139d',
        original_content_tag_enabled: false,
        community_reviewed: true,
        submit_text: "Skim the [FAQ](https://www.reddit.com/r/ChemicalEngineering/wiki/faq). If you don't see what you're looking for, then please post.\n" +
          '\n' +
          'Memes are only allowed on Mondays. \n' +
          '\n' +
          'The following questions are banned because they can easily be answered with a search through past posts :\n' +
          '\n' +
          '* Should I major in ChemE?\n' +
          '* What undergraduate university should I attend?\n' +
          '* I have applied to X # jobs. Please help.',
        description_html: '&lt;!-- SC_OFF --&gt;&lt;div class="md"&gt;&lt;hr/&gt;\n' +
          '\n' +
          '&lt;h3&gt;&lt;a href="https://www.reddit.com/r/ChemicalEngineering/wiki/faq"&gt;Frequently Asked Questions&lt;/a&gt;&lt;/h3&gt;\n' +
          '\n' +
          '&lt;p&gt;Want to post?&lt;/p&gt;\n' +
          '\n' +
          '&lt;p&gt;&lt;strong&gt;STOP&lt;/strong&gt;. Skim the &lt;strong&gt;&lt;a href="https://www.reddit.com/r/ChemicalEngineering/wiki/faq"&gt;FAQ&lt;/a&gt;&lt;/strong&gt;, and check the &lt;a href="https://www.reddit.com/r/ChemicalEngineering/about/rules"&gt;Rules&lt;/a&gt;. If you don&amp;#39;t see what you&amp;#39;re looking for, then please post.&lt;/p&gt;\n' +
          '\n' +
          '&lt;p&gt;&lt;strong&gt;This subreddit is primarily for practicing Chemical Engineers to discuss topics related to their discipline and the practice of engineering.&lt;/strong&gt; It is not primarily for coursework or job hunting. &lt;/p&gt;\n' +
          '\n' +
          '&lt;ul&gt;\n' +
          '&lt;li&gt;&lt;p&gt;For student-related questions, visit &lt;a href="/r/EngineeringStudents"&gt;/r/EngineeringStudents&lt;/a&gt;.&lt;/p&gt;&lt;/li&gt;\n' +
          '&lt;li&gt;&lt;p&gt;For job hunting and career advice, use our monthly sticky thread or the biweekly sticky thread on &lt;a href="/r/engineering"&gt;/r/engineering&lt;/a&gt;.&lt;/p&gt;&lt;/li&gt;\n' +
          '&lt;li&gt;&lt;p&gt;Have a more general question? Try &lt;a href="/r/AskEngineers"&gt;/r/AskEngineers&lt;/a&gt; &lt;/p&gt;&lt;/li&gt;\n' +
          '&lt;/ul&gt;\n' +
          '\n' +
          '&lt;p&gt;If your post is not showing up, message the mods. Posts are frequently caught by the spam filter and it may take a few days to notice without contacting one of us.&lt;/p&gt;\n' +
          '\n' +
          '&lt;hr/&gt;\n' +
          '\n' +
          '&lt;p&gt;Check out the official Discord for &lt;a href="/r/ChemicalEngineering"&gt;/r/ChemicalEngineering&lt;/a&gt;:&lt;/p&gt;\n' +
          '\n' +
          '&lt;h3&gt;&lt;a href="https://discord.gg/45VN3bV"&gt;/r/ChemicalEngineering Discord&lt;/a&gt;&lt;/h3&gt;\n' +
          '\n' +
          '&lt;p&gt;Taking the FE? Check out the FE Discord for study tips, advice, and more:&lt;/p&gt;\n' +
          '\n' +
          '&lt;h3&gt;&lt;a href="https://discord.gg/J67ggJQ"&gt;NCEES FE/PE Discord&lt;/a&gt;&lt;/h3&gt;\n' +
          '\n' +
          '&lt;hr/&gt;\n' +
          '\n' +
          '&lt;p&gt;Active Moderators:&lt;/p&gt;\n' +
          '\n' +
          '&lt;p&gt;&lt;a href="/u/jellybean478"&gt;jellybean478&lt;/a&gt;&lt;/p&gt;\n' +
          '\n' +
          '&lt;p&gt;&lt;a href="/u/chemicalsAndControl"&gt;chemicalsAndControl&lt;/a&gt;&lt;/p&gt;\n' +
          '\n' +
          '&lt;p&gt;&lt;a href="/u/chimpfunkz"&gt;chimpfunkz&lt;/a&gt;&lt;/p&gt;\n' +
          '\n' +
          '&lt;p&gt;&lt;a href="/u/MinderBinderCapital"&gt;MinderBinderCapital&lt;/a&gt;&lt;/p&gt;\n' +
          '&lt;/div&gt;&lt;!-- SC_ON --&gt;',
        spoilers_enabled: true,
        comment_contribution_settings: { allowed_media_types: null },
        allow_talks: false,
        header_size: null,
        user_flair_position: 'right',
        all_original_content: false,
        has_menu_widget: false,
        is_enrolled_in_new_modmail: null,
        key_color: '',
        can_assign_user_flair: true,
        created: 1239727643,
        wls: 6,
        show_media_preview: true,
        submission_type: 'any',
        user_is_subscriber: null,
        allowed_media_in_comments: [],
        allow_videogifs: true,
        should_archive_posts: false,
        user_flair_type: 'text',
        allow_polls: true,
        collapse_deleted_comments: true,
        emojis_custom_size: null,
        public_description_html: '&lt;!-- SC_OFF --&gt;&lt;div class="md"&gt;&lt;p&gt;All things Chemical Engineering!&lt;/p&gt;\n' +
          '&lt;/div&gt;&lt;!-- SC_ON --&gt;',
        allow_videos: true,
        is_crosspostable_subreddit: false,
        suggested_comment_sort: null,
        should_show_media_in_comments_setting: true,
        can_assign_link_flair: true,
        accounts_active_is_fuzzed: false,
        allow_prediction_contributors: false,
        submit_text_label: '',
        link_flair_position: 'left',
        user_sr_flair_enabled: null,
        user_flair_enabled_in_sr: false,
        allow_chat_post_creation: false,
        allow_discovery: true,
        accept_followers: true,
        user_sr_theme_enabled: true,
        link_flair_enabled: true,
        disable_contributor_requests: false,
        subreddit_type: 'public',
        notification_level: null,
        banner_img: '',
        user_flair_text: null,
        banner_background_color: '',
        show_media: true,
        id: '2qwn7',
        user_is_contributor: null,
        over18: false,
        header_title: '',
        description: '-----------------\n' +
          '\n' +
          '###[Frequently Asked Questions](https://www.reddit.com/r/ChemicalEngineering/wiki/faq)\n' +
          '\n' +
          'Want to post?\n' +
          '\n' +
          "**STOP**. Skim the **[FAQ](https://www.reddit.com/r/ChemicalEngineering/wiki/faq)**, and check the [Rules](https://www.reddit.com/r/ChemicalEngineering/about/rules). If you don't see what you're looking for, then please post.\n" +
          '\n' +
          '**This subreddit is primarily for practicing Chemical Engineers to discuss topics related to their discipline and the practice of engineering.** It is not primarily for coursework or job hunting. \n' +
          '\n' +
          '* For student-related questions, visit /r/EngineeringStudents.\n' +
          '\n' +
          '* For job hunting and career advice, use our monthly sticky thread or the biweekly sticky thread on /r/engineering.\n' +
          '\n' +
          '* Have a more general question? Try /r/AskEngineers \n' +
          '\n' +
          'If your post is not showing up, message the mods. Posts are frequently caught by the spam filter and it may take a few days to notice without contacting one of us.\n' +
          '\n' +
          '-----------------\n' +
          '\n' +
          'Check out the official Discord for /r/ChemicalEngineering:\n' +
          '\n' +
          '###[/r/ChemicalEngineering Discord](https://discord.gg/45VN3bV)\n' +
          '\n' +
          'Taking the FE? Check out the FE Discord for study tips, advice, and more:\n' +
          '\n' +
          '###[NCEES FE/PE Discord](https://discord.gg/J67ggJQ)\n' +
          '-----------------\n' +
          '\n' +
          'Active Moderators:\n' +
          '\n' +
          '\n' +
          '[jellybean478](/u/jellybean478)\n' +
          '\n' +
          '[chemicalsAndControl](/u/chemicalsAndControl)\n' +
          '\n' +
          '[chimpfunkz](/u/chimpfunkz)\n' +
          '\n' +
          '[MinderBinderCapital](/u/MinderBinderCapital)',
        is_chat_post_feature_enabled: true,
        submit_link_label: '',
        user_flair_text_color: null,
        restrict_commenting: false,
        user_flair_css_class: null,
        allow_images: true,
        lang: 'en',
        whitelist_status: 'all_ads',
        url: '/r/ChemicalEngineering/',
        created_utc: 1239727643,
        banner_size: null,
        mobile_banner_image: '',
        user_is_moderator: null,
        allow_predictions_tournament: false
      },
      {
        user_flair_background_color: null,
        submit_text_html: '&lt;!-- SC_OFF --&gt;&lt;div class="md"&gt;&lt;ul&gt;\n' +
          '&lt;li&gt;&lt;p&gt;&lt;a href="https://uwaterloo.ca/counselling-services/emergency-numbers"&gt;Need help now? List of emergency numbers&lt;/a&gt;&lt;/p&gt;&lt;/li&gt;\n' +
          '&lt;li&gt;&lt;p&gt;Check &lt;a href="http://www.reddit.com/r/uwaterloo/wiki"&gt;the wiki&lt;/a&gt;, or use &lt;a href="/r/uwaterloo/search?q=&amp;amp;restrict_sr=on"&gt;search&lt;/a&gt;&lt;/p&gt;&lt;/li&gt;\n' +
          '&lt;li&gt;&lt;p&gt;&lt;a href="/r/uwaterloo/wiki/admissions"&gt;Admissions FAQ&lt;/a&gt;&lt;/p&gt;&lt;/li&gt;\n' +
          '&lt;li&gt;&lt;p&gt;Academic question? Ask your &lt;a href="http://uwaterloo.ca/registrar/current-students/advisors"&gt;academic advisor&lt;/a&gt;&lt;/p&gt;&lt;/li&gt;\n' +
          '&lt;li&gt;&lt;p&gt;Co-op question? Ask your &lt;a href="https://uwaterloo.ca/co-operative-education/about-co-operative-education/our-advisors"&gt;co-op advisor&lt;/a&gt;&lt;/p&gt;&lt;/li&gt;\n' +
          '&lt;/ul&gt;\n' +
          '&lt;/div&gt;&lt;!-- SC_ON --&gt;',
        restrict_posting: true,
        user_is_banned: null,
        free_form_reports: true,
        wiki_enabled: true,
        user_is_muted: null,
        user_can_flair_in_sr: null,
        display_name: 'uwaterloo',
        header_img: 'https://b.thumbs.redditmedia.com/hyWJ1lnLTEzcMm-wfxQfWyNSOEFXP9wnTzX4Z98fC5A.png',
        title: 'University of Waterloo',
        allow_galleries: true,
        icon_size: [ 256, 256 ],
        primary_color: '#ffd635',
        active_user_count: null,
        icon_img: 'https://b.thumbs.redditmedia.com/-eIrkxt7YIZdnMeshtwiPfH5W5JomtyED-gEQbTXGpg.png',
        display_name_prefixed: 'r/uwaterloo',
        accounts_active: null,
        public_traffic: false,
        subscribers: 93029,
        user_flair_richtext: [],
        name: 't5_2rb5s',
        quarantine: false,
        hide_ads: false,
        prediction_leaderboard_entry_type: 'SUBREDDIT_HEADER',
        emojis_enabled: true,
        advertiser_category: 'College / University',
        public_description: 'Unofficial student and alumni-run subreddit for the University of Waterloo community',
        comment_score_hide_mins: 120,
        allow_predictions: false,
        user_has_favorited: null,
        user_flair_template_id: null,
        community_icon: 'https://styles.redditmedia.com/t5_2rb5s/styles/communityIcon_47185uaj89qb1.png?width=256&amp;s=dd9b750186c327f37e45c8d04f50fb271a7cc089',
        banner_background_image: 'https://styles.redditmedia.com/t5_2rb5s/styles/bannerBackgroundImage_sunb1zn6k79b1.png?width=4000&amp;s=9a2870fef7d2359810ffb5616cc3969fc4b21f0d',
        original_content_tag_enabled: true,
        community_reviewed: true,
        submit_text: '* [Need help now? List of emergency numbers](https://uwaterloo.ca/counselling-services/emergency-numbers)\n' +
          '\n' +
          '* Check [the wiki](http://www.reddit.com/r/uwaterloo/wiki), or use [search](/r/uwaterloo/search?q=&amp;restrict_sr=on)\n' +
          '\n' +
          '* [Admissions FAQ](/r/uwaterloo/wiki/admissions)\n' +
          '\n' +
          '* Academic question? Ask your [academic advisor](http://uwaterloo.ca/registrar/current-students/advisors)\n' +
          '\n' +
          '* Co-op question? Ask your [co-op advisor](https://uwaterloo.ca/co-operative-education/about-co-operative-education/our-advisors)',
        description_html: '&lt;!-- SC_OFF --&gt;&lt;div class="md"&gt;&lt;p&gt;[University of Waterloo] - Not associated with UW administration. A forum for news and discussion relevant to the university.&lt;/p&gt;\n' +
          '\n' +
          '&lt;ul&gt;\n' +
          '&lt;li&gt;&lt;p&gt;&lt;a href="https://uwaterloo.ca/campus-wellness/counselling-services"&gt;UW Counseling Services&lt;/a&gt;&lt;/p&gt;&lt;/li&gt;\n' +
          '&lt;li&gt;&lt;p&gt;&lt;a href="https://www.reddit.com/r/uwaterloo/comments/yhyadl/admissions_high_school_megathread_fall_2023/"&gt;Admissions Megathread&lt;/a&gt;&lt;/p&gt;&lt;/li&gt;\n' +
          '&lt;li&gt;&lt;p&gt;&lt;a href="/r/uwaterloo/wiki/index"&gt;/r/uwaterloo Wiki&lt;/a&gt;&lt;/p&gt;&lt;/li&gt;\n' +
          '&lt;li&gt;&lt;p&gt;&lt;a href="/r/uwaterloo"&gt;View all posts&lt;/a&gt;&lt;/p&gt;&lt;/li&gt;\n' +
          '&lt;li&gt;&lt;p&gt;&lt;a href="http://st.reddit.com/r/uwaterloo/#st"&gt;Hide Shitposts&lt;/a&gt;&lt;/p&gt;&lt;/li&gt;\n' +
          '&lt;li&gt;&lt;p&gt;&lt;a href="https://discord.com/invite/RmcCkPZ"&gt;Discord Server&lt;/a&gt;&lt;/p&gt;&lt;/li&gt;\n' +
          '&lt;/ul&gt;\n' +
          '\n' +
          '&lt;p&gt;&lt;strong&gt;Rules&lt;/strong&gt;&lt;/p&gt;\n' +
          '\n' +
          '&lt;ul&gt;\n' +
          '&lt;li&gt;&lt;p&gt;No personally identifiable information: real names, Facebook profiles, screenshots of private forums (e.g., LEARN)&lt;/p&gt;&lt;/li&gt;\n' +
          '&lt;li&gt;&lt;p&gt;No explicit sharing or insinuation of illegal information and activities, including drug dealing (e.g., asking for dealers or asking for other people to do drugs with).&lt;/p&gt;&lt;/li&gt;\n' +
          '&lt;li&gt;&lt;p&gt;No buy/sell, job/volunteer listings, rent/sublet or other ads allowed.&lt;/p&gt;&lt;/li&gt;\n' +
          '&lt;li&gt;&lt;p&gt;NSFW content, including pornography and gore, are not allowed and will be removed.&lt;/p&gt;&lt;/li&gt;\n' +
          '&lt;li&gt;&lt;p&gt;Posts and comments on this subreddit may be removed at moderator discretion.&lt;/p&gt;&lt;/li&gt;\n' +
          '&lt;li&gt;&lt;p&gt;&lt;a href="/r/uwaterloo/about/rules/"&gt;Full rules&lt;/a&gt;&lt;/p&gt;&lt;/li&gt;\n' +
          '&lt;/ul&gt;\n' +
          '\n' +
          '&lt;p&gt;&lt;strong&gt;Related Subreddits&lt;/strong&gt;&lt;/p&gt;\n' +
          '\n' +
          '&lt;ul&gt;\n' +
          '&lt;li&gt;&lt;p&gt;&lt;a href="/r/uoft"&gt;/r/UofT&lt;/a&gt;&lt;/p&gt;&lt;/li&gt;\n' +
          '&lt;li&gt;&lt;p&gt;&lt;a href="/r/waterloo"&gt;/r/waterloo&lt;/a&gt;&lt;/p&gt;&lt;/li&gt;\n' +
          '&lt;li&gt;&lt;p&gt;&lt;a href="/r/OntarioUniversities"&gt;/r/OntarioUniversities&lt;/a&gt;&lt;/p&gt;&lt;/li&gt;\n' +
          '&lt;li&gt;&lt;p&gt;&lt;a href="/r/cscareerquestions"&gt;/r/cscareerquestions&lt;/a&gt;&lt;/p&gt;&lt;/li&gt;\n' +
          '&lt;li&gt;&lt;p&gt;&lt;a href="/r/uwaterloojerk"&gt;/r/uwaterloojerk&lt;/a&gt; - Take circle jerking here&lt;/p&gt;&lt;/li&gt;\n' +
          '&lt;/ul&gt;\n' +
          '&lt;/div&gt;&lt;!-- SC_ON --&gt;',
        spoilers_enabled: true,
        comment_contribution_settings: { allowed_media_types: [Array] },
        allow_talks: false,
        header_size: [ 120, 40 ],
        user_flair_position: 'right',
        all_original_content: false,
        has_menu_widget: false,
        is_enrolled_in_new_modmail: null,
        key_color: '#222222',
        can_assign_user_flair: true,
        created: 1256751236,
        wls: 6,
        show_media_preview: true,
        submission_type: 'any',
        user_is_subscriber: null,
        allowed_media_in_comments: [ 'expression' ],
        allow_videogifs: true,
        should_archive_posts: false,
        user_flair_type: 'text',
        allow_polls: true,
        collapse_deleted_comments: true,
        emojis_custom_size: null,
        public_description_html: '&lt;!-- SC_OFF --&gt;&lt;div class="md"&gt;&lt;p&gt;Unofficial student and alumni-run subreddit for the University of Waterloo community&lt;/p&gt;\n' +
          '&lt;/div&gt;&lt;!-- SC_ON --&gt;',
        allow_videos: false,
        is_crosspostable_subreddit: false,
        suggested_comment_sort: null,
        should_show_media_in_comments_setting: true,
        can_assign_link_flair: true,
        accounts_active_is_fuzzed: false,
        allow_prediction_contributors: false,
        submit_text_label: '',
        link_flair_position: 'left',
        user_sr_flair_enabled: null,
        user_flair_enabled_in_sr: false,
        allow_chat_post_creation: false,
        allow_discovery: false,
        accept_followers: true,
        user_sr_theme_enabled: true,
        link_flair_enabled: true,
        disable_contributor_requests: true,
        subreddit_type: 'public',
        notification_level: null,
        banner_img: 'https://b.thumbs.redditmedia.com/vccHNT9OA-dNmSc_O-QLkUeWqkf1tc6yBHiwNovk5Kk.png',
        user_flair_text: null,
        banner_background_color: '',
        show_media: false,
        id: '2rb5s',
        user_is_contributor: null,
        over18: false,
        header_title: 'logo by /u/BoAd, banner by /u/alyssnya, 2022 temp banner by /u/IwannaREEEEEEEEEEEEE',
        description: '[University of Waterloo] - Not associated with UW administration. A forum for news and discussion relevant to the university.\n' +
          '\n' +
          '* [UW Counseling Services](https://uwaterloo.ca/campus-wellness/counselling-services)\n' +
          '\n' +
          '* [Admissions Megathread](https://www.reddit.com/r/uwaterloo/comments/yhyadl/admissions_high_school_megathread_fall_2023/)\n' +
          '\n' +
          '* [/r/uwaterloo Wiki](/r/uwaterloo/wiki/index)\n' +
          '\n' +
          '* [View all posts](/r/uwaterloo)\n' +
          '\n' +
          '* [Hide Shitposts](http://st.reddit.com/r/uwaterloo/#st)\n' +
          '\n' +
          '* [Discord Server]( https://discord.com/invite/RmcCkPZ)\n' +
          '\n' +
          '\n' +
          '**Rules**\n' +
          '\n' +
          '* No personally identifiable information: real names, Facebook profiles, screenshots of private forums (e.g., LEARN)\n' +
          '\n' +
          '* No explicit sharing or insinuation of illegal information and activities, including drug dealing (e.g., asking for dealers or asking for other people to do drugs with).\n' +
          '\n' +
          '* No buy/sell, job/volunteer listings, rent/sublet or other ads allowed.\n' +
          '\n' +
          '* NSFW content, including pornography and gore, are not allowed and will be removed.\n' +
          '\n' +
          '* Posts and comments on this subreddit may be removed at moderator discretion.\n' +
          '\n' +
          '* [Full rules](/r/uwaterloo/about/rules/)\n' +
          '\n' +
          '**Related Subreddits**\n' +
          '\n' +
          '* [/r/UofT](/r/uoft)\n' +
          '\n' +
          '* [/r/waterloo](/r/waterloo)\n' +
          '\n' +
          '* [/r/OntarioUniversities](/r/OntarioUniversities)\n' +
          '\n' +
          '* [/r/cscareerquestions](/r/cscareerquestions)\n' +
          '\n' +
          '* [/r/uwaterloojerk](/r/uwaterloojerk) - Take circle jerking here',
        is_chat_post_feature_enabled: true,
        submit_link_label: '',
        user_flair_text_color: null,
        restrict_commenting: false,
        user_flair_css_class: null,
        allow_images: true,
        lang: 'en',
        whitelist_status: 'all_ads',
        url: '/r/uwaterloo/',
        created_utc: 1256751236,
        banner_size: [ 1280, 384 ],
        mobile_banner_image: 'https://styles.redditmedia.com/t5_2rb5s/styles/mobileBannerImage_p2s26h9oltia1.png',
        user_is_moderator: null,
        allow_predictions_tournament: false
      },
      {
        user_flair_background_color: null,
        submit_text_html: null,
        restrict_posting: true,
        user_is_banned: null,
        free_form_reports: true,
        wiki_enabled: false,
        user_is_muted: null,
        user_can_flair_in_sr: null,
        display_name: 'MET',
        header_img: null,
        title: 'Mechanical Engineering technology community',
        allow_galleries: true,
        icon_size: null,
        primary_color: '',
        active_user_count: null,
        icon_img: '',
        display_name_prefixed: 'r/MET',
        accounts_active: null,
        public_traffic: false,
        subscribers: 682,
        user_flair_richtext: [],
        videostream_links_count: 0,
        name: 't5_2vsnc',
        quarantine: false,
        hide_ads: false,
        prediction_leaderboard_entry_type: 'IN_FEED',
        emojis_enabled: false,
        advertiser_category: '',
        public_description: 'A community for mechanical engineering students or anyone interested in the field. The goal is for people to be able to post questions and get answers. ',
        comment_score_hide_mins: 0,
        allow_predictions: false,
        user_has_favorited: null,
        user_flair_template_id: null,
        community_icon: '',
        banner_background_image: '',
        original_content_tag_enabled: false,
        community_reviewed: false,
        submit_text: '',
        description_html: '&lt;!-- SC_OFF --&gt;&lt;div class="md"&gt;&lt;p&gt;Post questions that you have or really anything engineering related. &lt;/p&gt;\n' +
          '&lt;/div&gt;&lt;!-- SC_ON --&gt;',
        spoilers_enabled: true,
        comment_contribution_settings: {},
        allow_talks: false,
        header_size: null,
        user_flair_position: 'right',
        all_original_content: false,
        has_menu_widget: false,
        is_enrolled_in_new_modmail: null,
        key_color: '',
        can_assign_user_flair: false,
        created: 1355514084,
        wls: null,
        show_media_preview: true,
        submission_type: 'any',
        user_is_subscriber: null,
        allowed_media_in_comments: [],
        allow_videogifs: true,
        should_archive_posts: false,
        user_flair_type: 'text',
        allow_polls: true,
        collapse_deleted_comments: false,
        emojis_custom_size: null,
        public_description_html: '&lt;!-- SC_OFF --&gt;&lt;div class="md"&gt;&lt;p&gt;A community for mechanical engineering students or anyone interested in the field. The goal is for people to be able to post questions and get answers. &lt;/p&gt;\n' +
          '&lt;/div&gt;&lt;!-- SC_ON --&gt;',
        allow_videos: true,
        is_crosspostable_subreddit: false,
        suggested_comment_sort: null,
        should_show_media_in_comments_setting: true,
        can_assign_link_flair: false,
        accounts_active_is_fuzzed: false,
        allow_prediction_contributors: false,
        submit_text_label: '',
        link_flair_position: '',
        user_sr_flair_enabled: null,
        user_flair_enabled_in_sr: false,
        allow_chat_post_creation: false,
        allow_discovery: true,
        accept_followers: true,
        user_sr_theme_enabled: true,
        link_flair_enabled: false,
        disable_contributor_requests: false,
        subreddit_type: 'restricted',
        notification_level: null,
        banner_img: '',
        user_flair_text: null,
        banner_background_color: '',
        show_media: false,
        id: '2vsnc',
        user_is_contributor: null,
        over18: false,
        header_title: '',
        description: 'Post questions that you have or really anything engineering related. ',
        is_chat_post_feature_enabled: true,
        submit_link_label: '',
        user_flair_text_color: null,
        restrict_commenting: false,
        user_flair_css_class: null,
        allow_images: true,
        lang: 'en',
        whitelist_status: null,
        url: '/r/MET/',
        created_utc: 1355514084,
        banner_size: null,
        mobile_banner_image: '',
        user_is_moderator: null,
        allow_predictions_tournament: false
      },
      {
        user_flair_background_color: null,
        submit_text_html: null,
        restrict_posting: true,
        user_is_banned: null,
        free_form_reports: true,
        wiki_enabled: false,
        user_is_muted: null,
        user_can_flair_in_sr: null,
        display_name: 'mepe',
        header_img: null,
        title: 'Professional Engineering License - Mechanical Engineering',
        allow_galleries: true,
        icon_size: null,
        primary_color: '',
        active_user_count: null,
        icon_img: '',
        display_name_prefixed: 'r/mepe',
        accounts_active: null,
        public_traffic: false,
        subscribers: 28,
        user_flair_richtext: [],
        videostream_links_count: 0,
        name: 't5_2ryh6',
        quarantine: false,
        hide_ads: false,
        prediction_leaderboard_entry_type: 'IN_FEED',
        emojis_enabled: false,
        advertiser_category: '',
        public_description: 'I set this up some time ago as a place to log submissions for the PE exam.\n' +
          ' \n' +
          'Giving this to r/engineering before leaving as a mod.',
        comment_score_hide_mins: 0,
        allow_predictions: false,
        user_has_favorited: null,
        user_flair_template_id: null,
        community_icon: '',
        banner_background_image: '',
        original_content_tag_enabled: false,
        community_reviewed: false,
        submit_text: '',
        description_html: '&lt;!-- SC_OFF --&gt;&lt;div class="md"&gt;&lt;p&gt;I set this up some time ago as a place to log submissions for the PE exam.&lt;/p&gt;\n' +
          '\n' +
          '&lt;p&gt;Giving this to &lt;a href="/r/engineering"&gt;r/engineering&lt;/a&gt; before leaving as a mod.&lt;/p&gt;\n' +
          '&lt;/div&gt;&lt;!-- SC_ON --&gt;',
        spoilers_enabled: true,
        comment_contribution_settings: {},
        allow_talks: false,
        header_size: null,
        user_flair_position: 'right',
        all_original_content: false,
        has_menu_widget: false,
        is_enrolled_in_new_modmail: null,
        key_color: '',
        can_assign_user_flair: false,
        created: 1279847101,
        wls: null,
        show_media_preview: true,
        submission_type: 'any',
        user_is_subscriber: null,
        allowed_media_in_comments: [],
        allow_videogifs: true,
        should_archive_posts: false,
        user_flair_type: 'text',
        allow_polls: true,
        collapse_deleted_comments: false,
        emojis_custom_size: null,
        public_description_html: '&lt;!-- SC_OFF --&gt;&lt;div class="md"&gt;&lt;p&gt;I set this up some time ago as a place to log submissions for the PE exam.&lt;/p&gt;\n' +
          '\n' +
          '&lt;p&gt;Giving this to &lt;a href="/r/engineering"&gt;r/engineering&lt;/a&gt; before leaving as a mod.&lt;/p&gt;\n' +
          '&lt;/div&gt;&lt;!-- SC_ON --&gt;',
        allow_videos: true,
        is_crosspostable_subreddit: false,
        suggested_comment_sort: null,
        should_show_media_in_comments_setting: true,
        can_assign_link_flair: false,
        accounts_active_is_fuzzed: false,
        allow_prediction_contributors: false,
        submit_text_label: '',
        link_flair_position: '',
        user_sr_flair_enabled: null,
        user_flair_enabled_in_sr: false,
        allow_chat_post_creation: false,
        allow_discovery: true,
        accept_followers: true,
        user_sr_theme_enabled: true,
        link_flair_enabled: false,
        disable_contributor_requests: false,
        subreddit_type: 'restricted',
        notification_level: null,
        banner_img: '',
        user_flair_text: null,
        banner_background_color: '',
        show_media: true,
        id: '2ryh6',
        user_is_contributor: null,
        over18: false,
        header_title: '',
        description: 'I set this up some time ago as a place to log submissions for the PE exam.\n' +
          '  \n' +
          'Giving this to r/engineering before leaving as a mod.',
        is_chat_post_feature_enabled: true,
        submit_link_label: '',
        user_flair_text_color: null,
        restrict_commenting: false,
        user_flair_css_class: null,
        allow_images: true,
        lang: 'en',
        whitelist_status: null,
        url: '/r/mepe/',
        created_utc: 1279847101,
        banner_size: null,
        mobile_banner_image: '',
        user_is_moderator: null,
        allow_predictions_tournament: false
      },
      {
        user_flair_background_color: null,
        submit_text_html: null,
        restrict_posting: true,
        user_is_banned: null,
        free_form_reports: true,
        wiki_enabled: true,
        user_is_muted: null,
        user_can_flair_in_sr: null,
        display_name: '6thForm',
        header_img: null,
        title: 'The Home of Sixth Form and A-Levels',
        allow_galleries: true,
        icon_size: null,
        primary_color: '#bbbdbf',
        active_user_count: null,
        icon_img: '',
        display_name_prefixed: 'r/6thForm',
        accounts_active: null,
        public_traffic: false,
        subscribers: 96783,
        user_flair_richtext: [],
        videostream_links_count: 1,
        name: 't5_2ybtn',
        quarantine: false,
        hide_ads: false,
        prediction_leaderboard_entry_type: 'SUBREDDIT_HEADER',
        emojis_enabled: true,
        advertiser_category: '',
        public_description: 'A place for sixth formers to speak to others about work, A-levels, results, problems in education and general sixth form life, as well as university applications and UCAS.',
        comment_score_hide_mins: 15,
        allow_predictions: false,
        user_has_favorited: null,
        user_flair_template_id: null,
        community_icon: 'https://styles.redditmedia.com/t5_2ybtn/styles/communityIcon_wb6m0g3svrp31.png?width=256&amp;s=ad6640d405cf1e303d6af5057eda5b0370f93bcb',
        banner_background_image: 'https://styles.redditmedia.com/t5_2ybtn/styles/bannerBackgroundImage_m67hlpqcqcc21.jpg?width=4000&amp;s=c160946905ac20b5c6e118cf37f238ab1c4eed62',
        original_content_tag_enabled: false,
        community_reviewed: true,
        submit_text: '',
        description_html: '&lt;!-- SC_OFF --&gt;&lt;div class="md"&gt;&lt;p&gt;A place for sixth formers to speak and discuss with others about work, A levels, results, personal issues and college life in general. &lt;/p&gt;\n' +
          '\n' +
          '&lt;h3&gt;&lt;a href="https://www.reddit.com/r/6thForm/search?q=NOT+flair%3Ameme&amp;amp;sort=new&amp;amp;restrict_sr=on&amp;amp;t=all"&gt;Filter Out Memes&lt;/a&gt;&lt;/h3&gt;\n' +
          '\n' +
          '&lt;h3&gt;&lt;a href="https://discord.gg/6thform"&gt;Subreddit Discord - now partnered!&lt;/a&gt;&lt;/h3&gt;\n' +
          '\n' +
          '&lt;h3&gt;&lt;a href="https://www.reddit.com/r/6thForm/about/rules"&gt;Subreddit Rules&lt;/a&gt;&lt;/h3&gt;\n' +
          '\n' +
          '&lt;h3&gt;&lt;a href="https://www.reddit.com/r/6thForm/wiki/safeguarding"&gt;Safeguarding Statement&lt;/a&gt;&lt;/h3&gt;\n' +
          '\n' +
          '&lt;h3&gt;&lt;a href="https://www.reddit.com/message/compose?to=%2Fr%2F6thForm&amp;amp;subject=%5BSuggestion%5D%20%5BComplaint%5D%20Title&amp;amp;message=%7E%7E%20*%20Please%20change%20the%20title%20as%20applicable%20*%20%7E%7E%0A%0A**Reason%20for%20message%3A**%0A%0APlease%20write%20your%20message%20here%20and%20we%27ll%20get%20back%20to%20you!"&gt;Message the Moderators&lt;/a&gt;&lt;/h3&gt;\n' +
          '\n' +
          '&lt;p&gt;&lt;strong&gt;&lt;a href="https://www.reddit.com/help/contentpolicy/"&gt;Reddit-wide rules are visible here&lt;/a&gt;&lt;/strong&gt; - rule breakages &lt;strong&gt;will&lt;/strong&gt; result in bans.&lt;/p&gt;\n' +
          '\n' +
          '&lt;p&gt;&amp;nbsp;&lt;/p&gt;\n' +
          '\n' +
          '&lt;p&gt;&lt;strong&gt;&lt;em&gt;Useful Posts:&lt;/em&gt;&lt;/strong&gt;&lt;/p&gt;\n' +
          '\n' +
          '&lt;p&gt;&lt;a href="https://www.reddit.com/r/6thForm/comments/3gtw3k/paul_from_which_university_here_with_some_advice/"&gt;&lt;strong&gt;AMA with Paul from Which? University&lt;/strong&gt;&lt;/a&gt;&lt;/p&gt;\n' +
          '\n' +
          '&lt;p&gt;&lt;a href="http://www.reddit.com/r/6thForm/comments/1l8143/ucas_points_tariff/"&gt;&lt;strong&gt;UCAS Points Tariff Explained&lt;/strong&gt;&lt;/a&gt;&lt;/p&gt;\n' +
          '\n' +
          '&lt;p&gt;&amp;nbsp;&lt;/p&gt;\n' +
          '\n' +
          '&lt;p&gt;&lt;strong&gt;&lt;em&gt;Useful Websites:&lt;/em&gt;&lt;/strong&gt;&lt;/p&gt;\n' +
          '\n' +
          '&lt;p&gt;&lt;a href="http://physicsandmathstutor.com/"&gt;&lt;strong&gt;Physics and Maths Tutor&lt;/strong&gt;&lt;/a&gt; - A free website that is useful for &lt;em&gt;far more&lt;/em&gt; than just Physics and Maths, with support materials available to download for subjects from Maths all the way through Geography.&lt;/p&gt;\n' +
          '\n' +
          '&lt;p&gt;&lt;a href="https://www.khanacademy.org/"&gt;&lt;strong&gt;Khan Academy&lt;/strong&gt;&lt;/a&gt; - A free website dedicated to teaching people worldwide through intuitive videos and tests. &lt;/p&gt;\n' +
          '\n' +
          '&lt;p&gt;&lt;a href="http://www.thestudentroom.co.uk/forumdisplay.php?f=80&amp;amp;utm_source=TSR&amp;amp;utm_medium=explorebutton&amp;amp;utm_campaign=Alevels"&gt;&lt;strong&gt;The Student Room&lt;/strong&gt;&lt;/a&gt; - A free website that&amp;#39;s full of students and tutors to discuss work with - with free revision resources&lt;/p&gt;\n' +
          '\n' +
          '&lt;p&gt;&lt;a href="http://getrevising.co.uk/"&gt;&lt;strong&gt;Get Revising&lt;/strong&gt;&lt;/a&gt; - A free website full of revision resources posted by students and teachers. Create a revision timetable and get revising!&lt;/p&gt;\n' +
          '\n' +
          '&lt;p&gt;&lt;a href="http://www.s-cool.co.uk/"&gt;&lt;strong&gt;S-cool&lt;/strong&gt;&lt;/a&gt; - A helpful revision website with a wealth subject-specific revision pages.&lt;/p&gt;\n' +
          '\n' +
          '&lt;p&gt;&lt;a href="http://www.examsolutions.net/"&gt;&lt;strong&gt;Exam Solutions&lt;/strong&gt;&lt;/a&gt; - A website offering help and revision specifically for Maths A-Level.&lt;/p&gt;\n' +
          '\n' +
          '&lt;p&gt;&amp;nbsp;&lt;/p&gt;\n' +
          '\n' +
          '&lt;p&gt;&lt;strong&gt;&lt;em&gt;Need help with GCSEs? Check out &lt;a href="http://www.reddit.com/r/GCSE/"&gt;/r/GCSE&lt;/a&gt;!&lt;/em&gt;&lt;/strong&gt;&lt;/p&gt;\n' +
          '\n' +
          '&lt;p&gt;&lt;strong&gt;&lt;em&gt;Off to uni? Make sure to look at &lt;a href="/r/UniUK"&gt;/r/UniUK&lt;/a&gt;!&lt;/em&gt;&lt;/strong&gt;&lt;/p&gt;\n' +
          '&lt;/div&gt;&lt;!-- SC_ON --&gt;',
        spoilers_enabled: true,
        comment_contribution_settings: { allowed_media_types: [Array] },
        allow_talks: false,
        header_size: null,
        user_flair_position: 'right',
        all_original_content: false,
        has_menu_widget: false,
        is_enrolled_in_new_modmail: null,
        key_color: '#0079d3',
        can_assign_user_flair: true,
        created: 1377606003,
        wls: 6,
        show_media_preview: true,
        submission_type: 'any',
        user_is_subscriber: null,
        allowed_media_in_comments: [ 'giphy', 'static', 'animated', 'expression' ],
        allow_videogifs: true,
        should_archive_posts: true,
        user_flair_type: 'text',
        allow_polls: true,
        collapse_deleted_comments: true,
        emojis_custom_size: null,
        public_description_html: '&lt;!-- SC_OFF --&gt;&lt;div class="md"&gt;&lt;p&gt;A place for sixth formers to speak to others about work, A-levels, results, problems in education and general sixth form life, as well as university applications and UCAS.&lt;/p&gt;\n' +
          '&lt;/div&gt;&lt;!-- SC_ON --&gt;',
        allow_videos: true,
        is_crosspostable_subreddit: false,
        suggested_comment_sort: null,
        should_show_media_in_comments_setting: true,
        can_assign_link_flair: true,
        accounts_active_is_fuzzed: false,
        allow_prediction_contributors: false,
        submit_text_label: '',
        link_flair_position: 'left',
        user_sr_flair_enabled: null,
        user_flair_enabled_in_sr: false,
        allow_chat_post_creation: false,
        allow_discovery: true,
        accept_followers: true,
        user_sr_theme_enabled: true,
        link_flair_enabled: true,
        disable_contributor_requests: false,
        subreddit_type: 'public',
        notification_level: null,
        banner_img: '',
        user_flair_text: null,
        banner_background_color: '#0dd3bb',
        show_media: true,
        id: '2ybtn',
        user_is_contributor: null,
        over18: false,
        header_title: 'Hello there 0.o',
        description: 'A place for sixth formers to speak and discuss with others about work, A levels, results, personal issues and college life in general. \n' +
          '\n' +
          '###[Filter Out Memes](https://www.reddit.com/r/6thForm/search?q=NOT+flair%3Ameme&amp;sort=new&amp;restrict_sr=on&amp;t=all)\n' +
          '\n' +
          '###[Subreddit Discord - now partnered!](https://discord.gg/6thform)\n' +
          '\n' +
          '###[Subreddit Rules](https://www.reddit.com/r/6thForm/about/rules)\n' +
          '\n' +
          '###[Safeguarding Statement](https://www.reddit.com/r/6thForm/wiki/safeguarding)\n' +
          '\n' +
          '###[Message the Moderators](https://www.reddit.com/message/compose?to=%2Fr%2F6thForm&amp;subject=%5BSuggestion%5D%20%5BComplaint%5D%20Title&amp;message=~~%20*%20Please%20change%20the%20title%20as%20applicable%20*%20~~%0A%0A**Reason%20for%20message%3A**%0A%0APlease%20write%20your%20message%20here%20and%20we%27ll%20get%20back%20to%20you!)\n' +
          '\n' +
          '**[Reddit-wide rules are visible here] (https://www.reddit.com/help/contentpolicy/)** - rule breakages **will** result in bans.\n' +
          '\n' +
          '\n' +
          '&amp;nbsp;\n' +
          '\n' +
          '\n' +
          '***Useful Posts:***\n' +
          '\n' +
          '[**AMA with Paul from Which? University**](https://www.reddit.com/r/6thForm/comments/3gtw3k/paul_from_which_university_here_with_some_advice/)\n' +
          '\n' +
          '[**UCAS Points Tariff Explained**](http://www.reddit.com/r/6thForm/comments/1l8143/ucas_points_tariff/)\n' +
          '\n' +
          '\n' +
          '&amp;nbsp;\n' +
          '\n' +
          '\n' +
          '***Useful Websites:***\n' +
          '\n' +
          '[**Physics and Maths Tutor**](http://physicsandmathstutor.com/) - A free website that is useful for _far more_ than just Physics and Maths, with support materials available to download for subjects from Maths all the way through Geography.\n' +
          '\n' +
          '[**Khan Academy**](https://www.khanacademy.org/) - A free website dedicated to teaching people worldwide through intuitive videos and tests. \n' +
          '\n' +
          "[**The Student Room**](http://www.thestudentroom.co.uk/forumdisplay.php?f=80&amp;utm_source=TSR&amp;utm_medium=explorebutton&amp;utm_campaign=Alevels) - A free website that's full of students and tutors to discuss work with - with free revision resources\n" +
          '\n' +
          '[**Get Revising**](http://getrevising.co.uk/) - A free website full of revision resources posted by students and teachers. Create a revision timetable and get revising!\n' +
          '\n' +
          '[**S-cool**](http://www.s-cool.co.uk/) - A helpful revision website with a wealth subject-specific revision pages.\n' +
          '\n' +
          '[**Exam Solutions**](http://www.examsolutions.net/) - A website offering help and revision specifically for Maths A-Level.\n' +
          '\n' +
          '\n' +
          '&amp;nbsp;\n' +
          '\n' +
          '\n' +
          '***Need help with GCSEs? Check out [/r/GCSE](http://www.reddit.com/r/GCSE/)!***\n' +
          '\n' +
          '***Off to uni? Make sure to look at /r/UniUK!***',
        is_chat_post_feature_enabled: true,
        submit_link_label: '',
        user_flair_text_color: null,
        restrict_commenting: false,
        user_flair_css_class: null,
        allow_images: true,
        lang: 'en',
        whitelist_status: 'all_ads',
        url: '/r/6thForm/',
        created_utc: 1377606003,
        banner_size: null,
        mobile_banner_image: '',
        user_is_moderator: null,
        allow_predictions_tournament: false
      },
      {
        user_flair_background_color: null,
        submit_text_html: '&lt;!-- SC_OFF --&gt;&lt;div class="md"&gt;&lt;blockquote&gt;\n' +
          '&lt;ul&gt;\n' +
          '&lt;li&gt;Please read the full rules, found &lt;a href="https://www.reddit.com/r/ApplyingToCollege/wiki/rules"&gt;here&lt;/a&gt;, before posting.&lt;/li&gt;\n' +
          '&lt;/ul&gt;\n' +
          '&lt;/blockquote&gt;\n' +
          '&lt;/div&gt;&lt;!-- SC_ON --&gt;',
        restrict_posting: true,
        user_is_banned: null,
        free_form_reports: false,
        wiki_enabled: true,
        user_is_muted: null,
        user_can_flair_in_sr: null,
        display_name: 'ApplyingToCollege',
        header_img: null,
        title: 'ApplyingToCollege',
        allow_galleries: true,
        icon_size: null,
        primary_color: '#ba2776',
        active_user_count: null,
        icon_img: '',
        display_name_prefixed: 'r/ApplyingToCollege',
        accounts_active: null,
        public_traffic: false,
        subscribers: 1052408,
        user_flair_richtext: [],
        name: 't5_2y2r8',
        quarantine: false,
        hide_ads: false,
        prediction_leaderboard_entry_type: 'SUBREDDIT_HEADER',
        emojis_enabled: true,
        advertiser_category: '',
        public_description: 'r/ApplyingToCollege is the premier forum for college admissions questions, advice, and discussions, from college essays and scholarships to SAT/ACT test prep, career guidance, and more.',
        comment_score_hide_mins: 60,
        allow_predictions: false,
        user_has_favorited: null,
        user_flair_template_id: null,
        community_icon: 'https://styles.redditmedia.com/t5_2y2r8/styles/communityIcon_tn32r59q88ob1.png?width=256&amp;s=ca075a02ab1ccbe9a21f343d061e08934e769d9d',
        banner_background_image: 'https://styles.redditmedia.com/t5_2y2r8/styles/bannerBackgroundImage_s45e2t1w88ob1.png?width=4000&amp;s=be5000db9ff2249ebd311efd5e02d1ca5922402c',
        original_content_tag_enabled: false,
        community_reviewed: true,
        submit_text: '&gt; * Please read the full rules, found [here](https://www.reddit.com/r/ApplyingToCollege/wiki/rules), before posting.',
        description_html: '&lt;!-- SC_OFF --&gt;&lt;div class="md"&gt;&lt;h4&gt;&lt;a href="/r/ApplyingToCollege"&gt;/r/ApplyingToCollege&lt;/a&gt; is the premier forum for college admissions questions, advice, and discussions, from college essays and scholarships to SAT/ACT test prep, career guidance, and more.&lt;/h4&gt;\n' +
          '\n' +
          '&lt;h3&gt;&lt;a href="#Yellow"&gt;&lt;/a&gt;&lt;/h3&gt;\n' +
          '\n' +
          '&lt;blockquote&gt;\n' +
          '&lt;h1&gt;Discord&lt;/h1&gt;\n' +
          '\n' +
          '&lt;p&gt;&lt;a href="https://discord.gg/a2c"&gt;&lt;strong&gt;A2C Discord&lt;/strong&gt;&lt;/a&gt;  &lt;/p&gt;\n' +
          '&lt;/blockquote&gt;\n' +
          '\n' +
          '&lt;h6&gt;&lt;a href="#Gray"&gt;&lt;/a&gt;&lt;/h6&gt;\n' +
          '\n' +
          '&lt;blockquote&gt;\n' +
          '&lt;h1&gt;Filter Posts by:&lt;/h1&gt;\n' +
          '\n' +
          '&lt;p&gt;&lt;a href="https://new.reddit.com/r/ApplyingToCollege/?f=flair_name%3A%22Best%20of%20A2C%22"&gt;&lt;strong&gt;Best of A2C&lt;/strong&gt;&lt;/a&gt;&lt;br/&gt;\n' +
          '&lt;a href="https://new.reddit.com/r/ApplyingToCollege/?f=flair_name%3A%22AMA%22"&gt;AMAs&lt;/a&gt;&lt;br/&gt;\n' +
          '&lt;a href="https://new.reddit.com/r/ApplyingToCollege/?f=flair_name%3A%22Interviews%22"&gt;Interviews&lt;/a&gt;\n' +
          '&lt;a href="https://new.reddit.com/r/ApplyingToCollege/?f=flair_name%3A%22Rec%20Letters%22"&gt;Rec Letters&lt;/a&gt;&lt;br/&gt;\n' +
          '&lt;a href="https://new.reddit.com/r/ApplyingToCollege/?f=flair_name%3A%22Essays%22"&gt;Essays&lt;/a&gt;&lt;br/&gt;\n' +
          '&lt;a href="https://new.reddit.com/r/ApplyingToCollege/?f=flair_name%3A%22Financial%20Aid%22"&gt;Financial Aid&lt;/a&gt;  &lt;/p&gt;\n' +
          '&lt;/blockquote&gt;\n' +
          '\n' +
          '&lt;h1&gt;&lt;a href="#Green"&gt;&lt;/a&gt;&lt;/h1&gt;\n' +
          '\n' +
          '&lt;blockquote&gt;\n' +
          '&lt;h1&gt;Rules for Participating&lt;/h1&gt;\n' +
          '\n' +
          '&lt;p&gt;(1) &lt;strong&gt;Be nice&lt;/strong&gt;! A2C supports a welcoming and inclusive environment. Harassment, intimidation, and bullying are not tolerated. Vulgar, derogatory, disrespectful speech is not permitted. This includes, but is not limited to, racism, homophobia, transphobia, and bigotry or discrimination of any kind, overt or subtle.\n' +
          '&lt;a href="https://www.reddit.com/r/blog/comments/1ytp7q/remember_the_human/"&gt;Remember the human&lt;/a&gt; and follow the &lt;a href="https://www.reddithelp.com/en/categories/reddit-101/reddit-basics/reddiquette"&gt;reddiquette&lt;/a&gt;.&lt;/p&gt;\n' +
          '\n' +
          '&lt;p&gt;(2) &lt;strong&gt;Admissions-related discussion&lt;/strong&gt;. We love to see posts asking questions or creating discussion about all facets of postsecondary (undergraduate) education around the world. If you’re doing this, you should be ok! You are welcome here; this subreddit is not just for highly selective colleges.&lt;/p&gt;\n' +
          '\n' +
          '&lt;p&gt;(3) Spam and solicitations are not permitted on &lt;a href="/r/ApplyingToCollege"&gt;r/ApplyingToCollege&lt;/a&gt;. This includes surveys and polls, YouTube videos, chat links, and offering services of any kind. For more information on what is not permitted, please click &lt;a href="https://www.reddit.com/r/applyingtocollege/wiki/rules"&gt;here&lt;/a&gt;.&lt;/p&gt;\n' +
          '\n' +
          '&lt;p&gt;(4) Chance-me posts, where you provide your information and list of schools and ask about your chances of admission at those schools, are prohibited.&lt;/p&gt;\n' +
          '\n' +
          '&lt;p&gt;(5) AMA posts on &lt;a href="/r/ApplyingToCollege"&gt;r/ApplyingToCollege&lt;/a&gt; are subject to regulation. For more information about the requirements to host an AMA, please &lt;a href="https://www.reddit.com/r/applyingtocollege/wiki/rules"&gt;click here&lt;/a&gt;.&lt;/p&gt;\n' +
          '\n' +
          '&lt;p&gt;(6) Posts and comments dedicated to Affirmative Action will be removed. For more information, please click &lt;a href="https://www.reddit.com/r/applyingtocollege/wiki/rules"&gt;here&lt;/a&gt;.&lt;/p&gt;\n' +
          '\n' +
          '&lt;p&gt;(7) &lt;strong&gt;Do not post sensitive or unethical information&lt;/strong&gt;. This includes essays, personally-identifiable information, or questions about lying/cheating the process.&lt;/p&gt;\n' +
          '\n' +
          '&lt;p&gt;(8) All tongue-in-cheek, fluff, and generic shitposting must be reserved for Shitpost Wednesday. Wednesday is defined in US Eastern Time.&lt;/p&gt;\n' +
          '\n' +
          '&lt;p&gt;(9) &lt;strong&gt;Other posts and comments may be removed at moderator discretion&lt;/strong&gt;. For a complete listing of our subreddit&amp;#39;s rules, please click &lt;a href="https://www.reddit.com/r/applyingtocollege/wiki/rules"&gt;here&lt;/a&gt;&lt;/p&gt;\n' +
          '&lt;/blockquote&gt;\n' +
          '\n' +
          '&lt;h3&gt;&lt;a href="#Yellow"&gt;&lt;/a&gt;&lt;/h3&gt;\n' +
          '\n' +
          '&lt;blockquote&gt;\n' +
          '&lt;h1&gt;Admissions Resources&lt;/h1&gt;\n' +
          '\n' +
          '&lt;p&gt;&lt;a href="https://old.reddit.com/r/ApplyingToCollege/wiki/index"&gt;Wiki&lt;/a&gt;&lt;/p&gt;\n' +
          '\n' +
          '&lt;p&gt;&lt;a href="https://applyingto.college"&gt;Decision Calendar&lt;/a&gt;&lt;/p&gt;\n' +
          '\n' +
          '&lt;p&gt;&lt;a href="https://old.reddit.com/r/ApplyingToCollege/wiki/faq"&gt;FAQ&lt;/a&gt;&lt;/p&gt;\n' +
          '\n' +
          '&lt;p&gt;&lt;a href="https://old.reddit.com/r/ApplyingToCollege/wiki/index#wiki_amas"&gt;AMAs&lt;/a&gt;&lt;/p&gt;\n' +
          '&lt;/blockquote&gt;\n' +
          '\n' +
          '&lt;h4&gt;&lt;a href="#blue"&gt;&lt;/a&gt;&lt;/h4&gt;\n' +
          '\n' +
          '&lt;blockquote&gt;\n' +
          '&lt;h1&gt;Related Subreddits&lt;/h1&gt;\n' +
          '\n' +
          '&lt;p&gt;&lt;a href="/r/ACT"&gt;/r/ACT&lt;/a&gt;&lt;/p&gt;\n' +
          '\n' +
          '&lt;p&gt;&lt;a href="/r/SAT"&gt;/r/SAT&lt;/a&gt;&lt;/p&gt;\n' +
          '\n' +
          '&lt;p&gt;&lt;a href="/r/psat"&gt;/r/psat&lt;/a&gt;&lt;/p&gt;\n' +
          '\n' +
          '&lt;p&gt;&lt;a href="/r/ReverseChanceMe"&gt;/r/ReverseChanceMe&lt;/a&gt; &lt;/p&gt;\n' +
          '\n' +
          '&lt;p&gt;&lt;a href="/r/collegeresults"&gt;/r/collegeresults&lt;/a&gt;&lt;/p&gt;\n' +
          '\n' +
          '&lt;p&gt;&lt;a href="/r/CollegeEssays"&gt;/r/CollegeEssays&lt;/a&gt;&lt;/p&gt;\n' +
          '\n' +
          '&lt;p&gt;&lt;a href="/r/college"&gt;/r/college&lt;/a&gt;&lt;/p&gt;\n' +
          '\n' +
          '&lt;p&gt;&lt;a href="/r/GradSchool"&gt;/r/GradSchool&lt;/a&gt;&lt;/p&gt;\n' +
          '\n' +
          '&lt;p&gt;&lt;a href="/r/GradAdmissions"&gt;/r/GradAdmissions&lt;/a&gt;&lt;/p&gt;\n' +
          '\n' +
          '&lt;p&gt;&lt;a href="/r/IntltoUSA"&gt;/r/IntltoUSA&lt;/a&gt;&lt;/p&gt;\n' +
          '&lt;/blockquote&gt;\n' +
          '\n' +
          '&lt;h6&gt;&lt;a href="#Gray"&gt;&lt;/a&gt;&lt;/h6&gt;\n' +
          '\n' +
          '&lt;blockquote&gt;\n' +
          '&lt;h1&gt;More&lt;/h1&gt;\n' +
          '\n' +
          '&lt;p&gt;If you&amp;#39;re an admissions officer, please &lt;a href="https://www.reddit.com/message/compose?to=%2Fr%2FApplyingToCollege&amp;amp;subject=Special%20Flair%20Request"&gt;send us a message&lt;/a&gt; to request verification or if you have any questions about participation in &lt;a href="/r/ApplyingToCollege"&gt;/r/ApplyingToCollege&lt;/a&gt;.&lt;/p&gt;\n' +
          '\n' +
          '&lt;p&gt;If you&amp;#39;re a member of the media, please &lt;a href="https://www.reddit.com/message/compose?to=%2Fr%2FApplyingToCollege&amp;amp;subject=Media%20Inquiry"&gt;send us a message&lt;/a&gt; to request approval prior to posting or if you have any questions about participation in &lt;a href="/r/ApplyingToCollege"&gt;/r/ApplyingToCollege&lt;/a&gt;.&lt;/p&gt;\n' +
          '&lt;/blockquote&gt;\n' +
          '\n' +
          '&lt;p&gt;&lt;a href="#/RES_SR_Config/NightModeCompatible"&gt;&lt;/a&gt;&lt;/p&gt;\n' +
          '&lt;/div&gt;&lt;!-- SC_ON --&gt;',
        spoilers_enabled: false,
        comment_contribution_settings: { allowed_media_types: [Array] },
        allow_talks: false,
        header_size: null,
        user_flair_position: 'right',
        all_original_content: false,
        has_menu_widget: false,
        is_enrolled_in_new_modmail: null,
        key_color: '#25b79f',
        can_assign_user_flair: true,
        created: 1375445107,
        wls: 6,
        show_media_preview: true,
        submission_type: 'self',
        user_is_subscriber: null,
        allowed_media_in_comments: [ 'expression' ],
        allow_videogifs: false,
        should_archive_posts: false,
        user_flair_type: 'text',
        allow_polls: false,
        collapse_deleted_comments: true,
        emojis_custom_size: null,
        public_description_html: '&lt;!-- SC_OFF --&gt;&lt;div class="md"&gt;&lt;p&gt;&lt;a href="/r/ApplyingToCollege"&gt;r/ApplyingToCollege&lt;/a&gt; is the premier forum for college admissions questions, advice, and discussions, from college essays and scholarships to SAT/ACT test prep, career guidance, and more.&lt;/p&gt;\n' +
          '&lt;/div&gt;&lt;!-- SC_ON --&gt;',
        allow_videos: false,
        is_crosspostable_subreddit: false,
        suggested_comment_sort: 'confidence',
        should_show_media_in_comments_setting: true,
        can_assign_link_flair: true,
        accounts_active_is_fuzzed: false,
        allow_prediction_contributors: false,
        submit_text_label: '',
        link_flair_position: 'left',
        user_sr_flair_enabled: null,
        user_flair_enabled_in_sr: false,
        allow_chat_post_creation: false,
        allow_discovery: true,
        accept_followers: true,
        user_sr_theme_enabled: true,
        link_flair_enabled: true,
        disable_contributor_requests: true,
        subreddit_type: 'public',
        notification_level: null,
        banner_img: '',
        user_flair_text: null,
        banner_background_color: '#ba2776',
        show_media: false,
        id: '2y2r8',
        user_is_contributor: null,
        over18: false,
        header_title: '',
        description: '####/r/ApplyingToCollege is the premier forum for college admissions questions, advice, and discussions, from college essays and scholarships to SAT/ACT test prep, career guidance, and more.\n' +
          '\n' +
          '###[](#Yellow)\n' +
          '&gt;#Discord\n' +
          '\n' +
          '&gt; [**A2C Discord**](https://discord.gg/a2c)  \n' +
          '\n' +
          '######[](#Gray)\n' +
          '&gt;#Filter Posts by:\n' +
          '\n' +
          '&gt; [**Best of A2C**](https://new.reddit.com/r/ApplyingToCollege/?f=flair_name%3A%22Best%20of%20A2C%22)  \n' +
          '&gt; [AMAs](https://new.reddit.com/r/ApplyingToCollege/?f=flair_name%3A%22AMA%22)  \n' +
          '&gt; [Interviews](https://new.reddit.com/r/ApplyingToCollege/?f=flair_name%3A%22Interviews%22)\n' +
          '&gt; [Rec Letters](https://new.reddit.com/r/ApplyingToCollege/?f=flair_name%3A%22Rec%20Letters%22)  \n' +
          '&gt; [Essays](https://new.reddit.com/r/ApplyingToCollege/?f=flair_name%3A%22Essays%22)  \n' +
          '&gt; [Financial Aid](https://new.reddit.com/r/ApplyingToCollege/?f=flair_name%3A%22Financial%20Aid%22)  \n' +
          '\n' +
          '\n' +
          '#[](#Green)\n' +
          '\n' +
          '&gt;#Rules for Participating\n' +
          '\n' +
          '&gt; (1) **Be nice**! A2C supports a welcoming and inclusive environment. Harassment, intimidation, and bullying are not tolerated. Vulgar, derogatory, disrespectful speech is not permitted. This includes, but is not limited to, racism, homophobia, transphobia, and bigotry or discrimination of any kind, overt or subtle.\n' +
          '[Remember the human](https://www.reddit.com/r/blog/comments/1ytp7q/remember_the_human/) and follow the [reddiquette](https://www.reddithelp.com/en/categories/reddit-101/reddit-basics/reddiquette).\n' +
          '\n' +
          '&gt; (2) **Admissions-related discussion**. We love to see posts asking questions or creating discussion about all facets of postsecondary (undergraduate) education around the world. If you’re doing this, you should be ok! You are welcome here; this subreddit is not just for highly selective colleges.\n' +
          '\n' +
          '&gt; (3) Spam and solicitations are not permitted on r/ApplyingToCollege. This includes surveys and polls, YouTube videos, chat links, and offering services of any kind. For more information on what is not permitted, please click [here](https://www.reddit.com/r/applyingtocollege/wiki/rules).\n' +
          '\n' +
          '&gt; (4) Chance-me posts, where you provide your information and list of schools and ask about your chances of admission at those schools, are prohibited.\n' +
          '\n' +
          '&gt; (5) AMA posts on r/ApplyingToCollege are subject to regulation. For more information about the requirements to host an AMA, please [click here](https://www.reddit.com/r/applyingtocollege/wiki/rules).\n' +
          '\n' +
          '&gt; (6) Posts and comments dedicated to Affirmative Action will be removed. For more information, please click [here](https://www.reddit.com/r/applyingtocollege/wiki/rules).\n' +
          '\n' +
          '&gt; (7) **Do not post sensitive or unethical information**. This includes essays, personally-identifiable information, or questions about lying/cheating the process.\n' +
          '\n' +
          '&gt; (8) All tongue-in-cheek, fluff, and generic shitposting must be reserved for Shitpost Wednesday. Wednesday is defined in US Eastern Time.\n' +
          '\n' +
          "&gt; (9) **Other posts and comments may be removed at moderator discretion**. For a complete listing of our subreddit's rules, please click [here](https://www.reddit.com/r/applyingtocollege/wiki/rules)\n" +
          '\n' +
          '###[](#Yellow)\n' +
          '&gt;#Admissions Resources\n' +
          '\n' +
          '&gt;[Wiki](https://old.reddit.com/r/ApplyingToCollege/wiki/index)\n' +
          '\n' +
          '&gt;[Decision Calendar](https://applyingto.college)\n' +
          '\n' +
          '&gt;[FAQ](https://old.reddit.com/r/ApplyingToCollege/wiki/faq)\n' +
          '\n' +
          '&gt;[AMAs](https://old.reddit.com/r/ApplyingToCollege/wiki/index#wiki_amas)\n' +
          '\n' +
          '####[](#blue)\n' +
          '&gt;#Related Subreddits\n' +
          '\n' +
          '&gt;/r/ACT\n' +
          '\n' +
          '&gt;/r/SAT\n' +
          '\n' +
          '&gt;/r/psat\n' +
          '\n' +
          '&gt;/r/ReverseChanceMe \n' +
          '\n' +
          '&gt;/r/collegeresults\n' +
          '\n' +
          '&gt;/r/CollegeEssays\n' +
          '\n' +
          '&gt;/r/college\n' +
          '\n' +
          '&gt;/r/GradSchool\n' +
          '\n' +
          '&gt;/r/GradAdmissions\n' +
          '\n' +
          '&gt;/r/IntltoUSA\n' +
          '\n' +
          '######[](#Gray)\n' +
          '&gt;#More\n' +
          '\n' +
          "&gt;If you're an admissions officer, please [send us a message](https://www.reddit.com/message/compose?to=%2Fr%2FApplyingToCollege&amp;subject=Special%20Flair%20Request) to request verification or if you have any questions about participation in /r/ApplyingToCollege.\n" +
          '\n' +
          "&gt;If you're a member of the media, please [send us a message](https://www.reddit.com/message/compose?to=%2Fr%2FApplyingToCollege&amp;subject=Media%20Inquiry) to request approval prior to posting or if you have any questions about participation in /r/ApplyingToCollege.\n" +
          '\n' +
          '[](#/RES_SR_Config/NightModeCompatible)',
        is_chat_post_feature_enabled: true,
        submit_link_label: '',
        user_flair_text_color: null,
        restrict_commenting: true,
        user_flair_css_class: null,
        allow_images: true,
        lang: 'en',
        whitelist_status: 'all_ads',
        url: '/r/ApplyingToCollege/',
        created_utc: 1375445107,
        banner_size: null,
        mobile_banner_image: 'https://styles.redditmedia.com/t5_2y2r8/styles/mobileBannerImage_jirviecla8ob1.png',
        user_is_moderator: null,
        allow_predictions_tournament: false
      },
      {
        user_flair_background_color: null,
        submit_text_html: null,
        restrict_posting: true,
        user_is_banned: null,
        free_form_reports: true,
        wiki_enabled: true,
        user_is_muted: null,
        user_can_flair_in_sr: null,
        display_name: 'CFD',
        header_img: 'https://b.thumbs.redditmedia.com/01zLkGiIZUvBNx0ho35k1DNheVntdwiGbmmX-6q_KKo.png',
        title: 'Computational Fluid Dynamics',
        allow_galleries: true,
        icon_size: [ 256, 256 ],
        primary_color: '',
        active_user_count: null,
        icon_img: 'https://b.thumbs.redditmedia.com/rBSN1k1xXX-cY5ee-d4e0U-hJ3WOSk-g5i6LYYCGB0M.png',
        display_name_prefixed: 'r/CFD',
        accounts_active: null,
        public_traffic: false,
        subscribers: 20553,
        user_flair_richtext: [],
        videostream_links_count: 0,
        name: 't5_2r5wf',
        quarantine: false,
        hide_ads: false,
        prediction_leaderboard_entry_type: 'SUBREDDIT_HEADER',
        emojis_enabled: false,
        advertiser_category: '',
        public_description: '',
        comment_score_hide_mins: 0,
        allow_predictions: false,
        user_has_favorited: null,
        user_flair_template_id: null,
        community_icon: '',
        banner_background_image: '',
        original_content_tag_enabled: false,
        community_reviewed: true,
        submit_text: '',
        description_html: '&lt;!-- SC_OFF --&gt;&lt;div class="md"&gt;&lt;p&gt;&lt;strong&gt;Computational Fluid Dynamics (CFD)&lt;/strong&gt;&lt;br/&gt;\n' +
          'This is a subreddit for discussing CFD.  Posts consisting solely of advertisements for CFD products or services are not welcome.&lt;/p&gt;\n' +
          '\n' +
          '&lt;p&gt;&lt;strong&gt;Monthly Discussions&lt;/strong&gt;&lt;/p&gt;\n' +
          '\n' +
          '&lt;p&gt;&lt;a href="https://www.reddit.com/r/CFD/wiki/index"&gt;https://www.reddit.com/r/CFD/wiki/index&lt;/a&gt;&lt;/p&gt;\n' +
          '\n' +
          '&lt;p&gt;&lt;strong&gt;References/Useful links&lt;/strong&gt;&lt;/p&gt;\n' +
          '\n' +
          '&lt;ul&gt;\n' +
          '&lt;li&gt;&lt;p&gt;&lt;a href="https://turbmodels.larc.nasa.gov"&gt;NASA Turbulence Modeling Resource&lt;/a&gt;&lt;/p&gt;&lt;/li&gt;\n' +
          '&lt;li&gt;&lt;p&gt;&lt;a href="https://www.grc.nasa.gov/www/wind/valid/resources.html"&gt;Resources for CFD Verification and Validation&lt;/a&gt;&lt;/p&gt;&lt;/li&gt;\n' +
          '&lt;li&gt;&lt;p&gt;&lt;a href="https://ocw.mit.edu/courses/aeronautics-and-astronautics/16-90-computational-methods-in-aerospace-engineering-spring-2014/"&gt;Computational Methods in Aerospace Engineering&lt;/a&gt;&lt;/p&gt;&lt;/li&gt;\n' +
          '&lt;li&gt;&lt;p&gt;&lt;a href="https://ocw.mit.edu/courses/mechanical-engineering/2-29-numerical-fluid-mechanics-spring-2015/index.htm"&gt;Numerical Fluid Mechanics&lt;/a&gt;&lt;/p&gt;&lt;/li&gt;\n' +
          '&lt;li&gt;&lt;p&gt;&lt;a href="https://ocw.mit.edu/courses/mathematics/18-330-introduction-to-numerical-analysis-spring-2004/index.htm"&gt;Introduction to Numerical Analysis&lt;/a&gt;&lt;/p&gt;&lt;/li&gt;\n' +
          '&lt;li&gt;&lt;p&gt;&lt;a href="https://www.grc.nasa.gov/WWW/wind/valid/tutorial/spatconv.html"&gt;Examining Spatial (Grid) Convergence&lt;/a&gt;&lt;/p&gt;&lt;/li&gt;\n' +
          '&lt;li&gt;&lt;p&gt;&lt;a href="http://www4.ncsu.edu/%7Ectk/ma580.html"&gt;Introduction to Numerical Analysis I&lt;/a&gt;&lt;/p&gt;&lt;/li&gt;\n' +
          '&lt;li&gt;&lt;p&gt;&lt;a href="https://confluence.cornell.edu/display/SIMULATION/FLUENT+Learning+Modules"&gt;Cornell Fluent Modules&lt;/a&gt;&lt;/p&gt;&lt;/li&gt;\n' +
          '&lt;li&gt;&lt;p&gt;&lt;a href="http://openedx.seas.gwu.edu/courses/GW/MAE6286/2014_fall/about"&gt;Practical Numerical Methods with Python&lt;/a&gt;&lt;/p&gt;&lt;/li&gt;\n' +
          '&lt;li&gt;&lt;p&gt;&lt;a href="https://github.com/barbagroup/CFDPython"&gt;12 Steps to CFD&lt;/a&gt;&lt;/p&gt;&lt;/li&gt;\n' +
          '&lt;li&gt;&lt;p&gt;&lt;a href="https://www.reddit.com/r/CFD/comments/2emuk2/what_software_to_begin_for_a_novice_cfd_student/ck1y22o/"&gt;/u/derioderio&amp;#39;s Links to Begin CFD&lt;/a&gt;&lt;/p&gt;&lt;/li&gt;\n' +
          '&lt;li&gt;&lt;p&gt;&lt;a href="http://faculty.washington.edu/rjl/uwhpsc-coursera/"&gt;High Performance Scientific Computing&lt;/a&gt;&lt;/p&gt;&lt;/li&gt;\n' +
          '&lt;/ul&gt;\n' +
          '\n' +
          '&lt;p&gt;&lt;a href="https://en.reddit.com/r/CFD/comments/7wdsw1/referencesuseful_links_vote/"&gt;Vote for Content Here&lt;/a&gt;&lt;/p&gt;\n' +
          '\n' +
          '&lt;p&gt;&lt;strong&gt;Other great subreddits&lt;/strong&gt;&lt;/p&gt;\n' +
          '\n' +
          '&lt;ul&gt;\n' +
          '&lt;li&gt;&lt;a href="/r/Engineering"&gt;/r/Engineering&lt;/a&gt;&lt;/li&gt;\n' +
          '&lt;li&gt;&lt;a href="/r/EngineeringStudents"&gt;/r/EngineeringStudents&lt;/a&gt;&lt;/li&gt;\n' +
          '&lt;li&gt;&lt;a href="/r/AskScience"&gt;/r/AskScience&lt;/a&gt;&lt;/li&gt;\n' +
          '&lt;li&gt;&lt;a href="/r/MechanicalEngineer"&gt;/r/MechanicalEngineer&lt;/a&gt;&lt;/li&gt;\n' +
          '&lt;li&gt;&lt;a href="/r/civilengineering"&gt;/r/civilengineering&lt;/a&gt;&lt;/li&gt;\n' +
          '&lt;li&gt;&lt;a href="/r/aerospace"&gt;/r/aerospace&lt;/a&gt;&lt;/li&gt;\n' +
          '&lt;li&gt;&lt;a href="/r/FluidMechanics"&gt;/r/FluidMechanics&lt;/a&gt;&lt;/li&gt;\n' +
          '&lt;li&gt;&lt;a href="/r/ComputerScience"&gt;/r/ComputerScience&lt;/a&gt;&lt;/li&gt;\n' +
          '&lt;li&gt;&lt;a href="/r/CScareerquestions"&gt;/r/CScareerquestions&lt;/a&gt;&lt;/li&gt;\n' +
          '&lt;li&gt;&lt;a href="/r/math"&gt;/r/math&lt;/a&gt;&lt;/li&gt;\n' +
          '&lt;li&gt;&lt;a href="/r/Programming"&gt;/r/Programming&lt;/a&gt;&lt;/li&gt;\n' +
          '&lt;li&gt;&lt;a href="/r/HPC"&gt;/r/HPC&lt;/a&gt;&lt;/li&gt;\n' +
          '&lt;/ul&gt;\n' +
          '&lt;/div&gt;&lt;!-- SC_ON --&gt;',
        spoilers_enabled: true,
        comment_contribution_settings: { allowed_media_types: null },
        allow_talks: false,
        header_size: [ 125, 63 ],
        user_flair_position: 'right',
        all_original_content: false,
        has_menu_widget: false,
        is_enrolled_in_new_modmail: null,
        key_color: '#24a0ed',
        can_assign_user_flair: false,
        created: 1251637725,
        wls: 6,
        show_media_preview: true,
        submission_type: 'any',
        user_is_subscriber: null,
        allowed_media_in_comments: [],
        allow_videogifs: true,
        should_archive_posts: false,
        user_flair_type: 'text',
        allow_polls: true,
        collapse_deleted_comments: false,
        emojis_custom_size: null,
        public_description_html: null,
        allow_videos: true,
        is_crosspostable_subreddit: false,
        suggested_comment_sort: null,
        should_show_media_in_comments_setting: true,
        can_assign_link_flair: false,
        accounts_active_is_fuzzed: false,
        allow_prediction_contributors: false,
        submit_text_label: '',
        link_flair_position: '',
        user_sr_flair_enabled: null,
        user_flair_enabled_in_sr: false,
        allow_chat_post_creation: false,
        allow_discovery: true,
        accept_followers: true,
        user_sr_theme_enabled: true,
        link_flair_enabled: false,
        disable_contributor_requests: false,
        subreddit_type: 'public',
        notification_level: null,
        banner_img: 'https://b.thumbs.redditmedia.com/4XcQdbYIaEhDKTXnVeoYoqEVAny-zUmjTWJgS1OYVcw.png',
        user_flair_text: null,
        banner_background_color: '',
        show_media: true,
        id: '2r5wf',
        user_is_contributor: null,
        over18: false,
        header_title: '',
        description: '**Computational Fluid Dynamics (CFD)**  \n' +
          'This is a subreddit for discussing CFD.  Posts consisting solely of advertisements for CFD products or services are not welcome.\n' +
          '\n' +
          '**Monthly Discussions**\n' +
          '\n' +
          'https://www.reddit.com/r/CFD/wiki/index\n' +
          '\n' +
          '**References/Useful links**\n' +
          '\n' +
          '* [NASA Turbulence Modeling Resource](https://turbmodels.larc.nasa.gov)\n' +
          '\n' +
          '* [Resources for CFD Verification and Validation](https://www.grc.nasa.gov/www/wind/valid/resources.html)\n' +
          '\n' +
          '* [Computational Methods in Aerospace Engineering](https://ocw.mit.edu/courses/aeronautics-and-astronautics/16-90-computational-methods-in-aerospace-engineering-spring-2014/)\n' +
          '\n' +
          '* [Numerical Fluid Mechanics](https://ocw.mit.edu/courses/mechanical-engineering/2-29-numerical-fluid-mechanics-spring-2015/index.htm)\n' +
          '\n' +
          '* [Introduction to Numerical Analysis](https://ocw.mit.edu/courses/mathematics/18-330-introduction-to-numerical-analysis-spring-2004/index.htm)\n' +
          '\n' +
          '* [Examining Spatial (Grid) Convergence](https://www.grc.nasa.gov/WWW/wind/valid/tutorial/spatconv.html)\n' +
          '\n' +
          '* [Introduction to Numerical Analysis I](http://www4.ncsu.edu/~ctk/ma580.html)\n' +
          '\n' +
          '* [Cornell Fluent Modules](https://confluence.cornell.edu/display/SIMULATION/FLUENT+Learning+Modules)\n' +
          '\n' +
          '* [Practical Numerical Methods with Python](http://openedx.seas.gwu.edu/courses/GW/MAE6286/2014_fall/about)\n' +
          '\n' +
          '* [12 Steps to CFD](https://github.com/barbagroup/CFDPython)\n' +
          '\n' +
          "* [/u/derioderio's Links to Begin CFD](https://www.reddit.com/r/CFD/comments/2emuk2/what_software_to_begin_for_a_novice_cfd_student/ck1y22o/)\n" +
          '\n' +
          '* [High Performance Scientific Computing](http://faculty.washington.edu/rjl/uwhpsc-coursera/)\n' +
          '\n' +
          '\n' +
          '[Vote for Content Here](https://en.reddit.com/r/CFD/comments/7wdsw1/referencesuseful_links_vote/)\n' +
          '\n' +
          '\n' +
          '\n' +
          '**Other great subreddits**\n' +
          '\n' +
          '* /r/Engineering\n' +
          '* /r/EngineeringStudents\n' +
          '* /r/AskScience\n' +
          '* /r/MechanicalEngineer\n' +
          '* /r/civilengineering\n' +
          '* /r/aerospace\n' +
          '* /r/FluidMechanics\n' +
          '* /r/ComputerScience\n' +
          '* /r/CScareerquestions\n' +
          '* /r/math\n' +
          '* /r/Programming\n' +
          '* /r/HPC',
        is_chat_post_feature_enabled: true,
        submit_link_label: '',
        user_flair_text_color: null,
        restrict_commenting: false,
        user_flair_css_class: null,
        allow_images: true,
        lang: 'en',
        whitelist_status: 'all_ads',
        url: '/r/CFD/',
        created_utc: 1251637725,
        banner_size: [ 1280, 384 ],
        mobile_banner_image: '',
        user_is_moderator: null,
        allow_predictions_tournament: false
      },
      {
        user_flair_background_color: null,
        submit_text_html: null,
        restrict_posting: true,
        user_is_banned: null,
        free_form_reports: true,
        wiki_enabled: true,
        user_is_muted: null,
        user_can_flair_in_sr: null,
        display_name: 'tmec',
        header_img: null,
        title: 'T-MEC: Terrarian Mechanical Engineering Corps',
        allow_galleries: true,
        icon_size: null,
        primary_color: '',
        active_user_count: null,
        icon_img: '',
        display_name_prefixed: 'r/tmec',
        accounts_active: null,
        public_traffic: false,
        subscribers: 144,
        user_flair_richtext: [],
        videostream_links_count: 0,
        name: 't5_3eezt',
        quarantine: false,
        hide_ads: false,
        prediction_leaderboard_entry_type: 'IN_FEED',
        emojis_enabled: true,
        advertiser_category: '',
        public_description: "T-MEC is all about tinkering with Terraria's physics and wiring to create awesome inventions. From simple crab engines to the most complex computers, all knowledge resides in this community.",
        comment_score_hide_mins: 0,
        allow_predictions: false,
        user_has_favorited: null,
        user_flair_template_id: null,
        community_icon: '',
        banner_background_image: '',
        original_content_tag_enabled: false,
        community_reviewed: false,
        submit_text: '',
        description_html: '&lt;!-- SC_OFF --&gt;&lt;div class="md"&gt;&lt;p&gt;&lt;strong&gt;Description:&lt;/strong&gt;&lt;/p&gt;\n' +
          '\n' +
          '&lt;p&gt;T-MEC is all about tinkering with Terraria physics and wiring to create awesome inventions. From simple crab engines to complex calculators, all knowledge resides within this community.&lt;/p&gt;\n' +
          '\n' +
          '&lt;blockquote&gt;\n' +
          '&lt;p&gt;&lt;em&gt;&lt;a href="http://www.reddit.com/r/tmec"&gt;Filters&lt;/a&gt;&lt;/em&gt; &lt;strong&gt;&lt;a href="http://gn.reddit.com/r/tmec/#gn"&gt;General&lt;/a&gt;\n' +
          '&lt;a href="http://pc.reddit.com/r/tmec/#pc"&gt;Pc&lt;/a&gt;\n' +
          '&lt;a href="http://co.reddit.com/r/tmec/#co"&gt;Console&lt;/a&gt;\n' +
          '&lt;a href="http://mb.reddit.com/r/tmec/#mb"&gt;Mobile/3ds&lt;/a&gt;\n' +
          '&lt;a href="http://rq.reddit.com/r/tmec/#rq"&gt;Requests&lt;/a&gt;\n' +
          '&lt;a href="http://ot.reddit.com/r/tmec/#ot"&gt;Other&lt;/a&gt;\n' +
          '&lt;a href="http://an.reddit.com/r/tmec/#an"&gt;Announcements&lt;/a&gt;&lt;/strong&gt;&lt;/p&gt;\n' +
          '&lt;/blockquote&gt;\n' +
          '\n' +
          '&lt;ul&gt;\n' +
          '&lt;li&gt;&lt;p&gt;&lt;strong&gt;Subreddit Rules:&lt;/strong&gt;&lt;/p&gt;&lt;/li&gt;\n' +
          '&lt;li&gt;&lt;p&gt;&lt;a href="https://www.reddit.com/r/tmec/wiki/rules"&gt;Extensive Rules Page&lt;/a&gt;&lt;/p&gt;&lt;/li&gt;\n' +
          '&lt;li&gt;&lt;p&gt;&lt;a href="https:///www.reddit.com/r/tmec/wiki/list"&gt;The List&lt;/a&gt;&lt;/p&gt;&lt;/li&gt;\n' +
          '&lt;/ul&gt;\n' +
          '\n' +
          '&lt;ul&gt;\n' +
          '&lt;li&gt;&lt;p&gt;&lt;strong&gt;Useful Links:&lt;/strong&gt;&lt;/p&gt;&lt;/li&gt;\n' +
          '&lt;li&gt;&lt;p&gt;&lt;a href="https://forums.terraria.org/index.php?social-forums/t-mec-terrarian-mechanical-engineering-corps.203/"&gt;T-MEC Page&lt;/a&gt;&lt;/p&gt;&lt;/li&gt;\n' +
          '&lt;li&gt;&lt;p&gt;&lt;a href="https://forums.terraria.org"&gt;Terraria Forums&lt;/a&gt;&lt;/p&gt;&lt;/li&gt;\n' +
          '&lt;li&gt;&lt;p&gt;&lt;a href="http://terraria.gamepedia.com"&gt;Terraria Wiki&lt;/a&gt;&lt;/p&gt;&lt;/li&gt;\n' +
          '&lt;li&gt;&lt;p&gt;&lt;a href="https://www.reddit.com/r/tmec/wiki/index"&gt;T-MEC Subreddit Wiki&lt;/a&gt;&lt;/p&gt;&lt;/li&gt;\n' +
          '&lt;li&gt;&lt;p&gt;&lt;a href="https://www.reddit.com/r/tmec/wiki/modjobs"&gt;Moderator Jobs&lt;/a&gt;&lt;/p&gt;&lt;/li&gt;\n' +
          '&lt;/ul&gt;\n' +
          '\n' +
          '&lt;ul&gt;\n' +
          '&lt;li&gt;&lt;p&gt;&lt;strong&gt;Similar Subreddits:&lt;/strong&gt;&lt;/p&gt;&lt;/li&gt;\n' +
          '&lt;li&gt;&lt;p&gt;&lt;a href="https://www.reddit.com/r/terraria"&gt;Terraria&lt;/a&gt;&lt;/p&gt;&lt;/li&gt;\n' +
          '&lt;li&gt;&lt;p&gt;&lt;a href="https://www.reddit.com//r/TerrariaCTG"&gt;TerrariaCTG&lt;/a&gt; &lt;/p&gt;&lt;/li&gt;\n' +
          '&lt;/ul&gt;\n' +
          '&lt;/div&gt;&lt;!-- SC_ON --&gt;',
        spoilers_enabled: true,
        comment_contribution_settings: {},
        allow_talks: false,
        header_size: null,
        user_flair_position: 'right',
        all_original_content: false,
        has_menu_widget: false,
        is_enrolled_in_new_modmail: null,
        key_color: '#ff4500',
        can_assign_user_flair: true,
        created: 1462040913,
        wls: null,
        show_media_preview: false,
        submission_type: 'any',
        user_is_subscriber: null,
        allowed_media_in_comments: [],
        allow_videogifs: true,
        should_archive_posts: false,
        user_flair_type: 'text',
        allow_polls: true,
        collapse_deleted_comments: false,
        emojis_custom_size: null,
        public_description_html: '&lt;!-- SC_OFF --&gt;&lt;div class="md"&gt;&lt;p&gt;T-MEC is all about tinkering with Terraria&amp;#39;s physics and wiring to create awesome inventions. From simple crab engines to the most complex computers, all knowledge resides in this community.&lt;/p&gt;\n' +
          '&lt;/div&gt;&lt;!-- SC_ON --&gt;',
        allow_videos: true,
        is_crosspostable_subreddit: false,
        suggested_comment_sort: null,
        should_show_media_in_comments_setting: true,
        can_assign_link_flair: true,
        accounts_active_is_fuzzed: false,
        allow_prediction_contributors: false,
        submit_text_label: '',
        link_flair_position: 'left',
        user_sr_flair_enabled: null,
        user_flair_enabled_in_sr: false,
        allow_chat_post_creation: false,
        allow_discovery: true,
        accept_followers: true,
        user_sr_theme_enabled: true,
        link_flair_enabled: true,
        disable_contributor_requests: false,
        subreddit_type: 'public',
        notification_level: null,
        banner_img: '',
        user_flair_text: null,
        banner_background_color: '',
        show_media: true,
        id: '3eezt',
        user_is_contributor: null,
        over18: false,
        header_title: 'T-MEC: Terrarian Mechanical Engineering Corps',
        description: '**Description:**\n' +
          '\n' +
          'T-MEC is all about tinkering with Terraria physics and wiring to create awesome inventions. From simple crab engines to complex calculators, all knowledge resides within this community.\n' +
          '\n' +
          '&gt;*[Filters](http://www.reddit.com/r/tmec)* **[General](http://gn.reddit.com/r/tmec/#gn)\n' +
          '[Pc](http://pc.reddit.com/r/tmec/#pc)\n' +
          '[Console](http://co.reddit.com/r/tmec/#co)\n' +
          '[Mobile/3ds](http://mb.reddit.com/r/tmec/#mb)\n' +
          '[Requests](http://rq.reddit.com/r/tmec/#rq)\n' +
          '[Other](http://ot.reddit.com/r/tmec/#ot)\n' +
          '[Announcements](http://an.reddit.com/r/tmec/#an)**\n' +
          '\n' +
          '* **Subreddit Rules:**\n' +
          '\n' +
          '* [Extensive Rules Page](https://www.reddit.com/r/tmec/wiki/rules)\n' +
          '\n' +
          '* [The List](https:///www.reddit.com/r/tmec/wiki/list)\n' +
          '\n' +
          '#\n' +
          '\n' +
          '* **Useful Links:**\n' +
          '\n' +
          '* [T-MEC Page](https://forums.terraria.org/index.php?social-forums/t-mec-terrarian-mechanical-engineering-corps.203/)\n' +
          '\n' +
          '* [Terraria Forums](https://forums.terraria.org)\n' +
          '\n' +
          '* [Terraria Wiki](http://terraria.gamepedia.com)\n' +
          '\n' +
          '* [T-MEC Subreddit Wiki](https://www.reddit.com/r/tmec/wiki/index)\n' +
          '\n' +
          '* [Moderator Jobs](https://www.reddit.com/r/tmec/wiki/modjobs)\n' +
          '\n' +
          '#\n' +
          '\n' +
          '* **Similar Subreddits:**\n' +
          '\n' +
          '* [Terraria](https://www.reddit.com/r/terraria)\n' +
          '\n' +
          '* [TerrariaCTG](https://www.reddit.com//r/TerrariaCTG) \n' +
          '\n' +
          '\n' +
          '\n' +
          '\n' +
          '\n' +
          '\n' +
          '\n',
        is_chat_post_feature_enabled: true,
        submit_link_label: '',
        user_flair_text_color: null,
        restrict_commenting: false,
        user_flair_css_class: null,
        allow_images: true,
        lang: 'en',
        whitelist_status: null,
        url: '/r/tmec/',
        created_utc: 1462040913,
        banner_size: null,
        mobile_banner_image: '',
        user_is_moderator: null,
        allow_predictions_tournament: false
      },
      {
        user_flair_background_color: null,
        submit_text_html: null,
        restrict_posting: true,
        user_is_banned: null,
        free_form_reports: true,
        wiki_enabled: true,
        user_is_muted: null,
        user_can_flair_in_sr: null,
        display_name: 'gradadmissions',
        header_img: null,
        title: 'Advice for getting into graduate school',
        allow_galleries: true,
        icon_size: null,
        primary_color: '',
        active_user_count: null,
        icon_img: '',
        display_name_prefixed: 'r/gradadmissions',
        accounts_active: null,
        public_traffic: false,
        subscribers: 219581,
        user_flair_richtext: [],
        videostream_links_count: 0,
        name: 't5_2tn62',
        quarantine: false,
        hide_ads: false,
        prediction_leaderboard_entry_type: 'SUBREDDIT_HEADER',
        emojis_enabled: false,
        advertiser_category: 'College / University',
        public_description: "This subreddit is for anyone who is going through the process of getting into graduate school, and for those who've been there and have advice to give.",
        comment_score_hide_mins: 0,
        allow_predictions: false,
        user_has_favorited: null,
        user_flair_template_id: null,
        community_icon: '',
        banner_background_image: '',
        original_content_tag_enabled: false,
        community_reviewed: true,
        submit_text: '',
        description_html: '&lt;!-- SC_OFF --&gt;&lt;div class="md"&gt;&lt;p&gt;This subreddit is for anyone who is going through the process of getting into graduate school, and for those who&amp;#39;ve been there and have advice to give.&lt;/p&gt;\n' +
          '\n' +
          '&lt;p&gt;Have general knowledge or advice to share from your experiences? &lt;a href="http://www.reddit.com/r/gradadmissions/wiki/index"&gt;Consider adding them to our wiki&lt;/a&gt;.&lt;/p&gt;\n' +
          '\n' +
          '&lt;p&gt;&lt;a href="http://www.afouro.com/calculator/college-gpa-calculator/"&gt;A handy tool for calculating your GPA&lt;/a&gt;&lt;/p&gt;\n' +
          '\n' +
          '&lt;p&gt;&lt;a href="http://www.reddit.com/r/gradadmissions/comments/25gmig/a_somewhat_notgentle_guide_to_getting_into_grad/"&gt;A somewhat not-gentle guide to getting into grad school with subpar grades&lt;/a&gt;&lt;/p&gt;\n' +
          '\n' +
          '&lt;p&gt;&lt;a href="http://www.reddit.com/r/gradadmissions/comments/1lcegw/so_you_want_to_apply_to_graduate_school/"&gt;This thread has some solid advice for students applying to programs in the hard sciences&lt;/a&gt;.&lt;/p&gt;\n' +
          '\n' +
          '&lt;p&gt;Need someone to look at your materials? &lt;a href="http://www.reddit.com/r/gradadmissions/comments/12ksux/introducing_the_rgradadmissions_buddy_list_signup/"&gt;Use the buddy system!&lt;/a&gt;&lt;/p&gt;\n' +
          '\n' +
          '&lt;hr/&gt;\n' +
          '\n' +
          '&lt;p&gt;&lt;strong&gt;Rules:&lt;/strong&gt;&lt;/p&gt;\n' +
          '\n' +
          '&lt;ul&gt;\n' +
          '&lt;li&gt;&lt;p&gt;Advertising for consulting and other services is NOT allowed.&lt;/p&gt;&lt;/li&gt;\n' +
          '&lt;li&gt;&lt;p&gt;Surveys need moderator approval prior to posting. &lt;/p&gt;&lt;/li&gt;\n' +
          '&lt;li&gt;&lt;p&gt;Don&amp;#39;t be a jerk.&lt;/p&gt;&lt;/li&gt;\n' +
          '&lt;li&gt;&lt;p&gt;Newly accounts are not allowed to post. If you need a dedicated admissions throwaway account, please let it age at least five days before contacting the mods.&lt;/p&gt;&lt;/li&gt;\n' +
          '&lt;/ul&gt;\n' +
          '\n' +
          '&lt;hr/&gt;\n' +
          '\n' +
          '&lt;p&gt;&lt;strong&gt;Related Subreddits:&lt;/strong&gt;&lt;/p&gt;\n' +
          '\n' +
          '&lt;ul&gt;\n' +
          '&lt;li&gt;&lt;a href="/r/ApplyingToCollege"&gt;/r/ApplyingToCollege&lt;/a&gt;&lt;/li&gt;\n' +
          '&lt;li&gt;&lt;a href="/r/AskAcademia"&gt;/r/AskAcademia&lt;/a&gt; &lt;/li&gt;\n' +
          '&lt;li&gt;&lt;a href="/r/GradSchool"&gt;/r/GradSchool&lt;/a&gt; &lt;/li&gt;\n' +
          '&lt;li&gt;&lt;a href="/r/GRE"&gt;/r/GRE&lt;/a&gt; &lt;/li&gt;\n' +
          '&lt;li&gt;&lt;a href="/r/PreDental"&gt;/r/PreDental&lt;/a&gt;&lt;/li&gt;\n' +
          '&lt;li&gt;&lt;a href="/r/resumes"&gt;/r/resumes&lt;/a&gt; &lt;/li&gt;\n' +
          '&lt;li&gt;&lt;a href="/r/WorldScholarships"&gt;/r/WorldScholarships&lt;/a&gt;&lt;/li&gt;\n' +
          '&lt;/ul&gt;\n' +
          '\n' +
          '&lt;hr/&gt;\n' +
          '\n' +
          '&lt;p&gt;&lt;a href="http://www.reddit.com/message/compose?to=%2Fr%2Fgradadmissions"&gt;Contact the subreddit moderators with questions, comments or concerns.&lt;/a&gt;&lt;/p&gt;\n' +
          '&lt;/div&gt;&lt;!-- SC_ON --&gt;',
        spoilers_enabled: true,
        comment_contribution_settings: { allowed_media_types: null },
        allow_talks: false,
        header_size: null,
        user_flair_position: 'right',
        all_original_content: false,
        has_menu_widget: false,
        is_enrolled_in_new_modmail: null,
        key_color: '',
        can_assign_user_flair: true,
        created: 1330453018,
        wls: 6,
        show_media_preview: true,
        submission_type: 'any',
        user_is_subscriber: null,
        allowed_media_in_comments: [],
        allow_videogifs: true,
        should_archive_posts: false,
        user_flair_type: 'text',
        allow_polls: true,
        collapse_deleted_comments: true,
        emojis_custom_size: null,
        public_description_html: '&lt;!-- SC_OFF --&gt;&lt;div class="md"&gt;&lt;p&gt;This subreddit is for anyone who is going through the process of getting into graduate school, and for those who&amp;#39;ve been there and have advice to give.&lt;/p&gt;\n' +
          '&lt;/div&gt;&lt;!-- SC_ON --&gt;',
        allow_videos: true,
        is_crosspostable_subreddit: false,
        suggested_comment_sort: null,
        should_show_media_in_comments_setting: true,
        can_assign_link_flair: true,
        accounts_active_is_fuzzed: false,
        allow_prediction_contributors: false,
        submit_text_label: '',
        link_flair_position: 'right',
        user_sr_flair_enabled: null,
        user_flair_enabled_in_sr: false,
        allow_chat_post_creation: false,
        allow_discovery: true,
        accept_followers: true,
        user_sr_theme_enabled: true,
        link_flair_enabled: true,
        disable_contributor_requests: true,
        subreddit_type: 'public',
        notification_level: null,
        banner_img: '',
        user_flair_text: null,
        banner_background_color: '',
        show_media: true,
        id: '2tn62',
        user_is_contributor: null,
        over18: false,
        header_title: '',
        description: "This subreddit is for anyone who is going through the process of getting into graduate school, and for those who've been there and have advice to give.\n" +
          '\n' +
          'Have general knowledge or advice to share from your experiences? [Consider adding them to our wiki](http://www.reddit.com/r/gradadmissions/wiki/index).\n' +
          '\n' +
          '[A handy tool for calculating your GPA](http://www.afouro.com/calculator/college-gpa-calculator/)\n' +
          '\n' +
          '[A somewhat not-gentle guide to getting into grad school with subpar grades](http://www.reddit.com/r/gradadmissions/comments/25gmig/a_somewhat_notgentle_guide_to_getting_into_grad/)\n' +
          '\n' +
          '[This thread has some solid advice for students applying to programs in the hard sciences](http://www.reddit.com/r/gradadmissions/comments/1lcegw/so_you_want_to_apply_to_graduate_school/).\n' +
          '\n' +
          'Need someone to look at your materials? [Use the buddy system!](http://www.reddit.com/r/gradadmissions/comments/12ksux/introducing_the_rgradadmissions_buddy_list_signup/)\n' +
          '___________________________________\n' +
          '**Rules:**\n' +
          '\n' +
          '* Advertising for consulting and other services is NOT allowed.\n' +
          '\n' +
          '* Surveys need moderator approval prior to posting. \n' +
          '\n' +
          "* Don't be a jerk.\n" +
          '\n' +
          '* Newly accounts are not allowed to post. If you need a dedicated admissions throwaway account, please let it age at least five days before contacting the mods.\n' +
          '\n' +
          '___________________________________\n' +
          '**Related Subreddits:**\n' +
          '\n' +
          '* /r/ApplyingToCollege\n' +
          '* /r/AskAcademia \n' +
          '* /r/GradSchool \n' +
          '* /r/GRE \n' +
          '* /r/PreDental\n' +
          '* /r/resumes \n' +
          '* /r/WorldScholarships\n' +
          '\n' +
          '\n' +
          '___________________________________\n' +
          '[Contact the subreddit moderators with questions, comments or concerns.](http://www.reddit.com/message/compose?to=%2Fr%2Fgradadmissions)',
        is_chat_post_feature_enabled: true,
        submit_link_label: '',
        user_flair_text_color: null,
        restrict_commenting: false,
        user_flair_css_class: null,
        allow_images: true,
        lang: 'en',
        whitelist_status: 'all_ads',
        url: '/r/gradadmissions/',
        created_utc: 1330453018,
        banner_size: null,
        mobile_banner_image: '',
        user_is_moderator: null,
        allow_predictions_tournament: false
      },
      {
        user_flair_background_color: null,
        submit_text_html: '&lt;!-- SC_OFF --&gt;&lt;div class="md"&gt;&lt;p&gt;&lt;strong&gt;Please do prior research (google/your friends/colleagues/sub wiki pages) before posting questions. Also you need to mention your qualifications in Post Title.&lt;/strong&gt;&lt;/p&gt;\n' +
          '&lt;/div&gt;&lt;!-- SC_ON --&gt;',
        restrict_posting: true,
        user_is_banned: null,
        free_form_reports: true,
        wiki_enabled: true,
        user_is_muted: null,
        user_can_flair_in_sr: null,
        display_name: 'Indian_Academia',
        header_img: null,
        title: 'For questions and discussions about the education system, colleges, research, and careers in India ',
        allow_galleries: true,
        icon_size: null,
        primary_color: '#373c3f',
        active_user_count: null,
        icon_img: '',
        display_name_prefixed: 'r/Indian_Academia',
        accounts_active: null,
        public_traffic: false,
        subscribers: 198438,
        user_flair_richtext: [],
        name: 't5_idfco',
        quarantine: false,
        hide_ads: false,
        prediction_leaderboard_entry_type: 'SUBREDDIT_HEADER',
        emojis_enabled: false,
        advertiser_category: '',
        public_description: '\n' +
          'A subreddit for discussions about Indian higher education, research, admissions process, career advice, resource sharing, and similar topics.',
        comment_score_hide_mins: 60,
        allow_predictions: false,
        user_has_favorited: null,
        user_flair_template_id: null,
        community_icon: 'https://styles.redditmedia.com/t5_idfco/styles/communityIcon_cutci7b690371.png?width=256&amp;s=230c7c41a0c77b65a2b9646b4099e433eb40b276',
        banner_background_image: 'https://styles.redditmedia.com/t5_idfco/styles/bannerBackgroundImage_0oeuz67tzpv21.png?width=4000&amp;s=df0fb81267d1978337140691107bea65964f7787',
        original_content_tag_enabled: false,
        community_reviewed: true,
        submit_text: '**Please do prior research (google/your friends/colleagues/sub wiki pages) before posting questions. Also you need to mention your qualifications in Post Title.**',
        description_html: '&lt;!-- SC_OFF --&gt;&lt;div class="md"&gt;&lt;h2&gt;Welcome to &lt;a href="/r/Indian_Academia"&gt;/r/Indian_Academia&lt;/a&gt;!&lt;/h2&gt;\n' +
          '\n' +
          '&lt;p&gt;Please read our wiki: &lt;a href="https://www.reddit.com/r/Indian_Academia/wiki/all_wiki_index"&gt;https://www.reddit.com/r/Indian_Academia/wiki/all_wiki_index&lt;/a&gt;&lt;/p&gt;\n' +
          '\n' +
          '&lt;p&gt;A subreddit for discussions about Indian higher education, research, admissions process, career advice, resource sharing, and other relevant topics.  &lt;a href="https://www.reddit.com/message/compose/?to=/r/Indian_Academia"&gt;Send message to moderators by clicking here, if you need any help&lt;/a&gt;&lt;/p&gt;\n' +
          '\n' +
          '&lt;p&gt;&lt;a href="https://www.reddit.com/r/Indian_Academia/comments/k2hgoh/neet_study_guidance_v1"&gt;1. NEET Prep Guidance Thread&lt;/a&gt;&lt;/p&gt;\n' +
          '\n' +
          '&lt;p&gt;&lt;a href="https://www.reddit.com/r/Indian_Academia/comments/k23ef7/jee_study_guidance_v1/"&gt;2. JEE Prep Guidance Thread&lt;/a&gt;&lt;/p&gt;\n' +
          '\n' +
          '&lt;p&gt;&lt;a href="https://www.reddit.com/r/Indian_Academia/comments/kbqt0j/monthly_once_sticky_links_to_external_study_groups/"&gt;4. Monthly Once Sticky : Links to external study / groups &lt;/a&gt;&lt;/p&gt;\n' +
          '\n' +
          '&lt;p&gt;&lt;a href="https://www.reddit.com/r/Indian_Academia/comments/kg203t/itaf_is_there_anyone_from_xyz_branchcollegeplanet/"&gt;6. ITAF: Is there anyone from XYZ branch/college #megathread&lt;/a&gt;&lt;/p&gt;\n' +
          '\n' +
          '&lt;p&gt;&lt;a href="https://www.reddit.com/r/Indian_Academia/comments/kg1vzv/i_got_x_marks_which_branch_can_i_get_megathread/"&gt;7. I got X marks, which branch can I get? #megathread&lt;/a&gt;&lt;/p&gt;\n' +
          '\n' +
          '&lt;p&gt;&lt;a href="https://www.reddit.com/r/Indian_Academia/comments/kfbf00/jee_2021_registration_related_queries/"&gt;8. JEE 2021 Registration Related Queries&lt;/a&gt;&lt;/p&gt;\n' +
          '\n' +
          '&lt;hr/&gt;\n' +
          '\n' +
          '&lt;h1&gt;Rules:&lt;/h1&gt;\n' +
          '\n' +
          '&lt;p&gt;1.Make the title &lt;strong&gt;very&lt;/strong&gt; informative. In the title, ask exact question which is TLDR/Summary of your post. Add as many specific keywords as you can in the title (related to your specific situation). All vague titles (and content) posts will be removed.&lt;/p&gt;\n' +
          '\n' +
          '&lt;hr/&gt;\n' +
          '\n' +
          '&lt;h1&gt;Some useful links:&lt;/h1&gt;\n' +
          '\n' +
          '&lt;p&gt;&lt;a href="https://scholarships.gov.in/"&gt;National Scholarship Portal&lt;/a&gt;&lt;/p&gt;\n' +
          '\n' +
          '&lt;p&gt;&lt;a href="http://proposal.sakshat.ac.in/scholarship/"&gt;MHRD Sakshat - Most of the abroad learning scholarships&lt;/a&gt;&lt;/p&gt;\n' +
          '\n' +
          '&lt;p&gt;&lt;a href="https://academia.stackexchange.com/"&gt;Academia Stack Exchange - For non-local/general academy questions&lt;/a&gt;&lt;/p&gt;\n' +
          '\n' +
          '&lt;p&gt;&lt;a href="https://ndl.iitkgp.ac.in/"&gt;National Digital Library of India&lt;/a&gt;&lt;/p&gt;\n' +
          '\n' +
          '&lt;p&gt;&lt;a href="http://nptel.ac.in/"&gt;NPTEL - Online Certificate Courses from IITs and IISc&lt;/a&gt;&lt;/p&gt;\n' +
          '\n' +
          '&lt;p&gt;&lt;a href="http://serb.gov.in/home.php"&gt;Science and Engineering Research Board&lt;/a&gt;&lt;/p&gt;\n' +
          '\n' +
          '&lt;p&gt;&lt;a href="https://www.nirfindia.org/Home"&gt;National Institutional Ranking Framework&lt;/a&gt;&lt;/p&gt;\n' +
          '\n' +
          '&lt;p&gt;&lt;a href="http://vigyanprasar.gov.in/isw/isw.htm"&gt;Vigyanprasar - India Science Wire&lt;/a&gt;&lt;/p&gt;\n' +
          '\n' +
          '&lt;p&gt;&lt;a href="https://www.reddit.com/r/Indian_Academia/comments/8e9jnl/if_you_all_know_any_of_the_sources_which_would_be/"&gt;Source link suggestion post&lt;/a&gt;&lt;/p&gt;\n' +
          '\n' +
          '&lt;hr/&gt;\n' +
          '\n' +
          '&lt;h1&gt;Subs helping us by mentioning our sub in their sidebar/wiki:&lt;/h1&gt;\n' +
          '\n' +
          '&lt;p&gt;&lt;a href="/r/AskAcademia"&gt;r/AskAcademia&lt;/a&gt;&lt;/p&gt;\n' +
          '\n' +
          '&lt;p&gt;&lt;a href="/r/NPTEL"&gt;r/NPTEL&lt;/a&gt; &lt;/p&gt;\n' +
          '\n' +
          '&lt;p&gt;&lt;a href="/r/indianews"&gt;r/indianews&lt;/a&gt; &lt;/p&gt;\n' +
          '\n' +
          '&lt;p&gt;&lt;a href="/r/IncredibleIndia"&gt;r/IncredibleIndia&lt;/a&gt; &lt;/p&gt;\n' +
          '\n' +
          '&lt;p&gt;&lt;a href="/r/IndiaMain"&gt;r/IndiaMain&lt;/a&gt; &lt;/p&gt;\n' +
          '\n' +
          '&lt;p&gt;&lt;a href="/r/Mumbai"&gt;r/Mumbai&lt;/a&gt; &lt;/p&gt;\n' +
          '\n' +
          '&lt;p&gt;&lt;a href="/r/IndianGaming"&gt;r/IndianGaming&lt;/a&gt; &lt;/p&gt;\n' +
          '\n' +
          '&lt;p&gt;&lt;a href="/r/delhi"&gt;r/delhi&lt;/a&gt; &lt;/p&gt;\n' +
          '\n' +
          '&lt;p&gt;&lt;a href="/r/TILinIndia"&gt;r/TILinIndia&lt;/a&gt; &lt;/p&gt;\n' +
          '\n' +
          '&lt;p&gt;&lt;a href="/r/IndiaNonPolitical"&gt;r/IndiaNonPolitical&lt;/a&gt; &lt;/p&gt;\n' +
          '\n' +
          '&lt;p&gt;&lt;a href="/r/Pune"&gt;r/Pune&lt;/a&gt; &lt;/p&gt;\n' +
          '\n' +
          '&lt;p&gt;&lt;a href="/r/India"&gt;r/India&lt;/a&gt; &lt;/p&gt;\n' +
          '\n' +
          '&lt;p&gt;&lt;a href="/r/IndiaSpeaks"&gt;r/IndiaSpeaks&lt;/a&gt;&lt;/p&gt;\n' +
          '\n' +
          '&lt;p&gt;&lt;a href="/r/IndiaSocial"&gt;r/IndiaSocial&lt;/a&gt;&lt;/p&gt;\n' +
          '&lt;/div&gt;&lt;!-- SC_ON --&gt;',
        spoilers_enabled: false,
        comment_contribution_settings: { allowed_media_types: null },
        allow_talks: false,
        header_size: null,
        user_flair_position: 'right',
        all_original_content: false,
        has_menu_widget: false,
        is_enrolled_in_new_modmail: null,
        key_color: '',
        can_assign_user_flair: false,
        created: 1524453361,
        wls: 6,
        show_media_preview: true,
        submission_type: 'self',
        user_is_subscriber: null,
        allowed_media_in_comments: [],
        allow_videogifs: false,
        should_archive_posts: false,
        user_flair_type: 'text',
        allow_polls: false,
        collapse_deleted_comments: true,
        emojis_custom_size: null,
        public_description_html: '&lt;!-- SC_OFF --&gt;&lt;div class="md"&gt;&lt;p&gt;A subreddit for discussions about Indian higher education, research, admissions process, career advice, resource sharing, and similar topics.&lt;/p&gt;\n' +
          '&lt;/div&gt;&lt;!-- SC_ON --&gt;',
        allow_videos: false,
        is_crosspostable_subreddit: false,
        suggested_comment_sort: null,
        should_show_media_in_comments_setting: true,
        can_assign_link_flair: true,
        accounts_active_is_fuzzed: false,
        allow_prediction_contributors: false,
        submit_text_label: '',
        link_flair_position: 'left',
        user_sr_flair_enabled: null,
        user_flair_enabled_in_sr: false,
        allow_chat_post_creation: false,
        allow_discovery: true,
        accept_followers: true,
        user_sr_theme_enabled: true,
        link_flair_enabled: true,
        disable_contributor_requests: true,
        subreddit_type: 'public',
        notification_level: null,
        banner_img: '',
        user_flair_text: null,
        banner_background_color: '#929ba0',
        show_media: true,
        id: 'idfco',
        user_is_contributor: null,
        over18: false,
        header_title: '',
        description: '##Welcome to /r/Indian_Academia!\n' +
          '\n' +
          'Please read our wiki: https://www.reddit.com/r/Indian_Academia/wiki/all_wiki_index\n' +
          '\n' +
          'A subreddit for discussions about Indian higher education, research, admissions process, career advice, resource sharing, and other relevant topics.  [Send message to moderators by clicking here, if you need any help](https://www.reddit.com/message/compose/?to=/r/Indian_Academia)\n' +
          '\n' +
          '[1. NEET Prep Guidance Thread](https://www.reddit.com/r/Indian_Academia/comments/k2hgoh/neet_study_guidance_v1)\n' +
          '\n' +
          '[2. JEE Prep Guidance Thread](https://www.reddit.com/r/Indian_Academia/comments/k23ef7/jee_study_guidance_v1/)\n' +
          '\n' +
          '[4. Monthly Once Sticky : Links to external study / groups ] (https://www.reddit.com/r/Indian_Academia/comments/kbqt0j/monthly_once_sticky_links_to_external_study_groups/)\n' +
          '\n' +
          '[6. ITAF: Is there anyone from XYZ branch/college #megathread](https://www.reddit.com/r/Indian_Academia/comments/kg203t/itaf_is_there_anyone_from_xyz_branchcollegeplanet/)\n' +
          '\n' +
          '[7. I got X marks, which branch can I get? #megathread](https://www.reddit.com/r/Indian_Academia/comments/kg1vzv/i_got_x_marks_which_branch_can_i_get_megathread/)\n' +
          '\n' +
          '[8. JEE 2021 Registration Related Queries](https://www.reddit.com/r/Indian_Academia/comments/kfbf00/jee_2021_registration_related_queries/)\n' +
          '\n' +
          '---------------------------------------------------------   \n' +
          '\n' +
          '#Rules:\n' +
          '\n' +
          '1.Make the title **very** informative. In the title, ask exact question which is TLDR/Summary of your post. Add as many specific keywords as you can in the title (related to your specific situation). All vague titles (and content) posts will be removed.\n' +
          '\n' +
          '\n' +
          '-----------------------------------------------------\n' +
          '\n' +
          '#Some useful links: \n' +
          '\n' +
          '[National Scholarship Portal](https://scholarships.gov.in/)\n' +
          '\n' +
          '[MHRD Sakshat - Most of the abroad learning scholarships](http://proposal.sakshat.ac.in/scholarship/)\n' +
          '\n' +
          '[Academia Stack Exchange - For non-local/general academy questions](https://academia.stackexchange.com/)\n' +
          '\n' +
          '[National Digital Library of India](https://ndl.iitkgp.ac.in/)\n' +
          '\n' +
          '[NPTEL - Online Certificate Courses from IITs and IISc](http://nptel.ac.in/)\n' +
          '\n' +
          '[Science and Engineering Research Board](http://serb.gov.in/home.php)\n' +
          '\n' +
          '[National Institutional Ranking Framework](https://www.nirfindia.org/Home)\n' +
          '\n' +
          '[Vigyanprasar - India Science Wire](http://vigyanprasar.gov.in/isw/isw.htm)\n' +
          '\n' +
          '[Source link suggestion post](https://www.reddit.com/r/Indian_Academia/comments/8e9jnl/if_you_all_know_any_of_the_sources_which_would_be/)\n' +
          '\n' +
          '------------------------------------------\n' +
          '\n' +
          '#Subs helping us by mentioning our sub in their sidebar/wiki:\n' +
          '\n' +
          'r/AskAcademia\n' +
          '\n' +
          'r/NPTEL \n' +
          '\n' +
          'r/indianews \n' +
          '\n' +
          'r/IncredibleIndia \n' +
          '\n' +
          'r/IndiaMain \n' +
          '\n' +
          'r/Mumbai \n' +
          '\n' +
          'r/IndianGaming \n' +
          '\n' +
          'r/delhi \n' +
          '\n' +
          'r/TILinIndia \n' +
          '\n' +
          'r/IndiaNonPolitical \n' +
          '\n' +
          'r/Pune \n' +
          '\n' +
          'r/India \n' +
          '\n' +
          'r/IndiaSpeaks\n' +
          '\n' +
          'r/IndiaSocial',
        is_chat_post_feature_enabled: true,
        submit_link_label: '',
        user_flair_text_color: null,
        restrict_commenting: false,
        user_flair_css_class: null,
        allow_images: true,
        lang: 'en',
        whitelist_status: 'all_ads',
        url: '/r/Indian_Academia/',
        created_utc: 1524453361,
        banner_size: null,
        mobile_banner_image: '',
        user_is_moderator: null,
        allow_predictions_tournament: false
      },
      {
        user_flair_background_color: null,
        submit_text_html: '&lt;!-- SC_OFF --&gt;&lt;div class="md"&gt;&lt;h2&gt;Please check the subreddit &lt;a href="https://www.reddit.com/r/manufacturing/about/rules/"&gt;rules&lt;/a&gt; before submitting.&lt;/h2&gt;\n' +
          '\n' +
          '&lt;p&gt;&lt;strong&gt;Ignorance is no excuse.&lt;/strong&gt;&lt;/p&gt;\n' +
          '&lt;/div&gt;&lt;!-- SC_ON --&gt;',
        restrict_posting: true,
        user_is_banned: null,
        free_form_reports: true,
        wiki_enabled: false,
        user_is_muted: null,
        user_can_flair_in_sr: null,
        display_name: 'manufacturing',
        header_img: 'https://b.thumbs.redditmedia.com/XKfTXhTAmEGNlDDy.png',
        title: 'News from the manufacturing industry',
        allow_galleries: true,
        icon_size: null,
        primary_color: '',
        active_user_count: null,
        icon_img: '',
        display_name_prefixed: 'r/manufacturing',
        accounts_active: null,
        public_traffic: false,
        subscribers: 50344,
        user_flair_richtext: [],
        name: 't5_2qz70',
        quarantine: false,
        hide_ads: false,
        prediction_leaderboard_entry_type: 'SUBREDDIT_HEADER',
        emojis_enabled: false,
        advertiser_category: '',
        public_description: "A subreddit for anyone in the manufacturing industry. Content is very diverse: you'll find videos, articles and self posts just to name a few.",
        comment_score_hide_mins: 0,
        allow_predictions: false,
        user_has_favorited: null,
        user_flair_template_id: null,
        community_icon: '',
        banner_background_image: '',
        original_content_tag_enabled: false,
        community_reviewed: true,
        submit_text: '## Please check the subreddit [rules](https://www.reddit.com/r/manufacturing/about/rules/) before submitting. \n' +
          '\n' +
          '**Ignorance is no excuse.**',
        description_html: '&lt;!-- SC_OFF --&gt;&lt;div class="md"&gt;&lt;h2&gt;Welcome to &lt;a href="/r/manufacturing"&gt;/r/manufacturing&lt;/a&gt;!&lt;/h2&gt;\n' +
          '\n' +
          '&lt;p&gt;&lt;strong&gt;The subreddit for the manufacturing industry.&lt;/strong&gt;&lt;/p&gt;\n' +
          '\n' +
          '&lt;p&gt;&amp;nbsp;&lt;/p&gt;\n' +
          '\n' +
          '&lt;hr/&gt;\n' +
          '\n' +
          '&lt;p&gt;&lt;strong&gt;Post not showing up?&lt;/strong&gt; &lt;a href="/message/compose?to=%2Fr%2Fmanufacturing"&gt;Message the mods.&lt;/a&gt;&lt;/p&gt;\n' +
          '\n' +
          '&lt;hr/&gt;\n' +
          '\n' +
          '&lt;p&gt;&lt;strong&gt;Willing to do an AMA?&lt;/strong&gt; &lt;a href="/message/compose?to=%2Fr%2Fmanufacturing"&gt;Message the mods.&lt;/a&gt;&lt;/p&gt;\n' +
          '\n' +
          '&lt;hr/&gt;\n' +
          '\n' +
          '&lt;p&gt;&amp;nbsp;&lt;/p&gt;\n' +
          '\n' +
          '&lt;h1&gt;Rules&lt;/h1&gt;\n' +
          '\n' +
          '&lt;p&gt;&lt;em&gt;The full rules can be found &lt;a href="https://www.reddit.com/r/manufacturing/about/rules/"&gt;here&lt;/a&gt;, and take priority over the summary below.&lt;/em&gt;&lt;/p&gt;\n' +
          '\n' +
          '&lt;p&gt;&amp;nbsp;&lt;/p&gt;\n' +
          '\n' +
          '&lt;ol&gt;\n' +
          '&lt;li&gt;Posts must be in English.&lt;/li&gt;\n' +
          '&lt;li&gt;Posts trying to sell products or services are not allowed. \n' +
          '\n' +
          '&lt;ul&gt;\n' +
          '&lt;li&gt;Replying to requests is the only exception to this rule.&lt;/li&gt;\n' +
          '&lt;li&gt;Free trials and similar offers are not allowed.&lt;/li&gt;\n' +
          '&lt;/ul&gt;&lt;/li&gt;\n' +
          '&lt;li&gt;This is not the place for market research or other surveys. &lt;/li&gt;\n' +
          '&lt;li&gt; Company blog submissions are only allowed on Saturdays.&lt;/li&gt;\n' +
          '&lt;li&gt;Video submissions are &lt;a href="https://www.reddit.com/r/manufacturing/comments/o1f8jn/new_rule_restrictions_to_video_submissions/?"&gt;heavily restricted&lt;/a&gt;. &lt;/li&gt;\n' +
          '&lt;/ol&gt;\n' +
          '\n' +
          '&lt;p&gt;Unsure of something? &lt;a href="/message/compose?to=%2Fr%2Fmanufacturing"&gt;Message the mods!&lt;/a&gt;&lt;/p&gt;\n' +
          '\n' +
          '&lt;p&gt;&amp;nbsp;&lt;/p&gt;\n' +
          '\n' +
          '&lt;p&gt;Posts that do not follow these rules will be removed on sight. See any posts breaking these rules? Hit the &lt;strong&gt;report&lt;/strong&gt; button!  &lt;/p&gt;\n' +
          '\n' +
          '&lt;p&gt;&amp;nbsp;&lt;/p&gt;\n' +
          '\n' +
          '&lt;hr/&gt;\n' +
          '\n' +
          '&lt;p&gt;&amp;nbsp;&lt;/p&gt;\n' +
          '\n' +
          '&lt;h3&gt;Other subreddits you might enjoy:&lt;/h3&gt;\n' +
          '\n' +
          '&lt;blockquote&gt;\n' +
          '&lt;p&gt;&lt;a href="/r/3Dprinting"&gt;/r/3Dprinting&lt;/a&gt;&lt;br/&gt;\n' +
          '&lt;a href="/r/AskEngineers"&gt;/r/AskEngineers&lt;/a&gt;&lt;br/&gt;\n' +
          '&lt;a href="/r/Automate"&gt;/r/Automate&lt;/a&gt;&lt;br/&gt;\n' +
          '&lt;a href="/r/CNC"&gt;/r/CNC&lt;/a&gt;&lt;br/&gt;\n' +
          '&lt;a href="/r/CAD"&gt;/r/CAD&lt;/a&gt;&lt;br/&gt;\n' +
          '&lt;a href="/r/Engineering"&gt;/r/Engineering&lt;/a&gt;&lt;br/&gt;\n' +
          '&lt;a href="/r/EngineeringResumes"&gt;/r/EngineeringResumes&lt;/a&gt;&lt;br/&gt;\n' +
          '&lt;a href="/r/functionalprint"&gt;/r/functionalprint&lt;/a&gt;&lt;br/&gt;\n' +
          '&lt;a href="/r/IndustrialDesign"&gt;/r/IndustrialDesign&lt;/a&gt;&lt;br/&gt;\n' +
          '&lt;a href="/r/IndustrialEngineering"&gt;/r/IndustrialEngineering&lt;/a&gt;&lt;br/&gt;\n' +
          '&lt;a href="/r/JustRolledIntoTheShop"&gt;/r/JustRolledIntoTheShop&lt;/a&gt;&lt;br/&gt;\n' +
          '&lt;a href="/r/Machining"&gt;/r/Machining&lt;/a&gt;\n' +
          '&lt;a href="/r/Machinists"&gt;/r/Machinists&lt;/a&gt;&lt;br/&gt;\n' +
          '&lt;a href="/r/Mechanical_gifs"&gt;/r/Mechanical_gifs&lt;/a&gt;&lt;br/&gt;\n' +
          '&lt;a href="/r/Metalworking"&gt;/r/Metalworking&lt;/a&gt;&lt;br/&gt;\n' +
          '&lt;a href="/r/Metrology"&gt;/r/Metrology&lt;/a&gt;&lt;br/&gt;\n' +
          '&lt;a href="/r/PrintedCircuitBoard"&gt;/r/PrintedCircuitBoard&lt;/a&gt;&lt;br/&gt;\n' +
          '&lt;a href="/r/Product_Design"&gt;/r/Product_Design&lt;/a&gt;&lt;br/&gt;\n' +
          '&lt;a href="/r/SupplyChain"&gt;/r/SupplyChain&lt;/a&gt;&lt;br/&gt;\n' +
          '&lt;a href="/r/ThingsCutInHalfPorn"&gt;/r/ThingsCutInHalfPorn&lt;/a&gt;&lt;br/&gt;\n' +
          '&lt;a href="/r/Toolgifs"&gt;/r/Toolgifs&lt;/a&gt;&lt;br/&gt;\n' +
          '&lt;a href="/r/Workboots"&gt;/r/Workboots&lt;/a&gt;&lt;/p&gt;\n' +
          '&lt;/blockquote&gt;\n' +
          '\n' +
          '&lt;p&gt;&amp;nbsp;&lt;/p&gt;\n' +
          '\n' +
          '&lt;p&gt;&lt;sup&gt;&lt;em&gt;Working Snoo logo by &lt;a href="/u/SevenEyes"&gt;/u/SevenEyes&lt;/a&gt;&lt;/em&gt;&lt;/sup&gt;&lt;/p&gt;\n' +
          '&lt;/div&gt;&lt;!-- SC_ON --&gt;',
        spoilers_enabled: false,
        comment_contribution_settings: { allowed_media_types: null },
        allow_talks: false,
        header_size: [ 50, 50 ],
        user_flair_position: 'right',
        all_original_content: false,
        has_menu_widget: false,
        is_enrolled_in_new_modmail: null,
        key_color: '',
        can_assign_user_flair: true,
        created: 1243350418,
        wls: 6,
        show_media_preview: true,
        submission_type: 'any',
        user_is_subscriber: null,
        allowed_media_in_comments: [],
        allow_videogifs: true,
        should_archive_posts: false,
        user_flair_type: 'text',
        allow_polls: false,
        collapse_deleted_comments: false,
        emojis_custom_size: null,
        public_description_html: '&lt;!-- SC_OFF --&gt;&lt;div class="md"&gt;&lt;p&gt;A subreddit for anyone in the manufacturing industry. Content is very diverse: you&amp;#39;ll find videos, articles and self posts just to name a few.&lt;/p&gt;\n' +
          '&lt;/div&gt;&lt;!-- SC_ON --&gt;',
        allow_videos: false,
        is_crosspostable_subreddit: false,
        suggested_comment_sort: null,
        should_show_media_in_comments_setting: true,
        can_assign_link_flair: true,
        accounts_active_is_fuzzed: false,
        allow_prediction_contributors: false,
        submit_text_label: '',
        link_flair_position: 'left',
        user_sr_flair_enabled: null,
        user_flair_enabled_in_sr: false,
        allow_chat_post_creation: false,
        allow_discovery: true,
        accept_followers: true,
        user_sr_theme_enabled: true,
        link_flair_enabled: true,
        disable_contributor_requests: false,
        subreddit_type: 'public',
        notification_level: null,
        banner_img: '',
        user_flair_text: null,
        banner_background_color: '',
        show_media: true,
        id: '2qz70',
        user_is_contributor: null,
        over18: false,
        header_title: '',
        description: '## Welcome to /r/manufacturing!   \n' +
          '**The subreddit for the manufacturing industry.**\n' +
          '\n' +
          '&amp;nbsp;\n' +
          '\n' +
          '---\n' +
          '\n' +
          '**Post not showing up?** [Message the mods.](/message/compose?to=%2Fr%2Fmanufacturing)\n' +
          '\n' +
          '---\n' +
          '\n' +
          '**Willing to do an AMA?** [Message the mods.](/message/compose?to=%2Fr%2Fmanufacturing)\n' +
          '\n' +
          '---\n' +
          '\n' +
          '&amp;nbsp;\n' +
          '\n' +
          '#Rules\n' +
          '\n' +
          '*The full rules can be found [here](https://www.reddit.com/r/manufacturing/about/rules/), and take priority over the summary below.*\n' +
          '\n' +
          '&amp;nbsp;\n' +
          '\n' +
          '1. Posts must be in English.\n' +
          '1. Posts trying to sell products or services are not allowed. \n' +
          ' * Replying to requests is the only exception to this rule.\n' +
          ' * Free trials and similar offers are not allowed.\n' +
          '1. This is not the place for market research or other surveys. \n' +
          '1.  Company blog submissions are only allowed on Saturdays.\n' +
          '1. Video submissions are [heavily restricted](https://www.reddit.com/r/manufacturing/comments/o1f8jn/new_rule_restrictions_to_video_submissions/?). \n' +
          '\n' +
          'Unsure of something? [Message the mods!](/message/compose?to=%2Fr%2Fmanufacturing)\n' +
          '\n' +
          '&amp;nbsp;\n' +
          '\n' +
          'Posts that do not follow these rules will be removed on sight. See any posts breaking these rules? Hit the **report** button!  \n' +
          '\n' +
          '&amp;nbsp;\n' +
          '\n' +
          '---\n' +
          '\n' +
          '&amp;nbsp;\n' +
          '\n' +
          '###Other subreddits you might enjoy:\n' +
          '\n' +
          '&gt; /r/3Dprinting  \n' +
          '/r/AskEngineers  \n' +
          '/r/Automate  \n' +
          '/r/CNC  \n' +
          '/r/CAD  \n' +
          '/r/Engineering  \n' +
          '/r/EngineeringResumes  \n' +
          '/r/functionalprint  \n' +
          '/r/IndustrialDesign  \n' +
          '/r/IndustrialEngineering  \n' +
          '/r/JustRolledIntoTheShop  \n' +
          '/r/Machining\n' +
          '/r/Machinists  \n' +
          '/r/Mechanical_gifs  \n' +
          '/r/Metalworking  \n' +
          '/r/Metrology  \n' +
          '/r/PrintedCircuitBoard  \n' +
          '/r/Product_Design  \n' +
          '/r/SupplyChain  \n' +
          '/r/ThingsCutInHalfPorn  \n' +
          '/r/Toolgifs  \n' +
          '/r/Workboots\n' +
          '\n' +
          '&amp;nbsp;\n' +
          '\n' +
          '^(*Working Snoo logo by /u/SevenEyes*)',
        is_chat_post_feature_enabled: true,
        submit_link_label: '',
        user_flair_text_color: null,
        restrict_commenting: false,
        user_flair_css_class: null,
        allow_images: true,
        lang: 'en',
        whitelist_status: 'all_ads',
        url: '/r/manufacturing/',
        created_utc: 1243350418,
        banner_size: null,
        mobile_banner_image: '',
        user_is_moderator: null,
        allow_predictions_tournament: false
      }
    ]

      at src/features/feed/homeSlice.js:105:17

  console.log
    the error state false

      at Home (src/features/feed/HomeFeed.js:21:13)

  console.log
    the loading state true

      at Home (src/features/feed/HomeFeed.js:22:13)

  console.log
    subreddits: [
      {
        user_flair_background_color: null,
        submit_text_html: null,
        restrict_posting: true,
        user_is_banned: null,
        free_form_reports: true,
        wiki_enabled: false,
        user_is_muted: null,
        user_can_flair_in_sr: null,
        display_name: 'MechanicalEngineering',
        header_img: null,
        title: 'The ME Hang Out',
        allow_galleries: true,
        icon_size: null,
        primary_color: '',
        active_user_count: null,
        icon_img: '',
        display_name_prefixed: 'r/MechanicalEngineering',
        accounts_active: null,
        public_traffic: false,
        subscribers: 103894,
        user_flair_richtext: [],
        name: 't5_2s8xv',
        quarantine: false,
        hide_ads: false,
        prediction_leaderboard_entry_type: 'SUBREDDIT_HEADER',
        emojis_enabled: false,
        advertiser_category: '',
        public_description: '',
        comment_score_hide_mins: 0,
        allow_predictions: false,
        user_has_favorited: null,
        user_flair_template_id: null,
        community_icon: 'https://styles.redditmedia.com/t5_2s8xv/styles/communityIcon_ghf6yswpyyf61.png?width=256&amp;s=19e4d91a6328f6822af955cfee67a251dde9ed69',
        banner_background_image: '',
        original_content_tag_enabled: false,
        community_reviewed: true,
        submit_text: '',
        description_html: '&lt;!-- SC_OFF --&gt;&lt;div class="md"&gt;&lt;h2&gt;&lt;a href="/r/MechanicalEngineering"&gt;/r/MechanicalEngineering&lt;/a&gt;!&lt;/h2&gt;\n' +
          '\n' +
          '&lt;p&gt;The gathering place for mechanical engineers to discuss current technology, methods, jobs, and anything else related to mechanical engineering.&lt;/p&gt;\n' +
          '\n' +
          '&lt;p&gt;Feel free to share anything you feel is relevant. Threads related to current projects (home or work), discussion threads, best practices, and everything in between are more than welcome.&lt;/p&gt;\n' +
          '\n' +
          '&lt;p&gt;&lt;strong&gt;Read the side bar and all rules before posting.&lt;/strong&gt;&lt;/p&gt;\n' +
          '\n' +
          '&lt;h2&gt;Posting Rules&lt;/h2&gt;\n' +
          '\n' +
          '&lt;ol&gt;\n' +
          '&lt;li&gt;&lt;p&gt;Keep all posts and comments constructive and good natured.&lt;/p&gt;&lt;/li&gt;\n' +
          '&lt;li&gt;&lt;p&gt;No advertising/self-promotion allowed. (No direct links to product websites) If you&amp;#39;d like to discuss a particular product please do so in a self post.&lt;/p&gt;&lt;/li&gt;\n' +
          '&lt;li&gt;&lt;p&gt;All low effort posts will be removed. These will be evaluated on a &amp;#39;per-post&amp;#39; basis.&lt;/p&gt;&lt;/li&gt;\n' +
          '&lt;li&gt;&lt;p&gt;&amp;#39;Design this for me&amp;#39; posts will be removed. &amp;#39;How do I do this&amp;#39; posts will be removed unless it&amp;#39;s clear sufficient thought has already been given to the problem.&lt;/p&gt;&lt;/li&gt;\n' +
          '&lt;li&gt;&lt;p&gt;Images are allowed provided they are relevant to mechanical engineering or the the posted topic.&lt;/p&gt;&lt;/li&gt;\n' +
          '&lt;li&gt;&lt;p&gt;All school/university related items please see &lt;a href="http://www.reddit.com/r/EngineeringStudents"&gt;Engineering Students&lt;/a&gt;&lt;/p&gt;&lt;/li&gt;\n' +
          '&lt;li&gt;&lt;p&gt;Looking for help with your resume or portfolio? Head on over to &lt;a href="http://www.reddit.com/r/EngineeringResumes"&gt;Engineering Resumes&lt;/a&gt;&lt;/p&gt;&lt;/li&gt;\n' +
          '&lt;/ol&gt;\n' +
          '\n' +
          '&lt;h2&gt;Flair&lt;/h2&gt;\n' +
          '\n' +
          '&lt;p&gt;Users are encouraged to add their own user flair to denote what industry or discipline they work in.&lt;/p&gt;\n' +
          '\n' +
          '&lt;hr/&gt;\n' +
          '\n' +
          '&lt;h3&gt;Reporting Posts&lt;/h3&gt;\n' +
          '\n' +
          '&lt;p&gt;Please report any post(s) which you feel violates the above rules, or reddiquette. If the reason is not obvious, please use the &amp;#39;other&amp;#39; box and provide a short explanation for the report.&lt;/p&gt;\n' +
          '\n' +
          '&lt;hr/&gt;\n' +
          '\n' +
          '&lt;h3&gt;Other Discipline Subreddits&lt;/h3&gt;\n' +
          '\n' +
          '&lt;ul&gt;\n' +
          '&lt;li&gt;&lt;p&gt;&lt;a href="http://www.reddit.com/r/engineering"&gt;General&lt;/a&gt;&lt;/p&gt;&lt;/li&gt;\n' +
          '&lt;li&gt;&lt;p&gt;&lt;a href="http://www.reddit.com/r/AskEngineers"&gt;Electrical&lt;/a&gt;&lt;/p&gt;&lt;/li&gt;\n' +
          '&lt;li&gt;&lt;p&gt;&lt;a href="http://www.reddit.com/r/chemicalengineering"&gt;Chemical&lt;/a&gt;&lt;/p&gt;&lt;/li&gt;\n' +
          '&lt;li&gt;&lt;p&gt;&lt;a href="http://www.reddit.com/r/bioengineering"&gt;Biological&lt;/a&gt;&lt;/p&gt;&lt;/li&gt;\n' +
          '&lt;li&gt;&lt;p&gt;&lt;a href="http://www.reddit.com/r/civilengineering"&gt;Civil&lt;/a&gt;&lt;/p&gt;&lt;/li&gt;\n' +
          '&lt;li&gt;&lt;p&gt;&lt;a href="http://www.reddit.com/r/Manufacturing"&gt;Manufacturing&lt;/a&gt;&lt;/p&gt;&lt;/li&gt;\n' +
          '&lt;li&gt;&lt;p&gt;&lt;a href="http://www.reddit.com/r/AeroSpace"&gt;Aerospace&lt;/a&gt;&lt;/p&gt;&lt;/li&gt;\n' +
          '&lt;li&gt;&lt;p&gt;&lt;a href="http://www.reddit.com/r/thermodynamics"&gt;Thermodynamics&lt;/a&gt;&lt;/p&gt;&lt;/li&gt;\n' +
          '&lt;/ul&gt;\n' +
          '\n' +
          '&lt;hr/&gt;\n' +
          '\n' +
          '&lt;h3&gt;Other Engineering Related Subreddits&lt;/h3&gt;\n' +
          '\n' +
          '&lt;ul&gt;\n' +
          '&lt;li&gt;&lt;p&gt;&lt;a href="http://www.reddit.com/r/AskEngineers"&gt;Ask Engineers&lt;/a&gt;&lt;/p&gt;&lt;/li&gt;\n' +
          '&lt;li&gt;&lt;p&gt;&lt;a href="http://www.reddit.com/r/CAD"&gt;Computer Aided Design&lt;/a&gt;&lt;/p&gt;&lt;/li&gt;\n' +
          '&lt;li&gt;&lt;p&gt;&lt;a href="http://www.reddit.com/r/FEA"&gt;Finite Element Analysis&lt;/a&gt;&lt;/p&gt;&lt;/li&gt;\n' +
          '&lt;li&gt;&lt;p&gt;&lt;a href="http://www.reddit.com/r/PLC"&gt;Programmable Logic Controllers&lt;/a&gt;&lt;/p&gt;&lt;/li&gt;\n' +
          '&lt;li&gt;&lt;p&gt;&lt;a href="http://www.reddit.com/r/ThermalPerformance"&gt;Thermal Performance&lt;/a&gt;&lt;/p&gt;&lt;/li&gt;\n' +
          '&lt;/ul&gt;\n' +
          '&lt;/div&gt;&lt;!-- SC_ON --&gt;',
        spoilers_enabled: true,
        comment_contribution_settings: { allowed_media_types: null },
        allow_talks: false,
        header_size: null,
        user_flair_position: 'right',
        all_original_content: false,
        has_menu_widget: false,
        is_enrolled_in_new_modmail: null,
        key_color: '',
        can_assign_user_flair: true,
        created: 1293592573,
        wls: 6,
        show_media_preview: true,
        submission_type: 'any',
        user_is_subscriber: null,
        allowed_media_in_comments: [],
        allow_videogifs: true,
        should_archive_posts: false,
        user_flair_type: 'text',
        allow_polls: true,
        collapse_deleted_comments: false,
        emojis_custom_size: null,
        public_description_html: null,
        allow_videos: false,
        is_crosspostable_subreddit: false,
        suggested_comment_sort: null,
        should_show_media_in_comments_setting: true,
        can_assign_link_flair: false,
        accounts_active_is_fuzzed: false,
        allow_prediction_contributors: false,
        submit_text_label: '',
        link_flair_position: '',
        user_sr_flair_enabled: null,
        user_flair_enabled_in_sr: false,
        allow_chat_post_creation: false,
        allow_discovery: true,
        accept_followers: true,
        user_sr_theme_enabled: true,
        link_flair_enabled: false,
        disable_contributor_requests: false,
        subreddit_type: 'public',
        notification_level: null,
        banner_img: '',
        user_flair_text: null,
        banner_background_color: '',
        show_media: true,
        id: '2s8xv',
        user_is_contributor: null,
        over18: false,
        header_title: '',
        description: '## /r/MechanicalEngineering!\n' +
          '\n' +
          'The gathering place for mechanical engineers to discuss current technology, methods, jobs, and anything else related to mechanical engineering.\n' +
          '\n' +
          'Feel free to share anything you feel is relevant. Threads related to current projects (home or work), discussion threads, best practices, and everything in between are more than welcome.\n' +
          '\n' +
          '**Read the side bar and all rules before posting.**\n' +
          '\n' +
          '## Posting Rules\n' +
          '\n' +
          '1. Keep all posts and comments constructive and good natured.\n' +
          '\n' +
          "2. No advertising/self-promotion allowed. (No direct links to product websites) If you'd like to discuss a particular product please do so in a self post.\n" +
          '\n' +
          "3. All low effort posts will be removed. These will be evaluated on a 'per-post' basis.\n" +
          '\n' +
          "4. 'Design this for me' posts will be removed. 'How do I do this' posts will be removed unless it's clear sufficient thought has already been given to the problem.\n" +
          '\n' +
          '5. Images are allowed provided they are relevant to mechanical engineering or the the posted topic.\n' +
          '\n' +
          '6. All school/university related items please see [Engineering Students](http://www.reddit.com/r/EngineeringStudents)\n' +
          '\n' +
          '7. Looking for help with your resume or portfolio? Head on over to [Engineering Resumes](http://www.reddit.com/r/EngineeringResumes)\n' +
          '\n' +
          '## Flair\n' +
          '\n' +
          'Users are encouraged to add their own user flair to denote what industry or discipline they work in.\n' +
          '\n' +
          '---\n' +
          '###Reporting Posts\n' +
          '\n' +
          "Please report any post(s) which you feel violates the above rules, or reddiquette. If the reason is not obvious, please use the 'other' box and provide a short explanation for the report.\n" +
          '\n' +
          '---\n' +
          '\n' +
          '###Other Discipline Subreddits\n' +
          '\n' +
          '- [General](http://www.reddit.com/r/engineering)\n' +
          '\n' +
          '- [Electrical](http://www.reddit.com/r/AskEngineers)\n' +
          '\n' +
          '- [Chemical](http://www.reddit.com/r/chemicalengineering)\n' +
          '\n' +
          '- [Biological](http://www.reddit.com/r/bioengineering)\n' +
          '\n' +
          '- [Civil](http://www.reddit.com/r/civilengineering)\n' +
          '\n' +
          '- [Manufacturing](http://www.reddit.com/r/Manufacturing)\n' +
          '\n' +
          '- [Aerospace](http://www.reddit.com/r/AeroSpace)\n' +
          '\n' +
          '- [Thermodynamics](http://www.reddit.com/r/thermodynamics)\n' +
          '\n' +
          '---\n' +
          '\n' +
          '### Other Engineering Related Subreddits\n' +
          '\n' +
          '- [Ask Engineers](http://www.reddit.com/r/AskEngineers)\n' +
          '\n' +
          '- [Computer Aided Design](http://www.reddit.com/r/CAD)\n' +
          '\n' +
          '- [Finite Element Analysis](http://www.reddit.com/r/FEA)\n' +
          '\n' +
          '- [Programmable Logic Controllers](http://www.reddit.com/r/PLC)\n' +
          '\n' +
          '- [Thermal Performance](http://www.reddit.com/r/ThermalPerformance)',
        is_chat_post_feature_enabled: true,
        submit_link_label: '',
        user_flair_text_color: null,
        restrict_commenting: false,
        user_flair_css_class: null,
        allow_images: true,
        lang: 'en',
        whitelist_status: 'all_ads',
        url: '/r/MechanicalEngineering/',
        created_utc: 1293592573,
        banner_size: null,
        mobile_banner_image: '',
        user_is_moderator: null,
        allow_predictions_tournament: false
      },
      {
        user_flair_background_color: null,
        submit_text_html: null,
        restrict_posting: true,
        user_is_banned: null,
        free_form_reports: true,
        wiki_enabled: true,
        user_is_muted: null,
        user_can_flair_in_sr: null,
        display_name: 'MechanicalEngineer',
        header_img: null,
        title: 'Mechanical Engineering',
        allow_galleries: true,
        icon_size: null,
        primary_color: '',
        active_user_count: null,
        icon_img: '',
        display_name_prefixed: 'r/MechanicalEngineer',
        accounts_active: null,
        public_traffic: false,
        subscribers: 13554,
        user_flair_richtext: [],
        videostream_links_count: 0,
        name: 't5_2u0xg',
        quarantine: false,
        hide_ads: false,
        prediction_leaderboard_entry_type: 'IN_FEED',
        emojis_enabled: false,
        advertiser_category: '',
        public_description: 'A community for those that practice the broad discipline of mechanical engineering. ',
        comment_score_hide_mins: 0,
        allow_predictions: false,
        user_has_favorited: null,
        user_flair_template_id: null,
        community_icon: '',
        banner_background_image: '',
        original_content_tag_enabled: false,
        community_reviewed: true,
        submit_text: '',
        description_html: '&lt;!-- SC_OFF --&gt;&lt;div class="md"&gt;&lt;h1&gt;&lt;strong&gt;Welcome&lt;/strong&gt;&lt;/h1&gt;\n' +
          '\n' +
          '&lt;p&gt;This a community for all things related to engineering, especially those dedicated to the broad definition of mechanical engineering.  &lt;/p&gt;\n' +
          '\n' +
          '&lt;p&gt;This is a community where we can share the things we find interesting or relevant to the discipline.  &lt;/p&gt;\n' +
          '\n' +
          '&lt;p&gt;This is a place where we can come together to help solve problems or answer questions that we may be struggling with.&lt;/p&gt;\n' +
          '\n' +
          '&lt;hr/&gt;\n' +
          '\n' +
          '&lt;h1&gt;&lt;strong&gt;Rules&lt;/strong&gt;&lt;/h1&gt;\n' +
          '\n' +
          '&lt;ul&gt;\n' +
          '&lt;li&gt;&lt;p&gt;Questions / Inquiries : When posting questions please be sure to keep them in-line with what this subreddit is about. No questions that would be better geared towards a car mechanic or a technician. I know we all want to help solve problems but these questions don&amp;#39;t really belong here. &lt;/p&gt;&lt;/li&gt;\n' +
          '&lt;li&gt;&lt;p&gt;Submitting White Papers / Research Posts: When posting white papers or research articles please be sure to provide a link that leads to the actual report or paper. No posting of articles behind paywalls. &lt;/p&gt;&lt;/li&gt;\n' +
          '&lt;li&gt;&lt;p&gt;No advertising allowed&lt;/p&gt;&lt;/li&gt;\n' +
          '&lt;li&gt;&lt;p&gt;No Spamming&lt;/p&gt;&lt;/li&gt;\n' +
          '&lt;/ul&gt;\n' +
          '\n' +
          '&lt;hr/&gt;\n' +
          '\n' +
          '&lt;h1&gt;&lt;strong&gt;Related Subreddits&lt;/strong&gt;&lt;/h1&gt;\n' +
          '\n' +
          '&lt;p&gt;&lt;a href="https://www.reddit.com/r/MechanicalEngineering/"&gt;General Engineering&lt;/a&gt;&lt;br/&gt;\n' +
          '&lt;a href="https://www.reddit.com/r/ChemicalEngineering/"&gt;Chemical Engineers&lt;/a&gt;&lt;br/&gt;\n' +
          '&lt;a href="https://www.reddit.com/r/bioengineering/"&gt;Bio Engineers&lt;/a&gt;&lt;br/&gt;\n' +
          '&lt;a href="https://www.reddit.com/r/civilengineering/"&gt;Civil Engineers&lt;/a&gt;&lt;br/&gt;\n' +
          '&lt;a href="https://www.reddit.com/r/aerospace/"&gt;Aerospace Engineers&lt;/a&gt;&lt;br/&gt;\n' +
          '&lt;a href="https://www.reddit.com/r/EngineeringStudents/"&gt;Engineering Students&lt;/a&gt;&lt;br/&gt;\n' +
          '&lt;a href="https://www.reddit.com/r/computerscience/"&gt;Computer Science&lt;/a&gt;\n' +
          '&lt;a href="https://www.reddit.com/r/AskEngineers/"&gt;Ask Engineers&lt;/a&gt;&lt;br/&gt;\n' +
          '&lt;a href="https://www.reddit.com/r/askscience/"&gt;Ask Science&lt;/a&gt;&lt;br/&gt;\n' +
          '&lt;a href="https://www.reddit.com/r/thermodynamics/"&gt;Thermodynamics&lt;/a&gt; &lt;/p&gt;\n' +
          '&lt;/div&gt;&lt;!-- SC_ON --&gt;',
        spoilers_enabled: true,
        comment_contribution_settings: { allowed_media_types: null },
        allow_talks: false,
        header_size: null,
        user_flair_position: 'right',
        all_original_content: false,
        has_menu_widget: false,
        is_enrolled_in_new_modmail: null,
        key_color: '#545452',
        can_assign_user_flair: true,
        created: 1335994553,
        wls: 6,
        show_media_preview: true,
        submission_type: 'any',
        user_is_subscriber: null,
        allowed_media_in_comments: [],
        allow_videogifs: true,
        should_archive_posts: false,
        user_flair_type: 'text',
        allow_polls: true,
        collapse_deleted_comments: false,
        emojis_custom_size: null,
        public_description_html: '&lt;!-- SC_OFF --&gt;&lt;div class="md"&gt;&lt;p&gt;A community for those that practice the broad discipline of mechanical engineering. &lt;/p&gt;\n' +
          '&lt;/div&gt;&lt;!-- SC_ON --&gt;',
        allow_videos: true,
        is_crosspostable_subreddit: false,
        suggested_comment_sort: null,
        should_show_media_in_comments_setting: true,
        can_assign_link_flair: false,
        accounts_active_is_fuzzed: false,
        allow_prediction_contributors: false,
        submit_text_label: '',
        link_flair_position: '',
        user_sr_flair_enabled: null,
        user_flair_enabled_in_sr: false,
        allow_chat_post_creation: false,
        allow_discovery: true,
        accept_followers: true,
        user_sr_theme_enabled: true,
        link_flair_enabled: false,
        disable_contributor_requests: false,
        subreddit_type: 'public',
        notification_level: null,
        banner_img: '',
        user_flair_text: null,
        banner_background_color: '',
        show_media: true,
        id: '2u0xg',
        user_is_contributor: null,
        over18: false,
        header_title: '',
        description: '#**Welcome**\n' +
          'This a community for all things related to engineering, especially those dedicated to the broad definition of mechanical engineering.  \n' +
          '\n' +
          'This is a community where we can share the things we find interesting or relevant to the discipline.  \n' +
          '\n' +
          'This is a place where we can come together to help solve problems or answer questions that we may be struggling with.\n' +
          '\n' +
          '***\n' +
          '\n' +
          '#**Rules**\n' +
          "+ Questions / Inquiries : When posting questions please be sure to keep them in-line with what this subreddit is about. No questions that would be better geared towards a car mechanic or a technician. I know we all want to help solve problems but these questions don't really belong here. \n" +
          '\n' +
          '+ Submitting White Papers / Research Posts: When posting white papers or research articles please be sure to provide a link that leads to the actual report or paper. No posting of articles behind paywalls. \n' +
          '\n' +
          '+ No advertising allowed\n' +
          '\n' +
          '+ No Spamming\n' +
          ' \n' +
          '***\n' +
          '\n' +
          '#**Related Subreddits**\n' +
          '[General Engineering](https://www.reddit.com/r/MechanicalEngineering/)  \n' +
          '[Chemical Engineers](https://www.reddit.com/r/ChemicalEngineering/)  \n' +
          '[Bio Engineers](https://www.reddit.com/r/bioengineering/)  \n' +
          '[Civil Engineers](https://www.reddit.com/r/civilengineering/)  \n' +
          '[Aerospace Engineers](https://www.reddit.com/r/aerospace/)  \n' +
          '[Engineering Students](https://www.reddit.com/r/EngineeringStudents/)  \n' +
          '[Computer Science](https://www.reddit.com/r/computerscience/)\n' +
          '[Ask Engineers](https://www.reddit.com/r/AskEngineers/)  \n' +
          '[Ask Science](https://www.reddit.com/r/askscience/)  \n' +
          '[Thermodynamics](https://www.reddit.com/r/thermodynamics/) ',
        is_chat_post_feature_enabled: true,
        submit_link_label: '',
        user_flair_text_color: null,
        restrict_commenting: false,
        user_flair_css_class: null,
        allow_images: true,
        lang: 'en',
        whitelist_status: 'all_ads',
        url: '/r/MechanicalEngineer/',
        created_utc: 1335994553,
        banner_size: null,
        mobile_banner_image: '',
        user_is_moderator: null,
        allow_predictions_tournament: false
      },
      {
        user_flair_background_color: null,
        submit_text_html: '&lt;!-- SC_OFF --&gt;&lt;div class="md"&gt;&lt;p&gt;&lt;strong&gt;Search your question&lt;/strong&gt; &lt;strong&gt;&lt;em&gt;before&lt;/em&gt;&lt;/strong&gt; &lt;strong&gt;posting&lt;/strong&gt;&lt;/p&gt;\n' +
          '\n' +
          '&lt;p&gt;&lt;strong&gt;Resume posts/questions should be posted &lt;a href="/r/EngineeringResumes"&gt;/r/EngineeringResumes&lt;/a&gt;&lt;/strong&gt;&lt;/p&gt;\n' +
          '\n' +
          '&lt;p&gt;&lt;strong&gt;MEMES ARE ONLY ALLOWED SATURDAY, SUNDAY, AND MONDAY. MEME POSTS MADE OUTSIDE THIS TIME WILL BE REMOVED.&lt;/strong&gt;&lt;/p&gt;\n' +
          '\n' +
          '&lt;p&gt;&lt;strong&gt;NO LAPTOP QUESTIONS&lt;/strong&gt;&lt;/p&gt;\n' +
          '\n' +
          '&lt;p&gt;&lt;strong&gt;FOLLOW THE HOMEWORK HELP GUIDELINES AND STANDARD TEMPLATE&lt;/strong&gt;&lt;/p&gt;\n' +
          '\n' +
          '&lt;p&gt;&lt;strong&gt;POSTS ASKING FOR PDF COPIES OF TEXTBOOKS WILL ALSO BE REMOVED&lt;/strong&gt;&lt;/p&gt;\n' +
          '&lt;/div&gt;&lt;!-- SC_ON --&gt;',
        restrict_posting: true,
        user_is_banned: null,
        free_form_reports: false,
        wiki_enabled: true,
        user_is_muted: null,
        user_can_flair_in_sr: null,
        display_name: 'EngineeringStudents',
        header_img: 'https://f.thumbs.redditmedia.com/Azfg6mz7yvA3zHUG.png',
        title: 'EngineeringStudents: For those stuck doing math at 3am.',
        allow_galleries: true,
        icon_size: null,
        primary_color: '#646d73',
        active_user_count: null,
        icon_img: '',
        display_name_prefixed: 'r/EngineeringStudents',
        accounts_active: null,
        public_traffic: false,
        subscribers: 757380,
        user_flair_richtext: [],
        name: 't5_2sh0b',
        quarantine: false,
        hide_ads: false,
        prediction_leaderboard_entry_type: 'SUBREDDIT_HEADER',
        emojis_enabled: false,
        advertiser_category: 'Technology',
        public_description: 'This subreddit is currently restricted as a protest against recent decisions and personal behavior by Reddit Inc and its CEO.  For more information on what happened, see here: https://www.theverge.com/2023/6/5/23749188/reddit-subreddit-private-protest-api-changes-apollo-charges',
        comment_score_hide_mins: 120,
        allow_predictions: false,
        user_has_favorited: null,
        user_flair_template_id: null,
        community_icon: '',
        banner_background_image: '',
        original_content_tag_enabled: false,
        community_reviewed: true,
        submit_text: '**Search your question** ***before*** **posting**\n' +
          '\n' +
          '**Resume posts/questions should be posted /r/EngineeringResumes**\n' +
          '\n' +
          '**MEMES ARE ONLY ALLOWED SATURDAY, SUNDAY, AND MONDAY. MEME POSTS MADE OUTSIDE THIS TIME WILL BE REMOVED.**\n' +
          '\n' +
          '**NO LAPTOP QUESTIONS**\n' +
          '\n' +
          '**FOLLOW THE HOMEWORK HELP GUIDELINES AND STANDARD TEMPLATE**\n' +
          '\n' +
          '**POSTS ASKING FOR PDF COPIES OF TEXTBOOKS WILL ALSO BE REMOVED**',
        description_html: '&lt;!-- SC_OFF --&gt;&lt;div class="md"&gt;&lt;p&gt;&lt;strong&gt;Check out the official EngineeringStudents Discord!:&lt;/strong&gt;&lt;br/&gt;\n' +
          '&lt;strong&gt;&lt;a href="https://discord.gg/EngineeringStudents"&gt;discord.gg/EngineeringStudents&lt;/a&gt;&lt;/strong&gt;&lt;/p&gt;\n' +
          '\n' +
          '&lt;p&gt;This is a place for engineering students of any discipline to discuss study methods, get &lt;a href="https://www.reddit.com/r/EngineeringStudents/wiki/homeworkhelp"&gt;homework help&lt;/a&gt;, get job search advice, and find a compassionate ear when you get a 40% on your midterm after studying all night. &lt;/p&gt;\n' +
          '\n' +
          '&lt;hr/&gt;\n' +
          '\n' +
          '&lt;p&gt;&lt;a href="https://www.reddit.com/message/compose?to=%2Fr%2FEngineeringStudents"&gt;&lt;strong&gt;PM THE MODERATORS HERE&lt;/strong&gt;&lt;/a&gt;&lt;/p&gt;\n' +
          '\n' +
          '&lt;hr/&gt;\n' +
          '\n' +
          '&lt;p&gt;&lt;strong&gt;&lt;a href="https://reddit.com/r/EngineeringStudents/wiki/rules"&gt;RULES&lt;/a&gt;&lt;/strong&gt;&lt;/p&gt;\n' +
          '\n' +
          '&lt;p&gt;^ Read above for the expanded rules. Not reading them and then complaining will not earn you any sympathy. &lt;/p&gt;\n' +
          '\n' +
          '&lt;ol&gt;\n' +
          '&lt;li&gt;&lt;p&gt;If the topic of your post is currently covered in one of the megathreads/stickied posts at the top of the page, please put your content as a comment there instead. Otherwise your post may get deleted.&lt;/p&gt;&lt;/li&gt;\n' +
          '&lt;li&gt;&lt;p&gt;Do your own research, follow basic guidelines, and be sure to google your question beforehand. &lt;/p&gt;&lt;/li&gt;\n' +
          '&lt;li&gt;&lt;p&gt;&lt;a href="https://old.reddit.com/r/EngineeringStudents/wiki/homeworkhelp"&gt;Follow homework help guidelines&lt;/a&gt;&lt;/p&gt;&lt;/li&gt;\n' +
          '&lt;li&gt;&lt;p&gt;Racism, sexism or any other kind of intolerance or discrimination will not be tolerated.&lt;/p&gt;&lt;/li&gt;\n' +
          '&lt;li&gt;&lt;p&gt;Trolling, posts intentionally inciting conflict, personal attacks, and spam will be removed.&lt;/p&gt;&lt;/li&gt;\n' +
          '&lt;li&gt;&lt;p&gt;No pirated materials. &lt;/p&gt;&lt;/li&gt;\n' +
          '&lt;li&gt;&lt;p&gt;Avoid posting blogspam, blog self-promotion, or personally monetized links. You can be an account with a website, but not a website with an account. &lt;/p&gt;&lt;/li&gt;\n' +
          '&lt;li&gt;&lt;p&gt;Meme posts are allowed only Saturday, Sunday, and Monday. Meme posts made outside this time will be removed.  &lt;/p&gt;&lt;/li&gt;\n' +
          '&lt;li&gt;&lt;p&gt;No laptop posts. &lt;/p&gt;&lt;/li&gt;\n' +
          '&lt;/ol&gt;\n' +
          '\n' +
          '&lt;hr/&gt;\n' +
          '\n' +
          '&lt;p&gt;&lt;strong&gt;&lt;a href="https://reddit.com/r/EngineeringStudents/wiki/index"&gt;RESOURCES&lt;/a&gt;&lt;/strong&gt;&lt;/p&gt;\n' +
          '\n' +
          '&lt;p&gt;&lt;strong&gt;General&lt;/strong&gt;&lt;/p&gt;\n' +
          '\n' +
          '&lt;p&gt;&lt;a href="https://cosmolearning.org/"&gt;CosmoLearning&lt;/a&gt;\n' +
          '&lt;a href="https://ocw.mit.edu/index.htm"&gt;MIT OpenCourseware&lt;/a&gt;&lt;/p&gt;\n' +
          '\n' +
          '&lt;p&gt;&lt;a href="https://www.open.ac.uk/about/open-educational-resources/openlearn"&gt;LearningSpace&lt;/a&gt;&lt;/p&gt;\n' +
          '\n' +
          '&lt;p&gt;&lt;a href="https://www.engineer4free.com/"&gt;Engineer4Free&lt;/a&gt;  &lt;/p&gt;\n' +
          '\n' +
          '&lt;p&gt;&lt;a href="https://www.reddit.com/r/SuicideWatch/wiki/hotlines?v=462381b7-9edc-11eb-bd93-0e09ea1039cb"&gt;Mental Health Resources&lt;/a&gt;&lt;/p&gt;\n' +
          '\n' +
          '&lt;p&gt;&lt;strong&gt;Best of Threads&lt;/strong&gt;  &lt;/p&gt;\n' +
          '\n' +
          '&lt;p&gt;&lt;a href="http://www.reddit.com/r/EngineeringStudents/comments/25eg2o/best_engineering_student_tools/"&gt;School Supplies&lt;/a&gt;&lt;/p&gt;\n' +
          '\n' +
          '&lt;p&gt;&lt;a href="http://www.reddit.com/r/EngineeringStudents/comments/rsxlk/help_me_compile_a_best_of_collection_for/"&gt;Old Overall Thread Compilation&lt;/a&gt;&lt;/p&gt;\n' +
          '\n' +
          '&lt;p&gt;&lt;strong&gt;Math&lt;/strong&gt;&lt;/p&gt;\n' +
          '\n' +
          '&lt;p&gt;&lt;a href="https://www.wolframalpha.com"&gt;WolframAlpha&lt;/a&gt;&lt;/p&gt;\n' +
          '\n' +
          '&lt;p&gt;&lt;a href="https://www.khanacademy.org/"&gt;Khan Academy&lt;/a&gt;&lt;/p&gt;\n' +
          '\n' +
          '&lt;p&gt;&lt;a href="https://tutorial.math.lamar.edu/"&gt;Paul&amp;#39;s Online Math Notes&lt;/a&gt;&lt;/p&gt;\n' +
          '\n' +
          '&lt;p&gt;&lt;a href="https://www.youtube.com/user/patrickJMT"&gt;PatrickJMT Video Math Tutorials&lt;/a&gt;&lt;/p&gt;\n' +
          '\n' +
          '&lt;p&gt;&lt;a href="https://www.youtube.com/user/professorleonard57"&gt;Professor Leonard&lt;/a&gt;&lt;/p&gt;\n' +
          '\n' +
          '&lt;p&gt;&lt;strong&gt;Electronics&lt;/strong&gt;&lt;/p&gt;\n' +
          '\n' +
          '&lt;p&gt;&lt;a href="http://www.allaboutcircuits.com/"&gt;All About Circuits&lt;/a&gt;&lt;/p&gt;\n' +
          '\n' +
          '&lt;p&gt;&lt;a href="https://www.circuitlab.com/"&gt;Circuit Lab&lt;/a&gt;&lt;/p&gt;\n' +
          '\n' +
          '&lt;p&gt;&lt;strong&gt;Programming&lt;/strong&gt;&lt;/p&gt;\n' +
          '\n' +
          '&lt;p&gt;&lt;a href="http://www.cplusplus.com/"&gt;C++.com&lt;/a&gt;&lt;/p&gt;\n' +
          '\n' +
          '&lt;p&gt;&lt;a href="http://stackoverflow.com/"&gt;StackOverflow&lt;/a&gt;&lt;/p&gt;\n' +
          '\n' +
          '&lt;p&gt;&lt;strong&gt;Mechanics and Materials&lt;/strong&gt;&lt;/p&gt;\n' +
          '\n' +
          '&lt;p&gt;&lt;a href="http://www.matweb.com/"&gt;MatWeb&lt;/a&gt;&lt;/p&gt;\n' +
          '\n' +
          '&lt;p&gt;&lt;a href="http://web.mst.edu/%7Emecmovie/"&gt;MecMovies&lt;/a&gt;&lt;/p&gt;\n' +
          '\n' +
          '&lt;p&gt;&lt;a href="https://www.phase-trans.msm.cam.ac.uk/teaching.html"&gt;Cambridge Materials Science Videos&lt;/a&gt;  &lt;/p&gt;\n' +
          '\n' +
          '&lt;p&gt;&lt;a href="http://www.cpp.edu/%7Emeonline/"&gt;Cal Poly Pomona ME Videos&lt;/a&gt;&lt;/p&gt;\n' +
          '\n' +
          '&lt;p&gt;&lt;strong&gt;Engineering Subreddits&lt;/strong&gt;&lt;/p&gt;\n' +
          '\n' +
          '&lt;p&gt;&lt;a href="https://www.reddit.com/r/aerospaceengineering"&gt;r/AerospaceEngineering&lt;/a&gt;&lt;/p&gt;\n' +
          '\n' +
          '&lt;p&gt;&lt;a href="https://www.reddit.com/r/AskEngineers"&gt;r/AskEngineers&lt;/a&gt;&lt;/p&gt;\n' +
          '\n' +
          '&lt;p&gt;&lt;a href="https://reddit.com/r/bioengineering/"&gt;r/bioengineering&lt;/a&gt;&lt;/p&gt;\n' +
          '\n' +
          '&lt;p&gt;&lt;a href="https://www.reddit.com//r/ChemicalEngineering"&gt;r/ChemicalEngineering&lt;/a&gt;&lt;/p&gt;\n' +
          '\n' +
          '&lt;p&gt;&lt;a href="https://www.reddit.com/r/civilengineering/"&gt;r/civilengineering&lt;/a&gt;&lt;/p&gt;\n' +
          '\n' +
          '&lt;p&gt;&lt;a href="https://www.reddit.com/r/Engineering"&gt;r/Engineering&lt;/a&gt;&lt;/p&gt;\n' +
          '\n' +
          '&lt;p&gt;&lt;a href="https://www.reddit.com/r/ECE"&gt;r/ECE&lt;/a&gt;&lt;/p&gt;\n' +
          '\n' +
          '&lt;p&gt;&lt;a href="https://www.reddit.com/r/materials/"&gt;/r/materials &lt;/a&gt;&lt;/p&gt;\n' +
          '\n' +
          '&lt;p&gt;&lt;a href="https://www.reddit.com/r/MechanicalEngineering/"&gt;r/MechanicalEngineering&lt;/a&gt;&lt;/p&gt;\n' +
          '\n' +
          '&lt;p&gt;&lt;a href="https://www.reddit.com//r/womenEngineers"&gt;r/WomenEngineers&lt;/a&gt;&lt;/p&gt;\n' +
          '\n' +
          '&lt;p&gt;&lt;strong&gt;Other Subreddits and Communities&lt;/strong&gt;&lt;/p&gt;\n' +
          '\n' +
          '&lt;p&gt;&lt;a href="https://www.reddit.com/r/AskElectronics"&gt;r/AskElectronics&lt;/a&gt;&lt;/p&gt;\n' +
          '\n' +
          '&lt;p&gt;&lt;a href="https://www.reddit.com/r/CAD"&gt;r/CAD&lt;/a&gt;&lt;/p&gt;\n' +
          '\n' +
          '&lt;p&gt;&lt;a href="https://www.reddit.com/r/CFD/"&gt;r/CFD&lt;/a&gt;&lt;/p&gt;\n' +
          '\n' +
          '&lt;p&gt;&lt;a href="https://www.reddit.com/r/ComputerScience"&gt;r/ComputerScience&lt;/a&gt;&lt;/p&gt;\n' +
          '\n' +
          '&lt;p&gt;&lt;a href="https://www.reddit.com/r/C_Programming/"&gt;r/C_Programming &lt;/a&gt;&lt;/p&gt;\n' +
          '\n' +
          '&lt;p&gt;&lt;a href="https://www.reddit.com/r/LaTeX"&gt;r/LaTeX&lt;/a&gt;&lt;/p&gt;\n' +
          '\n' +
          '&lt;p&gt;&lt;a href="https://www.reddit.com//r/learnprogramming"&gt;r/learnprogramming&lt;/a&gt;&lt;/p&gt;\n' +
          '\n' +
          '&lt;p&gt;&lt;a href="https://www.reddit.com/r/matlab"&gt;r/MatLab&lt;/a&gt;&lt;/p&gt;\n' +
          '\n' +
          '&lt;p&gt;&lt;a href="https://reddit.com/r/manufacturing/"&gt;r/manufacturing &lt;/a&gt;&lt;/p&gt;\n' +
          '\n' +
          '&lt;p&gt;&lt;a href="https://www.reddit.com/r/Python/"&gt;/r/Python &lt;/a&gt;&lt;/p&gt;\n' +
          '\n' +
          '&lt;p&gt;&lt;a href="https://www.reddit.com/r/FE_Exam"&gt;r/FE_Exam&lt;/a&gt;&lt;/p&gt;\n' +
          '\n' +
          '&lt;p&gt;&lt;a href="https://discord.gg/J67ggJQ"&gt;Unofficial NCEES FE/PE Exam Discord&lt;/a&gt;  &lt;/p&gt;\n' +
          '\n' +
          '&lt;hr/&gt;\n' +
          '\n' +
          '&lt;p&gt;&lt;a href="http://www.reddit.com/r/EngineeringStudents/comments/ln2xy/you_are_now_in_control_of_your_own_flair_so_get/"&gt;Want flair?&lt;/a&gt;&lt;/p&gt;\n' +
          '&lt;/div&gt;&lt;!-- SC_ON --&gt;',
        spoilers_enabled: false,
        comment_contribution_settings: { allowed_media_types: null },
        allow_talks: false,
        header_size: [ 432, 128 ],
        user_flair_position: 'right',
        all_original_content: false,
        has_menu_widget: false,
        is_enrolled_in_new_modmail: null,
        key_color: '#a5a4a4',
        can_assign_user_flair: true,
        created: 1304530939,
        wls: 6,
        show_media_preview: true,
        submission_type: 'any',
        user_is_subscriber: null,
        allowed_media_in_comments: [],
        allow_videogifs: true,
        should_archive_posts: false,
        user_flair_type: 'text',
        allow_polls: false,
        collapse_deleted_comments: true,
        emojis_custom_size: null,
        public_description_html: '&lt;!-- SC_OFF --&gt;&lt;div class="md"&gt;&lt;p&gt;This subreddit is currently restricted as a protest against recent decisions and personal behavior by Reddit Inc and its CEO.  For more information on what happened, see here: &lt;a href="https://www.theverge.com/2023/6/5/23749188/reddit-subreddit-private-protest-api-changes-apollo-charges"&gt;https://www.theverge.com/2023/6/5/23749188/reddit-subreddit-private-protest-api-changes-apollo-charges&lt;/a&gt;&lt;/p&gt;\n' +
          '&lt;/div&gt;&lt;!-- SC_ON --&gt;',
        allow_videos: false,
        is_crosspostable_subreddit: false,
        suggested_comment_sort: 'new',
        should_show_media_in_comments_setting: true,
        can_assign_link_flair: true,
        accounts_active_is_fuzzed: false,
        allow_prediction_contributors: false,
        submit_text_label: '',
        link_flair_position: 'left',
        user_sr_flair_enabled: null,
        user_flair_enabled_in_sr: false,
        allow_chat_post_creation: false,
        allow_discovery: false,
        accept_followers: true,
        user_sr_theme_enabled: true,
        link_flair_enabled: true,
        disable_contributor_requests: false,
        subreddit_type: 'public',
        notification_level: null,
        banner_img: '',
        user_flair_text: null,
        banner_background_color: '#edeff1',
        show_media: true,
        id: '2sh0b',
        user_is_contributor: null,
        over18: false,
        header_title: '',
        description: '**Check out the official EngineeringStudents Discord!:**  \n' +
          '**[discord.gg/EngineeringStudents](https://discord.gg/EngineeringStudents)**\n' +
          '\n' +
          'This is a place for engineering students of any discipline to discuss study methods, get [homework help](https://www.reddit.com/r/EngineeringStudents/wiki/homeworkhelp), get job search advice, and find a compassionate ear when you get a 40% on your midterm after studying all night. \n' +
          '\n' +
          '---\n' +
          '[**PM THE MODERATORS HERE**](https://www.reddit.com/message/compose?to=%2Fr%2FEngineeringStudents)\n' +
          '\n' +
          '--- \n' +
          '\n' +
          '**[RULES](https://reddit.com/r/EngineeringStudents/wiki/rules)**\n' +
          '\n' +
          '\n' +
          '^ Read above for the expanded rules. Not reading them and then complaining will not earn you any sympathy. \n' +
          '\n' +
          '1. If the topic of your post is currently covered in one of the megathreads/stickied posts at the top of the page, please put your content as a comment there instead. Otherwise your post may get deleted.\n' +
          '\n' +
          '2. Do your own research, follow basic guidelines, and be sure to google your question beforehand. \n' +
          '\n' +
          '3. [Follow homework help guidelines](https://old.reddit.com/r/EngineeringStudents/wiki/homeworkhelp)\n' +
          '\n' +
          '4. Racism, sexism or any other kind of intolerance or discrimination will not be tolerated.\n' +
          '\n' +
          '5. Trolling, posts intentionally inciting conflict, personal attacks, and spam will be removed.\n' +
          '\n' +
          '6. No pirated materials. \n' +
          '\n' +
          '7. Avoid posting blogspam, blog self-promotion, or personally monetized links. You can be an account with a website, but not a website with an account. \n' +
          '\n' +
          '8. Meme posts are allowed only Saturday, Sunday, and Monday. Meme posts made outside this time will be removed.  \n' +
          '\n' +
          '9. No laptop posts. \n' +
          '\n' +
          '---\n' +
          '\n' +
          '**[RESOURCES](https://reddit.com/r/EngineeringStudents/wiki/index)**\n' +
          '\n' +
          '**General**\n' +
          '\n' +
          '\n' +
          '[CosmoLearning](https://cosmolearning.org/)\n' +
          '[MIT OpenCourseware](https://ocw.mit.edu/index.htm)\n' +
          '\n' +
          '[LearningSpace](https://www.open.ac.uk/about/open-educational-resources/openlearn)\n' +
          '\n' +
          '[Engineer4Free](https://www.engineer4free.com/)  \n' +
          '\n' +
          '[Mental Health Resources](https://www.reddit.com/r/SuicideWatch/wiki/hotlines?v=462381b7-9edc-11eb-bd93-0e09ea1039cb)\n' +
          '\n' +
          '**Best of Threads**  \n' +
          '\n' +
          '[School Supplies](http://www.reddit.com/r/EngineeringStudents/comments/25eg2o/best_engineering_student_tools/)\n' +
          '\n' +
          '[Old Overall Thread Compilation](http://www.reddit.com/r/EngineeringStudents/comments/rsxlk/help_me_compile_a_best_of_collection_for/)\n' +
          '\n' +
          '\n' +
          '**Math**\n' +
          '\n' +
          '[WolframAlpha](https://www.wolframalpha.com)\n' +
          '\n' +
          '[Khan Academy](https://www.khanacademy.org/)\n' +
          '\n' +
          "[Paul's Online Math Notes](https://tutorial.math.lamar.edu/)\n" +
          '\n' +
          '[PatrickJMT Video Math Tutorials](https://www.youtube.com/user/patrickJMT)\n' +
          '\n' +
          '[Professor Leonard](https://www.youtube.com/user/professorleonard57)\n' +
          '\n' +
          '\n' +
          '**Electronics**\n' +
          '\n' +
          '[All About Circuits](http://www.allaboutcircuits.com/)\n' +
          '\n' +
          '[Circuit Lab](https://www.circuitlab.com/ )\n' +
          '\n' +
          '**Programming**\n' +
          '\n' +
          '[C++.com](http://www.cplusplus.com/)\n' +
          '\n' +
          '[StackOverflow](http://stackoverflow.com/)\n' +
          '\n' +
          '\n' +
          '**Mechanics and Materials**\n' +
          '\n' +
          '[MatWeb](http://www.matweb.com/)\n' +
          '\n' +
          '[MecMovies](http://web.mst.edu/~mecmovie/)\n' +
          '\n' +
          '[Cambridge Materials Science Videos](https://www.phase-trans.msm.cam.ac.uk/teaching.html)  \n' +
          '\n' +
          '[Cal Poly Pomona ME Videos](http://www.cpp.edu/~meonline/)\n' +
          '\n' +
          '**Engineering Subreddits**\n' +
          '\n' +
          '[r/AerospaceEngineering](https://www.reddit.com/r/aerospaceengineering)\n' +
          '\n' +
          '[r/AskEngineers](https://www.reddit.com/r/AskEngineers)\n' +
          '\n' +
          '[r/bioengineering](https://reddit.com/r/bioengineering/)\n' +
          '\n' +
          '[r/ChemicalEngineering](https://www.reddit.com//r/ChemicalEngineering )\n' +
          '\n' +
          '[r/civilengineering](https://www.reddit.com/r/civilengineering/)\n' +
          '\n' +
          '[r/Engineering](https://www.reddit.com/r/Engineering)\n' +
          '\n' +
          '[r/ECE](https://www.reddit.com/r/ECE)\n' +
          '\n' +
          '[/r/materials ](https://www.reddit.com/r/materials/)\n' +
          '\n' +
          '[r/MechanicalEngineering](https://www.reddit.com/r/MechanicalEngineering/)\n' +
          '\n' +
          '[r/WomenEngineers](https://www.reddit.com//r/womenEngineers)\n' +
          '\n' +
          '**Other Subreddits and Communities**\n' +
          '\n' +
          '[r/AskElectronics](https://www.reddit.com/r/AskElectronics)\n' +
          '\n' +
          '[r/CAD](https://www.reddit.com/r/CAD)\n' +
          '\n' +
          '[r/CFD](https://www.reddit.com/r/CFD/)\n' +
          '\n' +
          '[r/ComputerScience](https://www.reddit.com/r/ComputerScience)\n' +
          '\n' +
          '[r/C_Programming ](https://www.reddit.com/r/C_Programming/)\n' +
          '\n' +
          '[r/LaTeX](https://www.reddit.com/r/LaTeX)\n' +
          '\n' +
          '[r/learnprogramming](https://www.reddit.com//r/learnprogramming)\n' +
          '\n' +
          '[r/MatLab](https://www.reddit.com/r/matlab)\n' +
          '\n' +
          '[r/manufacturing ](https://reddit.com/r/manufacturing/)\n' +
          '\n' +
          '[/r/Python ](https://www.reddit.com/r/Python/)\n' +
          '\n' +
          '[r/FE_Exam](https://www.reddit.com/r/FE_Exam)\n' +
          '\n' +
          '[Unofficial NCEES FE/PE Exam Discord](https://discord.gg/J67ggJQ)  \n' +
          '\n' +
          '--------\n' +
          '\n' +
          '[Want flair?](http://www.reddit.com/r/EngineeringStudents/comments/ln2xy/you_are_now_in_control_of_your_own_flair_so_get/)',
        is_chat_post_feature_enabled: true,
        submit_link_label: 'Submit A Link',
        user_flair_text_color: null,
        restrict_commenting: false,
        user_flair_css_class: null,
        allow_images: true,
        lang: 'en',
        whitelist_status: 'all_ads',
        url: '/r/EngineeringStudents/',
        created_utc: 1304530939,
        banner_size: null,
        mobile_banner_image: '',
        user_is_moderator: null,
        allow_predictions_tournament: false
      },
      {
        user_flair_background_color: null,
        submit_text_html: '&lt;!-- SC_OFF --&gt;&lt;div class="md"&gt;&lt;h1&gt;!!! READ BEFORE YOU POST !!!&lt;/h1&gt;\n' +
          '\n' +
          '&lt;ol&gt;\n' +
          '&lt;li&gt;&lt;p&gt;Check the &lt;a href="/r/AskEngineers/wiki/faq"&gt;&lt;strong&gt;Frequently Asked Questions page&lt;/strong&gt;&lt;/a&gt; to see if your question is already answered first.&lt;/p&gt;&lt;/li&gt;\n' +
          '&lt;li&gt;&lt;p&gt;Follow the &lt;a href="/r/AskEngineers/wiki/rules#wiki_submission_rules"&gt;&lt;strong&gt;submission rules&lt;/strong&gt;&lt;/a&gt;, or your post may be removed without warning.&lt;/p&gt;&lt;/li&gt;\n' +
          '&lt;/ol&gt;\n' +
          '\n' +
          '&lt;h2&gt;Students seeking advice on college major&lt;/h2&gt;\n' +
          '\n' +
          '&lt;p&gt;&lt;strong&gt;Read this announcement:&lt;/strong&gt; &lt;a href="https://redd.it/axv804"&gt;https://redd.it/axv804&lt;/a&gt;&lt;/p&gt;\n' +
          '\n' +
          '&lt;h2&gt;Posts that will get removed&lt;/h2&gt;\n' +
          '\n' +
          '&lt;ul&gt;\n' +
          '&lt;li&gt;&lt;strong&gt;Questions that are not about engineering.&lt;/strong&gt;&lt;/li&gt;\n' +
          '&lt;li&gt;&lt;strong&gt;Questions that can easily be answered by searching on the internet.&lt;/strong&gt;&lt;/li&gt;\n' +
          '&lt;li&gt;&lt;strong&gt;Homework problems from your class, including egg-drop and miniature bridge designs.&lt;/strong&gt; Engineering case studies are OK.&lt;/li&gt;\n' +
          '&lt;li&gt;&lt;strong&gt;Questions about which undergraduate major to pick and questions about Grade Point Average.&lt;/strong&gt;&lt;/li&gt;\n' +
          '&lt;li&gt;&lt;strong&gt;Asking for feedback on your résumé, CV, or cover letter.&lt;/strong&gt;&lt;/li&gt;\n' +
          '&lt;li&gt;&lt;strong&gt;Career related questions that do not meet the requirements listed in Rule 7.&lt;/strong&gt;&lt;/li&gt;\n' +
          '&lt;li&gt;&lt;strong&gt;Questions with an answer available in the wiki.&lt;/strong&gt;&lt;/li&gt;\n' +
          '&lt;/ul&gt;\n' +
          '&lt;/div&gt;&lt;!-- SC_ON --&gt;',
        restrict_posting: true,
        user_is_banned: null,
        free_form_reports: false,
        wiki_enabled: true,
        user_is_muted: null,
        user_can_flair_in_sr: null,
        display_name: 'AskEngineers',
        header_img: 'https://b.thumbs.redditmedia.com/aUQZr4O4EasbsqrmhZ7JdJUvHGX-mova9SPT2QwlINs.png',
        title: 'AskEngineers: Stop nodding, start asking questions.',
        allow_galleries: true,
        icon_size: null,
        primary_color: '#014980',
        active_user_count: null,
        icon_img: '',
        display_name_prefixed: 'r/AskEngineers',
        accounts_active: null,
        public_traffic: false,
        subscribers: 647842,
        user_flair_richtext: [],
        name: 't5_2sebk',
        quarantine: false,
        hide_ads: false,
        prediction_leaderboard_entry_type: 'SUBREDDIT_HEADER',
        emojis_enabled: false,
        advertiser_category: '',
        public_description: 'Engineers apply the knowledge of math &amp; science to design and manufacture maintainable systems used to solve specific problems. AskEngineers is a forum for questions about the technologies, standards, and processes used to design &amp; build these systems, as well as for questions about the engineering profession and its many disciplines.',
        comment_score_hide_mins: 360,
        allow_predictions: false,
        user_has_favorited: null,
        user_flair_template_id: null,
        community_icon: '',
        banner_background_image: '',
        original_content_tag_enabled: false,
        community_reviewed: true,
        submit_text: '# !!! READ BEFORE YOU POST !!!\n' +
          '\n' +
          '1. Check the [**Frequently Asked Questions page**](/r/AskEngineers/wiki/faq) to see if your question is already answered first.\n' +
          '\n' +
          '1. Follow the [**submission rules**](/r/AskEngineers/wiki/rules#wiki_submission_rules), or your post may be removed without warning.\n' +
          '\n' +
          '## Students seeking advice on college major\n' +
          '\n' +
          '**Read this announcement:** https://redd.it/axv804\n' +
          '\n' +
          '## Posts that will get removed\n' +
          '\n' +
          '* **Questions that are not about engineering.**\n' +
          '* **Questions that can easily be answered by searching on the internet.**\n' +
          '* **Homework problems from your class, including egg-drop and miniature bridge designs.** Engineering case studies are OK.\n' +
          '* **Questions about which undergraduate major to pick and questions about Grade Point Average.**\n' +
          '* **Asking for feedback on your résumé, CV, or cover letter.**\n' +
          '* **Career related questions that do not meet the requirements listed in Rule 7.**\n' +
          '* **Questions with an answer available in the wiki.**',
        description_html: '&lt;!-- SC_OFF --&gt;&lt;div class="md"&gt;&lt;h1&gt;&lt;a href="#icon-star"&gt;&lt;/a&gt; &lt;a href="/r/AskEngineers/comments/hs7mu3/call_for_engineers_tell_us_about_your_job_16_july/"&gt;Call for Engineers: Tell us about your job! (2020)&lt;/a&gt;&lt;/h1&gt;\n' +
          '\n' +
          '&lt;h5&gt;&lt;a href="#icon-exclamation"&gt;&lt;/a&gt;New to AskEngineers? Read our &lt;a href="/r/AskEngineers/wiki/rules"&gt;&lt;strong&gt;subreddit rules&lt;/strong&gt;&lt;/a&gt; and &lt;a href="/r/AskEngineers/wiki/faq"&gt;&lt;strong&gt;FAQ page&lt;/strong&gt;&lt;/a&gt; before posting!&lt;/h5&gt;\n' +
          '\n' +
          '&lt;hr/&gt;\n' +
          '\n' +
          '&lt;h2&gt;Topic Filters&lt;/h2&gt;\n' +
          '\n' +
          '&lt;table&gt;&lt;thead&gt;\n' +
          '&lt;tr&gt;\n' +
          '&lt;th align="center"&gt;&lt;/th&gt;\n' +
          '&lt;th align="center"&gt;&lt;/th&gt;\n' +
          '&lt;/tr&gt;\n' +
          '&lt;/thead&gt;&lt;tbody&gt;\n' +
          '&lt;tr&gt;\n' +
          '&lt;td align="center"&gt;&lt;a href="/r/AskEngineers/search/?q=flair%3Amechanical&amp;amp;include_over_18=on&amp;amp;restrict_sr=on&amp;amp;t=all&amp;amp;sort=new"&gt;Mechanical&lt;/a&gt;&lt;/td&gt;\n' +
          '&lt;td align="center"&gt;&lt;a href="/r/AskEngineers/search/?q=flair%3Acivil&amp;amp;include_over_18=on&amp;amp;restrict_sr=on&amp;amp;t=all&amp;amp;sort=new"&gt;Civil&lt;/a&gt;&lt;/td&gt;\n' +
          '&lt;/tr&gt;\n' +
          '&lt;tr&gt;\n' +
          '&lt;td align="center"&gt;&lt;a href="/r/AskEngineers/search/?q=flair%3Aelectrical&amp;amp;include_over_18=on&amp;amp;restrict_sr=on&amp;amp;t=all&amp;amp;sort=new"&gt;Electrical&lt;/a&gt;&lt;/td&gt;\n' +
          '&lt;td align="center"&gt;&lt;a href="/r/AskEngineers/search/?q=flair%3Achemical&amp;amp;include_over_18=on&amp;amp;restrict_sr=on&amp;amp;t=all&amp;amp;sort=new"&gt;Chemical&lt;/a&gt;&lt;/td&gt;\n' +
          '&lt;/tr&gt;\n' +
          '&lt;tr&gt;\n' +
          '&lt;td align="center"&gt;&lt;a href="/r/AskEngineers/search/?q=flair%3Acomputer&amp;amp;include_over_18=on&amp;amp;restrict_sr=on&amp;amp;t=all&amp;amp;sort=new"&gt;Computer&lt;/a&gt;&lt;/td&gt;\n' +
          '&lt;td align="center"&gt;&lt;a href="/r/AskEngineers/search/?q=flair%3Adiscussion&amp;amp;include_over_18=on&amp;amp;restrict_sr=on&amp;amp;t=all&amp;amp;sort=new"&gt;Discussion&lt;/a&gt;&lt;/td&gt;\n' +
          '&lt;/tr&gt;\n' +
          '&lt;/tbody&gt;&lt;/table&gt;\n' +
          '\n' +
          '&lt;hr/&gt;\n' +
          '\n' +
          '&lt;h2&gt;&lt;a href="#icon-information"&gt;&lt;/a&gt;&lt;a href="/r/AskEngineers/wiki/rules#wiki_submission_rules"&gt;Submission Rules&lt;/a&gt;&lt;/h2&gt;\n' +
          '\n' +
          '&lt;ol&gt;\n' +
          '&lt;li&gt;&lt;p&gt;Post titles must be a question about engineering and provide context — be specific. Remember to flair your post. Most general career related questions should be placed in the Monday Career Megathread. Review the wiki prior to posting.&lt;/p&gt;&lt;/li&gt;\n' +
          '&lt;li&gt;&lt;p&gt;No homework questions.&lt;/p&gt;&lt;/li&gt;\n' +
          '&lt;li&gt;&lt;p&gt;Avoid questions that can easily be answered by searching on the internet.&lt;/p&gt;&lt;/li&gt;\n' +
          '&lt;li&gt;&lt;p&gt;Avoid questions that have already be answered by a post in the &lt;a href="/r/AskEngineers/wiki/faq"&gt;FAQ section&lt;/a&gt; of the wiki.&lt;/p&gt;&lt;/li&gt;\n' +
          '&lt;/ol&gt;\n' +
          '\n' +
          '&lt;h2&gt;&lt;a href="#icon-information"&gt;&lt;/a&gt;Flair Guide&lt;/h2&gt;\n' +
          '\n' +
          '&lt;ul&gt;\n' +
          '&lt;li&gt;&lt;p&gt;&lt;strong&gt;Mechanical, Electrical, Civil, Chemical, and Computer&lt;/strong&gt; are reserved for technical questions only.&lt;/p&gt;&lt;/li&gt;\n' +
          '&lt;li&gt;&lt;p&gt;&lt;strong&gt;Discussion&lt;/strong&gt; can be used for general questions that apply to multiple disciplines, including some workplace topics. Note that questions must still be specific to engineering and not a general opinion survey.&lt;/p&gt;&lt;/li&gt;\n' +
          '&lt;/ul&gt;\n' +
          '\n' +
          '&lt;h2&gt;&lt;a href="#icon-information"&gt;&lt;/a&gt;&lt;a href="/r/AskEngineers/wiki/rules#wiki_comment_rules"&gt;Comment Rules&lt;/a&gt;&lt;/h2&gt;\n' +
          '\n' +
          '&lt;ol&gt;\n' +
          '&lt;li&gt;&lt;p&gt;&lt;strong&gt;Be respectful to other users.&lt;/strong&gt; All users are expected to behave with courtesy. Racism, sexism, or any other form of bigotry will not be tolerated.&lt;/p&gt;&lt;/li&gt;\n' +
          '&lt;li&gt;&lt;p&gt;&lt;strong&gt;Don&amp;#39;t answer if you aren&amp;#39;t knowledgeable.&lt;/strong&gt; Answers must contain an explanation using engineering logic, and assertions of fact must be supported by links to credible sources.&lt;/p&gt;&lt;/li&gt;\n' +
          '&lt;li&gt;&lt;p&gt;&lt;strong&gt;Be substantive.&lt;/strong&gt; No low-effort one-liner comments, memes, or off-topic replies. Limit the use of engineering jokes.&lt;/p&gt;&lt;/li&gt;\n' +
          '&lt;/ol&gt;\n' +
          '\n' +
          '&lt;h2&gt;&lt;a href="#icon-star"&gt;&lt;/a&gt;Featured Posts&lt;/h2&gt;\n' +
          '\n' +
          '&lt;ul&gt;\n' +
          '&lt;li&gt;&lt;p&gt;&lt;a href="/r/AskEngineers/comments/hs7mu3/call_for_engineers_tell_us_about_your_job_16_july/"&gt;Call for Engineers: Tell us about your job! (16 July 2020)&lt;/a&gt;&lt;/p&gt;&lt;/li&gt;\n' +
          '&lt;li&gt;&lt;p&gt;&lt;a href="/r/AskEngineers/comments/ha8f10/the_askengineers_q2_thru_q4_2020_salary_survey/"&gt;The AskEngineers Salary Survey&lt;/a&gt;&lt;/p&gt;&lt;/li&gt;\n' +
          '&lt;/ul&gt;\n' +
          '\n' +
          '&lt;h2&gt;&lt;a href="#icon-note"&gt;&lt;/a&gt;Resources&lt;/h2&gt;\n' +
          '\n' +
          '&lt;ul&gt;\n' +
          '&lt;li&gt;&lt;p&gt;&lt;a href="/r/AskEngineers/wiki/library"&gt;AskEngineers Reference Library&lt;/a&gt;&lt;/p&gt;&lt;/li&gt;\n' +
          '&lt;li&gt;&lt;p&gt;&lt;a href="/r/AskEngineers/comments/ftkg8a/call_for_engineers_willing_to_be_interviewed_02/"&gt;2020 List of engineers willing to be interviewed&lt;/a&gt;&lt;/p&gt;&lt;/li&gt;\n' +
          '&lt;li&gt;&lt;p&gt;&lt;a href="/r/AskEngineers/comments/b8hrrd/call_for_engineers_willing_to_be_interviewed_02/"&gt;2019 List of engineers willing to be interviewed&lt;/a&gt;&lt;/p&gt;&lt;/li&gt;\n' +
          '&lt;/ul&gt;\n' +
          '\n' +
          '&lt;h2&gt;&lt;a href="#icon-comments"&gt;&lt;/a&gt;Related subreddits&lt;/h2&gt;\n' +
          '\n' +
          '&lt;p&gt;&lt;a href="/r/ScienceSubreddits/wiki/index"&gt;List of all science subreddits&lt;/a&gt;&lt;/p&gt;\n' +
          '\n' +
          '&lt;p&gt;&lt;a href="/r/engineering"&gt;r/engineering&lt;/a&gt;&lt;/p&gt;\n' +
          '\n' +
          '&lt;p&gt;&lt;a href="/r/EngineeringStudents"&gt;r/EngineeringStudents&lt;/a&gt;&lt;/p&gt;\n' +
          '\n' +
          '&lt;p&gt;&lt;a href="/r/AskElectronics"&gt;r/AskElectronics&lt;/a&gt;&lt;/p&gt;\n' +
          '\n' +
          '&lt;p&gt;&lt;a href="/r/MechanicalEngineering"&gt;r/MechanicalEngineering&lt;/a&gt; &lt;/p&gt;\n' +
          '\n' +
          '&lt;p&gt;&lt;a href="/r/ChemicalEngineering"&gt;r/ChemicalEngineering&lt;/a&gt; &lt;/p&gt;\n' +
          '\n' +
          '&lt;p&gt;&lt;a href="/r/civilengineering"&gt;r/civilengineering&lt;/a&gt;&lt;/p&gt;\n' +
          '\n' +
          '&lt;p&gt;&lt;a href="/r/civil3d"&gt;r/civil3d&lt;/a&gt;&lt;/p&gt;\n' +
          '\n' +
          '&lt;p&gt;&lt;a href="/r/aerospace"&gt;r/aerospace&lt;/a&gt;&lt;/p&gt;\n' +
          '\n' +
          '&lt;p&gt;&lt;a href="/r/womenEngineers"&gt;r/womenEngineers&lt;/a&gt;&lt;/p&gt;\n' +
          '\n' +
          '&lt;p&gt;&lt;a href="/r/lasercom"&gt;r/lasercom&lt;/a&gt;&lt;/p&gt;\n' +
          '\n' +
          '&lt;p&gt;&lt;a href="/r/thermodynamics"&gt;r/thermodynamics&lt;/a&gt;&lt;/p&gt;\n' +
          '\n' +
          '&lt;p&gt;&lt;a href="/r/CFD"&gt;r/CFD&lt;/a&gt;&lt;/p&gt;\n' +
          '\n' +
          '&lt;p&gt;&lt;a href="/r/FluidMechanics"&gt;r/FluidMechanics&lt;/a&gt;&lt;/p&gt;\n' +
          '\n' +
          '&lt;p&gt;&lt;a href="/r/PLC"&gt;r/PLC&lt;/a&gt;&lt;/p&gt;\n' +
          '\n' +
          '&lt;p&gt;&lt;a href="/r/CAD"&gt;r/CAD&lt;/a&gt;&lt;/p&gt;\n' +
          '\n' +
          '&lt;p&gt;&lt;a href="/r/manufacturing"&gt;r/manufacturing&lt;/a&gt;&lt;/p&gt;\n' +
          '\n' +
          '&lt;p&gt;&lt;a href="/r/CNC"&gt;r/CNC&lt;/a&gt;&lt;/p&gt;\n' +
          '\n' +
          '&lt;p&gt;&lt;a href="/r/Welding"&gt;r/Welding&lt;/a&gt;&lt;/p&gt;\n' +
          '\n' +
          '&lt;p&gt;&lt;a href="/r/AskScience"&gt;r/AskScience&lt;/a&gt;&lt;/p&gt;\n' +
          '\n' +
          '&lt;p&gt;&lt;a href="/r/HomeworkHelp"&gt;r/HomeworkHelp&lt;/a&gt;&lt;/p&gt;\n' +
          '\n' +
          '&lt;p&gt;&lt;a href="/r/Programming"&gt;r/Programming&lt;/a&gt;&lt;/p&gt;\n' +
          '\n' +
          '&lt;p&gt;&lt;a href="/r/ComputerScience"&gt;r/ComputerScience&lt;/a&gt;&lt;/p&gt;\n' +
          '\n' +
          '&lt;p&gt;&lt;a href="/r/CScareerquestions"&gt;r/CScareerquestions&lt;/a&gt;&lt;/p&gt;\n' +
          '\n' +
          '&lt;p&gt;&lt;a href="/r/EngineeringResumes"&gt;r/EngineeringResumes&lt;/a&gt;&lt;/p&gt;\n' +
          '\n' +
          '&lt;p&gt;&lt;a href="/r/whatisthisthing"&gt;r/whatisthisthing&lt;/a&gt;&lt;/p&gt;\n' +
          '\n' +
          '&lt;p&gt;&lt;a href="/r/NavalArchitecture"&gt;r/NavalArchitecture&lt;/a&gt;&lt;/p&gt;\n' +
          '&lt;/div&gt;&lt;!-- SC_ON --&gt;',
        spoilers_enabled: false,
        comment_contribution_settings: { allowed_media_types: null },
        allow_talks: false,
        header_size: [ 200, 200 ],
        user_flair_position: 'right',
        all_original_content: false,
        has_menu_widget: false,
        is_enrolled_in_new_modmail: null,
        key_color: '',
        can_assign_user_flair: true,
        created: 1301267343,
        wls: 6,
        show_media_preview: true,
        submission_type: 'self',
        user_is_subscriber: null,
        allowed_media_in_comments: [],
        allow_videogifs: false,
        should_archive_posts: true,
        user_flair_type: 'text',
        allow_polls: false,
        collapse_deleted_comments: true,
        emojis_custom_size: null,
        public_description_html: '&lt;!-- SC_OFF --&gt;&lt;div class="md"&gt;&lt;p&gt;Engineers apply the knowledge of math &amp;amp; science to design and manufacture maintainable systems used to solve specific problems. AskEngineers is a forum for questions about the technologies, standards, and processes used to design &amp;amp; build these systems, as well as for questions about the engineering profession and its many disciplines.&lt;/p&gt;\n' +
          '&lt;/div&gt;&lt;!-- SC_ON --&gt;',
        allow_videos: false,
        is_crosspostable_subreddit: false,
        suggested_comment_sort: null,
        should_show_media_in_comments_setting: true,
        can_assign_link_flair: true,
        accounts_active_is_fuzzed: false,
        allow_prediction_contributors: false,
        submit_text_label: 'Ask a new question',
        link_flair_position: 'left',
        user_sr_flair_enabled: null,
        user_flair_enabled_in_sr: false,
        allow_chat_post_creation: false,
        allow_discovery: true,
        accept_followers: true,
        user_sr_theme_enabled: true,
        link_flair_enabled: true,
        disable_contributor_requests: false,
        subreddit_type: 'public',
        notification_level: null,
        banner_img: '',
        user_flair_text: null,
        banner_background_color: '#014980',
        show_media: false,
        id: '2sebk',
        user_is_contributor: null,
        over18: false,
        header_title: '',
        description: '#[](#icon-star) [Call for Engineers: Tell us about your job! (2020)](/r/AskEngineers/comments/hs7mu3/call_for_engineers_tell_us_about_your_job_16_july/)\n' +
          '\n' +
          '##### [](#icon-exclamation)New to AskEngineers? Read our [**subreddit rules**](/r/AskEngineers/wiki/rules) and [**FAQ page**](/r/AskEngineers/wiki/faq) before posting!\n' +
          '\n' +
          '---\n' +
          '\n' +
          '## Topic Filters\n' +
          '\n' +
          '|||\n' +
          ':-:|:-:\n' +
          '[Mechanical](/r/AskEngineers/search/?q=flair%3Amechanical&amp;include_over_18=on&amp;restrict_sr=on&amp;t=all&amp;sort=new)|[Civil](/r/AskEngineers/search/?q=flair%3Acivil&amp;include_over_18=on&amp;restrict_sr=on&amp;t=all&amp;sort=new)\n' +
          '[Electrical](/r/AskEngineers/search/?q=flair%3Aelectrical&amp;include_over_18=on&amp;restrict_sr=on&amp;t=all&amp;sort=new) | [Chemical](/r/AskEngineers/search/?q=flair%3Achemical&amp;include_over_18=on&amp;restrict_sr=on&amp;t=all&amp;sort=new)\n' +
          '[Computer](/r/AskEngineers/search/?q=flair%3Acomputer&amp;include_over_18=on&amp;restrict_sr=on&amp;t=all&amp;sort=new)| [Discussion](/r/AskEngineers/search/?q=flair%3Adiscussion&amp;include_over_18=on&amp;restrict_sr=on&amp;t=all&amp;sort=new)\n' +
          '\n' +
          '---\n' +
          '\n' +
          '## [](#icon-information)[Submission Rules](/r/AskEngineers/wiki/rules#wiki_submission_rules)\n' +
          '\n' +
          '1. Post titles must be a question about engineering and provide context — be specific. Remember to flair your post. Most general career related questions should be placed in the Monday Career Megathread. Review the wiki prior to posting.\n' +
          '\n' +
          '1. No homework questions.\n' +
          '\n' +
          '1. Avoid questions that can easily be answered by searching on the internet.\n' +
          '\n' +
          '1. Avoid questions that have already be answered by a post in the [FAQ section](/r/AskEngineers/wiki/faq) of the wiki.\n' +
          '\n' +
          '## [](#icon-information)Flair Guide\n' +
          '\n' +
          '* **Mechanical, Electrical, Civil, Chemical, and Computer** are reserved for technical questions only.\n' +
          '\n' +
          '* **Discussion** can be used for general questions that apply to multiple disciplines, including some workplace topics. Note that questions must still be specific to engineering and not a general opinion survey.\n' +
          '\n' +
          '## [](#icon-information)[Comment Rules](/r/AskEngineers/wiki/rules#wiki_comment_rules)\n' +
          '\n' +
          '1. **Be respectful to other users.** All users are expected to behave with courtesy. Racism, sexism, or any other form of bigotry will not be tolerated.\n' +
          '\n' +
          "1. **Don't answer if you aren't knowledgeable.** Answers must contain an explanation using engineering logic, and assertions of fact must be supported by links to credible sources.\n" +
          '\n' +
          '1. **Be substantive.** No low-effort one-liner comments, memes, or off-topic replies. Limit the use of engineering jokes.\n' +
          '\n' +
          '## [](#icon-star)Featured Posts\n' +
          '\n' +
          '* [Call for Engineers: Tell us about your job! (16 July 2020)](/r/AskEngineers/comments/hs7mu3/call_for_engineers_tell_us_about_your_job_16_july/)\n' +
          '\n' +
          '* [The AskEngineers Salary Survey](/r/AskEngineers/comments/ha8f10/the_askengineers_q2_thru_q4_2020_salary_survey/)\n' +
          '\n' +
          '## [](#icon-note)Resources\n' +
          '\n' +
          '* [AskEngineers Reference Library](/r/AskEngineers/wiki/library)\n' +
          '\n' +
          '* [2020 List of engineers willing to be interviewed](/r/AskEngineers/comments/ftkg8a/call_for_engineers_willing_to_be_interviewed_02/)\n' +
          '\n' +
          '* [2019 List of engineers willing to be interviewed](/r/AskEngineers/comments/b8hrrd/call_for_engineers_willing_to_be_interviewed_02/)\n' +
          '\n' +
          '## [](#icon-comments)Related subreddits\n' +
          '\n' +
          '[List of all science subreddits](/r/ScienceSubreddits/wiki/index)\n' +
          '\n' +
          'r/engineering\n' +
          '\n' +
          'r/EngineeringStudents\n' +
          '\n' +
          'r/AskElectronics\n' +
          '\n' +
          'r/MechanicalEngineering \n' +
          '\n' +
          'r/ChemicalEngineering \n' +
          '\n' +
          'r/civilengineering\n' +
          '\n' +
          'r/civil3d\n' +
          '\n' +
          'r/aerospace\n' +
          '\n' +
          'r/womenEngineers\n' +
          '\n' +
          'r/lasercom\n' +
          '\n' +
          'r/thermodynamics\n' +
          '\n' +
          'r/CFD\n' +
          '\n' +
          'r/FluidMechanics\n' +
          '\n' +
          'r/PLC\n' +
          '\n' +
          'r/CAD\n' +
          '\n' +
          'r/manufacturing\n' +
          '\n' +
          'r/CNC\n' +
          '\n' +
          'r/Welding\n' +
          '\n' +
          'r/AskScience\n' +
          '\n' +
          'r/HomeworkHelp\n' +
          '\n' +
          'r/Programming\n' +
          '\n' +
          'r/ComputerScience\n' +
          '\n' +
          'r/CScareerquestions\n' +
          '\n' +
          'r/EngineeringResumes\n' +
          '\n' +
          'r/whatisthisthing\n' +
          '\n' +
          'r/NavalArchitecture',
        is_chat_post_feature_enabled: true,
        submit_link_label: 'Link Submission',
        user_flair_text_color: null,
        restrict_commenting: false,
        user_flair_css_class: null,
        allow_images: true,
        lang: 'en',
        whitelist_status: 'all_ads',
        url: '/r/AskEngineers/',
        created_utc: 1301267343,
        banner_size: null,
        mobile_banner_image: '',
        user_is_moderator: null,
        allow_predictions_tournament: false
      },
      {
        user_flair_background_color: null,
        submit_text_html: '&lt;!-- SC_OFF --&gt;&lt;div class="md"&gt;&lt;h1&gt;READ BEFORE POSTING OR FACE PERMANENT BAN!&lt;/h1&gt;\n' +
          '\n' +
          '&lt;ol&gt;\n' +
          '&lt;li&gt;&lt;p&gt;Read the &lt;a href="/r/engineering/wiki/rules"&gt;&lt;strong&gt;submission rules&lt;/strong&gt;&lt;/a&gt; in the sidebar before posting. If you still aren&amp;#39;t sure whether your post is OK, reference &lt;a href="https://i.imgur.com/Zii60K0.png"&gt;&lt;strong&gt;this flowchart.&lt;/strong&gt;&lt;/a&gt;&lt;/p&gt;&lt;/li&gt;\n' +
          '&lt;li&gt;&lt;p&gt;&lt;strong&gt;Students seeking advice on college major:&lt;/strong&gt; Read this &lt;a href="/r/AskEngineers/comments/axv804/attention_students_read_before_posting_or_your/"&gt;&lt;strong&gt;AskEngineers announcement&lt;/strong&gt;&lt;/a&gt; for resources. Specifically, the &lt;em&gt;&amp;quot;What&amp;#39;s your average day like as an engineer?&amp;quot;&lt;/em&gt; threads.&lt;/p&gt;\n' +
          '\n' +
          '&lt;ul&gt;\n' +
          '&lt;li&gt;&lt;strong&gt;DO NOT make a new post in either subreddit asking about majors&lt;/strong&gt; — go to &lt;a href="/r/EngineeringStudents"&gt;r/EngineeringStudents&lt;/a&gt; instead.&lt;/li&gt;\n' +
          '&lt;/ul&gt;&lt;/li&gt;\n' +
          '&lt;li&gt;&lt;p&gt;All workplace topics and questions asking for career advice must go into the &lt;a href="/r/engineering/search/?q=flair%3A%22weekly+discussion%22&amp;amp;include_over_18=on&amp;amp;restrict_sr=on&amp;amp;t=all&amp;amp;sort=new"&gt;&lt;strong&gt;Weekly Career Discussion Thread.&lt;/strong&gt;&lt;/a&gt;&lt;/p&gt;&lt;/li&gt;\n' +
          '&lt;/ol&gt;\n' +
          '&lt;/div&gt;&lt;!-- SC_ON --&gt;',
        restrict_posting: true,
        user_is_banned: null,
        free_form_reports: true,
        wiki_enabled: true,
        user_is_muted: null,
        user_can_flair_in_sr: null,
        display_name: 'engineering',
        header_img: 'https://b.thumbs.redditmedia.com/MtnR_gLOjnM-Qq86iHuj87y3aR3khM8VcQmAzF0HilA.png',
        title: 'engineering',
        allow_galleries: true,
        icon_size: null,
        primary_color: '',
        active_user_count: null,
        icon_img: '',
        display_name_prefixed: 'r/engineering',
        accounts_active: null,
        public_traffic: false,
        subscribers: 456051,
        user_flair_richtext: [],
        name: 't5_2qhpi',
        quarantine: false,
        hide_ads: false,
        prediction_leaderboard_entry_type: 'SUBREDDIT_HEADER',
        emojis_enabled: false,
        advertiser_category: 'Technology',
        public_description: 'r/engineering is a forum for engineering professionals to share information, knowledge, experience related to the principles &amp; practices of the numerous engineering disciplines.\n' +
          '\n' +
          'r/engineering is **NOT** for students to ask for guidance on selecting their major, or for homework / project help. Read the sidebar BEFORE posting.',
        comment_score_hide_mins: 60,
        allow_predictions: false,
        user_has_favorited: null,
        user_flair_template_id: null,
        community_icon: '',
        banner_background_image: '',
        original_content_tag_enabled: false,
        community_reviewed: true,
        submit_text: '# READ BEFORE POSTING OR FACE PERMANENT BAN!\n' +
          '\n' +
          "1. Read the [**submission rules**](/r/engineering/wiki/rules) in the sidebar before posting. If you still aren't sure whether your post is OK, reference [**this flowchart.**](https://i.imgur.com/Zii60K0.png)\n" +
          '\n' +
          `1. **Students seeking advice on college major:** Read this [**AskEngineers announcement**](/r/AskEngineers/comments/axv804/attention_students_read_before_posting_or_your/) for resources. Specifically, the *"What's your average day like as an engineer?"* threads.\n` +
          '  * **DO NOT make a new post in either subreddit asking about majors** — go to r/EngineeringStudents instead.\n' +
          '\n' +
          '1. All workplace topics and questions asking for career advice must go into the [**Weekly Career Discussion Thread.**](/r/engineering/search/?q=flair%3A%22weekly+discussion%22&amp;include_over_18=on&amp;restrict_sr=on&amp;t=all&amp;sort=new)',
        description_html: '&lt;!-- SC_OFF --&gt;&lt;div class="md"&gt;&lt;h6&gt;&lt;a href="https://www.reddit.com/r/engineering/wiki/rules#wiki_submission_rules"&gt;Submission Rules&lt;/a&gt;&lt;/h6&gt;\n' +
          '\n' +
          '&lt;p&gt;If you see any post or comment that violates these rules, please report it so the moderators can respond in a timely manner. Thank you.&lt;/p&gt;\n' +
          '\n' +
          '&lt;ol&gt;\n' +
          '&lt;li&gt;&lt;p&gt;&lt;strong&gt;No questions related to university, school, major selection, GPA, coursework, etc.&lt;/strong&gt; NOTE: Asking for help on homework will result in an instant ban. &lt;strong&gt;DO NOT DO IT.&lt;/strong&gt;&lt;/p&gt;&lt;/li&gt;\n' +
          '&lt;li&gt;&lt;p&gt;&lt;strong&gt;No questions on &lt;em&gt;&amp;quot;how something works&amp;quot;&lt;/em&gt;&lt;/strong&gt; — try &lt;a href="/r/AskEngineers"&gt;r/AskEngineers&lt;/a&gt;.&lt;/p&gt;&lt;/li&gt;\n' +
          '&lt;li&gt;&lt;p&gt;All workplace topics and questions asking for career advice must go into the &lt;a href="https://www.reddit.com/r/engineering/search/?q=flair%3A%22weekly+discussion%22&amp;amp;include_over_18=on&amp;amp;restrict_sr=on&amp;amp;t=all&amp;amp;sort=new"&gt;&lt;strong&gt;Weekly Career Discussion Thread.&lt;/strong&gt;&lt;/a&gt;&lt;/p&gt;\n' +
          '\n' +
          '&lt;ul&gt;\n' +
          '&lt;li&gt;Job postings must go into the &lt;a href="https://www.reddit.com/r/engineering/search?q=flair%3A%22hiring+thread%22&amp;amp;restrict_sr=on&amp;amp;sort=new&amp;amp;t=all"&gt;&lt;strong&gt;Quarterly Hiring Thread.&lt;/strong&gt;&lt;/a&gt;&lt;/li&gt;\n' +
          '&lt;li&gt;For assistance with resumes, try &lt;a href="/r/EngineeringResumes"&gt;/r/EngineeringResumes&lt;/a&gt;.&lt;/li&gt;\n' +
          '&lt;/ul&gt;&lt;/li&gt;\n' +
          '&lt;li&gt;&lt;p&gt;&lt;strong&gt;No self-promotion or blogspam.&lt;/strong&gt; This includes YouTube channels, blogs, etc.&lt;/p&gt;&lt;/li&gt;\n' +
          '&lt;li&gt;&lt;p&gt;&lt;strong&gt;No misleading or sensationalized titles.&lt;/strong&gt; All sources are subject to moderator evaluation.&lt;/p&gt;&lt;/li&gt;\n' +
          '&lt;li&gt;&lt;p&gt;&lt;strong&gt;No posts about the 9/11 terrorist attacks.&lt;/strong&gt; You can read about why this policy exists &lt;a href="https://www.reddit.com/r/engineering/comments/51ykr8/european_physical_society_15_years_later_on_the/d7fwbtk"&gt;&lt;strong&gt;here.&lt;/strong&gt;&lt;/a&gt;&lt;/p&gt;&lt;/li&gt;\n' +
          '&lt;li&gt;&lt;p&gt;&lt;strong&gt;Crowdfunding:&lt;/strong&gt; Must be relevant to engineering and submitted as a self-post (not a link). You are allowed one submission, and you must be active in the comments to answer any questions.&lt;/p&gt;&lt;/li&gt;\n' +
          '&lt;/ol&gt;\n' +
          '\n' +
          '&lt;blockquote&gt;\n' +
          '&lt;p&gt;&lt;a href="https://i.imgur.com/Zii60K0.png"&gt;Submission Flowchart&lt;/a&gt;&lt;/p&gt;\n' +
          '&lt;/blockquote&gt;\n' +
          '\n' +
          '&lt;h6&gt;Comment Rules&lt;/h6&gt;\n' +
          '\n' +
          '&lt;ol&gt;\n' +
          '&lt;li&gt;&lt;p&gt;&lt;strong&gt;Keep the discussion civil.&lt;/strong&gt; Overly insulting or crass comments will be removed. Multiple violations will lead to ban. Racism, sexism, or any other form of bigotry will not be tolerated.&lt;/p&gt;&lt;/li&gt;\n' +
          '&lt;li&gt;&lt;p&gt;&lt;strong&gt;Be substantive.&lt;/strong&gt; No low-effort one-liner comments, memes, or off-topic replies. Limit the use of engineering jokes.&lt;/p&gt;&lt;/li&gt;\n' +
          '&lt;li&gt;&lt;p&gt;&lt;strong&gt;Do not comment outside your area of competence.&lt;/strong&gt; If you do not know about a topic, do not attempt to answer somebody&amp;#39;s question. If you paste a comment that appears to be from an AI source, it will be removed. Multiple violations of this will result in a ban.&lt;/p&gt;&lt;/li&gt;\n' +
          '&lt;/ol&gt;\n' +
          '\n' +
          '&lt;h6&gt;What is r/engineering for?&lt;/h6&gt;\n' +
          '\n' +
          '&lt;p&gt;r/engineering is a forum for engineering professionals to share information, knowledge, experience related to the principles &amp;amp; practices of all types of engineering: civil, structural, mechanical, electrical, aerospace, chemical, computer, environmental, etc.&lt;/p&gt;\n' +
          '\n' +
          '&lt;p&gt;Questions about current engineering projects you are working on, how to interpret codes and standards, and industry practices are all encouraged. Engineers should help each other to make the world a safer and better place.&lt;/p&gt;\n' +
          '\n' +
          '&lt;p&gt;Images and videos related to engineering are acceptable, &lt;strong&gt;provided they are relevant to engineering.&lt;/strong&gt; Completed projects, destructive test results, and unique machinery and hardware are all acceptable and encouraged. Lead-in comments are required to provide context to the readers.&lt;/p&gt;\n' +
          '\n' +
          '&lt;h6&gt;Need to Interview an Engineer?&lt;/h6&gt;\n' +
          '\n' +
          '&lt;p&gt;Pick an engineer from the list of volunteers below and send him or her a PM indicating that you would like to conduct an interview:&lt;/p&gt;\n' +
          '\n' +
          '&lt;ul&gt;\n' +
          '&lt;li&gt;&lt;a href="/u/ArtificialSpark"&gt;/u/ArtificialSpark&lt;/a&gt;: Consulting (EE)&lt;/li&gt;\n' +
          '&lt;li&gt;&lt;a href="/u/Axagoras"&gt;/u/Axagoras&lt;/a&gt;: Offshore Wind (CompE)&lt;/li&gt;\n' +
          '&lt;li&gt;&lt;a href="/u/B-Wilks"&gt;/u/B-Wilks&lt;/a&gt;: Building Design (EE)&lt;/li&gt;\n' +
          '&lt;li&gt;&lt;a href="/u/caffinate"&gt;/u/caffinate&lt;/a&gt;: Power Electronics (Prof)&lt;/li&gt;\n' +
          '&lt;li&gt;&lt;a href="/u/capitalmonks"&gt;/u/capitalmonks&lt;/a&gt; Electrical Power Systems (EE)&lt;/li&gt;\n' +
          '&lt;li&gt;&lt;a href="/u/careercatalysis"&gt;/u/careercatalysis&lt;/a&gt;: Refining (CHE)&lt;/li&gt;\n' +
          '&lt;li&gt;&lt;a href="/u/ChronoMachete"&gt;/u/ChronoMachete&lt;/a&gt;: Space Systems&lt;/li&gt;\n' +
          '&lt;li&gt;&lt;a href="/u/c0d3M0nk3y"&gt;/u/c0d3M0nk3y&lt;/a&gt;: Video Games (CS)&lt;/li&gt;\n' +
          '&lt;li&gt;&lt;a href="/u/cr4zy3ng1n33r"&gt;/u/cr4zy3ng1n33r&lt;/a&gt;: Broadcast (EE)&lt;/li&gt;\n' +
          '&lt;li&gt;&lt;a href="/u/CyaNBlu3"&gt;/u/CyaNBlu3&lt;/a&gt;: Bioengineering (ME)&lt;/li&gt;\n' +
          '&lt;li&gt;&lt;a href="/u/DoorGuote"&gt;/u/DoorGuote&lt;/a&gt;: Stormwater (PE)&lt;/li&gt;\n' +
          '&lt;li&gt;&lt;a href="/u/Dunengel"&gt;/u/Dunengel&lt;/a&gt;: Geotechnical&lt;/li&gt;\n' +
          '&lt;li&gt;&lt;a href="/u/evans075"&gt;/u/evans075&lt;/a&gt;: Pulp and Paper (ME)&lt;/li&gt;\n' +
          '&lt;li&gt;&lt;a href="/u/Gohanto"&gt;/u/Gohanto&lt;/a&gt;: Acoustics&lt;/li&gt;\n' +
          '&lt;li&gt;&lt;a href="/u/hydro_wonk"&gt;/u/hydro_wonk&lt;/a&gt;: Hydrologist (PE)&lt;/li&gt;\n' +
          '&lt;li&gt;&lt;a href="/u/internationengineer"&gt;/u/internationengineer&lt;/a&gt;: MEP Design (ME)&lt;/li&gt;\n' +
          '&lt;li&gt;&lt;a href="/u/injuredtoad"&gt;/u/injuredtoad&lt;/a&gt;: Oil Refining (ME)&lt;/li&gt;\n' +
          '&lt;li&gt;&lt;a href="/u/lafleur818"&gt;/u/lafleur818&lt;/a&gt;: Environmental/Wastewater&lt;/li&gt;\n' +
          '&lt;li&gt;&lt;a href="/u/legofarley"&gt;/u/legofarley&lt;/a&gt;: Structural (PE/SE)&lt;/li&gt;\n' +
          '&lt;li&gt;&lt;a href="/u/Mine2Me"&gt;/u/Mine2Me&lt;/a&gt;: Mining Engineer&lt;/li&gt;\n' +
          '&lt;li&gt;&lt;a href="/u/Notagiant2199"&gt;/u/Notagiant2199&lt;/a&gt;: Biofuels (CHE)&lt;/li&gt;\n' +
          '&lt;li&gt;&lt;a href="/u/Obbz"&gt;/u/Obbz&lt;/a&gt; Consulting: (EE)&lt;/li&gt;\n' +
          '&lt;li&gt;&lt;a href="/u/occamman"&gt;/u/occamman&lt;/a&gt;: Medical Device Development (SysE)&lt;/li&gt;\n' +
          '&lt;li&gt;&lt;a href="/u/raoulduke25"&gt;/u/raoulduke25&lt;/a&gt;: Structural (PE)&lt;/li&gt;\n' +
          '&lt;li&gt;&lt;a href="/u/realjd"&gt;/u/realjd&lt;/a&gt;: Systems&lt;/li&gt;\n' +
          '&lt;li&gt;&lt;a href="/u/Red8600"&gt;/u/Red8600&lt;/a&gt;: Controls (EET)&lt;/li&gt;\n' +
          '&lt;li&gt;&lt;a href="/u/rockitscyentist"&gt;/u/rockitscyentist&lt;/a&gt;: Control Systems (AE)&lt;/li&gt;\n' +
          '&lt;li&gt;&lt;a href="/u/Roughneck16"&gt;/u/Roughneck16&lt;/a&gt;: Military Engineering (CE)&lt;/li&gt;\n' +
          '&lt;li&gt;&lt;a href="/u/Saryu"&gt;/u/Saryu&lt;/a&gt;: IP Video Distribution (EE/SE)&lt;/li&gt;\n' +
          '&lt;li&gt;&lt;a href="/u/SmashAndCAD"&gt;/u/SmashAndCAD&lt;/a&gt;: Automation/Metrology&lt;/li&gt;\n' +
          '&lt;li&gt;&lt;a href="/u/testfire10"&gt;/u/testfire10&lt;/a&gt;: Oil, Gas, Space (ME)&lt;/li&gt;\n' +
          '&lt;li&gt;&lt;a href="/u/unbelieverben"&gt;/u/unbelieverben&lt;/a&gt;: Plastics/Molding (CHE), Glass (Display/Automotive)&lt;/li&gt;\n' +
          '&lt;li&gt;&lt;a href="/u/__wampa__stompa"&gt;/u/__wampa__stompa&lt;/a&gt;: Sheet metal, Structural, Aerodynamics (AE)&lt;/li&gt;\n' +
          '&lt;/ul&gt;\n' +
          '\n' +
          '&lt;hr/&gt;\n' +
          '\n' +
          '&lt;p&gt;&lt;strong&gt;Directory of Useful Subreddits&lt;/strong&gt;&lt;/p&gt;\n' +
          '\n' +
          '&lt;h6&gt;Engineering Fields&lt;/h6&gt;\n' +
          '\n' +
          '&lt;ul&gt;\n' +
          '&lt;li&gt;&lt;a href="/r/Aerospace"&gt;Aerospace&lt;/a&gt;: Aerospace&lt;/li&gt;\n' +
          '&lt;li&gt;&lt;a href="/r/AskEngineers"&gt;AskEngineers&lt;/a&gt;: Non-school Q&amp;amp;A&lt;/li&gt;\n' +
          '&lt;li&gt;&lt;a href="/r/AskElectronics"&gt;AskElectronics&lt;/a&gt;: CE/EE Q&amp;amp;A&lt;/li&gt;\n' +
          '&lt;li&gt;&lt;a href="/r/bioengineering"&gt;BioEngineering&lt;/a&gt;: Biological&lt;/li&gt;\n' +
          '&lt;li&gt;&lt;a href="/r/biotech"&gt;Biotech&lt;/a&gt;: Biotechnology&lt;/li&gt;\n' +
          '&lt;li&gt;&lt;a href="/r/chemicalengineering"&gt;Chem E&lt;/a&gt;: Chemical&lt;/li&gt;\n' +
          '&lt;li&gt;&lt;a href="/r/civilengineering"&gt;Civil Engineering&lt;/a&gt;: Civil&lt;/li&gt;\n' +
          '&lt;li&gt;&lt;a href="/r/construction"&gt;Construction&lt;/a&gt;: Construction&lt;/li&gt;\n' +
          '&lt;li&gt;&lt;a href="/r/ECE"&gt;ECE&lt;/a&gt;: General EE &amp;amp; CE discussion&lt;/li&gt;\n' +
          '&lt;li&gt;&lt;a href="/r/electricalengineering"&gt;EE&lt;/a&gt;: Electrical&lt;/li&gt;\n' +
          '&lt;li&gt;&lt;a href="/r/EngineeringStudents"&gt;EngineeringStudents&lt;/a&gt;: For wee engineerlings&lt;/li&gt;\n' +
          '&lt;li&gt;&lt;a href="/r/Manufacturing"&gt;Manufacturing&lt;/a&gt;: Manufacturing Industry&lt;/li&gt;\n' +
          '&lt;li&gt;&lt;a href="/r/materials"&gt;Materials&lt;/a&gt;: Materials Engineering&lt;/li&gt;\n' +
          '&lt;li&gt;&lt;a href="/r/mechanicalengineering"&gt;Mech E&lt;/a&gt;: Mechanical Engineering&lt;/li&gt;\n' +
          '&lt;li&gt;&lt;a href="/r/industrialengineering"&gt;Ind E&lt;/a&gt;: Industrial Engineering&lt;/li&gt;\n' +
          '&lt;li&gt;&lt;a href="/r/USACE"&gt;USACE&lt;/a&gt;: United States Army Corps of Engineers&lt;/li&gt;\n' +
          '&lt;/ul&gt;\n' +
          '\n' +
          '&lt;h6&gt;Engineering Topics&lt;/h6&gt;\n' +
          '\n' +
          '&lt;ul&gt;\n' +
          '&lt;li&gt;&lt;a href="/r/LearnEngineering"&gt;LearnEngineering&lt;/a&gt;: Learn &amp;amp; discuss engineering concepts&lt;/li&gt;\n' +
          '&lt;li&gt;&lt;a href="/r/CAD"&gt;CAD&lt;/a&gt;: Computer Aided Design&lt;/li&gt;\n' +
          '&lt;li&gt;&lt;a href="/r/cfd"&gt;CFD&lt;/a&gt;: Fluid Dynamics&lt;/li&gt;\n' +
          '&lt;li&gt;&lt;a href="/r/FEA"&gt;FEA&lt;/a&gt;: Finite Element Analysis&lt;/li&gt;\n' +
          '&lt;li&gt;&lt;a href="/r/PLC"&gt;PLC&lt;/a&gt;: Programmable Logic Controllers&lt;/li&gt;\n' +
          '&lt;/ul&gt;\n' +
          '\n' +
          '&lt;h'... 1733 more characters,
        spoilers_enabled: true,
        comment_contribution_settings: { allowed_media_types: null },
        allow_talks: false,
        header_size: [ 45, 60 ],
        user_flair_position: 'right',
        all_original_content: false,
        has_menu_widget: false,
        is_enrolled_in_new_modmail: null,
        key_color: '',
        can_assign_user_flair: true,
        created: 1206958809,
        wls: 6,
        show_media_preview: true,
        submission_type: 'any',
        user_is_subscriber: null,
        allowed_media_in_comments: [],
        allow_videogifs: true,
        should_archive_posts: false,
        user_flair_type: 'text',
        allow_polls: false,
        collapse_deleted_comments: true,
        emojis_custom_size: null,
        public_description_html: '&lt;!-- SC_OFF --&gt;&lt;div class="md"&gt;&lt;p&gt;&lt;a href="/r/engineering"&gt;r/engineering&lt;/a&gt; is a forum for engineering professionals to share information, knowledge, experience related to the principles &amp;amp; practices of the numerous engineering disciplines.&lt;/p&gt;\n' +
          '\n' +
          '&lt;p&gt;&lt;a href="/r/engineering"&gt;r/engineering&lt;/a&gt; is &lt;strong&gt;NOT&lt;/strong&gt; for students to ask for guidance on selecting their major, or for homework / project help. Read the sidebar BEFORE posting.&lt;/p&gt;\n' +
          '&lt;/div&gt;&lt;!-- SC_ON --&gt;',
        allow_videos: false,
        is_crosspostable_subreddit: false,
        suggested_comment_sort: null,
        should_show_media_in_comments_setting: true,
        can_assign_link_flair: true,
        accounts_active_is_fuzzed: false,
        allow_prediction_contributors: false,
        submit_text_label: '',
        link_flair_position: 'left',
        user_sr_flair_enabled: null,
        user_flair_enabled_in_sr: false,
        allow_chat_post_creation: false,
        allow_discovery: true,
        accept_followers: true,
        user_sr_theme_enabled: true,
        link_flair_enabled: true,
        disable_contributor_requests: true,
        subreddit_type: 'public',
        notification_level: null,
        banner_img: '',
        user_flair_text: null,
        banner_background_color: '',
        show_media: true,
        id: '2qhpi',
        user_is_contributor: null,
        over18: false,
        header_title: '',
        description: '###### [Submission Rules](https://www.reddit.com/r/engineering/wiki/rules#wiki_submission_rules)\n' +
          '\n' +
          'If you see any post or comment that violates these rules, please report it so the moderators can respond in a timely manner. Thank you.\n' +
          '\n' +
          '1. **No questions related to university, school, major selection, GPA, coursework, etc.** NOTE: Asking for help on homework will result in an instant ban. **DO NOT DO IT.**\n' +
          '\n' +
          '1. **No questions on _"how something works"_** — try r/AskEngineers.\n' +
          '\n' +
          '1. All workplace topics and questions asking for career advice must go into the [**Weekly Career Discussion Thread.**](https://www.reddit.com/r/engineering/search/?q=flair%3A%22weekly+discussion%22&amp;include_over_18=on&amp;restrict_sr=on&amp;t=all&amp;sort=new)\n' +
          '  * Job postings must go into the [**Quarterly Hiring Thread.**](https://www.reddit.com/r/engineering/search?q=flair%3A%22hiring+thread%22&amp;restrict_sr=on&amp;sort=new&amp;t=all)\n' +
          '  * For assistance with resumes, try /r/EngineeringResumes.\n' +
          '\n' +
          '1. **No self-promotion or blogspam.** This includes YouTube channels, blogs, etc.\n' +
          '\n' +
          '1. **No misleading or sensationalized titles.** All sources are subject to moderator evaluation.\n' +
          '\n' +
          '1. **No posts about the 9/11 terrorist attacks.** You can read about why this policy exists [**here.**](https://www.reddit.com/r/engineering/comments/51ykr8/european_physical_society_15_years_later_on_the/d7fwbtk)\n' +
          '\n' +
          '1. **Crowdfunding:** Must be relevant to engineering and submitted as a self-post (not a link). You are allowed one submission, and you must be active in the comments to answer any questions.\n' +
          '\n' +
          '&gt; [Submission Flowchart](https://i.imgur.com/Zii60K0.png)\n' +
          '\n' +
          '###### Comment Rules\n' +
          '\n' +
          '1. **Keep the discussion civil.** Overly insulting or crass comments will be removed. Multiple violations will lead to ban. Racism, sexism, or any other form of bigotry will not be tolerated.\n' +
          '\n' +
          '1. **Be substantive.** No low-effort one-liner comments, memes, or off-topic replies. Limit the use of engineering jokes.\n' +
          '\n' +
          "1. **Do not comment outside your area of competence.** If you do not know about a topic, do not attempt to answer somebody's question. If you paste a comment that appears to be from an AI source, it will be removed. Multiple violations of this will result in a ban.\n" +
          '\n' +
          '###### What is r\\/engineering for?\n' +
          '\n' +
          'r\\/engineering is a forum for engineering professionals to share information, knowledge, experience related to the principles &amp; practices of all types of engineering: civil, structural, mechanical, electrical, aerospace, chemical, computer, environmental, etc.\n' +
          '\n' +
          'Questions about current engineering projects you are working on, how to interpret codes and standards, and industry practices are all encouraged. Engineers should help each other to make the world a safer and better place.\n' +
          '\n' +
          'Images and videos related to engineering are acceptable, **provided they are relevant to engineering.** Completed projects, destructive test results, and unique machinery and hardware are all acceptable and encouraged. Lead-in comments are required to provide context to the readers.\n' +
          '\n' +
          '###### Need to Interview an Engineer?\n' +
          '\n' +
          'Pick an engineer from the list of volunteers below and send him or her a PM indicating that you would like to conduct an interview:\n' +
          '\n' +
          '* /u/ArtificialSpark: Consulting (EE)\n' +
          '* /u/Axagoras: Offshore Wind (CompE)\n' +
          '* /u/B-Wilks: Building Design (EE)\n' +
          '* /u/caffinate: Power Electronics (Prof)\n' +
          '* /u/capitalmonks Electrical Power Systems (EE)\n' +
          '* /u/careercatalysis: Refining (CHE)\n' +
          '* /u/ChronoMachete: Space Systems\n' +
          '* /u/c0d3M0nk3y: Video Games (CS)\n' +
          '* /u/cr4zy3ng1n33r: Broadcast (EE)\n' +
          '* /u/CyaNBlu3: Bioengineering (ME)\n' +
          '* /u/DoorGuote: Stormwater (PE)\n' +
          '* /u/Dunengel: Geotechnical\n' +
          '* /u/evans075: Pulp and Paper (ME)\n' +
          '* /u/Gohanto: Acoustics\n' +
          '* /u/hydro_wonk: Hydrologist (PE)\n' +
          '* /u/internationengineer: MEP Design (ME)\n' +
          '* /u/injuredtoad: Oil Refining (ME)\n' +
          '* /u/lafleur818: Environmental/Wastewater\n' +
          '* /u/legofarley: Structural (PE/SE)\n' +
          '* /u/Mine2Me: Mining Engineer\n' +
          '* /u/Notagiant2199: Biofuels (CHE)\n' +
          '* /u/Obbz Consulting: (EE)\n' +
          '* /u/occamman: Medical Device Development (SysE)\n' +
          '* /u/raoulduke25: Structural (PE)\n' +
          '* /u/realjd: Systems\n' +
          '* /u/Red8600: Controls (EET)\n' +
          '* /u/rockitscyentist: Control Systems (AE)\n' +
          '* /u/Roughneck16: Military Engineering (CE)\n' +
          '* /u/Saryu: IP Video Distribution (EE/SE)\n' +
          '* /u/SmashAndCAD: Automation/Metrology\n' +
          '* /u/testfire10: Oil, Gas, Space (ME)\n' +
          '* /u/unbelieverben: Plastics/Molding (CHE), Glass (Display/Automotive)\n' +
          '* /u/__wampa__stompa: Sheet metal, Structural, Aerodynamics (AE)\n' +
          '\n' +
          '---\n' +
          '\n' +
          '**Directory of Useful Subreddits**\n' +
          '\n' +
          '###### Engineering Fields\n' +
          '\n' +
          '* [Aerospace](/r/Aerospace): Aerospace\n' +
          '* [AskEngineers](/r/AskEngineers): Non-school Q&amp;A\n' +
          '* [AskElectronics](/r/AskElectronics): CE/EE Q&amp;A\n' +
          '* [BioEngineering](/r/bioengineering): Biological\n' +
          '* [Biotech](/r/biotech): Biotechnology\n' +
          '* [Chem E](/r/chemicalengineering): Chemical\n' +
          '* [Civil Engineering](/r/civilengineering): Civil\n' +
          '* [Construction](/r/construction): Construction\n' +
          '* [ECE](/r/ECE): General EE &amp; CE discussion\n' +
          '* [EE](/r/electricalengineering): Electrical\n' +
          '* [EngineeringStudents](/r/EngineeringStudents): For wee engineerlings\n' +
          '* [Manufacturing](/r/Manufacturing): Manufacturing Industry\n' +
          '* [Materials](/r/materials): Materials Engineering\n' +
          '* [Mech E](/r/mechanicalengineering): Mechanical Engineering\n' +
          '* [Ind E](/r/industrialengineering): Industrial Engineering\n' +
          '* [USACE](/r/USACE): United States Army Corps of Engineers\n' +
          '\n' +
          '###### Engineering Topics\n' +
          '\n' +
          '* [LearnEngineering](/r/LearnEngineering): Learn &amp; discuss engineering concepts\n' +
          '* [CAD](/r/CAD): Computer Aided Design\n' +
          '* [CFD](/r/cfd): Fluid Dynamics\n' +
          '* [FEA](/r/FEA): Finite Element Analysis\n' +
          '* [PLC](/r/PLC): Programmable Logic Controllers\n' +
          '\n' +
          '###### General Science\n' +
          '\n' +
          '* [AskScience](/r/askscience): No-nonsense science Q&amp;A\n' +
          '* [Biology](/r/biology)\n' +
          '* [Chemistry](/r/chemistry/)\n' +
          '* [Coding](/r/coding)\n' +
          '* [Computer Science](/r/ComputerScience)\n' +
          '* [Electronics](/r/electronics)\n' +
          '* [Lectures](/r/lectures)\n' +
          '* [Math](/r/math/)\n' +
          '* [Physics](/r/physics/)\n' +
          '* [Programming](/r/programming)\n' +
          '* [Science](/r/science)\n' +
          '* [Fluid Mechanics](/r/FluidMechanics)\n' +
          '* [Thermodynamics](/r/thermodynamics)\n' +
          '\n' +
          '###### Textbooks\n' +
          '\n' +
          '* [CSBooks](/r/csbooks): Computer Science\n' +
          '* [EEBooks](/r/eebooks): Electrical Engineering\n' +
          '* [MathBooks](/r/mathbooks/): Mathematics\n' +
          '* [PhysicsBooks](/r/physicsbooks): Physics\n' +
          '\n' +
          '###### Other Links\n' +
          '\n' +
          '* [ECEComponentExchange](/r/ECEComponentExchange): Parts swap  \n' +
          '* [Eng-Tips](http://www.eng-tips.com/): Q&amp;A for various fields',
        is_chat_post_feature_enabled: true,
        submit_link_label: '',
        user_flair_text_color: null,
        restrict_commenting: false,
        user_flair_css_class: null,
        allow_images: true,
        lang: 'en',
        whitelist_status: 'all_ads',
        url: '/r/engineering/',
        created_utc: 1206958809,
        banner_size: null,
        mobile_banner_image: '',
        user_is_moderator: null,
        allow_predictions_tournament: false
      },
      {
        user_flair_background_color: null,
        submit_text_html: '&lt;!-- SC_OFF --&gt;&lt;div class="md"&gt;&lt;ol&gt;\n' +
          '&lt;li&gt;Read the wiki before posting.&lt;/li&gt;\n' +
          '&lt;li&gt;Export your resume as a PDF.&lt;/li&gt;\n' +
          '&lt;li&gt;Convert it to a PNG file &lt;strong&gt;(600 DPI)&lt;/strong&gt; using Preview or &lt;a href="https://www.cleverpdf.com/"&gt;cleverpdf.com&lt;/a&gt;.&lt;/li&gt;\n' +
          '&lt;li&gt;Upload your resume on &lt;strong&gt;DESKTOP NEW REDDIT&lt;/strong&gt; by inserting an image into a &lt;strong&gt;TEXT SUBMISSION.&lt;/strong&gt; &lt;a href="https://imgur.com/2beIg5g"&gt;https://imgur.com/2beIg5g&lt;/a&gt;&lt;/li&gt;\n' +
          '&lt;li&gt;Include a descriptive title &lt;strong&gt;and&lt;/strong&gt; text post. There is a minimum body text character count of &lt;strong&gt;500&lt;/strong&gt; to post.&lt;/li&gt;\n' +
          '&lt;/ol&gt;\n' +
          '&lt;/div&gt;&lt;!-- SC_ON --&gt;',
        restrict_posting: true,
        user_is_banned: null,
        free_form_reports: true,
        wiki_enabled: true,
        user_is_muted: null,
        user_can_flair_in_sr: null,
        display_name: 'EngineeringResumes',
        header_img: null,
        title: 'r/EngineeringResumes',
        allow_galleries: true,
        icon_size: null,
        primary_color: '#feae00',
        active_user_count: null,
        icon_img: '',
        display_name_prefixed: 'r/EngineeringResumes',
        accounts_active: null,
        public_traffic: false,
        subscribers: 55572,
        user_flair_richtext: [],
        name: 't5_37mk2',
        quarantine: false,
        hide_ads: false,
        prediction_leaderboard_entry_type: 'SUBREDDIT_HEADER',
        emojis_enabled: true,
        advertiser_category: '',
        public_description: 'A place to review and discuss engineering resumes.',
        comment_score_hide_mins: 380,
        allow_predictions: false,
        user_has_favorited: null,
        user_flair_template_id: null,
        community_icon: 'https://styles.redditmedia.com/t5_37mk2/styles/communityIcon_2a04cxka01qb1.png?width=256&amp;s=2497937d3751047d40421e6c31036c821eeb586d',
        banner_background_image: 'https://styles.redditmedia.com/t5_37mk2/styles/bannerBackgroundImage_a1usxipwk0qb1.png?width=4000&amp;s=6bf81b7c1fc4b03a2a70a4cceaa4d71c68922da2',
        original_content_tag_enabled: false,
        community_reviewed: true,
        submit_text: '1. Read the wiki before posting.\n' +
          '2. Export your resume as a PDF.\n' +
          '3. Convert it to a PNG file **(600 DPI)** using Preview or [cleverpdf.com](https://www.cleverpdf.com/).\n' +
          '5. Upload your resume on **DESKTOP NEW REDDIT** by inserting an image into a **TEXT SUBMISSION.** https://imgur.com/2beIg5g\n' +
          '6. Include a descriptive title **and** text post. There is a minimum body text character count of **500** to post.',
        description_html: '&lt;!-- SC_OFF --&gt;&lt;div class="md"&gt;&lt;h1&gt;&lt;a href="https://old.reddit.com/r/EngineeringResumes/wiki/"&gt;Wiki&lt;/a&gt;&lt;/h1&gt;\n' +
          '\n' +
          '&lt;hr/&gt;\n' +
          '\n' +
          '&lt;h1&gt;&lt;a href="https://old.reddit.com/r/EngineeringResumes/wiki/rules/"&gt;Rules&lt;/a&gt;&lt;/h1&gt;\n' +
          '\n' +
          '&lt;hr/&gt;\n' +
          '\n' +
          '&lt;h1&gt;&lt;a href="https://old.reddit.com/r/EngineeringResumes/wiki/resumetemplates/"&gt;Resume Templates&lt;/a&gt;&lt;/h1&gt;\n' +
          '\n' +
          '&lt;hr/&gt;\n' +
          '\n' +
          '&lt;h1&gt;&lt;a href="https://old.reddit.com/r/EngineeringResumes/wiki/submission-instructions/"&gt;Submission Instructions&lt;/a&gt;&lt;/h1&gt;\n' +
          '\n' +
          '&lt;hr/&gt;\n' +
          '\n' +
          '&lt;h1&gt;&lt;a href="https://old.reddit.com/r/EngineeringResumes/search?q=flair%3Aquestion&amp;amp;restrict_sr=on&amp;amp;sort=relevance&amp;amp;t=all"&gt;FAQ&lt;/a&gt;&lt;/h1&gt;\n' +
          '\n' +
          '&lt;hr/&gt;\n' +
          '\n' +
          '&lt;h1&gt;&lt;a href="https://old.reddit.com/r/EngineeringResumes/wiki/helpfullinks/"&gt;Helpful Links&lt;/a&gt;&lt;/h1&gt;\n' +
          '\n' +
          '&lt;hr/&gt;\n' +
          '\n' +
          '&lt;h1&gt;Filter by Flair&lt;/h1&gt;\n' +
          '\n' +
          '&lt;p&gt;&lt;a href="https://old.reddit.com/r/EngineeringResumes/search?q=flair%3Ameta&amp;amp;restrict_sr=on&amp;amp;sort=relevance&amp;amp;t=all"&gt;Meta&lt;/a&gt;&lt;/p&gt;\n' +
          '\n' +
          '&lt;p&gt;&lt;a href="https://old.reddit.com/r/EngineeringResumes/search?q=flair%3Asuccess&amp;amp;restrict_sr=on&amp;amp;sort=relevance&amp;amp;t=all"&gt;Success Story!&lt;/a&gt;&lt;/p&gt;\n' +
          '\n' +
          '&lt;p&gt;&lt;a href="https://old.reddit.com/r/EngineeringResumes/search?q=flair%3Aquestion&amp;amp;restrict_sr=on&amp;amp;sort=relevance&amp;amp;t=all"&gt;Question&lt;/a&gt;&lt;/p&gt;\n' +
          '\n' +
          '&lt;p&gt;&lt;a href="https://old.reddit.com/r/EngineeringResumes/search?q=flair%3Aaerospace&amp;amp;restrict_sr=on&amp;amp;sort=relevance&amp;amp;t=all"&gt;Aerospace&lt;/a&gt;&lt;/p&gt;\n' +
          '\n' +
          '&lt;p&gt;&lt;a href="https://old.reddit.com/r/EngineeringResumes/search?q=flair%3Aautomation&amp;amp;restrict_sr=on&amp;amp;sort=relevance&amp;amp;t=all"&gt;Automation/PLC&lt;/a&gt;&lt;/p&gt;\n' +
          '\n' +
          '&lt;p&gt;&lt;a href="https://old.reddit.com/r/EngineeringResumes/search?q=flair%3Abio&amp;amp;restrict_sr=on&amp;amp;sort=relevance&amp;amp;t=all"&gt;BME/Bio&lt;/a&gt;&lt;/p&gt;\n' +
          '\n' +
          '&lt;p&gt;&lt;a href="https://old.reddit.com/r/EngineeringResumes/search?q=flair%3Achemical&amp;amp;restrict_sr=on&amp;amp;sort=relevance&amp;amp;t=all"&gt;Chemical&lt;/a&gt;&lt;/p&gt;\n' +
          '\n' +
          '&lt;p&gt;&lt;a href="https://old.reddit.com/r/EngineeringResumes/search?q=flair%3Acivil&amp;amp;restrict_sr=on&amp;amp;sort=relevance&amp;amp;t=all"&gt;Civil/Construction&lt;/a&gt;&lt;/p&gt;\n' +
          '\n' +
          '&lt;p&gt;&lt;a href="https://old.reddit.com/r/EngineeringResumes/search?q=flair%3Aelectrical&amp;amp;restrict_sr=on&amp;amp;sort=relevance&amp;amp;t=all"&gt;Electrical/Computer&lt;/a&gt;&lt;/p&gt;\n' +
          '\n' +
          '&lt;p&gt;&lt;a href="https://old.reddit.com/r/EngineeringResumes/search?q=flair%3Aenvironmental&amp;amp;restrict_sr=on&amp;amp;sort=relevance&amp;amp;t=all"&gt;Environmental&lt;/a&gt;&lt;/p&gt;\n' +
          '\n' +
          '&lt;p&gt;&lt;a href="https://old.reddit.com/r/EngineeringResumes/search?q=flair%3Aindustrial&amp;amp;restrict_sr=on&amp;amp;sort=relevance&amp;amp;t=all"&gt;Industrial&lt;/a&gt;&lt;/p&gt;\n' +
          '\n' +
          '&lt;p&gt;&lt;a href="https://old.reddit.com/r/EngineeringResumes/search?q=flair%3Amaterials&amp;amp;restrict_sr=on&amp;amp;sort=relevance&amp;amp;t=all"&gt;Materials&lt;/a&gt;&lt;/p&gt;\n' +
          '\n' +
          '&lt;p&gt;&lt;a href="https://old.reddit.com/r/EngineeringResumes/search?q=flair%3Amechanical&amp;amp;restrict_sr=on&amp;amp;sort=relevance&amp;amp;t=all"&gt;Mechanical&lt;/a&gt;&lt;/p&gt;\n' +
          '\n' +
          '&lt;p&gt;&lt;a href="https://old.reddit.com/r/EngineeringResumes/search?q=flair%3Amechatronics&amp;amp;restrict_sr=on&amp;amp;sort=relevance&amp;amp;t=all"&gt;Mechatronics/Robotics&lt;/a&gt;&lt;/p&gt;\n' +
          '\n' +
          '&lt;p&gt;&lt;a href="https://old.reddit.com/r/EngineeringResumes/search?q=flair%3Anuclear&amp;amp;restrict_sr=on&amp;amp;sort=relevance&amp;amp;t=all"&gt;Nuclear&lt;/a&gt;&lt;/p&gt;\n' +
          '\n' +
          '&lt;p&gt;&lt;a href="https://old.reddit.com/r/EngineeringResumes/search?q=flair%3Apetroleum&amp;amp;restrict_sr=on&amp;amp;sort=relevance&amp;amp;t=all"&gt;Petroleum&lt;/a&gt;&lt;/p&gt;\n' +
          '\n' +
          '&lt;p&gt;&lt;a href="https://old.reddit.com/r/EngineeringResumes/search?q=flair%3Asoftware&amp;amp;restrict_sr=on&amp;amp;sort=relevance&amp;amp;t=all"&gt;Software&lt;/a&gt;&lt;/p&gt;\n' +
          '\n' +
          '&lt;p&gt;&lt;a href="https://old.reddit.com/r/EngineeringResumes/search?q=flair%3Asystems&amp;amp;restrict_sr=on&amp;amp;sort=relevance&amp;amp;t=all"&gt;Systems/Integration&lt;/a&gt;&lt;/p&gt;\n' +
          '\n' +
          '&lt;hr/&gt;\n' +
          '\n' +
          '&lt;h1&gt;&lt;a href="https://www.reddit.com/r/EngineeringResumes/wiki/relatedsubs/"&gt;Related Subreddits&lt;/a&gt;&lt;/h1&gt;\n' +
          '&lt;/div&gt;&lt;!-- SC_ON --&gt;',
        spoilers_enabled: false,
        comment_contribution_settings: { allowed_media_types: [Array] },
        allow_talks: false,
        header_size: null,
        user_flair_position: 'left',
        all_original_content: false,
        has_menu_widget: false,
        is_enrolled_in_new_modmail: null,
        key_color: '#ffb000',
        can_assign_user_flair: true,
        created: 1427845749,
        wls: 6,
        show_media_preview: true,
        submission_type: 'any',
        user_is_subscriber: null,
        allowed_media_in_comments: [ 'static', 'expression' ],
        allow_videogifs: true,
        should_archive_posts: false,
        user_flair_type: 'text',
        allow_polls: false,
        collapse_deleted_comments: true,
        emojis_custom_size: null,
        public_description_html: '&lt;!-- SC_OFF --&gt;&lt;div class="md"&gt;&lt;p&gt;A place to review and discuss engineering resumes.&lt;/p&gt;\n' +
          '&lt;/div&gt;&lt;!-- SC_ON --&gt;',
        allow_videos: false,
        is_crosspostable_subreddit: false,
        suggested_comment_sort: 'confidence',
        should_show_media_in_comments_setting: true,
        can_assign_link_flair: true,
        accounts_active_is_fuzzed: false,
        allow_prediction_contributors: false,
        submit_text_label: '',
        link_flair_position: 'left',
        user_sr_flair_enabled: null,
        user_flair_enabled_in_sr: false,
        allow_chat_post_creation: false,
        allow_discovery: true,
        accept_followers: true,
        user_sr_theme_enabled: true,
        link_flair_enabled: true,
        disable_contributor_requests: false,
        subreddit_type: 'public',
        notification_level: null,
        banner_img: '',
        user_flair_text: null,
        banner_background_color: '#ffb000',
        show_media: true,
        id: '37mk2',
        user_is_contributor: null,
        over18: false,
        header_title: '',
        description: '# [Wiki](https://old.reddit.com/r/EngineeringResumes/wiki/)\n' +
          '\n' +
          '---\n' +
          '\n' +
          '# [Rules](https://old.reddit.com/r/EngineeringResumes/wiki/rules/)\n' +
          '\n' +
          '---\n' +
          '\n' +
          '# [Resume Templates](https://old.reddit.com/r/EngineeringResumes/wiki/resumetemplates/)\n' +
          '\n' +
          '---\n' +
          '\n' +
          '# [Submission Instructions](https://old.reddit.com/r/EngineeringResumes/wiki/submission-instructions/)\n' +
          '\n' +
          '---\n' +
          '\n' +
          '# [FAQ](https://old.reddit.com/r/EngineeringResumes/search?q=flair%3Aquestion&amp;restrict_sr=on&amp;sort=relevance&amp;t=all)\n' +
          '\n' +
          '---\n' +
          '\n' +
          '# [Helpful Links](https://old.reddit.com/r/EngineeringResumes/wiki/helpfullinks/)\n' +
          '\n' +
          '---\n' +
          '\n' +
          '# Filter by Flair\n' +
          '\n' +
          '[Meta](https://old.reddit.com/r/EngineeringResumes/search?q=flair%3Ameta&amp;restrict_sr=on&amp;sort=relevance&amp;t=all)\n' +
          '\n' +
          '[Success Story!](https://old.reddit.com/r/EngineeringResumes/search?q=flair%3Asuccess&amp;restrict_sr=on&amp;sort=relevance&amp;t=all)\n' +
          '\n' +
          '[Question](https://old.reddit.com/r/EngineeringResumes/search?q=flair%3Aquestion&amp;restrict_sr=on&amp;sort=relevance&amp;t=all)\n' +
          '\n' +
          '[Aerospace](https://old.reddit.com/r/EngineeringResumes/search?q=flair%3Aaerospace&amp;restrict_sr=on&amp;sort=relevance&amp;t=all)\n' +
          '\n' +
          '[Automation/PLC](https://old.reddit.com/r/EngineeringResumes/search?q=flair%3Aautomation&amp;restrict_sr=on&amp;sort=relevance&amp;t=all)\n' +
          '\n' +
          '[BME/Bio](https://old.reddit.com/r/EngineeringResumes/search?q=flair%3Abio&amp;restrict_sr=on&amp;sort=relevance&amp;t=all)\n' +
          '\n' +
          '[Chemical](https://old.reddit.com/r/EngineeringResumes/search?q=flair%3Achemical&amp;restrict_sr=on&amp;sort=relevance&amp;t=all)\n' +
          '\n' +
          '[Civil/Construction](https://old.reddit.com/r/EngineeringResumes/search?q=flair%3Acivil&amp;restrict_sr=on&amp;sort=relevance&amp;t=all)\n' +
          '\n' +
          '[Electrical/Computer](https://old.reddit.com/r/EngineeringResumes/search?q=flair%3Aelectrical&amp;restrict_sr=on&amp;sort=relevance&amp;t=all)\n' +
          '\n' +
          '[Environmental](https://old.reddit.com/r/EngineeringResumes/search?q=flair%3Aenvironmental&amp;restrict_sr=on&amp;sort=relevance&amp;t=all)\n' +
          '\n' +
          '[Industrial](https://old.reddit.com/r/EngineeringResumes/search?q=flair%3Aindustrial&amp;restrict_sr=on&amp;sort=relevance&amp;t=all)\n' +
          '\n' +
          '[Materials](https://old.reddit.com/r/EngineeringResumes/search?q=flair%3Amaterials&amp;restrict_sr=on&amp;sort=relevance&amp;t=all)\n' +
          '\n' +
          '[Mechanical](https://old.reddit.com/r/EngineeringResumes/search?q=flair%3Amechanical&amp;restrict_sr=on&amp;sort=relevance&amp;t=all)\n' +
          '\n' +
          '[Mechatronics/Robotics](https://old.reddit.com/r/EngineeringResumes/search?q=flair%3Amechatronics&amp;restrict_sr=on&amp;sort=relevance&amp;t=all)\n' +
          '\n' +
          '[Nuclear](https://old.reddit.com/r/EngineeringResumes/search?q=flair%3Anuclear&amp;restrict_sr=on&amp;sort=relevance&amp;t=all)\n' +
          '\n' +
          '[Petroleum](https://old.reddit.com/r/EngineeringResumes/search?q=flair%3Apetroleum&amp;restrict_sr=on&amp;sort=relevance&amp;t=all)\n' +
          '\n' +
          '[Software](https://old.reddit.com/r/EngineeringResumes/search?q=flair%3Asoftware&amp;restrict_sr=on&amp;sort=relevance&amp;t=all)\n' +
          '\n' +
          '[Systems/Integration](https://old.reddit.com/r/EngineeringResumes/search?q=flair%3Asystems&amp;restrict_sr=on&amp;sort=relevance&amp;t=all)\n' +
          '\n' +
          '---\n' +
          '\n' +
          '# [Related Subreddits](https://www.reddit.com/r/EngineeringResumes/wiki/relatedsubs/)',
        is_chat_post_feature_enabled: true,
        submit_link_label: '',
        user_flair_text_color: null,
        restrict_commenting: false,
        user_flair_css_class: null,
        allow_images: true,
        lang: 'en',
        whitelist_status: 'all_ads',
        url: '/r/EngineeringResumes/',
        created_utc: 1427845749,
        banner_size: null,
        mobile_banner_image: '',
        user_is_moderator: null,
        allow_predictions_tournament: false
      },
      {
        user_flair_background_color: null,
        submit_text_html: null,
        restrict_posting: true,
        user_is_banned: null,
        free_form_reports: true,
        wiki_enabled: false,
        user_is_muted: null,
        user_can_flair_in_sr: null,
        display_name: 'MechEng',
        header_img: null,
        title: 'Mechanical Engineering',
        allow_galleries: true,
        icon_size: null,
        primary_color: '',
        active_user_count: null,
        icon_img: '',
        display_name_prefixed: 'r/MechEng',
        accounts_active: null,
        public_traffic: false,
        subscribers: 291,
        user_flair_richtext: [],
        videostream_links_count: 0,
        name: 't5_2sbay',
        quarantine: false,
        hide_ads: false,
        prediction_leaderboard_entry_type: 'IN_FEED',
        emojis_enabled: false,
        advertiser_category: '',
        public_description: '',
        comment_score_hide_mins: 0,
        allow_predictions: false,
        user_has_favorited: null,
        user_flair_template_id: null,
        community_icon: '',
        banner_background_image: '',
        original_content_tag_enabled: false,
        community_reviewed: false,
        submit_text: '',
        description_html: '&lt;!-- SC_OFF --&gt;&lt;div class="md"&gt;&lt;p&gt;As a mechanical engineer it would be great to have like-minded individuals share topics and have discussions here.&lt;/p&gt;\n' +
          '&lt;/div&gt;&lt;!-- SC_ON --&gt;',
        spoilers_enabled: true,
        comment_contribution_settings: {},
        allow_talks: false,
        header_size: null,
        user_flair_position: 'right',
        all_original_content: false,
        has_menu_widget: false,
        is_enrolled_in_new_modmail: null,
        key_color: '',
        can_assign_user_flair: false,
        created: 1297056542,
        wls: null,
        show_media_preview: true,
        submission_type: 'any',
        user_is_subscriber: null,
        allowed_media_in_comments: [],
        allow_videogifs: true,
        should_archive_posts: false,
        user_flair_type: 'text',
        allow_polls: true,
        collapse_deleted_comments: false,
        emojis_custom_size: null,
        public_description_html: null,
        allow_videos: true,
        is_crosspostable_subreddit: false,
        suggested_comment_sort: null,
        should_show_media_in_comments_setting: true,
        can_assign_link_flair: false,
        accounts_active_is_fuzzed: false,
        allow_prediction_contributors: false,
        submit_text_label: '',
        link_flair_position: '',
        user_sr_flair_enabled: null,
        user_flair_enabled_in_sr: false,
        allow_chat_post_creation: false,
        allow_discovery: true,
        accept_followers: true,
        user_sr_theme_enabled: true,
        link_flair_enabled: false,
        disable_contributor_requests: false,
        subreddit_type: 'restricted',
        notification_level: null,
        banner_img: '',
        user_flair_text: null,
        banner_background_color: '',
        show_media: true,
        id: '2sbay',
        user_is_contributor: null,
        over18: false,
        header_title: '',
        description: 'As a mechanical engineer it would be great to have like-minded individuals share topics and have discussions here.',
        is_chat_post_feature_enabled: true,
        submit_link_label: '',
        user_flair_text_color: null,
        restrict_commenting: false,
        user_flair_css_class: null,
        allow_images: true,
        lang: 'en',
        whitelist_status: null,
        url: '/r/MechEng/',
        created_utc: 1297056542,
        banner_size: null,
        mobile_banner_image: '',
        user_is_moderator: null,
        allow_predictions_tournament: false
      },
      {
        user_flair_background_color: null,
        submit_text_html: '&lt;!-- SC_OFF --&gt;&lt;div class="md"&gt;&lt;p&gt;Please post a description of your EDC as a comment in your post OR IT WILL BE REMOVED.&lt;/p&gt;\n' +
          '\n' +
          '&lt;p&gt;Please read the FAQ in the sidebar before asking questions.&lt;/p&gt;\n' +
          '&lt;/div&gt;&lt;!-- SC_ON --&gt;',
        restrict_posting: true,
        user_is_banned: null,
        free_form_reports: true,
        wiki_enabled: true,
        user_is_muted: null,
        user_can_flair_in_sr: null,
        display_name: 'EDC',
        header_img: 'https://b.thumbs.redditmedia.com/BBTcJ74oWvCdBjJw2pqg-D6_6j28V7fUJJUbxBZPBXU.png',
        title: 'Everyday Carry. What essentials do you carry on a daily basis?',
        allow_galleries: true,
        icon_size: null,
        primary_color: '#d25e27',
        active_user_count: null,
        icon_img: '',
        display_name_prefixed: 'r/EDC',
        accounts_active: null,
        public_traffic: false,
        subscribers: 464516,
        user_flair_richtext: [],
        name: 't5_2reni',
        quarantine: false,
        hide_ads: false,
        prediction_leaderboard_entry_type: 'SUBREDDIT_HEADER',
        emojis_enabled: true,
        advertiser_category: '',
        public_description: "A Reddit space where people can come together to show and discuss their various EDC items, ask questions and receive advice from fellow carriers, and generally promote the enjoyment of EDC.  You never know when you're going to need it!",
        comment_score_hide_mins: 30,
        allow_predictions: false,
        user_has_favorited: null,
        user_flair_template_id: null,
        community_icon: 'https://styles.redditmedia.com/t5_2reni/styles/communityIcon_5bpxuw6hrih71.jpg?width=256&amp;s=c1d1815240f3d61f1ddeedd6948fec6a77c35db8',
        banner_background_image: 'https://styles.redditmedia.com/t5_2reni/styles/bannerBackgroundImage_clwvrol4kij21.jpg?width=4000&amp;s=07785c46f4de5bea23f982848c3d0b9c4944e650',
        original_content_tag_enabled: false,
        community_reviewed: true,
        submit_text: 'Please post a description of your EDC as a comment in your post OR IT WILL BE REMOVED.\n' +
          '\n' +
          'Please read the FAQ in the sidebar before asking questions.',
        description_html: '&lt;!-- SC_OFF --&gt;&lt;div class="md"&gt;&lt;p&gt;What is your Every Day Carry?&lt;/p&gt;\n' +
          '\n' +
          '&lt;hr/&gt;\n' +
          '\n' +
          '&lt;hr/&gt;\n' +
          '\n' +
          '&lt;p&gt;&lt;strong&gt;FAQ&lt;/strong&gt;&lt;/p&gt;\n' +
          '\n' +
          '&lt;p&gt;&lt;a href="https://www.reddit.com/r/EDC/comments/27fzhc/meta_new_edc_faq_why_are_you_carrying_a_knifegun/"&gt;1. Why are you carrying a gun/knife/etc?&lt;/a&gt;&lt;/p&gt;\n' +
          '\n' +
          '&lt;p&gt;&lt;a href="https://www.reddit.com/r/EDC/comments/6vljs1/redditors_who_carry_a_notebook_and_a_pen_in_their/"&gt;2. Why carry a pen &amp;amp; notebook?&lt;/a&gt;&lt;/p&gt;\n' +
          '\n' +
          '&lt;p&gt;&lt;a href="https://www.reddit.com/r/EDC/comments/8do5fj/why_are_you_carrying_a_tourniquet/"&gt;3. Why carry a tourniquet?&lt;/a&gt;&lt;/p&gt;\n' +
          '\n' +
          '&lt;hr/&gt;\n' +
          '\n' +
          '&lt;p&gt;&lt;strong&gt;Frequently Recommended Gear&lt;/strong&gt;&lt;/p&gt;\n' +
          '\n' +
          '&lt;p&gt;&lt;a href="https://www.reddit.com/r/EDC/comments/7j7lrs/edc_starter_pack_an_arbitrary_list_of_gear_that/"&gt;Check it out!&lt;/a&gt;&lt;/p&gt;\n' +
          '\n' +
          '&lt;hr/&gt;\n' +
          '\n' +
          '&lt;p&gt;&lt;strong&gt;RULES&lt;/strong&gt;\n' +
          'Please use the &amp;#39;Report&amp;#39; feature for any post/comment you feel is in violation of the below rules.&lt;/p&gt;\n' +
          '\n' +
          '&lt;p&gt;&lt;strong&gt;1.) Post a list of your items&lt;/strong&gt;&lt;/p&gt;\n' +
          '\n' +
          '&lt;p&gt;When posting pictures of your EDC, please provide a list of items in the comments within one hour of posting; otherwise, your post will be removed.&lt;/p&gt;\n' +
          '\n' +
          '&lt;p&gt;&lt;strong&gt;2.) No Spam&lt;/strong&gt; &lt;/p&gt;\n' +
          '\n' +
          '&lt;p&gt;We consider spam to be posts/comments that try to take advantage of the subreddit, automated or otherwise. &lt;/p&gt;\n' +
          '\n' +
          '&lt;p&gt;This includes, but is not limited to:&lt;/p&gt;\n' +
          '\n' +
          '&lt;ul&gt;\n' +
          '&lt;li&gt;&lt;p&gt;Advertising your own products/company/social media&lt;/p&gt;&lt;/li&gt;\n' +
          '&lt;li&gt;&lt;p&gt;Shilling for a third party/Thinly veiled advertising such as &amp;quot;Hope I can get this into other people&amp;#39;s hands&amp;quot; or &amp;quot; Items I produce&amp;quot; &lt;/p&gt;&lt;/li&gt;\n' +
          '&lt;li&gt;&lt;p&gt;Affiliate/referral links&lt;/p&gt;&lt;/li&gt;\n' +
          '&lt;/ul&gt;\n' +
          '\n' +
          '&lt;p&gt;You can include items that you make/sell in EDC posts, so long as it includes other items. &lt;/p&gt;\n' +
          '\n' +
          '&lt;p&gt;The one and only exception to this rule is special deals offered to the members of this sub. Before posting such deals please message the Mod team. &lt;/p&gt;\n' +
          '\n' +
          '&lt;p&gt;&lt;strong&gt;3.) No Incivility&lt;/strong&gt;&lt;/p&gt;\n' +
          '\n' +
          '&lt;p&gt;Comments/posts that include name calling, insults, mocking, condescension, gatekeeping, or any other form of incivility towards users or items will be removed. Criticism of an item itself is allowed, but keep it civil.&lt;/p&gt;\n' +
          '\n' +
          '&lt;p&gt;&lt;strong&gt;4.) No Politics&lt;/strong&gt;&lt;/p&gt;\n' +
          '\n' +
          '&lt;p&gt;Discussion regarding any political party/ideology/group, even those you agree with, will not be tolerated. Do not debate the politics of a country/state/city, user or of an item they choose to EDC. Posts are allowed to contain political imagery (stickers, flags, patches, etc.) so long as they aren’t the primary focus of the post, and don’t violate Reddit TOS.&lt;/p&gt;\n' +
          '\n' +
          '&lt;p&gt;&lt;strong&gt;5.) No Inappropriate Content&lt;/strong&gt;&lt;/p&gt;\n' +
          '\n' +
          '&lt;p&gt;Inappropriate content is content that doesn’t fit the theme of the subreddit. This includes, but is not limited to: content unrelated to EDC, news articles, nudity, and injuries/gore.&lt;/p&gt;\n' +
          '\n' +
          '&lt;p&gt;&lt;strong&gt;6.) No Videos&lt;/strong&gt;&lt;/p&gt;\n' +
          '\n' +
          '&lt;p&gt;Video posts are not allowed. They are difficult/time consuming to moderate and often contain advertising.&lt;/p&gt;\n' +
          '\n' +
          '&lt;p&gt;&lt;strong&gt;7.) No Memes&lt;/strong&gt; &lt;/p&gt;\n' +
          '\n' +
          '&lt;p&gt;No memes, petitions, screenshots, or clickbait. Satirical EDCs are allowed, so long as it follows the traditional EDC post format.&lt;/p&gt;\n' +
          '\n' +
          '&lt;p&gt;&lt;strong&gt;8.) Meet Minimum Posting Requirements&lt;/strong&gt;&lt;/p&gt;\n' +
          '\n' +
          '&lt;p&gt;In order to post or comment, an account must be at least 48 hours old and have a minimum of 50 Karma. This is to prevent spam. Please do not message the mods asking for your post to be approved. Be patient and repost/comment once your account has met these requirements. &lt;/p&gt;\n' +
          '\n' +
          '&lt;p&gt;&lt;strong&gt;9.) Do not ask why someone carries a knife or a gun&lt;/strong&gt;&lt;/p&gt;\n' +
          '\n' +
          '&lt;p&gt;Please read the FAQ before asking why someone carries a knife or a gun. These questions are often asked dishonestly, and this rule exists to discourage political debate stemming from loaded questions.&lt;/p&gt;\n' +
          '\n' +
          '&lt;p&gt;&lt;strong&gt;10) Do not give unasked for advice regarding firearms or knives, or ask why they aren&amp;#39;t carried.&lt;/strong&gt;&lt;/p&gt;\n' +
          '\n' +
          '&lt;p&gt;Do not give unasked for advice regarding purchasing or carrying firearms or knives.&lt;/p&gt;\n' +
          '\n' +
          '&lt;p&gt;Do not ask users why they &lt;em&gt;don&amp;#39;t&lt;/em&gt; carry. &lt;/p&gt;\n' +
          '\n' +
          '&lt;p&gt;Both of these actions are the flip side of not asking why they &lt;em&gt;are&lt;/em&gt; carried. Doing so serves no good purpose and pushes users who choose not to carry such items into justifying their choice, or explaining the fact that laws are not the same everywhere.&lt;/p&gt;\n' +
          '\n' +
          '&lt;hr/&gt;\n' +
          '\n' +
          '&lt;p&gt;&lt;strong&gt;Related subreddits&lt;/strong&gt;&lt;/p&gt;\n' +
          '\n' +
          '&lt;p&gt;&lt;a href="/r/CCW"&gt;/r/CCW&lt;/a&gt; &lt;/p&gt;\n' +
          '\n' +
          '&lt;p&gt;&lt;a href="/r/EDCexchange"&gt;/r/EDCexchange&lt;/a&gt; &lt;/p&gt;\n' +
          '\n' +
          '&lt;p&gt;&lt;a href="/r/fidgetspinners"&gt;/r/fidgetspinners&lt;/a&gt;&lt;/p&gt;\n' +
          '\n' +
          '&lt;p&gt;&lt;a href="/r/fidgettoys"&gt;/r/fidgettoys&lt;/a&gt;&lt;/p&gt;\n' +
          '\n' +
          '&lt;p&gt;&lt;a href="/r/flashlight"&gt;/r/flashlight&lt;/a&gt;&lt;/p&gt;\n' +
          '\n' +
          '&lt;p&gt;&lt;a href="/r/journaling"&gt;/r/journaling&lt;/a&gt;&lt;/p&gt;\n' +
          '\n' +
          '&lt;p&gt;&lt;a href="/r/knifeclub"&gt;/r/knifeclub&lt;/a&gt;&lt;/p&gt;\n' +
          '\n' +
          '&lt;p&gt;&lt;a href="/r/Knife_Swap"&gt;/r/Knife_Swap&lt;/a&gt; &lt;/p&gt;\n' +
          '\n' +
          '&lt;p&gt;&lt;a href="/r/knives"&gt;/r/knives&lt;/a&gt;&lt;/p&gt;\n' +
          '\n' +
          '&lt;p&gt;&lt;a href="/r/paracord"&gt;/r/paracord&lt;/a&gt;&lt;/p&gt;\n' +
          '\n' +
          '&lt;p&gt;&lt;a href="/r/pens"&gt;/r/pens&lt;/a&gt;&lt;/p&gt;\n' +
          '\n' +
          '&lt;p&gt;&lt;a href="/r/photography"&gt;/r/photography&lt;/a&gt;&lt;/p&gt;\n' +
          '\n' +
          '&lt;p&gt;&lt;a href="/r/moleskine"&gt;/r/moleskine&lt;/a&gt;&lt;/p&gt;\n' +
          '\n' +
          '&lt;p&gt;&lt;a href="/r/multitools"&gt;/r/multitools&lt;/a&gt;&lt;/p&gt;\n' +
          '\n' +
          '&lt;p&gt;&lt;a href="/r/notebooks"&gt;/r/notebooks&lt;/a&gt;&lt;/p&gt;\n' +
          '\n' +
          '&lt;p&gt;&lt;a href="/r/Onebag"&gt;/r/Onebag&lt;/a&gt; &lt;/p&gt;\n' +
          '\n' +
          '&lt;p&gt;&lt;a href="/r/onebagging"&gt;/r/onebagging&lt;/a&gt;&lt;/p&gt;\n' +
          '\n' +
          '&lt;p&gt;&lt;a href="/r/vedc"&gt;/r/vedc&lt;/a&gt;&lt;/p&gt;\n' +
          '\n' +
          '&lt;p&gt;&lt;a href="/r/watches"&gt;/r/watches&lt;/a&gt;&lt;/p&gt;\n' +
          '\n' +
          '&lt;p&gt;&lt;a href="/r/watchexchange"&gt;/r/watchexchange&lt;/a&gt;&lt;/p&gt;\n' +
          '\n' +
          '&lt;p&gt;&lt;a href="/r/wellworn"&gt;/r/wellworn&lt;/a&gt;&lt;/p&gt;\n' +
          '\n' +
          '&lt;p&gt;&lt;a href="/r/whatsinthebag"&gt;/r/whatsinthebag&lt;/a&gt;&lt;/p&gt;\n' +
          '\n' +
          '&lt;p&gt;&lt;a href="/r/Zippo"&gt;/r/Zippo&lt;/a&gt;&lt;/p&gt;\n' +
          '\n' +
          '&lt;p&gt;&lt;a href="/r/victorinox"&gt;/r/victorinox&lt;/a&gt;&lt;/p&gt;\n' +
          '&lt;/div&gt;&lt;!-- SC_ON --&gt;',
        spoilers_enabled: false,
        comment_contribution_settings: { allowed_media_types: null },
        allow_talks: false,
        header_size: [ 390, 113 ],
        user_flair_position: 'right',
        all_original_content: false,
        has_menu_widget: false,
        is_enrolled_in_new_modmail: null,
        key_color: '#a5a4a4',
        can_assign_user_flair: true,
        created: 1261413866,
        wls: null,
        show_media_preview: true,
        submission_type: 'any',
        user_is_subscriber: null,
        allowed_media_in_comments: [],
        allow_videogifs: true,
        should_archive_posts: true,
        user_flair_type: 'text',
        allow_polls: false,
        collapse_deleted_comments: true,
        emojis_custom_size: null,
        public_description_html: '&lt;!-- SC_OFF --&gt;&lt;div class="md"&gt;&lt;p&gt;A Reddit space where people can come together to show and discuss their various EDC items, ask questions and receive advice from fellow carriers, and generally promote the enjoyment of EDC.  You never know when you&amp;#39;re going to need it!&lt;/p&gt;\n' +
          '&lt;/div&gt;&lt;!-- SC_ON --&gt;',
        allow_videos: false,
        is_crosspostable_subreddit: false,
        suggested_comment_sort: 'new',
        should_show_media_in_comments_setting: true,
        can_assign_link_flair: true,
        accounts_active_is_fuzzed: false,
        allow_prediction_contributors: false,
        submit_text_label: '',
        link_flair_position: 'right',
        user_sr_flair_enabled: null,
        user_flair_enabled_in_sr: false,
        allow_chat_post_creation: false,
        allow_discovery: true,
        accept_followers: true,
        user_sr_theme_enabled: true,
        link_flair_enabled: true,
        disable_contributor_requests: false,
        subreddit_type: 'public',
        notification_level: null,
        banner_img: '',
        user_flair_text: null,
        banner_background_color: '',
        show_media: true,
        id: '2reni',
        user_is_contributor: null,
        over18: false,
        header_title: 'What do you carry?',
        description: 'What is your Every Day Carry?\n' +
          '\n' +
          '--------------------\n' +
          '\n' +
          '------\n' +
          '\n' +
          '**FAQ**\n' +
          '\n' +
          '[1. Why are you carrying a gun/knife/etc?](https://www.reddit.com/r/EDC/comments/27fzhc/meta_new_edc_faq_why_are_you_carrying_a_knifegun/)\n' +
          '\n' +
          '\n' +
          '[2. Why carry a pen &amp; notebook?](https://www.reddit.com/r/EDC/comments/6vljs1/redditors_who_carry_a_notebook_and_a_pen_in_their/)\n' +
          '\n' +
          '[3. Why carry a tourniquet?](https://www.reddit.com/r/EDC/comments/8do5fj/why_are_you_carrying_a_tourniquet/)\n' +
          '\n' +
          '-----\n' +
          '\n' +
          '\n' +
          '**Frequently Recommended Gear**\n' +
          '\n' +
          '[Check it out!](https://www.reddit.com/r/EDC/comments/7j7lrs/edc_starter_pack_an_arbitrary_list_of_gear_that/)\n' +
          '\n' +
          '\n' +
          '-----\n' +
          '\n' +
          '**RULES**\n' +
          "Please use the 'Report' feature for any post/comment you feel is in violation of the below rules.\n" +
          '\n' +
          '\n' +
          '**1.) Post a list of your items**\n' +
          '\n' +
          'When posting pictures of your EDC, please provide a list of items in the comments within one hour of posting; otherwise, your post will be removed.\n' +
          '\n' +
          '\n' +
          '**2.) No Spam** \n' +
          '\n' +
          'We consider spam to be posts/comments that try to take advantage of the subreddit, automated or otherwise. \n' +
          '\n' +
          'This includes, but is not limited to:\n' +
          '\n' +
          '* Advertising your own products/company/social media\n' +
          '\n' +
          `* Shilling for a third party/Thinly veiled advertising such as "Hope I can get this into other people's hands" or " Items I produce" \n` +
          '\n' +
          '* Affiliate/referral links\n' +
          '\n' +
          'You can include items that you make/sell in EDC posts, so long as it includes other items. \n' +
          '\n' +
          'The one and only exception to this rule is special deals offered to the members of this sub. Before posting such deals please message the Mod team. \n' +
          '\n' +
          '\n' +
          '**3.) No Incivility**\n' +
          '\n' +
          'Comments/posts that include name calling, insults, mocking, condescension, gatekeeping, or any other form of incivility towards users or items will be removed. Criticism of an item itself is allowed, but keep it civil.\n' +
          '\n' +
          '\n' +
          '**4.) No Politics**\n' +
          '\n' +
          'Discussion regarding any political party/ideology/group, even those you agree with, will not be tolerated. Do not debate the politics of a country/state/city, user or of an item they choose to EDC. Posts are allowed to contain political imagery (stickers, flags, patches, etc.) so long as they aren’t the primary focus of the post, and don’t violate Reddit TOS.\n' +
          '\n' +
          '\n' +
          '**5.) No Inappropriate Content**\n' +
          '\n' +
          'Inappropriate content is content that doesn’t fit the theme of the subreddit. This includes, but is not limited to: content unrelated to EDC, news articles, nudity, and injuries/gore.\n' +
          '\n' +
          '**6.) No Videos**\n' +
          '\n' +
          'Video posts are not allowed. They are difficult/time consuming to moderate and often contain advertising.\n' +
          '\n' +
          '**7.) No Memes** \n' +
          '\n' +
          'No memes, petitions, screenshots, or clickbait. Satirical EDCs are allowed, so long as it follows the traditional EDC post format.\n' +
          '\n' +
          '**8.) Meet Minimum Posting Requirements**\n' +
          '\n' +
          'In order to post or comment, an account must be at least 48 hours old and have a minimum of 50 Karma. This is to prevent spam. Please do not message the mods asking for your post to be approved. Be patient and repost/comment once your account has met these requirements. \n' +
          '\n' +
          '\n' +
          '**9.) Do not ask why someone carries a knife or a gun**\n' +
          '\n' +
          'Please read the FAQ before asking why someone carries a knife or a gun. These questions are often asked dishonestly, and this rule exists to discourage political debate stemming from loaded questions.\n' +
          '\n' +
          '\n' +
          "**10) Do not give unasked for advice regarding firearms or knives, or ask why they aren't carried.**\n" +
          '\n' +
          'Do not give unasked for advice regarding purchasing or carrying firearms or knives.\n' +
          '\n' +
          "Do not ask users why they *don't* carry. \n" +
          '\n' +
          'Both of these actions are the flip side of not asking why they *are* carried. Doing so serves no good purpose and pushes users who choose not to carry such items into justifying their choice, or explaining the fact that laws are not the same everywhere.\n' +
          '\n' +
          '---------\n' +
          '\n' +
          '\n' +
          '**Related subreddits**\n' +
          '\n' +
          '/r/CCW \n' +
          '\n' +
          '/r/EDCexchange \n' +
          '\n' +
          '/r/fidgetspinners\n' +
          '\n' +
          '/r/fidgettoys\n' +
          '\n' +
          '/r/flashlight\n' +
          '\n' +
          '/r/journaling\n' +
          '\n' +
          '/r/knifeclub\n' +
          '\n' +
          '/r/Knife_Swap \n' +
          '\n' +
          '/r/knives\n' +
          '\n' +
          '/r/paracord\n' +
          '\n' +
          '/r/pens\n' +
          '\n' +
          '/r/photography\n' +
          '\n' +
          '/r/moleskine\n' +
          '\n' +
          '/r/multitools\n' +
          '\n' +
          '/r/notebooks\n' +
          '\n' +
          '/r/Onebag \n' +
          '\n' +
          '/r/onebagging\n' +
          '\n' +
          '/r/vedc\n' +
          '\n' +
          '/r/watches\n' +
          '\n' +
          '/r/watchexchange\n' +
          '\n' +
          '/r/wellworn\n' +
          '\n' +
          '/r/whatsinthebag\n' +
          '\n' +
          '/r/Zippo\n' +
          '\n' +
          '/r/victorinox',
        is_chat_post_feature_enabled: true,
        submit_link_label: '',
        user_flair_text_color: null,
        restrict_commenting: false,
        user_flair_css_class: null,
        allow_images: true,
        lang: 'en',
        whitelist_status: null,
        url: '/r/EDC/',
        created_utc: 1261413866,
        banner_size: null,
        mobile_banner_image: 'https://styles.redditmedia.com/t5_2reni/styles/mobileBannerImage_iaw6smo4cuh71.jpeg',
        user_is_moderator: null,
        allow_predictions_tournament: false
      },
      {
        user_flair_background_color: null,
        submit_text_html: '&lt;!-- SC_OFF --&gt;&lt;div class="md"&gt;&lt;p&gt;&lt;strong&gt;Please remember to flair your posts&lt;/strong&gt;&lt;/p&gt;\n' +
          '&lt;/div&gt;&lt;!-- SC_ON --&gt;',
        restrict_posting: true,
        user_is_banned: null,
        free_form_reports: true,
        wiki_enabled: true,
        user_is_muted: null,
        user_can_flair_in_sr: null,
        display_name: 'AerospaceEngineering',
        header_img: null,
        title: 'Aerospace Engineering',
        allow_galleries: true,
        icon_size: null,
        primary_color: '#646d73',
        active_user_count: null,
        icon_img: '',
        display_name_prefixed: 'r/AerospaceEngineering',
        accounts_active: null,
        public_traffic: false,
        subscribers: 69909,
        user_flair_richtext: [],
        videostream_links_count: 0,
        name: 't5_2ss4i',
        quarantine: false,
        hide_ads: false,
        prediction_leaderboard_entry_type: 'SUBREDDIT_HEADER',
        emojis_enabled: true,
        advertiser_category: '',
        public_description: 'r/AerospaceEngineering is a forum for enthusiasts, hobbyists, and professionals to share knowledge, experience, and learn about aerospace topics. \n' +
          '\n' +
          'Read the rules before posting!',
        comment_score_hide_mins: 60,
        allow_predictions: false,
        user_has_favorited: null,
        user_flair_template_id: null,
        community_icon: 'https://styles.redditmedia.com/t5_2ss4i/styles/communityIcon_2edupd9vpfc51.jpg?width=256&amp;s=ecd5c63400cba063c6297e58dd38b241d11ded61',
        banner_background_image: 'https://styles.redditmedia.com/t5_2ss4i/styles/bannerBackgroundImage_tnlf36hl1qf81.png?width=4000&amp;s=89521849cbdb873541bd1ecb5fab84f8e4439372',
        original_content_tag_enabled: false,
        community_reviewed: true,
        submit_text: '**Please remember to flair your posts**',
        description_html: '&lt;!-- SC_OFF --&gt;&lt;div class="md"&gt;&lt;p&gt;&lt;strong&gt;&lt;a href="https://discord.gg/PKBBeSPW9V"&gt;Check out the new Discord!&lt;/a&gt;&lt;/strong&gt;&lt;/p&gt;\n' +
          '\n' +
          '&lt;p&gt;For anything and everything aerospace engineering including, but not limited to:    &lt;/p&gt;\n' +
          '\n' +
          '&lt;ul&gt;\n' +
          '&lt;li&gt;Articles about the industry&lt;/li&gt;\n' +
          '&lt;li&gt;Questions about aerospace engineering&lt;/li&gt;\n' +
          '&lt;li&gt;Questions about studying aerospace engineering&lt;/li&gt;\n' +
          '&lt;li&gt;Pictures of aerospace engineering related things (rockets, planes, projects, etc.)&lt;/li&gt;\n' +
          '&lt;/ul&gt;\n' +
          '\n' +
          '&lt;p&gt;There are only a few simple rules:     &lt;/p&gt;\n' +
          '\n' +
          '&lt;ol&gt;\n' +
          '&lt;li&gt;&lt;p&gt;Don&amp;#39;t be negative. Be supportive, helpful, and constructive.&lt;/p&gt;&lt;/li&gt;\n' +
          '&lt;li&gt;&lt;p&gt;&lt;strong&gt;Flair your posts!&lt;/strong&gt;&lt;/p&gt;&lt;/li&gt;\n' +
          '&lt;/ol&gt;\n' +
          '\n' +
          '&lt;p&gt;&lt;strong&gt;ITAR&lt;/strong&gt; or the &lt;a href="https://en.wikipedia.org/wiki/International_Traffic_in_Arms_Regulations"&gt;International Traffic In Arms Regulations&lt;/a&gt; means that a lot of defense related information related to the United States and her interests is restricted to the USA and can not be exported to other counties. Please don&amp;#39;t ask, and if you do and someone mentions ITAR, don&amp;#39;t get mad.&lt;/p&gt;\n' +
          '&lt;/div&gt;&lt;!-- SC_ON --&gt;',
        spoilers_enabled: true,
        comment_contribution_settings: { allowed_media_types: [Array] },
        allow_talks: false,
        header_size: null,
        user_flair_position: 'right',
        all_original_content: false,
        has_menu_widget: false,
        is_enrolled_in_new_modmail: null,
        key_color: '#94e044',
        can_assign_user_flair: true,
        created: 1314287694,
        wls: 6,
        show_media_preview: true,
        submission_type: 'any',
        user_is_subscriber: null,
        allowed_media_in_comments: [ 'giphy', 'expression' ],
        allow_videogifs: true,
        should_archive_posts: false,
        user_flair_type: 'text',
        allow_polls: true,
        collapse_deleted_comments: true,
        emojis_custom_size: null,
        public_description_html: '&lt;!-- SC_OFF --&gt;&lt;div class="md"&gt;&lt;p&gt;&lt;a href="/r/AerospaceEngineering"&gt;r/AerospaceEngineering&lt;/a&gt; is a forum for enthusiasts, hobbyists, and professionals to share knowledge, experience, and learn about aerospace topics. &lt;/p&gt;\n' +
          '\n' +
          '&lt;p&gt;Read the rules before posting!&lt;/p&gt;\n' +
          '&lt;/div&gt;&lt;!-- SC_ON --&gt;',
        allow_videos: true,
        is_crosspostable_subreddit: false,
        suggested_comment_sort: null,
        should_show_media_in_comments_setting: true,
        can_assign_link_flair: true,
        accounts_active_is_fuzzed: false,
        allow_prediction_contributors: false,
        submit_text_label: '',
        link_flair_position: 'left',
        user_sr_flair_enabled: null,
        user_flair_enabled_in_sr: false,
        allow_chat_post_creation: false,
        allow_discovery: true,
        accept_followers: true,
        user_sr_theme_enabled: true,
        link_flair_enabled: true,
        disable_contributor_requests: false,
        subreddit_type: 'public',
        notification_level: null,
        banner_img: '',
        user_flair_text: null,
        banner_background_color: '',
        show_media: false,
        id: '2ss4i',
        user_is_contributor: null,
        over18: false,
        header_title: '',
        description: '**[Check out the new Discord!](https://discord.gg/PKBBeSPW9V)**\n' +
          '\n' +
          'For anything and everything aerospace engineering including, but not limited to:    \n' +
          '\n' +
          '* Articles about the industry\n' +
          '* Questions about aerospace engineering\n' +
          '* Questions about studying aerospace engineering\n' +
          '* Pictures of aerospace engineering related things (rockets, planes, projects, etc.)\n' +
          '    \n' +
          'There are only a few simple rules:     \n' +
          '\n' +
          "1. Don't be negative. Be supportive, helpful, and constructive.\n" +
          '\n' +
          '2. **Flair your posts!**\n' +
          '\n' +
          "**ITAR** or the [International Traffic In Arms Regulations](https://en.wikipedia.org/wiki/International_Traffic_in_Arms_Regulations) means that a lot of defense related information related to the United States and her interests is restricted to the USA and can not be exported to other counties. Please don't ask, and if you do and someone mentions ITAR, don't get mad.",
        is_chat_post_feature_enabled: true,
        submit_link_label: '',
        user_flair_text_color: null,
        restrict_commenting: false,
        user_flair_css_class: null,
        allow_images: true,
        lang: 'en',
        whitelist_status: 'all_ads',
        url: '/r/AerospaceEngineering/',
        created_utc: 1314287694,
        banner_size: null,
        mobile_banner_image: '',
        user_is_moderator: null,
        allow_predictions_tournament: false
      },
      {
        user_flair_background_color: null,
        submit_text_html: null,
        restrict_posting: true,
        user_is_banned: null,
        free_form_reports: true,
        wiki_enabled: false,
        user_is_muted: null,
        user_can_flair_in_sr: null,
        display_name: 'mechatronics',
        header_img: null,
        title: 'Mechatronics Engineering discussion',
        allow_galleries: true,
        icon_size: null,
        primary_color: '',
        active_user_count: null,
        icon_img: '',
        display_name_prefixed: 'r/mechatronics',
        accounts_active: null,
        public_traffic: false,
        subscribers: 12225,
        user_flair_richtext: [],
        videostream_links_count: 1,
        name: 't5_2qjim',
        quarantine: false,
        hide_ads: false,
        prediction_leaderboard_entry_type: 'IN_FEED',
        emojis_enabled: false,
        advertiser_category: '',
        public_description: 'Mechatronics Engineering',
        comment_score_hide_mins: 0,
        allow_predictions: false,
        user_has_favorited: null,
        user_flair_template_id: null,
        community_icon: '',
        banner_background_image: '',
        original_content_tag_enabled: false,
        community_reviewed: false,
        submit_text: '',
        description_html: '&lt;!-- SC_OFF --&gt;&lt;div class="md"&gt;&lt;p&gt;&lt;strong&gt;Related subreddits:&lt;/strong&gt;&lt;/p&gt;\n' +
          '\n' +
          '&lt;p&gt;&lt;a href="/r/Engineering"&gt;/r/Engineering&lt;/a&gt;&lt;br/&gt;\n' +
          '&lt;a href="/r/EngineeringStudents"&gt;/r/EngineeringStudents&lt;/a&gt;&lt;/p&gt;\n' +
          '\n' +
          '&lt;p&gt;Electronics:&lt;/p&gt;\n' +
          '\n' +
          '&lt;p&gt;&lt;a href="/r/electronics"&gt;/r/electronics&lt;/a&gt;&lt;br/&gt;\n' +
          '&lt;a href="/r/AskElectronics"&gt;/r/AskElectronics&lt;/a&gt;&lt;br/&gt;\n' +
          '&lt;a href="/r/ECE"&gt;/r/ECE&lt;/a&gt; &lt;/p&gt;\n' +
          '\n' +
          '&lt;p&gt;Mechanical:&lt;/p&gt;\n' +
          '\n' +
          '&lt;p&gt;&lt;a href="/r/MechanicalEngineering"&gt;/r/MechanicalEngineering&lt;/a&gt;&lt;/p&gt;\n' +
          '\n' +
          '&lt;p&gt;Software:&lt;/p&gt;\n' +
          '\n' +
          '&lt;p&gt;&lt;a href="/r/programming"&gt;/r/programming&lt;/a&gt;&lt;br/&gt;\n' +
          '&lt;a href="/r/coding"&gt;/r/coding&lt;/a&gt;&lt;br/&gt;\n' +
          '&lt;a href="/r/compsci"&gt;/r/compsci&lt;/a&gt;&lt;/p&gt;\n' +
          '\n' +
          '&lt;p&gt;Specifics:&lt;/p&gt;\n' +
          '\n' +
          '&lt;p&gt;&lt;a href="/r/robotics"&gt;/r/robotics&lt;/a&gt;&lt;br/&gt;\n' +
          '&lt;a href="/r/CAD"&gt;/r/CAD&lt;/a&gt;&lt;/p&gt;\n' +
          '&lt;/div&gt;&lt;!-- SC_ON --&gt;',
        spoilers_enabled: true,
        comment_contribution_settings: { allowed_media_types: null },
        allow_talks: false,
        header_size: null,
        user_flair_position: 'right',
        all_original_content: false,
        has_menu_widget: false,
        is_enrolled_in_new_modmail: null,
        key_color: '',
        can_assign_user_flair: false,
        created: 1214730295,
        wls: 6,
        show_media_preview: true,
        submission_type: 'any',
        user_is_subscriber: null,
        allowed_media_in_comments: [],
        allow_videogifs: true,
        should_archive_posts: false,
        user_flair_type: 'text',
        allow_polls: true,
        collapse_deleted_comments: false,
        emojis_custom_size: null,
        public_description_html: '&lt;!-- SC_OFF --&gt;&lt;div class="md"&gt;&lt;p&gt;Mechatronics Engineering&lt;/p&gt;\n' +
          '&lt;/div&gt;&lt;!-- SC_ON --&gt;',
        allow_videos: true,
        is_crosspostable_subreddit: false,
        suggested_comment_sort: null,
        should_show_media_in_comments_setting: true,
        can_assign_link_flair: false,
        accounts_active_is_fuzzed: false,
        allow_prediction_contributors: false,
        submit_text_label: 'Submit new content',
        link_flair_position: '',
        user_sr_flair_enabled: null,
        user_flair_enabled_in_sr: false,
        allow_chat_post_creation: false,
        allow_discovery: true,
        accept_followers: true,
        user_sr_theme_enabled: true,
        link_flair_enabled: false,
        disable_contributor_requests: false,
        subreddit_type: 'public',
        notification_level: null,
        banner_img: '',
        user_flair_text: null,
        banner_background_color: '',
        show_media: true,
        id: '2qjim',
        user_is_contributor: null,
        over18: false,
        header_title: '',
        description: '**Related subreddits:**\n' +
          '\n' +
          '/r/Engineering  \n' +
          '/r/EngineeringStudents\n' +
          '\n' +
          'Electronics:\n' +
          '\n' +
          '/r/electronics  \n' +
          '/r/AskElectronics  \n' +
          '/r/ECE \n' +
          '\n' +
          'Mechanical:\n' +
          '\n' +
          '/r/MechanicalEngineering\n' +
          '\n' +
          'Software:\n' +
          '\n' +
          '/r/programming  \n' +
          '/r/coding  \n' +
          '/r/compsci\n' +
          '\n' +
          'Specifics:\n' +
          '\n' +
          '/r/robotics  \n' +
          '/r/CAD',
        is_chat_post_feature_enabled: true,
        submit_link_label: 'Submit new content',
        user_flair_text_color: null,
        restrict_commenting: false,
        user_flair_css_class: null,
        allow_images: true,
        lang: 'en',
        whitelist_status: 'all_ads',
        url: '/r/mechatronics/',
        created_utc: 1214730295,
        banner_size: null,
        mobile_banner_image: '',
        user_is_moderator: null,
        allow_predictions_tournament: false
      },
      {
        user_flair_background_color: null,
        submit_text_html: null,
        restrict_posting: true,
        user_is_banned: null,
        free_form_reports: true,
        wiki_enabled: false,
        user_is_muted: null,
        user_can_flair_in_sr: null,
        display_name: 'engineeringmemes',
        header_img: null,
        title: 'memes about all things engineering',
        allow_galleries: true,
        icon_size: null,
        primary_color: '',
        active_user_count: null,
        icon_img: '',
        display_name_prefixed: 'r/engineeringmemes',
        accounts_active: null,
        public_traffic: false,
        subscribers: 81484,
        user_flair_richtext: [],
        videostream_links_count: 0,
        name: 't5_2vl6u',
        quarantine: false,
        hide_ads: false,
        prediction_leaderboard_entry_type: 'SUBREDDIT_HEADER',
        emojis_enabled: false,
        advertiser_category: '',
        public_description: "There are lots of great memes out there that only engineers would understand. Since r/engineering prefers more serious posts, here's a subreddit for some nerdy humor.",
        comment_score_hide_mins: 0,
        allow_predictions: false,
        user_has_favorited: null,
        user_flair_template_id: null,
        community_icon: 'https://styles.redditmedia.com/t5_2vl6u/styles/communityIcon_405m7u5wbzb91.jpg?width=256&amp;s=93a0e3ec2d9381b8cf3f8f0a9828390f44837ea2',
        banner_background_image: '',
        original_content_tag_enabled: false,
        community_reviewed: true,
        submit_text: '',
        description_html: '&lt;!-- SC_OFF --&gt;&lt;div class="md"&gt;&lt;p&gt;There are lots of great memes out there that only engineers would understand. Since &lt;a href="/r/engineering"&gt;r/engineering&lt;/a&gt; prefers more serious posts, here&amp;#39;s a subreddit for some nerdy humor.&lt;/p&gt;\n' +
          '&lt;/div&gt;&lt;!-- SC_ON --&gt;',
        spoilers_enabled: true,
        comment_contribution_settings: { allowed_media_types: null },
        allow_talks: false,
        header_size: null,
        user_flair_position: 'right',
        all_original_content: false,
        has_menu_widget: false,
        is_enrolled_in_new_modmail: null,
        key_color: '',
        can_assign_user_flair: true,
        created: 1353285389,
        wls: 6,
        show_media_preview: true,
        submission_type: 'any',
        user_is_subscriber: null,
        allowed_media_in_comments: [],
        allow_videogifs: true,
        should_archive_posts: false,
        user_flair_type: 'text',
        allow_polls: true,
        collapse_deleted_comments: false,
        emojis_custom_size: null,
        public_description_html: '&lt;!-- SC_OFF --&gt;&lt;div class="md"&gt;&lt;p&gt;There are lots of great memes out there that only engineers would understand. Since &lt;a href="/r/engineering"&gt;r/engineering&lt;/a&gt; prefers more serious posts, here&amp;#39;s a subreddit for some nerdy humor.&lt;/p&gt;\n' +
          '&lt;/div&gt;&lt;!-- SC_ON --&gt;',
        allow_videos: true,
        is_crosspostable_subreddit: false,
        suggested_comment_sort: null,
        should_show_media_in_comments_setting: true,
        can_assign_link_flair: false,
        accounts_active_is_fuzzed: false,
        allow_prediction_contributors: false,
        submit_text_label: '',
        link_flair_position: 'left',
        user_sr_flair_enabled: null,
        user_flair_enabled_in_sr: false,
        allow_chat_post_creation: false,
        allow_discovery: true,
        accept_followers: true,
        user_sr_theme_enabled: true,
        link_flair_enabled: true,
        disable_contributor_requests: false,
        subreddit_type: 'public',
        notification_level: null,
        banner_img: '',
        user_flair_text: null,
        banner_background_color: '',
        show_media: true,
        id: '2vl6u',
        user_is_contributor: null,
        over18: false,
        header_title: '',
        description: "There are lots of great memes out there that only engineers would understand. Since r/engineering prefers more serious posts, here's a subreddit for some nerdy humor.",
        is_chat_post_feature_enabled: true,
        submit_link_label: '',
        user_flair_text_color: null,
        restrict_commenting: false,
        user_flair_css_class: null,
        allow_images: true,
        lang: 'en',
        whitelist_status: 'all_ads',
        url: '/r/engineeringmemes/',
        created_utc: 1353285389,
        banner_size: null,
        mobile_banner_image: '',
        user_is_moderator: null,
        allow_predictions_tournament: false
      },
      {
        user_flair_background_color: null,
        submit_text_html: '&lt;!-- SC_OFF --&gt;&lt;div class="md"&gt;&lt;h3&gt;Rules&lt;/h3&gt;\n' +
          '\n' +
          '&lt;ol&gt;\n' +
          '&lt;li&gt;Keep your criticism of others constructive!&lt;/li&gt;\n' +
          '&lt;li&gt;No advertising.&lt;/li&gt;\n' +
          '&lt;li&gt;No soliciting other users through direct messages. &lt;/li&gt;\n' +
          '&lt;li&gt;Do not discuss moderation actions in the sub.&lt;/li&gt;\n' +
          '&lt;li&gt;Do not post inappropriate or irrelevant content. &lt;/li&gt;\n' +
          '&lt;li&gt;Anonymize your resume before posting.&lt;/li&gt;\n' +
          '&lt;li&gt;Do not post low quality content. &lt;/li&gt;\n' +
          '&lt;li&gt;No karma farming.&lt;/li&gt;\n' +
          '&lt;/ol&gt;\n' +
          '&lt;/div&gt;&lt;!-- SC_ON --&gt;',
        restrict_posting: true,
        user_is_banned: null,
        free_form_reports: true,
        wiki_enabled: true,
        user_is_muted: null,
        user_can_flair_in_sr: null,
        display_name: 'resumes',
        header_img: null,
        title: 'Resumes',
        allow_galleries: true,
        icon_size: null,
        primary_color: '#5a74cc',
        active_user_count: null,
        icon_img: '',
        display_name_prefixed: 'r/resumes',
        accounts_active: null,
        public_traffic: false,
        subscribers: 1043321,
        user_flair_richtext: [],
        videostream_links_count: 0,
        name: 't5_2r0bv',
        quarantine: false,
        hide_ads: false,
        prediction_leaderboard_entry_type: 'SUBREDDIT_HEADER',
        emojis_enabled: false,
        advertiser_category: '',
        public_description: 'A place for people to give and receive resume-related advice.',
        comment_score_hide_mins: 5,
        allow_predictions: false,
        user_has_favorited: null,
        user_flair_template_id: null,
        community_icon: 'https://styles.redditmedia.com/t5_2r0bv/styles/communityIcon_fkqnij6bfap71.png?width=256&amp;s=8a4aa3779b38d6bcdc1de9bc9f18df321a353530',
        banner_background_image: '',
        original_content_tag_enabled: false,
        community_reviewed: true,
        submit_text: '### Rules\n' +
          '1. Keep your criticism of others constructive!\n' +
          '2. No advertising.\n' +
          '3. No soliciting other users through direct messages. \n' +
          '4. Do not discuss moderation actions in the sub.\n' +
          '5. Do not post inappropriate or irrelevant content. \n' +
          '6. Anonymize your resume before posting.\n' +
          '7. Do not post low quality content. \n' +
          '8. No karma farming.',
        description_html: '&lt;!-- SC_OFF --&gt;&lt;div class="md"&gt;&lt;p&gt;&lt;strong&gt;Post your anonymized resume for feedback from other community members. In your post, please include the following info:&lt;/strong&gt;&lt;/p&gt;\n' +
          '\n' +
          '&lt;ol&gt;\n' +
          '&lt;li&gt;&lt;p&gt;Who you are as a professional (i.e., engineer, developer, salesperson).&lt;/p&gt;&lt;/li&gt;\n' +
          '&lt;li&gt;&lt;p&gt;Tell us why you&amp;#39;re you seeking help. (i.e., just fine-tuning, not getting called back for interviews etc.). &lt;/p&gt;&lt;/li&gt;\n' +
          '&lt;li&gt;&lt;p&gt;Type of roles you&amp;#39;re looking for. &lt;/p&gt;&lt;/li&gt;\n' +
          '&lt;/ol&gt;\n' +
          '\n' +
          '&lt;p&gt;&lt;strong&gt;How does post flair work?&lt;/strong&gt;&lt;/p&gt;\n' +
          '\n' +
          '&lt;p&gt;Assign one of the following post flairs to your post: &lt;/p&gt;\n' +
          '\n' +
          '&lt;ul&gt;\n' +
          '&lt;li&gt;&lt;p&gt;I need feedback: Use this flair if you need someone to critique your resume. Choose the location corresponding to where you will be applying, not where you are currently located.&lt;/p&gt;&lt;/li&gt;\n' +
          '&lt;li&gt;&lt;p&gt;I have a question: Use this flair if you have a specific (not open-ended) question. &lt;/p&gt;&lt;/li&gt;\n' +
          '&lt;li&gt;&lt;p&gt;I&amp;#39;m sharing advice: Use this flair if you&amp;#39;re sharing valuable tips/advice with the community. Please ask the mods before posting links to external sites. Paid sites are always not allowed. &lt;/p&gt;&lt;/li&gt;\n' +
          '&lt;li&gt;&lt;p&gt;Discussion: Use this flair if you&amp;#39;d like to have an open-ended discussion on a particular topic within the realm of resumes or resume writing.&lt;/p&gt;&lt;/li&gt;\n' +
          '&lt;/ul&gt;\n' +
          '\n' +
          '&lt;p&gt;&lt;strong&gt;QUICK LINKS&lt;/strong&gt;&lt;/p&gt;\n' +
          '\n' +
          '&lt;p&gt;&lt;a href="https://www.reddit.com/r/resumes/wiki/index/howtoparticipate"&gt;Sub Etiquette&lt;/a&gt;&lt;/p&gt;\n' +
          '\n' +
          '&lt;p&gt;&lt;a href="https://www.reddit.com/r/resumes/wiki/index/faq"&gt;Free Resume Writing Guide&lt;/a&gt; &lt;/p&gt;\n' +
          '\n' +
          '&lt;p&gt;&lt;a href="https://www.reddit.com/r/resumes/wiki/index/beforehiringawriter"&gt;Considering hiring a resume writer? Read this&lt;/a&gt;&lt;/p&gt;\n' +
          '\n' +
          '&lt;p&gt;&lt;a href="https://kristenfife.medium.com/understanding-how-the-ats-reads-and-interacts-with-your-resume-401bd00b66db"&gt;Want to understand how ATS works? Read this&lt;/a&gt;&lt;/p&gt;\n' +
          '&lt;/div&gt;&lt;!-- SC_ON --&gt;',
        spoilers_enabled: true,
        comment_contribution_settings: { allowed_media_types: [Array] },
        allow_talks: false,
        header_size: null,
        user_flair_position: 'right',
        all_original_content: false,
        has_menu_widget: false,
        is_enrolled_in_new_modmail: null,
        key_color: '',
        can_assign_user_flair: false,
        created: 1244973608,
        wls: 6,
        show_media_preview: true,
        submission_type: 'any',
        user_is_subscriber: null,
        allowed_media_in_comments: [ 'static', 'giphy', 'animated', 'expression' ],
        allow_videogifs: true,
        should_archive_posts: false,
        user_flair_type: 'text',
        allow_polls: true,
        collapse_deleted_comments: true,
        emojis_custom_size: null,
        public_description_html: '&lt;!-- SC_OFF --&gt;&lt;div class="md"&gt;&lt;p&gt;A place for people to give and receive resume-related advice.&lt;/p&gt;\n' +
          '&lt;/div&gt;&lt;!-- SC_ON --&gt;',
        allow_videos: true,
        is_crosspostable_subreddit: false,
        suggested_comment_sort: 'top',
        should_show_media_in_comments_setting: true,
        can_assign_link_flair: true,
        accounts_active_is_fuzzed: false,
        allow_prediction_contributors: false,
        submit_text_label: '',
        link_flair_position: 'left',
        user_sr_flair_enabled: null,
        user_flair_enabled_in_sr: false,
        allow_chat_post_creation: false,
        allow_discovery: true,
        accept_followers: true,
        user_sr_theme_enabled: true,
        link_flair_enabled: true,
        disable_contributor_requests: false,
        subreddit_type: 'public',
        notification_level: null,
        banner_img: '',
        user_flair_text: null,
        banner_background_color: '',
        show_media: false,
        id: '2r0bv',
        user_is_contributor: null,
        over18: false,
        header_title: '',
        description: '**Post your anonymized resume for feedback from other community members. In your post, please include the following info:**\n' +
          '\n' +
          '1. Who you are as a professional (i.e., engineer, developer, salesperson).\n' +
          '\n' +
          "2. Tell us why you're you seeking help. (i.e., just fine-tuning, not getting called back for interviews etc.). \n" +
          '\n' +
          "3. Type of roles you're looking for. \n" +
          '\n' +
          '**How does post flair work?**\n' +
          '\n' +
          'Assign one of the following post flairs to your post: \n' +
          '\n' +
          '* I need feedback: Use this flair if you need someone to critique your resume. Choose the location corresponding to where you will be applying, not where you are currently located.\n' +
          '\n' +
          '* I have a question: Use this flair if you have a specific (not open-ended) question. \n' +
          '\n' +
          "* I'm sharing advice: Use this flair if you're sharing valuable tips/advice with the community. Please ask the mods before posting links to external sites. Paid sites are always not allowed. \n" +
          '\n' +
          "* Discussion: Use this flair if you'd like to have an open-ended discussion on a particular topic within the realm of resumes or resume writing.\n" +
          '\n' +
          '**QUICK LINKS**\n' +
          '\n' +
          '[Sub Etiquette](https://www.reddit.com/r/resumes/wiki/index/howtoparticipate)\n' +
          '\n' +
          '[Free Resume Writing Guide](https://www.reddit.com/r/resumes/wiki/index/faq) \n' +
          '\n' +
          '[Considering hiring a resume writer? Read this](https://www.reddit.com/r/resumes/wiki/index/beforehiringawriter)\n' +
          '\n' +
          '[Want to understand how ATS works? Read this](https://kristenfife.medium.com/understanding-how-the-ats-reads-and-interacts-with-your-resume-401bd00b66db)',
        is_chat_post_feature_enabled: true,
        submit_link_label: '',
        user_flair_text_color: null,
        restrict_commenting: false,
        user_flair_css_class: null,
        allow_images: true,
        lang: 'en',
        whitelist_status: 'all_ads',
        url: '/r/resumes/',
        created_utc: 1244973608,
        banner_size: null,
        mobile_banner_image: '',
        user_is_moderator: null,
        allow_predictions_tournament: false
      },
      {
        user_flair_background_color: null,
        submit_text_html: null,
        restrict_posting: true,
        user_is_banned: null,
        free_form_reports: true,
        wiki_enabled: false,
        user_is_muted: null,
        user_can_flair_in_sr: null,
        display_name: 'mecheporn',
        header_img: null,
        title: 'Mechanical Engineering Porn',
        allow_galleries: true,
        icon_size: null,
        primary_color: '',
        active_user_count: null,
        icon_img: '',
        display_name_prefixed: 'r/mecheporn',
        accounts_active: null,
        public_traffic: false,
        subscribers: 743,
        user_flair_richtext: [],
        videostream_links_count: 0,
        name: 't5_2yg3c',
        quarantine: false,
        hide_ads: false,
        prediction_leaderboard_entry_type: 'IN_FEED',
        emojis_enabled: false,
        advertiser_category: '',
        public_description: 'Visually aesthetic mechanical engineering creations from around the world. ',
        comment_score_hide_mins: 0,
        allow_predictions: false,
        user_has_favorited: null,
        user_flair_template_id: null,
        community_icon: '',
        banner_background_image: '',
        original_content_tag_enabled: false,
        community_reviewed: false,
        submit_text: '',
        description_html: '&lt;!-- SC_OFF --&gt;&lt;div class="md"&gt;&lt;p&gt;Looking for a place to start? Go watch Pacific Rim. &lt;/p&gt;\n' +
          '&lt;/div&gt;&lt;!-- SC_ON --&gt;',
        spoilers_enabled: true,
        comment_contribution_settings: {},
        allow_talks: false,
        header_size: null,
        user_flair_position: 'right',
        all_original_content: false,
        has_menu_widget: false,
        is_enrolled_in_new_modmail: null,
        key_color: '',
        can_assign_user_flair: false,
        created: 1378682181,
        wls: null,
        show_media_preview: true,
        submission_type: 'any',
        user_is_subscriber: null,
        allowed_media_in_comments: [],
        allow_videogifs: true,
        should_archive_posts: false,
        user_flair_type: 'text',
        allow_polls: true,
        collapse_deleted_comments: false,
        emojis_custom_size: null,
        public_description_html: '&lt;!-- SC_OFF --&gt;&lt;div class="md"&gt;&lt;p&gt;Visually aesthetic mechanical engineering creations from around the world. &lt;/p&gt;\n' +
          '&lt;/div&gt;&lt;!-- SC_ON --&gt;',
        allow_videos: true,
        is_crosspostable_subreddit: false,
        suggested_comment_sort: null,
        should_show_media_in_comments_setting: true,
        can_assign_link_flair: false,
        accounts_active_is_fuzzed: false,
        allow_prediction_contributors: false,
        submit_text_label: '',
        link_flair_position: '',
        user_sr_flair_enabled: null,
        user_flair_enabled_in_sr: false,
        allow_chat_post_creation: false,
        allow_discovery: true,
        accept_followers: true,
        user_sr_theme_enabled: true,
        link_flair_enabled: false,
        disable_contributor_requests: false,
        subreddit_type: 'restricted',
        notification_level: null,
        banner_img: '',
        user_flair_text: null,
        banner_background_color: '',
        show_media: true,
        id: '2yg3c',
        user_is_contributor: null,
        over18: false,
        header_title: '',
        description: 'Looking for a place to start? Go watch Pacific Rim. ',
        is_chat_post_feature_enabled: true,
        submit_link_label: '',
        user_flair_text_color: null,
        restrict_commenting: false,
        user_flair_css_class: null,
        allow_images: true,
        lang: 'en',
        whitelist_status: null,
        url: '/r/mecheporn/',
        created_utc: 1378682181,
        banner_size: null,
        mobile_banner_image: '',
        user_is_moderator: null,
        allow_predictions_tournament: false
      },
      {
        user_flair_background_color: null,
        submit_text_html: '&lt;!-- SC_OFF --&gt;&lt;div class="md"&gt;&lt;h2&gt;Please state your question succinctly in the title and include a question mark.&lt;/h2&gt;\n' +
          '\n' +
          '&lt;h2&gt;All submissions are placed in the spam filter for moderator review, so please be patient.&lt;/h2&gt;\n' +
          '\n' +
          '&lt;h2&gt;Is the answer to your question a number? Then you most likely want to post to &lt;a href="/r/estimation"&gt;/r/estimation&lt;/a&gt; or &lt;a href="/r/theydidthemath"&gt;/r/theydidthemath&lt;/a&gt;&lt;/h2&gt;\n' +
          '\n' +
          '&lt;h1&gt;&lt;a href="http://www.reddit.com/r/askscience/wiki/index#wiki_asking_askscience"&gt;Read our rules and guidelines before asking your question.&lt;/a&gt;&lt;/h1&gt;\n' +
          '\n' +
          '&lt;p&gt;Use the &lt;a href="http://www.reddit.com/r/askscience/search"&gt;reddit search function&lt;/a&gt; and google &amp;#39;site:reddit.com&lt;a href="/r/askscience"&gt;/r/askscience&lt;/a&gt;: search terms&amp;#39; before posting in order to avoid repeat questions.&lt;/p&gt;\n' +
          '\n' +
          '&lt;p&gt;&lt;strong&gt;Instructions for flairing your post:&lt;/strong&gt;&lt;/p&gt;\n' +
          '\n' +
          '&lt;p&gt;Once you click &amp;quot;submit,&amp;quot; there will be an option that is highlighted in yellow under the post that says &amp;quot;Please Click This To Categorize Your Post.&amp;quot; Once you click it, a menu will pop up and you will be able to choose what field your question falls under.&lt;/p&gt;\n' +
          '\n' +
          '&lt;p&gt;Thanks for asking your question in AskScience! :)&lt;/p&gt;\n' +
          '&lt;/div&gt;&lt;!-- SC_ON --&gt;',
        restrict_posting: true,
        user_is_banned: null,
        free_form_reports: true,
        wiki_enabled: true,
        user_is_muted: null,
        user_can_flair_in_sr: null,
        display_name: 'askscience',
        header_img: 'https://a.thumbs.redditmedia.com/KtS37yyOy-MnvMyMfKgjib6M07bHEZMAUu5lCIkEF40.png',
        title: 'AskScience: Got Questions? Get Answers.',
        allow_galleries: true,
        icon_size: [ 256, 256 ],
        primary_color: '#373c3f',
        active_user_count: null,
        icon_img: 'https://b.thumbs.redditmedia.com/VXukRtebQAtdj6BUMLlOjCh3XnLH9_oScHxsDJ-vsio.png',
        display_name_prefixed: 'r/askscience',
        accounts_active: null,
        public_traffic: false,
        subscribers: 24480290,
        user_flair_richtext: [],
        name: 't5_2qm4e',
        quarantine: false,
        hide_ads: false,
        prediction_leaderboard_entry_type: 'SUBREDDIT_HEADER',
        emojis_enabled: false,
        advertiser_category: 'Lifestyles',
        public_description: 'Ask a science question, get a science answer.',
        comment_score_hide_mins: 360,
        allow_predictions: false,
        user_has_favorited: null,
        user_flair_template_id: null,
        community_icon: '',
        banner_background_image: 'https://styles.redditmedia.com/t5_2qm4e/styles/bannerBackgroundImage_ht6xxd9rylf01.png?width=4000&amp;s=50a3be97fb21f1ebe05b65d0069c12ad49e21e99',
        original_content_tag_enabled: false,
        community_reviewed: true,
        submit_text: '##Please state your question succinctly in the title and include a question mark.\n' +
          '\n' +
          '##All submissions are placed in the spam filter for moderator review, so please be patient.\n' +
          '\n' +
          '##Is the answer to your question a number? Then you most likely want to post to /r/estimation or /r/theydidthemath\n' +
          '\n' +
          '#[Read our rules and guidelines before asking your question.](http://www.reddit.com/r/askscience/wiki/index#wiki_asking_askscience)\n' +
          '\n' +
          "Use the [reddit search function](http://www.reddit.com/r/askscience/search) and google 'site:reddit.com/r/askscience: search terms' before posting in order to avoid repeat questions.\n" +
          '\n' +
          '**Instructions for flairing your post:**\n' +
          '\n' +
          'Once you click "submit," there will be an option that is highlighted in yellow under the post that says "Please Click This To Categorize Your Post." Once you click it, a menu will pop up and you will be able to choose what field your question falls under.\n' +
          '\n' +
          'Thanks for asking your question in AskScience! :)',
        description_html: '&lt;!-- SC_OFF --&gt;&lt;div class="md"&gt;&lt;h3&gt;Please read our &lt;a href="http://goo.gl/NZf5gP"&gt;&lt;strong&gt;guidelines&lt;/strong&gt;&lt;/a&gt; and &lt;a href="http://goo.gl/hfiJiJ"&gt;&lt;strong&gt;FAQ&lt;/strong&gt;&lt;/a&gt; before posting&lt;/h3&gt;\n' +
          '\n' +
          '&lt;ul&gt;\n' +
          '&lt;li&gt;&lt;strong&gt;Answer questions&lt;/strong&gt; with accurate, in-depth explanations, &lt;a href="/r/askscience/wiki/sources"&gt;including &lt;strong&gt;peer-reviewed sources&lt;/strong&gt; where possible&lt;/a&gt;&lt;/li&gt;\n' +
          '&lt;li&gt;&lt;strong&gt;Upvote&lt;/strong&gt; on-topic answers supported by reputable sources and scientific research&lt;/li&gt;\n' +
          '&lt;li&gt;&lt;strong&gt;Downvote&lt;/strong&gt; anecdotes, speculation, and jokes&lt;/li&gt;\n' +
          '&lt;li&gt;&lt;strong&gt;Report&lt;/strong&gt; comments that do not meet our &lt;a href="http://goo.gl/NZf5gP"&gt;&lt;strong&gt;guidelines&lt;/strong&gt;&lt;/a&gt;, including &lt;a href="http://goo.gl/UAVhTJ"&gt;medical advice&lt;/a&gt;&lt;/li&gt;\n' +
          '&lt;li&gt;&lt;strong&gt;Be civil:&lt;/strong&gt; &lt;a href="http://redd.it/1ytp7q"&gt;Remember the human&lt;/a&gt; and follow &lt;a href="http://www.reddit.com/wiki/reddiquette"&gt;Reddiquette&lt;/a&gt;&lt;/li&gt;\n' +
          '&lt;/ul&gt;\n' +
          '\n' +
          '&lt;h3&gt;Features&lt;/h3&gt;\n' +
          '\n' +
          '&lt;ul&gt;\n' +
          '&lt;li&gt;&lt;a href="/r/askscience/wiki/booklist"&gt;&lt;strong&gt;Book List&lt;/strong&gt;&lt;/a&gt;&lt;/li&gt;\n' +
          '&lt;li&gt;&lt;a href="http://goo.gl/chKW86"&gt;&lt;strong&gt;Weekly Features&lt;/strong&gt;&lt;/a&gt;: Archives of AskAnything Wednesday, FAQ Fridays, and more!&lt;/li&gt;\n' +
          '&lt;li&gt;&lt;a href="http://goo.gl/hfiJiJ"&gt;&lt;strong&gt;FAQ&lt;/strong&gt;&lt;/a&gt;: In-depth answers to many popular questions&lt;/li&gt;\n' +
          '&lt;li&gt;&lt;a href="https://www.reddit.com/r/askscience/new/"&gt;&lt;strong&gt;New&lt;/strong&gt;&lt;/a&gt; and &lt;a href="https://www.reddit.com/r/askscience/comments/gilded/"&gt;&lt;strong&gt;gilded&lt;/strong&gt;&lt;/a&gt; posts&lt;/li&gt;\n' +
          '&lt;li&gt;&lt;strong&gt;&lt;a href="/r/AskScienceDiscussion"&gt;/r/AskScienceDiscussion&lt;/a&gt;&lt;/strong&gt;: For open-ended and hypothetical questions &lt;/li&gt;\n' +
          '&lt;/ul&gt;\n' +
          '\n' +
          '&lt;h3&gt;Filter by Field&lt;/h3&gt;\n' +
          '\n' +
          '&lt;table&gt;&lt;thead&gt;\n' +
          '&lt;tr&gt;\n' +
          '&lt;th align="left"&gt;Title&lt;/th&gt;\n' +
          '&lt;th align="right"&gt;Description&lt;/th&gt;\n' +
          '&lt;/tr&gt;\n' +
          '&lt;/thead&gt;&lt;tbody&gt;\n' +
          '&lt;tr&gt;\n' +
          '&lt;td align="left"&gt;&lt;a href="/r/askscience/search?q=flair%3A%27Physics%27&amp;amp;sort=new&amp;amp;restrict_sr=on"&gt;Physics&lt;/a&gt;&lt;/td&gt;\n' +
          '&lt;td align="right"&gt;Theoretical Physics, Experimental Physics, High-energy Physics, Solid-State Physics, Fluid Dynamics, Relativity, Quantum Physics, Plasma Physics&lt;/td&gt;\n' +
          '&lt;/tr&gt;\n' +
          '&lt;tr&gt;\n' +
          '&lt;td align="left"&gt;&lt;a href="/r/askscience/search?q=flair%3A%27Mathematics%27&amp;amp;sort=new&amp;amp;restrict_sr=on"&gt;Mathematics&lt;/a&gt;&lt;/td&gt;\n' +
          '&lt;td align="right"&gt;Mathematics, Statistics, Number Theory, Calculus, Algebra&lt;/td&gt;\n' +
          '&lt;/tr&gt;\n' +
          '&lt;tr&gt;\n' +
          '&lt;td align="left"&gt;&lt;a href="/r/askscience/search?q=flair%3A%27Astronomy%27&amp;amp;sort=new&amp;amp;restrict_sr=on"&gt;Astronomy&lt;/a&gt;&lt;/td&gt;\n' +
          '&lt;td align="right"&gt;Astronomy, Astrophysics, Cosmology, Planetary Formation&lt;/td&gt;\n' +
          '&lt;/tr&gt;\n' +
          '&lt;tr&gt;\n' +
          '&lt;td align="left"&gt;&lt;a href="/r/askscience/search?q=flair%3A%27Computing%27&amp;amp;sort=new&amp;amp;restrict_sr=on"&gt;Computing&lt;/a&gt;&lt;/td&gt;\n' +
          '&lt;td align="right"&gt;Computing, Artificial Intelligence, Machine Learning, Computability&lt;/td&gt;\n' +
          '&lt;/tr&gt;\n' +
          '&lt;tr&gt;\n' +
          '&lt;td align="left"&gt;&lt;a href="/r/askscience/search?q=flair%3A%27planetary%2Bsci.%27+OR+flair%3A%27earth%2Bsciences%27&amp;amp;sort=new&amp;amp;restrict_sr=on"&gt;Earth and Planetary Sciences&lt;/a&gt;&lt;/td&gt;\n' +
          '&lt;td align="right"&gt;Earth Science, Atmospheric Science, Oceanography, Geology&lt;/td&gt;\n' +
          '&lt;/tr&gt;\n' +
          '&lt;tr&gt;\n' +
          '&lt;td align="left"&gt;&lt;a href="/r/askscience/search?q=flair%3A%27Engineering%27&amp;amp;sort=new&amp;amp;restrict_sr=on"&gt;Engineering&lt;/a&gt;&lt;/td&gt;\n' +
          '&lt;td align="right"&gt;Mechanical Engineering, Electrical Engineering, Structural Engineering, Computer Engineering, Aerospace Engineering&lt;/td&gt;\n' +
          '&lt;/tr&gt;\n' +
          '&lt;tr&gt;\n' +
          '&lt;td align="left"&gt;&lt;a href="/r/askscience/search?q=flair%3A%27Chemistry%27&amp;amp;sort=new&amp;amp;restrict_sr=on"&gt;Chemistry&lt;/a&gt;&lt;/td&gt;\n' +
          '&lt;td align="right"&gt;Chemistry, Organic Chemistry, Polymers, Biochemistry&lt;/td&gt;\n' +
          '&lt;/tr&gt;\n' +
          '&lt;tr&gt;\n' +
          '&lt;td align="left"&gt;&lt;a href="/r/askscience/search?q=flair%3ALinguistics+OR+flair%3Asocial%2Bscience+OR+flair%3Apolitical%2Bscience+OR+flair%3AEconomics+OR+flair%3AArchaeology+OR+flair%3AAnthropology&amp;amp;sort=new&amp;amp;restrict_sr=on"&gt;Social Sciences&lt;/a&gt;&lt;/td&gt;\n' +
          '&lt;td align="right"&gt;Social Science, Political Science, Economics, Archaeology, Anthropology, Linguistics&lt;/td&gt;\n' +
          '&lt;/tr&gt;\n' +
          '&lt;tr&gt;\n' +
          '&lt;td align="left"&gt;&lt;a href="/r/askscience/search?q=flair%3A%27Biology%27+OR+flair%3A%27paleontology%27&amp;amp;sort=new&amp;amp;restrict_sr=on"&gt;Biology&lt;/a&gt;&lt;/td&gt;\n' +
          '&lt;td align="right"&gt;Biology, Evolution, Morphology, Ecology, Synthetic Biology, Microbiology, Cellular Biology, Molecular Biology, Paleontology&lt;/td&gt;\n' +
          '&lt;/tr&gt;\n' +
          '&lt;tr&gt;\n' +
          '&lt;td align="left"&gt;&lt;a href="/r/askscience/search?q=flair%3A%27Psychology%27&amp;amp;sort=new&amp;amp;restrict_sr=on"&gt;Psychology&lt;/a&gt;&lt;/td&gt;\n' +
          '&lt;td align="right"&gt;Psychology, Cognitive Psychology, Developmental Psychology, Abnormal, Social Psychology&lt;/td&gt;\n' +
          '&lt;/tr&gt;\n' +
          '&lt;tr&gt;\n' +
          '&lt;td align="left"&gt;&lt;a href="/r/askscience/search?q=flair%3A%27Medicine%27+OR+flair%3A%27COVID-19%27+&amp;amp;restrict_sr=on&amp;amp;sort=new"&gt;Medicine&lt;/a&gt;&lt;/td&gt;\n' +
          '&lt;td align="right"&gt;Medicine, Oncology, Dentistry, Physiology, Epidemiology, Infectious Disease, Pharmacy, Human Body&lt;/td&gt;\n' +
          '&lt;/tr&gt;\n' +
          '&lt;tr&gt;\n' +
          '&lt;td align="left"&gt;&lt;a href="/r/askscience/search?q=flair%3A%27Neuroscience%27&amp;amp;sort=new&amp;amp;restrict_sr=on"&gt;Neuroscience&lt;/a&gt;&lt;/td&gt;\n' +
          '&lt;td align="right"&gt;Neuroscience, Neurology, Neurochemistry, Cognitive Neuroscience&lt;/td&gt;\n' +
          '&lt;/tr&gt;\n' +
          '&lt;/tbody&gt;&lt;/table&gt;\n' +
          '\n' +
          '&lt;h3&gt;Calendar&lt;/h3&gt;\n' +
          '\n' +
          '&lt;h5&gt;&lt;a href="/blank"&gt;&lt;/a&gt;&lt;/h5&gt;\n' +
          '\n' +
          '&lt;table&gt;&lt;thead&gt;\n' +
          '&lt;tr&gt;\n' +
          '&lt;th align="left"&gt;Date&lt;/th&gt;\n' +
          '&lt;th align="left"&gt;Description&lt;/th&gt;\n' +
          '&lt;/tr&gt;\n' +
          '&lt;/thead&gt;&lt;tbody&gt;\n' +
          '&lt;tr&gt;\n' +
          '&lt;td align="left"&gt;23 Oct&lt;/td&gt;\n' +
          '&lt;td align="left"&gt;Mole Day&lt;/td&gt;\n' +
          '&lt;/tr&gt;\n' +
          '&lt;tr&gt;\n' +
          '&lt;td align="left"&gt;25 Oct&lt;/td&gt;\n' +
          '&lt;td align="left"&gt;Ask Anything Wednesday - Biology, Chemistry, Neuroscience, Medicine, Psychology&lt;/td&gt;\n' +
          '&lt;/tr&gt;\n' +
          '&lt;tr&gt;\n' +
          '&lt;td align="left"&gt;28 Oct&lt;/td&gt;\n' +
          '&lt;td align="left"&gt;Jonas Salk&amp;#39;s Birthday (b.1914)&lt;/td&gt;\n' +
          '&lt;/tr&gt;\n' +
          '&lt;tr&gt;\n' +
          '&lt;td align="left"&gt;1 Nov&lt;/td&gt;\n' +
          '&lt;td align="left"&gt;Ask Anything Wednesday - Economics, Political Science, Linguistics, Anthropology&lt;/td&gt;\n' +
          '&lt;/tr&gt;\n' +
          '&lt;tr&gt;\n' +
          '&lt;td align="left"&gt;7 Nov&lt;/td&gt;\n' +
          '&lt;td align="left"&gt;Marie Curie&amp;#39;s Birthday (b.1867)&lt;/td&gt;\n' +
          '&lt;/tr&gt;\n' +
          '&lt;tr&gt;\n' +
          '&lt;td align="left"&gt;8 Nov&lt;/td&gt;\n' +
          '&lt;td align="left"&gt;Ask Anything Wednesday - Physics, Astronomy, Earth and Planetary Science&lt;/td&gt;\n' +
          '&lt;/tr&gt;\n' +
          '&lt;tr&gt;\n' +
          '&lt;td align="left"&gt;15 Nov&lt;/td&gt;\n' +
          '&lt;td align="left"&gt;Ask Anything Wednesday - Engineering, Mathematics, Computer science&lt;/td&gt;\n' +
          '&lt;/tr&gt;\n' +
          '&lt;tr&gt;\n' +
          '&lt;td align="left"&gt;22 Nov&lt;/td&gt;\n' +
          '&lt;td align="left"&gt;Ask Anything Wednesday - Biology, Chemistry, Neuroscience, Medicine, Psychology&lt;/td&gt;\n' +
          '&lt;/tr&gt;\n' +
          '&lt;/tbody&gt;&lt;/table&gt;\n' +
          '\n' +
          '&lt;h3&gt;Related subreddits&lt;/h3&gt;\n' +
          '\n' +
          '&lt;ul&gt;\n' +
          '&lt;li&gt;&lt;a href="/r/askscience/wiki/subreddit_links"&gt;Click here for a list of related subs!&lt;/a&gt;&lt;/li&gt;\n' +
          '&lt;/ul&gt;\n' +
          '\n' +
          '&lt;h3&gt;Are you a science expert?&lt;/h3&gt;\n' +
          '\n' +
          '&lt;ul&gt;\n' +
          '&lt;li&gt;&lt;strong&gt;Looking for flair? &lt;a href="https://www.reddit.com/r/askscience/about/sticky"&gt;Sign up to be a panelist!&lt;/a&gt;&lt;/strong&gt; &lt;/li&gt;\n' +
          '&lt;/ul&gt;\n' +
          '\n' +
          '&lt;hr/&gt;\n' +
          '\n' +
          '&lt;p&gt;&lt;a href="http://goo.gl/cRQDGr"&gt;Header Information&lt;/a&gt; &lt;/p&gt;\n' +
          '\n' +
          '&lt;ul&gt;\n' +
          '&lt;li&gt;&lt;a href="http://goo.gl/wRzlXr"&gt;Switch to dark theme&lt;/a&gt;&lt;/li&gt;\n' +
          '&lt;li&gt;&lt;a href="http://goo.gl/cYwdsu"&gt;Switch to light theme&lt;/a&gt;&lt;/li&gt;\n' +
          '&lt;/ul&gt;\n' +
          '\n' +
          '&lt;p&gt;&lt;a href="#/RES_SR_Config/NightModeCompatible"&gt;&lt;/a&gt;&lt;/p&gt;\n' +
          '\n' +
          '&lt;ol&gt;\n' +
          '&lt;li&gt;For more open-ended questions, try &lt;a href="/r/AskScienceDiscussion"&gt;/r/AskScienceDiscussion&lt;/a&gt; | &lt;a href="https://www.reddit.com/r/askscience/about/sticky"&gt;Sign up to be a panelist!&lt;/a&gt;&lt;/li&gt;\n' +
          '&lt;/ol&gt;\n' +
          '\n' +
          '&lt;p&gt;We make our world significant by the courage of our questions and by the depth of our answers. -Carl Sagan, &lt;em&gt;Cosmos&lt;/em&gt;&lt;/p&gt;\n' +
          '&lt;/div&gt;&lt;!-- SC_ON --&gt;',
        spoilers_enabled: true,
        comment_contribution_settings: { allowed_media_types: null },
        allow_talks: false,
        header_size: [ 70, 72 ],
        user_flair_position: 'right',
        all_original_content: false,
        has_menu_widget: false,
        is_enrolled_in_new_modmail: null,
        key_color: '#94e044',
        can_assign_user_flair: false,
        created: 1220599964,
        wls: 6,
        show_media_preview: true,
        submission_type: 'self',
        user_is_subscriber: null,
        allowed_media_in_comments: [],
        allow_videogifs: false,
        should_archive_posts: true,
        user_flair_type: 'text',
        allow_polls: false,
        collapse_deleted_comments: true,
        emojis_custom_size: null,
        public_description_html: '&lt;!-- SC_OFF --&gt;&lt;div class="md"&gt;&lt;p&gt;Ask a science question, get a science answer.&lt;/p&gt;\n' +
          '&lt;/div&gt;&lt;!-- SC_ON --&gt;',
        allow_videos: false,
        is_crosspostable_subreddit: false,
        suggested_comment_sort: null,
        should_show_media_in_comments_setting: true,
        can_assign_link_flair: true,
        accounts_active_is_fuzzed: false,
        allow_prediction_contributors: false,
        submit_text_label: 'Ask a science question',
        link_flair_position: 'left',
        user_sr_flair_enabled: null,
        user_flair_enabled_in_sr: false,
        allow_chat_post_creation: false,
        allow_discovery: true,
        accept_followers: true,
        user_sr_theme_enabled: true,
        link_flair_enabled: true,
        disable_contributor_requests: true,
        subreddit_type: 'public',
        notification_level: null,
        banner_img: '',
        user_flair_text: null,
        banner_background_color: '#000000',
        show_media: false,
        id: '2qm4e',
        user_is_contributor: null,
        over18: false,
        header_title: 'AskScience',
        description: '### Please read our [**guidelines**](http://goo.gl/NZf5gP) and [**FAQ**](http://goo.gl/hfiJiJ) before posting\r\n' +
          '\r\n' +
          '* **Answer questions** with accurate, in-depth explanations, [including **peer-reviewed sources** where possible](/r/askscience/wiki/sources)\r\n' +
          '* **Upvote** on-topic answers supported by reputable sources and scientific research\r\n' +
          '* **Downvote** anecdotes, speculation, and jokes\r\n' +
          '* **Report** comments that do not meet our [**guidelines**](http://goo.gl/NZf5gP), including [medical advice](http://goo.gl/UAVhTJ)\r\n' +
          '* **Be civil:** [Remember the human](http://redd.it/1ytp7q) and follow [Reddiquette](http://www.reddit.com/wiki/reddiquette)\r\n' +
          '\r\n' +
          '\r\n' +
          '\r\n' +
          '###Features\r\n' +
          '\r\n' +
          '* [**Book List**](/r/askscience/wiki/booklist)\r\n' +
          '* [**Weekly Features**](http://goo.gl/chKW86): Archives of AskAnything Wednesday, FAQ Fridays, and more!\r\n' +
          '* [**FAQ**](http://goo.gl/hfiJiJ): In-depth answers to many popular questions\r\n' +
          '* [**New**](https://www.reddit.com/r/askscience/new/) and [**gilded**](https://www.reddit.com/r/askscience/comments/gilded/) posts\r\n' +
          '* **/r/AskScienceDiscussion**: For open-ended and hypothetical questions \r\n' +
          '\r\n' +
          '### Filter by Field   \r\n' +
          '\r\n' +
          'Title|Description\r\n' +
          ':--|--:\r\n' +
          '[Physics](/r/askscience/search?q=flair%3A%27Physics%27&amp;sort=new&amp;restrict_sr=on)|Theoretical Physics, Experimental Physics, High-energy Physics, Solid-State Physics, Fluid Dynamics, Relativity, Quantum Physics, Plasma Physics  \r\n' +
          '[Mathematics](/r/askscience/search?q=flair%3A%27Mathematics%27&amp;sort=new&amp;restrict_sr=on)|Mathematics, Statistics, Number Theory, Calculus, Algebra\r\n' +
          '[Astronomy](/r/askscience/search?q=flair%3A%27Astronomy%27&amp;sort=new&amp;restrict_sr=on)|Astronomy, Astrophysics, Cosmology, Planetary Formation  \r\n' +
          '[Computing](/r/askscience/search?q=flair%3A%27Computing%27&amp;sort=new&amp;restrict_sr=on)|Computing, Artificial Intelligence, Machine Learning, Computability \r\n' +
          '[Earth and Planetary Sciences](/r/askscience/search?q=flair%3A%27planetary%2Bsci.%27+OR+flair%3A%27earth%2Bsciences%27&amp;sort=new&amp;restrict_sr=on)|Earth Science, Atmospheric Science, Oceanography, Geology  \r\n' +
          '[Engineering](/r/askscience/search?q=flair%3A%27Engineering%27&amp;sort=new&amp;restrict_sr=on)|Mechanical Engineering, Electrical Engineering, Structural Engineering, Computer Engineering, Aerospace Engineering\r\n' +
          '[Chemistry](/r/askscience/search?q=flair%3A%27Chemistry%27&amp;sort=new&amp;restrict_sr=on)|Chemistry, Organic Chemistry, Polymers, Biochemistry\r\n' +
          '[Social Sciences](/r/askscience/search?q=flair%3ALinguistics+OR+flair%3Asocial%2Bscience+OR+flair%3Apolitical%2Bscience+OR+flair%3AEconomics+OR+flair%3AArchaeology+OR+flair%3AAnthropology&amp;sort=new&amp;restrict_sr=on)|Social Science, Political Science, Economics, Archaeology, Anthropology, Linguistics  \r\n' +
          '[Biology](/r/askscience/search?q=flair%3A%27Biology%27+OR+flair%3A%27paleontology%27&amp;sort=new&amp;restrict_sr=on)|Biology, Evolution, Morphology, Ecology, Synthetic Biology, Microbiology, Cellular Biology, Molecular Biology, Paleontology   \r\n' +
          '[Psychology](/r/askscience/search?q=flair%3A%27Psychology%27&amp;sort=new&amp;restrict_sr=on)|Psychology, Cognitive Psychology, Developmental Psychology, Abnormal, Social Psychology\r\n' +
          '[Medicine](/r/askscience/search?q=flair%3A%27Medicine%27+OR+flair%3A%27COVID-19%27+&amp;restrict_sr=on&amp;sort=new)|Medicine, Oncology, Dentistry, Physiology, Epidemiology, Infectious Disease, Pharmacy, Human Body\r\n' +
          '[Neuroscience](/r/askscience/search?q=flair%3A%27Neuroscience%27&amp;sort=new&amp;restrict_sr=on)|Neuroscience, Neurology, Neurochemistry, Cognitive Neuroscience   \r\n' +
          ' \r\n' +
          '###Calendar\r\n' +
          '##### [](/blank)\r\n' +
          'Date|Description\r\n' +
          ':--|:--\r\n' +
          '23 Oct|Mole Day\n' +
          '25 Oct|Ask Anything Wednesday - Biology, Chemistry, Neuroscience, Medicine, Psychology\n' +
          "28 Oct|Jonas Salk's Birthday (b.1914)\n" +
          '1 Nov|Ask Anything Wednesday - Economics, Political Science, Linguistics, Anthropology\n' +
          "7 Nov|Marie Curie's Birthday (b.1867)\n" +
          '8 Nov|Ask Anything Wednesday - Physics, Astronomy, Earth and Planetary Science\n' +
          '15 Nov|Ask Anything Wednesday - Engineering, Mathematics, Computer science\n' +
          '22 Nov|Ask Anything Wednesday - Biology, Chemistry, Neuroscience, Medicine, Psychology\n' +
          '\r\n' +
          '\r\n' +
          '\r\n' +
          '\r\n' +
          '\r\n' +
          '###Related subreddits\r\n' +
          '\r\n' +
          '* [Click here for a list of related subs!](/r/askscience/wiki/subreddit_links)\r\n' +
          '\r\n' +
          '### Are you a science expert?\r\n' +
          '\r\n' +
          '* **Looking for flair? [Sign up to be a panelist!](https://www.reddit.com/r/askscience/about/sticky)** \r\n' +
          '\r\n' +
          '---\r\n' +
          '[Header Information](http://goo.gl/cRQDGr) \r\n' +
          '\r\n' +
          '* [Switch to dark theme](http://goo.gl/wRzlXr)\r\n' +
          '* [Switch to light theme](http://goo.gl/cYwdsu)\r\n' +
          '\r\n' +
          '[](#/RES_SR_Config/NightModeCompatible)\r\n' +
          '\r\n' +
          '1. For more open-ended questions, try /r/AskScienceDiscussion | [Sign up to be a panelist!](https://www.reddit.com/r/askscience/about/sticky)\r\n' +
          '\r\n' +
          '\r\n' +
          '\r\n' +
          'We make our world significant by the courage of our questions and by the depth of our answers. -Carl Sagan, *Cosmos*',
        is_chat_post_feature_enabled: true,
        submit_link_label: '',
        user_flair_text_color: null,
        restrict_commenting: true,
        user_flair_css_class: null,
        allow_images: true,
        lang: 'en',
        whitelist_status: 'all_ads',
        url: '/r/askscience/',
        created_utc: 1220599964,
        banner_size: null,
        mobile_banner_image: '',
        user_is_moderator: null,
        allow_predictions_tournament: false
      },
      {
        user_flair_background_color: null,
        submit_text_html: '&lt;!-- SC_OFF --&gt;&lt;div class="md"&gt;&lt;p&gt;Skim the &lt;a href="https://www.reddit.com/r/ChemicalEngineering/wiki/faq"&gt;FAQ&lt;/a&gt;. If you don&amp;#39;t see what you&amp;#39;re looking for, then please post.&lt;/p&gt;\n' +
          '\n' +
          '&lt;p&gt;Memes are only allowed on Mondays. &lt;/p&gt;\n' +
          '\n' +
          '&lt;p&gt;The following questions are banned because they can easily be answered with a search through past posts :&lt;/p&gt;\n' +
          '\n' +
          '&lt;ul&gt;\n' +
          '&lt;li&gt;Should I major in ChemE?&lt;/li&gt;\n' +
          '&lt;li&gt;What undergraduate university should I attend?&lt;/li&gt;\n' +
          '&lt;li&gt;I have applied to X # jobs. Please help.&lt;/li&gt;\n' +
          '&lt;/ul&gt;\n' +
          '&lt;/div&gt;&lt;!-- SC_ON --&gt;',
        restrict_posting: true,
        user_is_banned: null,
        free_form_reports: true,
        wiki_enabled: true,
        user_is_muted: null,
        user_can_flair_in_sr: null,
        display_name: 'ChemicalEngineering',
        header_img: null,
        title: 'Chemical Engineering',
        allow_galleries: true,
        icon_size: null,
        primary_color: '#005ba1',
        active_user_count: null,
        icon_img: '',
        display_name_prefixed: 'r/ChemicalEngineering',
        accounts_active: null,
        public_traffic: false,
        subscribers: 87761,
        user_flair_richtext: [],
        videostream_links_count: 0,
        name: 't5_2qwn7',
        quarantine: false,
        hide_ads: false,
        prediction_leaderboard_entry_type: 'SUBREDDIT_HEADER',
        emojis_enabled: true,
        advertiser_category: '',
        public_description: 'All things Chemical Engineering!',
        comment_score_hide_mins: 0,
        allow_predictions: false,
        user_has_favorited: null,
        user_flair_template_id: null,
        community_icon: 'https://styles.redditmedia.com/t5_2qwn7/styles/communityIcon_x1az7iip9ka11.png?width=256&amp;s=38915d0f9998bc8aded37651d31e5e7caa5b5a1d',
        banner_background_image: 'https://styles.redditmedia.com/t5_2qwn7/styles/bannerBackgroundImage_mv48m2hlmav01.png?width=4000&amp;s=c638411b72e8e45ccc55331adac0fe0257ef139d',
        original_content_tag_enabled: false,
        community_reviewed: true,
        submit_text: "Skim the [FAQ](https://www.reddit.com/r/ChemicalEngineering/wiki/faq). If you don't see what you're looking for, then please post.\n" +
          '\n' +
          'Memes are only allowed on Mondays. \n' +
          '\n' +
          'The following questions are banned because they can easily be answered with a search through past posts :\n' +
          '\n' +
          '* Should I major in ChemE?\n' +
          '* What undergraduate university should I attend?\n' +
          '* I have applied to X # jobs. Please help.',
        description_html: '&lt;!-- SC_OFF --&gt;&lt;div class="md"&gt;&lt;hr/&gt;\n' +
          '\n' +
          '&lt;h3&gt;&lt;a href="https://www.reddit.com/r/ChemicalEngineering/wiki/faq"&gt;Frequently Asked Questions&lt;/a&gt;&lt;/h3&gt;\n' +
          '\n' +
          '&lt;p&gt;Want to post?&lt;/p&gt;\n' +
          '\n' +
          '&lt;p&gt;&lt;strong&gt;STOP&lt;/strong&gt;. Skim the &lt;strong&gt;&lt;a href="https://www.reddit.com/r/ChemicalEngineering/wiki/faq"&gt;FAQ&lt;/a&gt;&lt;/strong&gt;, and check the &lt;a href="https://www.reddit.com/r/ChemicalEngineering/about/rules"&gt;Rules&lt;/a&gt;. If you don&amp;#39;t see what you&amp;#39;re looking for, then please post.&lt;/p&gt;\n' +
          '\n' +
          '&lt;p&gt;&lt;strong&gt;This subreddit is primarily for practicing Chemical Engineers to discuss topics related to their discipline and the practice of engineering.&lt;/strong&gt; It is not primarily for coursework or job hunting. &lt;/p&gt;\n' +
          '\n' +
          '&lt;ul&gt;\n' +
          '&lt;li&gt;&lt;p&gt;For student-related questions, visit &lt;a href="/r/EngineeringStudents"&gt;/r/EngineeringStudents&lt;/a&gt;.&lt;/p&gt;&lt;/li&gt;\n' +
          '&lt;li&gt;&lt;p&gt;For job hunting and career advice, use our monthly sticky thread or the biweekly sticky thread on &lt;a href="/r/engineering"&gt;/r/engineering&lt;/a&gt;.&lt;/p&gt;&lt;/li&gt;\n' +
          '&lt;li&gt;&lt;p&gt;Have a more general question? Try &lt;a href="/r/AskEngineers"&gt;/r/AskEngineers&lt;/a&gt; &lt;/p&gt;&lt;/li&gt;\n' +
          '&lt;/ul&gt;\n' +
          '\n' +
          '&lt;p&gt;If your post is not showing up, message the mods. Posts are frequently caught by the spam filter and it may take a few days to notice without contacting one of us.&lt;/p&gt;\n' +
          '\n' +
          '&lt;hr/&gt;\n' +
          '\n' +
          '&lt;p&gt;Check out the official Discord for &lt;a href="/r/ChemicalEngineering"&gt;/r/ChemicalEngineering&lt;/a&gt;:&lt;/p&gt;\n' +
          '\n' +
          '&lt;h3&gt;&lt;a href="https://discord.gg/45VN3bV"&gt;/r/ChemicalEngineering Discord&lt;/a&gt;&lt;/h3&gt;\n' +
          '\n' +
          '&lt;p&gt;Taking the FE? Check out the FE Discord for study tips, advice, and more:&lt;/p&gt;\n' +
          '\n' +
          '&lt;h3&gt;&lt;a href="https://discord.gg/J67ggJQ"&gt;NCEES FE/PE Discord&lt;/a&gt;&lt;/h3&gt;\n' +
          '\n' +
          '&lt;hr/&gt;\n' +
          '\n' +
          '&lt;p&gt;Active Moderators:&lt;/p&gt;\n' +
          '\n' +
          '&lt;p&gt;&lt;a href="/u/jellybean478"&gt;jellybean478&lt;/a&gt;&lt;/p&gt;\n' +
          '\n' +
          '&lt;p&gt;&lt;a href="/u/chemicalsAndControl"&gt;chemicalsAndControl&lt;/a&gt;&lt;/p&gt;\n' +
          '\n' +
          '&lt;p&gt;&lt;a href="/u/chimpfunkz"&gt;chimpfunkz&lt;/a&gt;&lt;/p&gt;\n' +
          '\n' +
          '&lt;p&gt;&lt;a href="/u/MinderBinderCapital"&gt;MinderBinderCapital&lt;/a&gt;&lt;/p&gt;\n' +
          '&lt;/div&gt;&lt;!-- SC_ON --&gt;',
        spoilers_enabled: true,
        comment_contribution_settings: { allowed_media_types: null },
        allow_talks: false,
        header_size: null,
        user_flair_position: 'right',
        all_original_content: false,
        has_menu_widget: false,
        is_enrolled_in_new_modmail: null,
        key_color: '',
        can_assign_user_flair: true,
        created: 1239727643,
        wls: 6,
        show_media_preview: true,
        submission_type: 'any',
        user_is_subscriber: null,
        allowed_media_in_comments: [],
        allow_videogifs: true,
        should_archive_posts: false,
        user_flair_type: 'text',
        allow_polls: true,
        collapse_deleted_comments: true,
        emojis_custom_size: null,
        public_description_html: '&lt;!-- SC_OFF --&gt;&lt;div class="md"&gt;&lt;p&gt;All things Chemical Engineering!&lt;/p&gt;\n' +
          '&lt;/div&gt;&lt;!-- SC_ON --&gt;',
        allow_videos: true,
        is_crosspostable_subreddit: false,
        suggested_comment_sort: null,
        should_show_media_in_comments_setting: true,
        can_assign_link_flair: true,
        accounts_active_is_fuzzed: false,
        allow_prediction_contributors: false,
        submit_text_label: '',
        link_flair_position: 'left',
        user_sr_flair_enabled: null,
        user_flair_enabled_in_sr: false,
        allow_chat_post_creation: false,
        allow_discovery: true,
        accept_followers: true,
        user_sr_theme_enabled: true,
        link_flair_enabled: true,
        disable_contributor_requests: false,
        subreddit_type: 'public',
        notification_level: null,
        banner_img: '',
        user_flair_text: null,
        banner_background_color: '',
        show_media: true,
        id: '2qwn7',
        user_is_contributor: null,
        over18: false,
        header_title: '',
        description: '-----------------\n' +
          '\n' +
          '###[Frequently Asked Questions](https://www.reddit.com/r/ChemicalEngineering/wiki/faq)\n' +
          '\n' +
          'Want to post?\n' +
          '\n' +
          "**STOP**. Skim the **[FAQ](https://www.reddit.com/r/ChemicalEngineering/wiki/faq)**, and check the [Rules](https://www.reddit.com/r/ChemicalEngineering/about/rules). If you don't see what you're looking for, then please post.\n" +
          '\n' +
          '**This subreddit is primarily for practicing Chemical Engineers to discuss topics related to their discipline and the practice of engineering.** It is not primarily for coursework or job hunting. \n' +
          '\n' +
          '* For student-related questions, visit /r/EngineeringStudents.\n' +
          '\n' +
          '* For job hunting and career advice, use our monthly sticky thread or the biweekly sticky thread on /r/engineering.\n' +
          '\n' +
          '* Have a more general question? Try /r/AskEngineers \n' +
          '\n' +
          'If your post is not showing up, message the mods. Posts are frequently caught by the spam filter and it may take a few days to notice without contacting one of us.\n' +
          '\n' +
          '-----------------\n' +
          '\n' +
          'Check out the official Discord for /r/ChemicalEngineering:\n' +
          '\n' +
          '###[/r/ChemicalEngineering Discord](https://discord.gg/45VN3bV)\n' +
          '\n' +
          'Taking the FE? Check out the FE Discord for study tips, advice, and more:\n' +
          '\n' +
          '###[NCEES FE/PE Discord](https://discord.gg/J67ggJQ)\n' +
          '-----------------\n' +
          '\n' +
          'Active Moderators:\n' +
          '\n' +
          '\n' +
          '[jellybean478](/u/jellybean478)\n' +
          '\n' +
          '[chemicalsAndControl](/u/chemicalsAndControl)\n' +
          '\n' +
          '[chimpfunkz](/u/chimpfunkz)\n' +
          '\n' +
          '[MinderBinderCapital](/u/MinderBinderCapital)',
        is_chat_post_feature_enabled: true,
        submit_link_label: '',
        user_flair_text_color: null,
        restrict_commenting: false,
        user_flair_css_class: null,
        allow_images: true,
        lang: 'en',
        whitelist_status: 'all_ads',
        url: '/r/ChemicalEngineering/',
        created_utc: 1239727643,
        banner_size: null,
        mobile_banner_image: '',
        user_is_moderator: null,
        allow_predictions_tournament: false
      },
      {
        user_flair_background_color: null,
        submit_text_html: '&lt;!-- SC_OFF --&gt;&lt;div class="md"&gt;&lt;ul&gt;\n' +
          '&lt;li&gt;&lt;p&gt;&lt;a href="https://uwaterloo.ca/counselling-services/emergency-numbers"&gt;Need help now? List of emergency numbers&lt;/a&gt;&lt;/p&gt;&lt;/li&gt;\n' +
          '&lt;li&gt;&lt;p&gt;Check &lt;a href="http://www.reddit.com/r/uwaterloo/wiki"&gt;the wiki&lt;/a&gt;, or use &lt;a href="/r/uwaterloo/search?q=&amp;amp;restrict_sr=on"&gt;search&lt;/a&gt;&lt;/p&gt;&lt;/li&gt;\n' +
          '&lt;li&gt;&lt;p&gt;&lt;a href="/r/uwaterloo/wiki/admissions"&gt;Admissions FAQ&lt;/a&gt;&lt;/p&gt;&lt;/li&gt;\n' +
          '&lt;li&gt;&lt;p&gt;Academic question? Ask your &lt;a href="http://uwaterloo.ca/registrar/current-students/advisors"&gt;academic advisor&lt;/a&gt;&lt;/p&gt;&lt;/li&gt;\n' +
          '&lt;li&gt;&lt;p&gt;Co-op question? Ask your &lt;a href="https://uwaterloo.ca/co-operative-education/about-co-operative-education/our-advisors"&gt;co-op advisor&lt;/a&gt;&lt;/p&gt;&lt;/li&gt;\n' +
          '&lt;/ul&gt;\n' +
          '&lt;/div&gt;&lt;!-- SC_ON --&gt;',
        restrict_posting: true,
        user_is_banned: null,
        free_form_reports: true,
        wiki_enabled: true,
        user_is_muted: null,
        user_can_flair_in_sr: null,
        display_name: 'uwaterloo',
        header_img: 'https://b.thumbs.redditmedia.com/hyWJ1lnLTEzcMm-wfxQfWyNSOEFXP9wnTzX4Z98fC5A.png',
        title: 'University of Waterloo',
        allow_galleries: true,
        icon_size: [ 256, 256 ],
        primary_color: '#ffd635',
        active_user_count: null,
        icon_img: 'https://b.thumbs.redditmedia.com/-eIrkxt7YIZdnMeshtwiPfH5W5JomtyED-gEQbTXGpg.png',
        display_name_prefixed: 'r/uwaterloo',
        accounts_active: null,
        public_traffic: false,
        subscribers: 93029,
        user_flair_richtext: [],
        name: 't5_2rb5s',
        quarantine: false,
        hide_ads: false,
        prediction_leaderboard_entry_type: 'SUBREDDIT_HEADER',
        emojis_enabled: true,
        advertiser_category: 'College / University',
        public_description: 'Unofficial student and alumni-run subreddit for the University of Waterloo community',
        comment_score_hide_mins: 120,
        allow_predictions: false,
        user_has_favorited: null,
        user_flair_template_id: null,
        community_icon: 'https://styles.redditmedia.com/t5_2rb5s/styles/communityIcon_47185uaj89qb1.png?width=256&amp;s=dd9b750186c327f37e45c8d04f50fb271a7cc089',
        banner_background_image: 'https://styles.redditmedia.com/t5_2rb5s/styles/bannerBackgroundImage_sunb1zn6k79b1.png?width=4000&amp;s=9a2870fef7d2359810ffb5616cc3969fc4b21f0d',
        original_content_tag_enabled: true,
        community_reviewed: true,
        submit_text: '* [Need help now? List of emergency numbers](https://uwaterloo.ca/counselling-services/emergency-numbers)\n' +
          '\n' +
          '* Check [the wiki](http://www.reddit.com/r/uwaterloo/wiki), or use [search](/r/uwaterloo/search?q=&amp;restrict_sr=on)\n' +
          '\n' +
          '* [Admissions FAQ](/r/uwaterloo/wiki/admissions)\n' +
          '\n' +
          '* Academic question? Ask your [academic advisor](http://uwaterloo.ca/registrar/current-students/advisors)\n' +
          '\n' +
          '* Co-op question? Ask your [co-op advisor](https://uwaterloo.ca/co-operative-education/about-co-operative-education/our-advisors)',
        description_html: '&lt;!-- SC_OFF --&gt;&lt;div class="md"&gt;&lt;p&gt;[University of Waterloo] - Not associated with UW administration. A forum for news and discussion relevant to the university.&lt;/p&gt;\n' +
          '\n' +
          '&lt;ul&gt;\n' +
          '&lt;li&gt;&lt;p&gt;&lt;a href="https://uwaterloo.ca/campus-wellness/counselling-services"&gt;UW Counseling Services&lt;/a&gt;&lt;/p&gt;&lt;/li&gt;\n' +
          '&lt;li&gt;&lt;p&gt;&lt;a href="https://www.reddit.com/r/uwaterloo/comments/yhyadl/admissions_high_school_megathread_fall_2023/"&gt;Admissions Megathread&lt;/a&gt;&lt;/p&gt;&lt;/li&gt;\n' +
          '&lt;li&gt;&lt;p&gt;&lt;a href="/r/uwaterloo/wiki/index"&gt;/r/uwaterloo Wiki&lt;/a&gt;&lt;/p&gt;&lt;/li&gt;\n' +
          '&lt;li&gt;&lt;p&gt;&lt;a href="/r/uwaterloo"&gt;View all posts&lt;/a&gt;&lt;/p&gt;&lt;/li&gt;\n' +
          '&lt;li&gt;&lt;p&gt;&lt;a href="http://st.reddit.com/r/uwaterloo/#st"&gt;Hide Shitposts&lt;/a&gt;&lt;/p&gt;&lt;/li&gt;\n' +
          '&lt;li&gt;&lt;p&gt;&lt;a href="https://discord.com/invite/RmcCkPZ"&gt;Discord Server&lt;/a&gt;&lt;/p&gt;&lt;/li&gt;\n' +
          '&lt;/ul&gt;\n' +
          '\n' +
          '&lt;p&gt;&lt;strong&gt;Rules&lt;/strong&gt;&lt;/p&gt;\n' +
          '\n' +
          '&lt;ul&gt;\n' +
          '&lt;li&gt;&lt;p&gt;No personally identifiable information: real names, Facebook profiles, screenshots of private forums (e.g., LEARN)&lt;/p&gt;&lt;/li&gt;\n' +
          '&lt;li&gt;&lt;p&gt;No explicit sharing or insinuation of illegal information and activities, including drug dealing (e.g., asking for dealers or asking for other people to do drugs with).&lt;/p&gt;&lt;/li&gt;\n' +
          '&lt;li&gt;&lt;p&gt;No buy/sell, job/volunteer listings, rent/sublet or other ads allowed.&lt;/p&gt;&lt;/li&gt;\n' +
          '&lt;li&gt;&lt;p&gt;NSFW content, including pornography and gore, are not allowed and will be removed.&lt;/p&gt;&lt;/li&gt;\n' +
          '&lt;li&gt;&lt;p&gt;Posts and comments on this subreddit may be removed at moderator discretion.&lt;/p&gt;&lt;/li&gt;\n' +
          '&lt;li&gt;&lt;p&gt;&lt;a href="/r/uwaterloo/about/rules/"&gt;Full rules&lt;/a&gt;&lt;/p&gt;&lt;/li&gt;\n' +
          '&lt;/ul&gt;\n' +
          '\n' +
          '&lt;p&gt;&lt;strong&gt;Related Subreddits&lt;/strong&gt;&lt;/p&gt;\n' +
          '\n' +
          '&lt;ul&gt;\n' +
          '&lt;li&gt;&lt;p&gt;&lt;a href="/r/uoft"&gt;/r/UofT&lt;/a&gt;&lt;/p&gt;&lt;/li&gt;\n' +
          '&lt;li&gt;&lt;p&gt;&lt;a href="/r/waterloo"&gt;/r/waterloo&lt;/a&gt;&lt;/p&gt;&lt;/li&gt;\n' +
          '&lt;li&gt;&lt;p&gt;&lt;a href="/r/OntarioUniversities"&gt;/r/OntarioUniversities&lt;/a&gt;&lt;/p&gt;&lt;/li&gt;\n' +
          '&lt;li&gt;&lt;p&gt;&lt;a href="/r/cscareerquestions"&gt;/r/cscareerquestions&lt;/a&gt;&lt;/p&gt;&lt;/li&gt;\n' +
          '&lt;li&gt;&lt;p&gt;&lt;a href="/r/uwaterloojerk"&gt;/r/uwaterloojerk&lt;/a&gt; - Take circle jerking here&lt;/p&gt;&lt;/li&gt;\n' +
          '&lt;/ul&gt;\n' +
          '&lt;/div&gt;&lt;!-- SC_ON --&gt;',
        spoilers_enabled: true,
        comment_contribution_settings: { allowed_media_types: [Array] },
        allow_talks: false,
        header_size: [ 120, 40 ],
        user_flair_position: 'right',
        all_original_content: false,
        has_menu_widget: false,
        is_enrolled_in_new_modmail: null,
        key_color: '#222222',
        can_assign_user_flair: true,
        created: 1256751236,
        wls: 6,
        show_media_preview: true,
        submission_type: 'any',
        user_is_subscriber: null,
        allowed_media_in_comments: [ 'expression' ],
        allow_videogifs: true,
        should_archive_posts: false,
        user_flair_type: 'text',
        allow_polls: true,
        collapse_deleted_comments: true,
        emojis_custom_size: null,
        public_description_html: '&lt;!-- SC_OFF --&gt;&lt;div class="md"&gt;&lt;p&gt;Unofficial student and alumni-run subreddit for the University of Waterloo community&lt;/p&gt;\n' +
          '&lt;/div&gt;&lt;!-- SC_ON --&gt;',
        allow_videos: false,
        is_crosspostable_subreddit: false,
        suggested_comment_sort: null,
        should_show_media_in_comments_setting: true,
        can_assign_link_flair: true,
        accounts_active_is_fuzzed: false,
        allow_prediction_contributors: false,
        submit_text_label: '',
        link_flair_position: 'left',
        user_sr_flair_enabled: null,
        user_flair_enabled_in_sr: false,
        allow_chat_post_creation: false,
        allow_discovery: false,
        accept_followers: true,
        user_sr_theme_enabled: true,
        link_flair_enabled: true,
        disable_contributor_requests: true,
        subreddit_type: 'public',
        notification_level: null,
        banner_img: 'https://b.thumbs.redditmedia.com/vccHNT9OA-dNmSc_O-QLkUeWqkf1tc6yBHiwNovk5Kk.png',
        user_flair_text: null,
        banner_background_color: '',
        show_media: false,
        id: '2rb5s',
        user_is_contributor: null,
        over18: false,
        header_title: 'logo by /u/BoAd, banner by /u/alyssnya, 2022 temp banner by /u/IwannaREEEEEEEEEEEEE',
        description: '[University of Waterloo] - Not associated with UW administration. A forum for news and discussion relevant to the university.\n' +
          '\n' +
          '* [UW Counseling Services](https://uwaterloo.ca/campus-wellness/counselling-services)\n' +
          '\n' +
          '* [Admissions Megathread](https://www.reddit.com/r/uwaterloo/comments/yhyadl/admissions_high_school_megathread_fall_2023/)\n' +
          '\n' +
          '* [/r/uwaterloo Wiki](/r/uwaterloo/wiki/index)\n' +
          '\n' +
          '* [View all posts](/r/uwaterloo)\n' +
          '\n' +
          '* [Hide Shitposts](http://st.reddit.com/r/uwaterloo/#st)\n' +
          '\n' +
          '* [Discord Server]( https://discord.com/invite/RmcCkPZ)\n' +
          '\n' +
          '\n' +
          '**Rules**\n' +
          '\n' +
          '* No personally identifiable information: real names, Facebook profiles, screenshots of private forums (e.g., LEARN)\n' +
          '\n' +
          '* No explicit sharing or insinuation of illegal information and activities, including drug dealing (e.g., asking for dealers or asking for other people to do drugs with).\n' +
          '\n' +
          '* No buy/sell, job/volunteer listings, rent/sublet or other ads allowed.\n' +
          '\n' +
          '* NSFW content, including pornography and gore, are not allowed and will be removed.\n' +
          '\n' +
          '* Posts and comments on this subreddit may be removed at moderator discretion.\n' +
          '\n' +
          '* [Full rules](/r/uwaterloo/about/rules/)\n' +
          '\n' +
          '**Related Subreddits**\n' +
          '\n' +
          '* [/r/UofT](/r/uoft)\n' +
          '\n' +
          '* [/r/waterloo](/r/waterloo)\n' +
          '\n' +
          '* [/r/OntarioUniversities](/r/OntarioUniversities)\n' +
          '\n' +
          '* [/r/cscareerquestions](/r/cscareerquestions)\n' +
          '\n' +
          '* [/r/uwaterloojerk](/r/uwaterloojerk) - Take circle jerking here',
        is_chat_post_feature_enabled: true,
        submit_link_label: '',
        user_flair_text_color: null,
        restrict_commenting: false,
        user_flair_css_class: null,
        allow_images: true,
        lang: 'en',
        whitelist_status: 'all_ads',
        url: '/r/uwaterloo/',
        created_utc: 1256751236,
        banner_size: [ 1280, 384 ],
        mobile_banner_image: 'https://styles.redditmedia.com/t5_2rb5s/styles/mobileBannerImage_p2s26h9oltia1.png',
        user_is_moderator: null,
        allow_predictions_tournament: false
      },
      {
        user_flair_background_color: null,
        submit_text_html: null,
        restrict_posting: true,
        user_is_banned: null,
        free_form_reports: true,
        wiki_enabled: false,
        user_is_muted: null,
        user_can_flair_in_sr: null,
        display_name: 'MET',
        header_img: null,
        title: 'Mechanical Engineering technology community',
        allow_galleries: true,
        icon_size: null,
        primary_color: '',
        active_user_count: null,
        icon_img: '',
        display_name_prefixed: 'r/MET',
        accounts_active: null,
        public_traffic: false,
        subscribers: 682,
        user_flair_richtext: [],
        videostream_links_count: 0,
        name: 't5_2vsnc',
        quarantine: false,
        hide_ads: false,
        prediction_leaderboard_entry_type: 'IN_FEED',
        emojis_enabled: false,
        advertiser_category: '',
        public_description: 'A community for mechanical engineering students or anyone interested in the field. The goal is for people to be able to post questions and get answers. ',
        comment_score_hide_mins: 0,
        allow_predictions: false,
        user_has_favorited: null,
        user_flair_template_id: null,
        community_icon: '',
        banner_background_image: '',
        original_content_tag_enabled: false,
        community_reviewed: false,
        submit_text: '',
        description_html: '&lt;!-- SC_OFF --&gt;&lt;div class="md"&gt;&lt;p&gt;Post questions that you have or really anything engineering related. &lt;/p&gt;\n' +
          '&lt;/div&gt;&lt;!-- SC_ON --&gt;',
        spoilers_enabled: true,
        comment_contribution_settings: {},
        allow_talks: false,
        header_size: null,
        user_flair_position: 'right',
        all_original_content: false,
        has_menu_widget: false,
        is_enrolled_in_new_modmail: null,
        key_color: '',
        can_assign_user_flair: false,
        created: 1355514084,
        wls: null,
        show_media_preview: true,
        submission_type: 'any',
        user_is_subscriber: null,
        allowed_media_in_comments: [],
        allow_videogifs: true,
        should_archive_posts: false,
        user_flair_type: 'text',
        allow_polls: true,
        collapse_deleted_comments: false,
        emojis_custom_size: null,
        public_description_html: '&lt;!-- SC_OFF --&gt;&lt;div class="md"&gt;&lt;p&gt;A community for mechanical engineering students or anyone interested in the field. The goal is for people to be able to post questions and get answers. &lt;/p&gt;\n' +
          '&lt;/div&gt;&lt;!-- SC_ON --&gt;',
        allow_videos: true,
        is_crosspostable_subreddit: false,
        suggested_comment_sort: null,
        should_show_media_in_comments_setting: true,
        can_assign_link_flair: false,
        accounts_active_is_fuzzed: false,
        allow_prediction_contributors: false,
        submit_text_label: '',
        link_flair_position: '',
        user_sr_flair_enabled: null,
        user_flair_enabled_in_sr: false,
        allow_chat_post_creation: false,
        allow_discovery: true,
        accept_followers: true,
        user_sr_theme_enabled: true,
        link_flair_enabled: false,
        disable_contributor_requests: false,
        subreddit_type: 'restricted',
        notification_level: null,
        banner_img: '',
        user_flair_text: null,
        banner_background_color: '',
        show_media: false,
        id: '2vsnc',
        user_is_contributor: null,
        over18: false,
        header_title: '',
        description: 'Post questions that you have or really anything engineering related. ',
        is_chat_post_feature_enabled: true,
        submit_link_label: '',
        user_flair_text_color: null,
        restrict_commenting: false,
        user_flair_css_class: null,
        allow_images: true,
        lang: 'en',
        whitelist_status: null,
        url: '/r/MET/',
        created_utc: 1355514084,
        banner_size: null,
        mobile_banner_image: '',
        user_is_moderator: null,
        allow_predictions_tournament: false
      },
      {
        user_flair_background_color: null,
        submit_text_html: null,
        restrict_posting: true,
        user_is_banned: null,
        free_form_reports: true,
        wiki_enabled: false,
        user_is_muted: null,
        user_can_flair_in_sr: null,
        display_name: 'mepe',
        header_img: null,
        title: 'Professional Engineering License - Mechanical Engineering',
        allow_galleries: true,
        icon_size: null,
        primary_color: '',
        active_user_count: null,
        icon_img: '',
        display_name_prefixed: 'r/mepe',
        accounts_active: null,
        public_traffic: false,
        subscribers: 28,
        user_flair_richtext: [],
        videostream_links_count: 0,
        name: 't5_2ryh6',
        quarantine: false,
        hide_ads: false,
        prediction_leaderboard_entry_type: 'IN_FEED',
        emojis_enabled: false,
        advertiser_category: '',
        public_description: 'I set this up some time ago as a place to log submissions for the PE exam.\n' +
          ' \n' +
          'Giving this to r/engineering before leaving as a mod.',
        comment_score_hide_mins: 0,
        allow_predictions: false,
        user_has_favorited: null,
        user_flair_template_id: null,
        community_icon: '',
        banner_background_image: '',
        original_content_tag_enabled: false,
        community_reviewed: false,
        submit_text: '',
        description_html: '&lt;!-- SC_OFF --&gt;&lt;div class="md"&gt;&lt;p&gt;I set this up some time ago as a place to log submissions for the PE exam.&lt;/p&gt;\n' +
          '\n' +
          '&lt;p&gt;Giving this to &lt;a href="/r/engineering"&gt;r/engineering&lt;/a&gt; before leaving as a mod.&lt;/p&gt;\n' +
          '&lt;/div&gt;&lt;!-- SC_ON --&gt;',
        spoilers_enabled: true,
        comment_contribution_settings: {},
        allow_talks: false,
        header_size: null,
        user_flair_position: 'right',
        all_original_content: false,
        has_menu_widget: false,
        is_enrolled_in_new_modmail: null,
        key_color: '',
        can_assign_user_flair: false,
        created: 1279847101,
        wls: null,
        show_media_preview: true,
        submission_type: 'any',
        user_is_subscriber: null,
        allowed_media_in_comments: [],
        allow_videogifs: true,
        should_archive_posts: false,
        user_flair_type: 'text',
        allow_polls: true,
        collapse_deleted_comments: false,
        emojis_custom_size: null,
        public_description_html: '&lt;!-- SC_OFF --&gt;&lt;div class="md"&gt;&lt;p&gt;I set this up some time ago as a place to log submissions for the PE exam.&lt;/p&gt;\n' +
          '\n' +
          '&lt;p&gt;Giving this to &lt;a href="/r/engineering"&gt;r/engineering&lt;/a&gt; before leaving as a mod.&lt;/p&gt;\n' +
          '&lt;/div&gt;&lt;!-- SC_ON --&gt;',
        allow_videos: true,
        is_crosspostable_subreddit: false,
        suggested_comment_sort: null,
        should_show_media_in_comments_setting: true,
        can_assign_link_flair: false,
        accounts_active_is_fuzzed: false,
        allow_prediction_contributors: false,
        submit_text_label: '',
        link_flair_position: '',
        user_sr_flair_enabled: null,
        user_flair_enabled_in_sr: false,
        allow_chat_post_creation: false,
        allow_discovery: true,
        accept_followers: true,
        user_sr_theme_enabled: true,
        link_flair_enabled: false,
        disable_contributor_requests: false,
        subreddit_type: 'restricted',
        notification_level: null,
        banner_img: '',
        user_flair_text: null,
        banner_background_color: '',
        show_media: true,
        id: '2ryh6',
        user_is_contributor: null,
        over18: false,
        header_title: '',
        description: 'I set this up some time ago as a place to log submissions for the PE exam.\n' +
          '  \n' +
          'Giving this to r/engineering before leaving as a mod.',
        is_chat_post_feature_enabled: true,
        submit_link_label: '',
        user_flair_text_color: null,
        restrict_commenting: false,
        user_flair_css_class: null,
        allow_images: true,
        lang: 'en',
        whitelist_status: null,
        url: '/r/mepe/',
        created_utc: 1279847101,
        banner_size: null,
        mobile_banner_image: '',
        user_is_moderator: null,
        allow_predictions_tournament: false
      },
      {
        user_flair_background_color: null,
        submit_text_html: null,
        restrict_posting: true,
        user_is_banned: null,
        free_form_reports: true,
        wiki_enabled: true,
        user_is_muted: null,
        user_can_flair_in_sr: null,
        display_name: '6thForm',
        header_img: null,
        title: 'The Home of Sixth Form and A-Levels',
        allow_galleries: true,
        icon_size: null,
        primary_color: '#bbbdbf',
        active_user_count: null,
        icon_img: '',
        display_name_prefixed: 'r/6thForm',
        accounts_active: null,
        public_traffic: false,
        subscribers: 96783,
        user_flair_richtext: [],
        videostream_links_count: 1,
        name: 't5_2ybtn',
        quarantine: false,
        hide_ads: false,
        prediction_leaderboard_entry_type: 'SUBREDDIT_HEADER',
        emojis_enabled: true,
        advertiser_category: '',
        public_description: 'A place for sixth formers to speak to others about work, A-levels, results, problems in education and general sixth form life, as well as university applications and UCAS.',
        comment_score_hide_mins: 15,
        allow_predictions: false,
        user_has_favorited: null,
        user_flair_template_id: null,
        community_icon: 'https://styles.redditmedia.com/t5_2ybtn/styles/communityIcon_wb6m0g3svrp31.png?width=256&amp;s=ad6640d405cf1e303d6af5057eda5b0370f93bcb',
        banner_background_image: 'https://styles.redditmedia.com/t5_2ybtn/styles/bannerBackgroundImage_m67hlpqcqcc21.jpg?width=4000&amp;s=c160946905ac20b5c6e118cf37f238ab1c4eed62',
        original_content_tag_enabled: false,
        community_reviewed: true,
        submit_text: '',
        description_html: '&lt;!-- SC_OFF --&gt;&lt;div class="md"&gt;&lt;p&gt;A place for sixth formers to speak and discuss with others about work, A levels, results, personal issues and college life in general. &lt;/p&gt;\n' +
          '\n' +
          '&lt;h3&gt;&lt;a href="https://www.reddit.com/r/6thForm/search?q=NOT+flair%3Ameme&amp;amp;sort=new&amp;amp;restrict_sr=on&amp;amp;t=all"&gt;Filter Out Memes&lt;/a&gt;&lt;/h3&gt;\n' +
          '\n' +
          '&lt;h3&gt;&lt;a href="https://discord.gg/6thform"&gt;Subreddit Discord - now partnered!&lt;/a&gt;&lt;/h3&gt;\n' +
          '\n' +
          '&lt;h3&gt;&lt;a href="https://www.reddit.com/r/6thForm/about/rules"&gt;Subreddit Rules&lt;/a&gt;&lt;/h3&gt;\n' +
          '\n' +
          '&lt;h3&gt;&lt;a href="https://www.reddit.com/r/6thForm/wiki/safeguarding"&gt;Safeguarding Statement&lt;/a&gt;&lt;/h3&gt;\n' +
          '\n' +
          '&lt;h3&gt;&lt;a href="https://www.reddit.com/message/compose?to=%2Fr%2F6thForm&amp;amp;subject=%5BSuggestion%5D%20%5BComplaint%5D%20Title&amp;amp;message=%7E%7E%20*%20Please%20change%20the%20title%20as%20applicable%20*%20%7E%7E%0A%0A**Reason%20for%20message%3A**%0A%0APlease%20write%20your%20message%20here%20and%20we%27ll%20get%20back%20to%20you!"&gt;Message the Moderators&lt;/a&gt;&lt;/h3&gt;\n' +
          '\n' +
          '&lt;p&gt;&lt;strong&gt;&lt;a href="https://www.reddit.com/help/contentpolicy/"&gt;Reddit-wide rules are visible here&lt;/a&gt;&lt;/strong&gt; - rule breakages &lt;strong&gt;will&lt;/strong&gt; result in bans.&lt;/p&gt;\n' +
          '\n' +
          '&lt;p&gt;&amp;nbsp;&lt;/p&gt;\n' +
          '\n' +
          '&lt;p&gt;&lt;strong&gt;&lt;em&gt;Useful Posts:&lt;/em&gt;&lt;/strong&gt;&lt;/p&gt;\n' +
          '\n' +
          '&lt;p&gt;&lt;a href="https://www.reddit.com/r/6thForm/comments/3gtw3k/paul_from_which_university_here_with_some_advice/"&gt;&lt;strong&gt;AMA with Paul from Which? University&lt;/strong&gt;&lt;/a&gt;&lt;/p&gt;\n' +
          '\n' +
          '&lt;p&gt;&lt;a href="http://www.reddit.com/r/6thForm/comments/1l8143/ucas_points_tariff/"&gt;&lt;strong&gt;UCAS Points Tariff Explained&lt;/strong&gt;&lt;/a&gt;&lt;/p&gt;\n' +
          '\n' +
          '&lt;p&gt;&amp;nbsp;&lt;/p&gt;\n' +
          '\n' +
          '&lt;p&gt;&lt;strong&gt;&lt;em&gt;Useful Websites:&lt;/em&gt;&lt;/strong&gt;&lt;/p&gt;\n' +
          '\n' +
          '&lt;p&gt;&lt;a href="http://physicsandmathstutor.com/"&gt;&lt;strong&gt;Physics and Maths Tutor&lt;/strong&gt;&lt;/a&gt; - A free website that is useful for &lt;em&gt;far more&lt;/em&gt; than just Physics and Maths, with support materials available to download for subjects from Maths all the way through Geography.&lt;/p&gt;\n' +
          '\n' +
          '&lt;p&gt;&lt;a href="https://www.khanacademy.org/"&gt;&lt;strong&gt;Khan Academy&lt;/strong&gt;&lt;/a&gt; - A free website dedicated to teaching people worldwide through intuitive videos and tests. &lt;/p&gt;\n' +
          '\n' +
          '&lt;p&gt;&lt;a href="http://www.thestudentroom.co.uk/forumdisplay.php?f=80&amp;amp;utm_source=TSR&amp;amp;utm_medium=explorebutton&amp;amp;utm_campaign=Alevels"&gt;&lt;strong&gt;The Student Room&lt;/strong&gt;&lt;/a&gt; - A free website that&amp;#39;s full of students and tutors to discuss work with - with free revision resources&lt;/p&gt;\n' +
          '\n' +
          '&lt;p&gt;&lt;a href="http://getrevising.co.uk/"&gt;&lt;strong&gt;Get Revising&lt;/strong&gt;&lt;/a&gt; - A free website full of revision resources posted by students and teachers. Create a revision timetable and get revising!&lt;/p&gt;\n' +
          '\n' +
          '&lt;p&gt;&lt;a href="http://www.s-cool.co.uk/"&gt;&lt;strong&gt;S-cool&lt;/strong&gt;&lt;/a&gt; - A helpful revision website with a wealth subject-specific revision pages.&lt;/p&gt;\n' +
          '\n' +
          '&lt;p&gt;&lt;a href="http://www.examsolutions.net/"&gt;&lt;strong&gt;Exam Solutions&lt;/strong&gt;&lt;/a&gt; - A website offering help and revision specifically for Maths A-Level.&lt;/p&gt;\n' +
          '\n' +
          '&lt;p&gt;&amp;nbsp;&lt;/p&gt;\n' +
          '\n' +
          '&lt;p&gt;&lt;strong&gt;&lt;em&gt;Need help with GCSEs? Check out &lt;a href="http://www.reddit.com/r/GCSE/"&gt;/r/GCSE&lt;/a&gt;!&lt;/em&gt;&lt;/strong&gt;&lt;/p&gt;\n' +
          '\n' +
          '&lt;p&gt;&lt;strong&gt;&lt;em&gt;Off to uni? Make sure to look at &lt;a href="/r/UniUK"&gt;/r/UniUK&lt;/a&gt;!&lt;/em&gt;&lt;/strong&gt;&lt;/p&gt;\n' +
          '&lt;/div&gt;&lt;!-- SC_ON --&gt;',
        spoilers_enabled: true,
        comment_contribution_settings: { allowed_media_types: [Array] },
        allow_talks: false,
        header_size: null,
        user_flair_position: 'right',
        all_original_content: false,
        has_menu_widget: false,
        is_enrolled_in_new_modmail: null,
        key_color: '#0079d3',
        can_assign_user_flair: true,
        created: 1377606003,
        wls: 6,
        show_media_preview: true,
        submission_type: 'any',
        user_is_subscriber: null,
        allowed_media_in_comments: [ 'giphy', 'static', 'animated', 'expression' ],
        allow_videogifs: true,
        should_archive_posts: true,
        user_flair_type: 'text',
        allow_polls: true,
        collapse_deleted_comments: true,
        emojis_custom_size: null,
        public_description_html: '&lt;!-- SC_OFF --&gt;&lt;div class="md"&gt;&lt;p&gt;A place for sixth formers to speak to others about work, A-levels, results, problems in education and general sixth form life, as well as university applications and UCAS.&lt;/p&gt;\n' +
          '&lt;/div&gt;&lt;!-- SC_ON --&gt;',
        allow_videos: true,
        is_crosspostable_subreddit: false,
        suggested_comment_sort: null,
        should_show_media_in_comments_setting: true,
        can_assign_link_flair: true,
        accounts_active_is_fuzzed: false,
        allow_prediction_contributors: false,
        submit_text_label: '',
        link_flair_position: 'left',
        user_sr_flair_enabled: null,
        user_flair_enabled_in_sr: false,
        allow_chat_post_creation: false,
        allow_discovery: true,
        accept_followers: true,
        user_sr_theme_enabled: true,
        link_flair_enabled: true,
        disable_contributor_requests: false,
        subreddit_type: 'public',
        notification_level: null,
        banner_img: '',
        user_flair_text: null,
        banner_background_color: '#0dd3bb',
        show_media: true,
        id: '2ybtn',
        user_is_contributor: null,
        over18: false,
        header_title: 'Hello there 0.o',
        description: 'A place for sixth formers to speak and discuss with others about work, A levels, results, personal issues and college life in general. \n' +
          '\n' +
          '###[Filter Out Memes](https://www.reddit.com/r/6thForm/search?q=NOT+flair%3Ameme&amp;sort=new&amp;restrict_sr=on&amp;t=all)\n' +
          '\n' +
          '###[Subreddit Discord - now partnered!](https://discord.gg/6thform)\n' +
          '\n' +
          '###[Subreddit Rules](https://www.reddit.com/r/6thForm/about/rules)\n' +
          '\n' +
          '###[Safeguarding Statement](https://www.reddit.com/r/6thForm/wiki/safeguarding)\n' +
          '\n' +
          '###[Message the Moderators](https://www.reddit.com/message/compose?to=%2Fr%2F6thForm&amp;subject=%5BSuggestion%5D%20%5BComplaint%5D%20Title&amp;message=~~%20*%20Please%20change%20the%20title%20as%20applicable%20*%20~~%0A%0A**Reason%20for%20message%3A**%0A%0APlease%20write%20your%20message%20here%20and%20we%27ll%20get%20back%20to%20you!)\n' +
          '\n' +
          '**[Reddit-wide rules are visible here] (https://www.reddit.com/help/contentpolicy/)** - rule breakages **will** result in bans.\n' +
          '\n' +
          '\n' +
          '&amp;nbsp;\n' +
          '\n' +
          '\n' +
          '***Useful Posts:***\n' +
          '\n' +
          '[**AMA with Paul from Which? University**](https://www.reddit.com/r/6thForm/comments/3gtw3k/paul_from_which_university_here_with_some_advice/)\n' +
          '\n' +
          '[**UCAS Points Tariff Explained**](http://www.reddit.com/r/6thForm/comments/1l8143/ucas_points_tariff/)\n' +
          '\n' +
          '\n' +
          '&amp;nbsp;\n' +
          '\n' +
          '\n' +
          '***Useful Websites:***\n' +
          '\n' +
          '[**Physics and Maths Tutor**](http://physicsandmathstutor.com/) - A free website that is useful for _far more_ than just Physics and Maths, with support materials available to download for subjects from Maths all the way through Geography.\n' +
          '\n' +
          '[**Khan Academy**](https://www.khanacademy.org/) - A free website dedicated to teaching people worldwide through intuitive videos and tests. \n' +
          '\n' +
          "[**The Student Room**](http://www.thestudentroom.co.uk/forumdisplay.php?f=80&amp;utm_source=TSR&amp;utm_medium=explorebutton&amp;utm_campaign=Alevels) - A free website that's full of students and tutors to discuss work with - with free revision resources\n" +
          '\n' +
          '[**Get Revising**](http://getrevising.co.uk/) - A free website full of revision resources posted by students and teachers. Create a revision timetable and get revising!\n' +
          '\n' +
          '[**S-cool**](http://www.s-cool.co.uk/) - A helpful revision website with a wealth subject-specific revision pages.\n' +
          '\n' +
          '[**Exam Solutions**](http://www.examsolutions.net/) - A website offering help and revision specifically for Maths A-Level.\n' +
          '\n' +
          '\n' +
          '&amp;nbsp;\n' +
          '\n' +
          '\n' +
          '***Need help with GCSEs? Check out [/r/GCSE](http://www.reddit.com/r/GCSE/)!***\n' +
          '\n' +
          '***Off to uni? Make sure to look at /r/UniUK!***',
        is_chat_post_feature_enabled: true,
        submit_link_label: '',
        user_flair_text_color: null,
        restrict_commenting: false,
        user_flair_css_class: null,
        allow_images: true,
        lang: 'en',
        whitelist_status: 'all_ads',
        url: '/r/6thForm/',
        created_utc: 1377606003,
        banner_size: null,
        mobile_banner_image: '',
        user_is_moderator: null,
        allow_predictions_tournament: false
      },
      {
        user_flair_background_color: null,
        submit_text_html: '&lt;!-- SC_OFF --&gt;&lt;div class="md"&gt;&lt;blockquote&gt;\n' +
          '&lt;ul&gt;\n' +
          '&lt;li&gt;Please read the full rules, found &lt;a href="https://www.reddit.com/r/ApplyingToCollege/wiki/rules"&gt;here&lt;/a&gt;, before posting.&lt;/li&gt;\n' +
          '&lt;/ul&gt;\n' +
          '&lt;/blockquote&gt;\n' +
          '&lt;/div&gt;&lt;!-- SC_ON --&gt;',
        restrict_posting: true,
        user_is_banned: null,
        free_form_reports: false,
        wiki_enabled: true,
        user_is_muted: null,
        user_can_flair_in_sr: null,
        display_name: 'ApplyingToCollege',
        header_img: null,
        title: 'ApplyingToCollege',
        allow_galleries: true,
        icon_size: null,
        primary_color: '#ba2776',
        active_user_count: null,
        icon_img: '',
        display_name_prefixed: 'r/ApplyingToCollege',
        accounts_active: null,
        public_traffic: false,
        subscribers: 1052408,
        user_flair_richtext: [],
        name: 't5_2y2r8',
        quarantine: false,
        hide_ads: false,
        prediction_leaderboard_entry_type: 'SUBREDDIT_HEADER',
        emojis_enabled: true,
        advertiser_category: '',
        public_description: 'r/ApplyingToCollege is the premier forum for college admissions questions, advice, and discussions, from college essays and scholarships to SAT/ACT test prep, career guidance, and more.',
        comment_score_hide_mins: 60,
        allow_predictions: false,
        user_has_favorited: null,
        user_flair_template_id: null,
        community_icon: 'https://styles.redditmedia.com/t5_2y2r8/styles/communityIcon_tn32r59q88ob1.png?width=256&amp;s=ca075a02ab1ccbe9a21f343d061e08934e769d9d',
        banner_background_image: 'https://styles.redditmedia.com/t5_2y2r8/styles/bannerBackgroundImage_s45e2t1w88ob1.png?width=4000&amp;s=be5000db9ff2249ebd311efd5e02d1ca5922402c',
        original_content_tag_enabled: false,
        community_reviewed: true,
        submit_text: '&gt; * Please read the full rules, found [here](https://www.reddit.com/r/ApplyingToCollege/wiki/rules), before posting.',
        description_html: '&lt;!-- SC_OFF --&gt;&lt;div class="md"&gt;&lt;h4&gt;&lt;a href="/r/ApplyingToCollege"&gt;/r/ApplyingToCollege&lt;/a&gt; is the premier forum for college admissions questions, advice, and discussions, from college essays and scholarships to SAT/ACT test prep, career guidance, and more.&lt;/h4&gt;\n' +
          '\n' +
          '&lt;h3&gt;&lt;a href="#Yellow"&gt;&lt;/a&gt;&lt;/h3&gt;\n' +
          '\n' +
          '&lt;blockquote&gt;\n' +
          '&lt;h1&gt;Discord&lt;/h1&gt;\n' +
          '\n' +
          '&lt;p&gt;&lt;a href="https://discord.gg/a2c"&gt;&lt;strong&gt;A2C Discord&lt;/strong&gt;&lt;/a&gt;  &lt;/p&gt;\n' +
          '&lt;/blockquote&gt;\n' +
          '\n' +
          '&lt;h6&gt;&lt;a href="#Gray"&gt;&lt;/a&gt;&lt;/h6&gt;\n' +
          '\n' +
          '&lt;blockquote&gt;\n' +
          '&lt;h1&gt;Filter Posts by:&lt;/h1&gt;\n' +
          '\n' +
          '&lt;p&gt;&lt;a href="https://new.reddit.com/r/ApplyingToCollege/?f=flair_name%3A%22Best%20of%20A2C%22"&gt;&lt;strong&gt;Best of A2C&lt;/strong&gt;&lt;/a&gt;&lt;br/&gt;\n' +
          '&lt;a href="https://new.reddit.com/r/ApplyingToCollege/?f=flair_name%3A%22AMA%22"&gt;AMAs&lt;/a&gt;&lt;br/&gt;\n' +
          '&lt;a href="https://new.reddit.com/r/ApplyingToCollege/?f=flair_name%3A%22Interviews%22"&gt;Interviews&lt;/a&gt;\n' +
          '&lt;a href="https://new.reddit.com/r/ApplyingToCollege/?f=flair_name%3A%22Rec%20Letters%22"&gt;Rec Letters&lt;/a&gt;&lt;br/&gt;\n' +
          '&lt;a href="https://new.reddit.com/r/ApplyingToCollege/?f=flair_name%3A%22Essays%22"&gt;Essays&lt;/a&gt;&lt;br/&gt;\n' +
          '&lt;a href="https://new.reddit.com/r/ApplyingToCollege/?f=flair_name%3A%22Financial%20Aid%22"&gt;Financial Aid&lt;/a&gt;  &lt;/p&gt;\n' +
          '&lt;/blockquote&gt;\n' +
          '\n' +
          '&lt;h1&gt;&lt;a href="#Green"&gt;&lt;/a&gt;&lt;/h1&gt;\n' +
          '\n' +
          '&lt;blockquote&gt;\n' +
          '&lt;h1&gt;Rules for Participating&lt;/h1&gt;\n' +
          '\n' +
          '&lt;p&gt;(1) &lt;strong&gt;Be nice&lt;/strong&gt;! A2C supports a welcoming and inclusive environment. Harassment, intimidation, and bullying are not tolerated. Vulgar, derogatory, disrespectful speech is not permitted. This includes, but is not limited to, racism, homophobia, transphobia, and bigotry or discrimination of any kind, overt or subtle.\n' +
          '&lt;a href="https://www.reddit.com/r/blog/comments/1ytp7q/remember_the_human/"&gt;Remember the human&lt;/a&gt; and follow the &lt;a href="https://www.reddithelp.com/en/categories/reddit-101/reddit-basics/reddiquette"&gt;reddiquette&lt;/a&gt;.&lt;/p&gt;\n' +
          '\n' +
          '&lt;p&gt;(2) &lt;strong&gt;Admissions-related discussion&lt;/strong&gt;. We love to see posts asking questions or creating discussion about all facets of postsecondary (undergraduate) education around the world. If you’re doing this, you should be ok! You are welcome here; this subreddit is not just for highly selective colleges.&lt;/p&gt;\n' +
          '\n' +
          '&lt;p&gt;(3) Spam and solicitations are not permitted on &lt;a href="/r/ApplyingToCollege"&gt;r/ApplyingToCollege&lt;/a&gt;. This includes surveys and polls, YouTube videos, chat links, and offering services of any kind. For more information on what is not permitted, please click &lt;a href="https://www.reddit.com/r/applyingtocollege/wiki/rules"&gt;here&lt;/a&gt;.&lt;/p&gt;\n' +
          '\n' +
          '&lt;p&gt;(4) Chance-me posts, where you provide your information and list of schools and ask about your chances of admission at those schools, are prohibited.&lt;/p&gt;\n' +
          '\n' +
          '&lt;p&gt;(5) AMA posts on &lt;a href="/r/ApplyingToCollege"&gt;r/ApplyingToCollege&lt;/a&gt; are subject to regulation. For more information about the requirements to host an AMA, please &lt;a href="https://www.reddit.com/r/applyingtocollege/wiki/rules"&gt;click here&lt;/a&gt;.&lt;/p&gt;\n' +
          '\n' +
          '&lt;p&gt;(6) Posts and comments dedicated to Affirmative Action will be removed. For more information, please click &lt;a href="https://www.reddit.com/r/applyingtocollege/wiki/rules"&gt;here&lt;/a&gt;.&lt;/p&gt;\n' +
          '\n' +
          '&lt;p&gt;(7) &lt;strong&gt;Do not post sensitive or unethical information&lt;/strong&gt;. This includes essays, personally-identifiable information, or questions about lying/cheating the process.&lt;/p&gt;\n' +
          '\n' +
          '&lt;p&gt;(8) All tongue-in-cheek, fluff, and generic shitposting must be reserved for Shitpost Wednesday. Wednesday is defined in US Eastern Time.&lt;/p&gt;\n' +
          '\n' +
          '&lt;p&gt;(9) &lt;strong&gt;Other posts and comments may be removed at moderator discretion&lt;/strong&gt;. For a complete listing of our subreddit&amp;#39;s rules, please click &lt;a href="https://www.reddit.com/r/applyingtocollege/wiki/rules"&gt;here&lt;/a&gt;&lt;/p&gt;\n' +
          '&lt;/blockquote&gt;\n' +
          '\n' +
          '&lt;h3&gt;&lt;a href="#Yellow"&gt;&lt;/a&gt;&lt;/h3&gt;\n' +
          '\n' +
          '&lt;blockquote&gt;\n' +
          '&lt;h1&gt;Admissions Resources&lt;/h1&gt;\n' +
          '\n' +
          '&lt;p&gt;&lt;a href="https://old.reddit.com/r/ApplyingToCollege/wiki/index"&gt;Wiki&lt;/a&gt;&lt;/p&gt;\n' +
          '\n' +
          '&lt;p&gt;&lt;a href="https://applyingto.college"&gt;Decision Calendar&lt;/a&gt;&lt;/p&gt;\n' +
          '\n' +
          '&lt;p&gt;&lt;a href="https://old.reddit.com/r/ApplyingToCollege/wiki/faq"&gt;FAQ&lt;/a&gt;&lt;/p&gt;\n' +
          '\n' +
          '&lt;p&gt;&lt;a href="https://old.reddit.com/r/ApplyingToCollege/wiki/index#wiki_amas"&gt;AMAs&lt;/a&gt;&lt;/p&gt;\n' +
          '&lt;/blockquote&gt;\n' +
          '\n' +
          '&lt;h4&gt;&lt;a href="#blue"&gt;&lt;/a&gt;&lt;/h4&gt;\n' +
          '\n' +
          '&lt;blockquote&gt;\n' +
          '&lt;h1&gt;Related Subreddits&lt;/h1&gt;\n' +
          '\n' +
          '&lt;p&gt;&lt;a href="/r/ACT"&gt;/r/ACT&lt;/a&gt;&lt;/p&gt;\n' +
          '\n' +
          '&lt;p&gt;&lt;a href="/r/SAT"&gt;/r/SAT&lt;/a&gt;&lt;/p&gt;\n' +
          '\n' +
          '&lt;p&gt;&lt;a href="/r/psat"&gt;/r/psat&lt;/a&gt;&lt;/p&gt;\n' +
          '\n' +
          '&lt;p&gt;&lt;a href="/r/ReverseChanceMe"&gt;/r/ReverseChanceMe&lt;/a&gt; &lt;/p&gt;\n' +
          '\n' +
          '&lt;p&gt;&lt;a href="/r/collegeresults"&gt;/r/collegeresults&lt;/a&gt;&lt;/p&gt;\n' +
          '\n' +
          '&lt;p&gt;&lt;a href="/r/CollegeEssays"&gt;/r/CollegeEssays&lt;/a&gt;&lt;/p&gt;\n' +
          '\n' +
          '&lt;p&gt;&lt;a href="/r/college"&gt;/r/college&lt;/a&gt;&lt;/p&gt;\n' +
          '\n' +
          '&lt;p&gt;&lt;a href="/r/GradSchool"&gt;/r/GradSchool&lt;/a&gt;&lt;/p&gt;\n' +
          '\n' +
          '&lt;p&gt;&lt;a href="/r/GradAdmissions"&gt;/r/GradAdmissions&lt;/a&gt;&lt;/p&gt;\n' +
          '\n' +
          '&lt;p&gt;&lt;a href="/r/IntltoUSA"&gt;/r/IntltoUSA&lt;/a&gt;&lt;/p&gt;\n' +
          '&lt;/blockquote&gt;\n' +
          '\n' +
          '&lt;h6&gt;&lt;a href="#Gray"&gt;&lt;/a&gt;&lt;/h6&gt;\n' +
          '\n' +
          '&lt;blockquote&gt;\n' +
          '&lt;h1&gt;More&lt;/h1&gt;\n' +
          '\n' +
          '&lt;p&gt;If you&amp;#39;re an admissions officer, please &lt;a href="https://www.reddit.com/message/compose?to=%2Fr%2FApplyingToCollege&amp;amp;subject=Special%20Flair%20Request"&gt;send us a message&lt;/a&gt; to request verification or if you have any questions about participation in &lt;a href="/r/ApplyingToCollege"&gt;/r/ApplyingToCollege&lt;/a&gt;.&lt;/p&gt;\n' +
          '\n' +
          '&lt;p&gt;If you&amp;#39;re a member of the media, please &lt;a href="https://www.reddit.com/message/compose?to=%2Fr%2FApplyingToCollege&amp;amp;subject=Media%20Inquiry"&gt;send us a message&lt;/a&gt; to request approval prior to posting or if you have any questions about participation in &lt;a href="/r/ApplyingToCollege"&gt;/r/ApplyingToCollege&lt;/a&gt;.&lt;/p&gt;\n' +
          '&lt;/blockquote&gt;\n' +
          '\n' +
          '&lt;p&gt;&lt;a href="#/RES_SR_Config/NightModeCompatible"&gt;&lt;/a&gt;&lt;/p&gt;\n' +
          '&lt;/div&gt;&lt;!-- SC_ON --&gt;',
        spoilers_enabled: false,
        comment_contribution_settings: { allowed_media_types: [Array] },
        allow_talks: false,
        header_size: null,
        user_flair_position: 'right',
        all_original_content: false,
        has_menu_widget: false,
        is_enrolled_in_new_modmail: null,
        key_color: '#25b79f',
        can_assign_user_flair: true,
        created: 1375445107,
        wls: 6,
        show_media_preview: true,
        submission_type: 'self',
        user_is_subscriber: null,
        allowed_media_in_comments: [ 'expression' ],
        allow_videogifs: false,
        should_archive_posts: false,
        user_flair_type: 'text',
        allow_polls: false,
        collapse_deleted_comments: true,
        emojis_custom_size: null,
        public_description_html: '&lt;!-- SC_OFF --&gt;&lt;div class="md"&gt;&lt;p&gt;&lt;a href="/r/ApplyingToCollege"&gt;r/ApplyingToCollege&lt;/a&gt; is the premier forum for college admissions questions, advice, and discussions, from college essays and scholarships to SAT/ACT test prep, career guidance, and more.&lt;/p&gt;\n' +
          '&lt;/div&gt;&lt;!-- SC_ON --&gt;',
        allow_videos: false,
        is_crosspostable_subreddit: false,
        suggested_comment_sort: 'confidence',
        should_show_media_in_comments_setting: true,
        can_assign_link_flair: true,
        accounts_active_is_fuzzed: false,
        allow_prediction_contributors: false,
        submit_text_label: '',
        link_flair_position: 'left',
        user_sr_flair_enabled: null,
        user_flair_enabled_in_sr: false,
        allow_chat_post_creation: false,
        allow_discovery: true,
        accept_followers: true,
        user_sr_theme_enabled: true,
        link_flair_enabled: true,
        disable_contributor_requests: true,
        subreddit_type: 'public',
        notification_level: null,
        banner_img: '',
        user_flair_text: null,
        banner_background_color: '#ba2776',
        show_media: false,
        id: '2y2r8',
        user_is_contributor: null,
        over18: false,
        header_title: '',
        description: '####/r/ApplyingToCollege is the premier forum for college admissions questions, advice, and discussions, from college essays and scholarships to SAT/ACT test prep, career guidance, and more.\n' +
          '\n' +
          '###[](#Yellow)\n' +
          '&gt;#Discord\n' +
          '\n' +
          '&gt; [**A2C Discord**](https://discord.gg/a2c)  \n' +
          '\n' +
          '######[](#Gray)\n' +
          '&gt;#Filter Posts by:\n' +
          '\n' +
          '&gt; [**Best of A2C**](https://new.reddit.com/r/ApplyingToCollege/?f=flair_name%3A%22Best%20of%20A2C%22)  \n' +
          '&gt; [AMAs](https://new.reddit.com/r/ApplyingToCollege/?f=flair_name%3A%22AMA%22)  \n' +
          '&gt; [Interviews](https://new.reddit.com/r/ApplyingToCollege/?f=flair_name%3A%22Interviews%22)\n' +
          '&gt; [Rec Letters](https://new.reddit.com/r/ApplyingToCollege/?f=flair_name%3A%22Rec%20Letters%22)  \n' +
          '&gt; [Essays](https://new.reddit.com/r/ApplyingToCollege/?f=flair_name%3A%22Essays%22)  \n' +
          '&gt; [Financial Aid](https://new.reddit.com/r/ApplyingToCollege/?f=flair_name%3A%22Financial%20Aid%22)  \n' +
          '\n' +
          '\n' +
          '#[](#Green)\n' +
          '\n' +
          '&gt;#Rules for Participating\n' +
          '\n' +
          '&gt; (1) **Be nice**! A2C supports a welcoming and inclusive environment. Harassment, intimidation, and bullying are not tolerated. Vulgar, derogatory, disrespectful speech is not permitted. This includes, but is not limited to, racism, homophobia, transphobia, and bigotry or discrimination of any kind, overt or subtle.\n' +
          '[Remember the human](https://www.reddit.com/r/blog/comments/1ytp7q/remember_the_human/) and follow the [reddiquette](https://www.reddithelp.com/en/categories/reddit-101/reddit-basics/reddiquette).\n' +
          '\n' +
          '&gt; (2) **Admissions-related discussion**. We love to see posts asking questions or creating discussion about all facets of postsecondary (undergraduate) education around the world. If you’re doing this, you should be ok! You are welcome here; this subreddit is not just for highly selective colleges.\n' +
          '\n' +
          '&gt; (3) Spam and solicitations are not permitted on r/ApplyingToCollege. This includes surveys and polls, YouTube videos, chat links, and offering services of any kind. For more information on what is not permitted, please click [here](https://www.reddit.com/r/applyingtocollege/wiki/rules).\n' +
          '\n' +
          '&gt; (4) Chance-me posts, where you provide your information and list of schools and ask about your chances of admission at those schools, are prohibited.\n' +
          '\n' +
          '&gt; (5) AMA posts on r/ApplyingToCollege are subject to regulation. For more information about the requirements to host an AMA, please [click here](https://www.reddit.com/r/applyingtocollege/wiki/rules).\n' +
          '\n' +
          '&gt; (6) Posts and comments dedicated to Affirmative Action will be removed. For more information, please click [here](https://www.reddit.com/r/applyingtocollege/wiki/rules).\n' +
          '\n' +
          '&gt; (7) **Do not post sensitive or unethical information**. This includes essays, personally-identifiable information, or questions about lying/cheating the process.\n' +
          '\n' +
          '&gt; (8) All tongue-in-cheek, fluff, and generic shitposting must be reserved for Shitpost Wednesday. Wednesday is defined in US Eastern Time.\n' +
          '\n' +
          "&gt; (9) **Other posts and comments may be removed at moderator discretion**. For a complete listing of our subreddit's rules, please click [here](https://www.reddit.com/r/applyingtocollege/wiki/rules)\n" +
          '\n' +
          '###[](#Yellow)\n' +
          '&gt;#Admissions Resources\n' +
          '\n' +
          '&gt;[Wiki](https://old.reddit.com/r/ApplyingToCollege/wiki/index)\n' +
          '\n' +
          '&gt;[Decision Calendar](https://applyingto.college)\n' +
          '\n' +
          '&gt;[FAQ](https://old.reddit.com/r/ApplyingToCollege/wiki/faq)\n' +
          '\n' +
          '&gt;[AMAs](https://old.reddit.com/r/ApplyingToCollege/wiki/index#wiki_amas)\n' +
          '\n' +
          '####[](#blue)\n' +
          '&gt;#Related Subreddits\n' +
          '\n' +
          '&gt;/r/ACT\n' +
          '\n' +
          '&gt;/r/SAT\n' +
          '\n' +
          '&gt;/r/psat\n' +
          '\n' +
          '&gt;/r/ReverseChanceMe \n' +
          '\n' +
          '&gt;/r/collegeresults\n' +
          '\n' +
          '&gt;/r/CollegeEssays\n' +
          '\n' +
          '&gt;/r/college\n' +
          '\n' +
          '&gt;/r/GradSchool\n' +
          '\n' +
          '&gt;/r/GradAdmissions\n' +
          '\n' +
          '&gt;/r/IntltoUSA\n' +
          '\n' +
          '######[](#Gray)\n' +
          '&gt;#More\n' +
          '\n' +
          "&gt;If you're an admissions officer, please [send us a message](https://www.reddit.com/message/compose?to=%2Fr%2FApplyingToCollege&amp;subject=Special%20Flair%20Request) to request verification or if you have any questions about participation in /r/ApplyingToCollege.\n" +
          '\n' +
          "&gt;If you're a member of the media, please [send us a message](https://www.reddit.com/message/compose?to=%2Fr%2FApplyingToCollege&amp;subject=Media%20Inquiry) to request approval prior to posting or if you have any questions about participation in /r/ApplyingToCollege.\n" +
          '\n' +
          '[](#/RES_SR_Config/NightModeCompatible)',
        is_chat_post_feature_enabled: true,
        submit_link_label: '',
        user_flair_text_color: null,
        restrict_commenting: true,
        user_flair_css_class: null,
        allow_images: true,
        lang: 'en',
        whitelist_status: 'all_ads',
        url: '/r/ApplyingToCollege/',
        created_utc: 1375445107,
        banner_size: null,
        mobile_banner_image: 'https://styles.redditmedia.com/t5_2y2r8/styles/mobileBannerImage_jirviecla8ob1.png',
        user_is_moderator: null,
        allow_predictions_tournament: false
      },
      {
        user_flair_background_color: null,
        submit_text_html: null,
        restrict_posting: true,
        user_is_banned: null,
        free_form_reports: true,
        wiki_enabled: true,
        user_is_muted: null,
        user_can_flair_in_sr: null,
        display_name: 'CFD',
        header_img: 'https://b.thumbs.redditmedia.com/01zLkGiIZUvBNx0ho35k1DNheVntdwiGbmmX-6q_KKo.png',
        title: 'Computational Fluid Dynamics',
        allow_galleries: true,
        icon_size: [ 256, 256 ],
        primary_color: '',
        active_user_count: null,
        icon_img: 'https://b.thumbs.redditmedia.com/rBSN1k1xXX-cY5ee-d4e0U-hJ3WOSk-g5i6LYYCGB0M.png',
        display_name_prefixed: 'r/CFD',
        accounts_active: null,
        public_traffic: false,
        subscribers: 20553,
        user_flair_richtext: [],
        videostream_links_count: 0,
        name: 't5_2r5wf',
        quarantine: false,
        hide_ads: false,
        prediction_leaderboard_entry_type: 'SUBREDDIT_HEADER',
        emojis_enabled: false,
        advertiser_category: '',
        public_description: '',
        comment_score_hide_mins: 0,
        allow_predictions: false,
        user_has_favorited: null,
        user_flair_template_id: null,
        community_icon: '',
        banner_background_image: '',
        original_content_tag_enabled: false,
        community_reviewed: true,
        submit_text: '',
        description_html: '&lt;!-- SC_OFF --&gt;&lt;div class="md"&gt;&lt;p&gt;&lt;strong&gt;Computational Fluid Dynamics (CFD)&lt;/strong&gt;&lt;br/&gt;\n' +
          'This is a subreddit for discussing CFD.  Posts consisting solely of advertisements for CFD products or services are not welcome.&lt;/p&gt;\n' +
          '\n' +
          '&lt;p&gt;&lt;strong&gt;Monthly Discussions&lt;/strong&gt;&lt;/p&gt;\n' +
          '\n' +
          '&lt;p&gt;&lt;a href="https://www.reddit.com/r/CFD/wiki/index"&gt;https://www.reddit.com/r/CFD/wiki/index&lt;/a&gt;&lt;/p&gt;\n' +
          '\n' +
          '&lt;p&gt;&lt;strong&gt;References/Useful links&lt;/strong&gt;&lt;/p&gt;\n' +
          '\n' +
          '&lt;ul&gt;\n' +
          '&lt;li&gt;&lt;p&gt;&lt;a href="https://turbmodels.larc.nasa.gov"&gt;NASA Turbulence Modeling Resource&lt;/a&gt;&lt;/p&gt;&lt;/li&gt;\n' +
          '&lt;li&gt;&lt;p&gt;&lt;a href="https://www.grc.nasa.gov/www/wind/valid/resources.html"&gt;Resources for CFD Verification and Validation&lt;/a&gt;&lt;/p&gt;&lt;/li&gt;\n' +
          '&lt;li&gt;&lt;p&gt;&lt;a href="https://ocw.mit.edu/courses/aeronautics-and-astronautics/16-90-computational-methods-in-aerospace-engineering-spring-2014/"&gt;Computational Methods in Aerospace Engineering&lt;/a&gt;&lt;/p&gt;&lt;/li&gt;\n' +
          '&lt;li&gt;&lt;p&gt;&lt;a href="https://ocw.mit.edu/courses/mechanical-engineering/2-29-numerical-fluid-mechanics-spring-2015/index.htm"&gt;Numerical Fluid Mechanics&lt;/a&gt;&lt;/p&gt;&lt;/li&gt;\n' +
          '&lt;li&gt;&lt;p&gt;&lt;a href="https://ocw.mit.edu/courses/mathematics/18-330-introduction-to-numerical-analysis-spring-2004/index.htm"&gt;Introduction to Numerical Analysis&lt;/a&gt;&lt;/p&gt;&lt;/li&gt;\n' +
          '&lt;li&gt;&lt;p&gt;&lt;a href="https://www.grc.nasa.gov/WWW/wind/valid/tutorial/spatconv.html"&gt;Examining Spatial (Grid) Convergence&lt;/a&gt;&lt;/p&gt;&lt;/li&gt;\n' +
          '&lt;li&gt;&lt;p&gt;&lt;a href="http://www4.ncsu.edu/%7Ectk/ma580.html"&gt;Introduction to Numerical Analysis I&lt;/a&gt;&lt;/p&gt;&lt;/li&gt;\n' +
          '&lt;li&gt;&lt;p&gt;&lt;a href="https://confluence.cornell.edu/display/SIMULATION/FLUENT+Learning+Modules"&gt;Cornell Fluent Modules&lt;/a&gt;&lt;/p&gt;&lt;/li&gt;\n' +
          '&lt;li&gt;&lt;p&gt;&lt;a href="http://openedx.seas.gwu.edu/courses/GW/MAE6286/2014_fall/about"&gt;Practical Numerical Methods with Python&lt;/a&gt;&lt;/p&gt;&lt;/li&gt;\n' +
          '&lt;li&gt;&lt;p&gt;&lt;a href="https://github.com/barbagroup/CFDPython"&gt;12 Steps to CFD&lt;/a&gt;&lt;/p&gt;&lt;/li&gt;\n' +
          '&lt;li&gt;&lt;p&gt;&lt;a href="https://www.reddit.com/r/CFD/comments/2emuk2/what_software_to_begin_for_a_novice_cfd_student/ck1y22o/"&gt;/u/derioderio&amp;#39;s Links to Begin CFD&lt;/a&gt;&lt;/p&gt;&lt;/li&gt;\n' +
          '&lt;li&gt;&lt;p&gt;&lt;a href="http://faculty.washington.edu/rjl/uwhpsc-coursera/"&gt;High Performance Scientific Computing&lt;/a&gt;&lt;/p&gt;&lt;/li&gt;\n' +
          '&lt;/ul&gt;\n' +
          '\n' +
          '&lt;p&gt;&lt;a href="https://en.reddit.com/r/CFD/comments/7wdsw1/referencesuseful_links_vote/"&gt;Vote for Content Here&lt;/a&gt;&lt;/p&gt;\n' +
          '\n' +
          '&lt;p&gt;&lt;strong&gt;Other great subreddits&lt;/strong&gt;&lt;/p&gt;\n' +
          '\n' +
          '&lt;ul&gt;\n' +
          '&lt;li&gt;&lt;a href="/r/Engineering"&gt;/r/Engineering&lt;/a&gt;&lt;/li&gt;\n' +
          '&lt;li&gt;&lt;a href="/r/EngineeringStudents"&gt;/r/EngineeringStudents&lt;/a&gt;&lt;/li&gt;\n' +
          '&lt;li&gt;&lt;a href="/r/AskScience"&gt;/r/AskScience&lt;/a&gt;&lt;/li&gt;\n' +
          '&lt;li&gt;&lt;a href="/r/MechanicalEngineer"&gt;/r/MechanicalEngineer&lt;/a&gt;&lt;/li&gt;\n' +
          '&lt;li&gt;&lt;a href="/r/civilengineering"&gt;/r/civilengineering&lt;/a&gt;&lt;/li&gt;\n' +
          '&lt;li&gt;&lt;a href="/r/aerospace"&gt;/r/aerospace&lt;/a&gt;&lt;/li&gt;\n' +
          '&lt;li&gt;&lt;a href="/r/FluidMechanics"&gt;/r/FluidMechanics&lt;/a&gt;&lt;/li&gt;\n' +
          '&lt;li&gt;&lt;a href="/r/ComputerScience"&gt;/r/ComputerScience&lt;/a&gt;&lt;/li&gt;\n' +
          '&lt;li&gt;&lt;a href="/r/CScareerquestions"&gt;/r/CScareerquestions&lt;/a&gt;&lt;/li&gt;\n' +
          '&lt;li&gt;&lt;a href="/r/math"&gt;/r/math&lt;/a&gt;&lt;/li&gt;\n' +
          '&lt;li&gt;&lt;a href="/r/Programming"&gt;/r/Programming&lt;/a&gt;&lt;/li&gt;\n' +
          '&lt;li&gt;&lt;a href="/r/HPC"&gt;/r/HPC&lt;/a&gt;&lt;/li&gt;\n' +
          '&lt;/ul&gt;\n' +
          '&lt;/div&gt;&lt;!-- SC_ON --&gt;',
        spoilers_enabled: true,
        comment_contribution_settings: { allowed_media_types: null },
        allow_talks: false,
        header_size: [ 125, 63 ],
        user_flair_position: 'right',
        all_original_content: false,
        has_menu_widget: false,
        is_enrolled_in_new_modmail: null,
        key_color: '#24a0ed',
        can_assign_user_flair: false,
        created: 1251637725,
        wls: 6,
        show_media_preview: true,
        submission_type: 'any',
        user_is_subscriber: null,
        allowed_media_in_comments: [],
        allow_videogifs: true,
        should_archive_posts: false,
        user_flair_type: 'text',
        allow_polls: true,
        collapse_deleted_comments: false,
        emojis_custom_size: null,
        public_description_html: null,
        allow_videos: true,
        is_crosspostable_subreddit: false,
        suggested_comment_sort: null,
        should_show_media_in_comments_setting: true,
        can_assign_link_flair: false,
        accounts_active_is_fuzzed: false,
        allow_prediction_contributors: false,
        submit_text_label: '',
        link_flair_position: '',
        user_sr_flair_enabled: null,
        user_flair_enabled_in_sr: false,
        allow_chat_post_creation: false,
        allow_discovery: true,
        accept_followers: true,
        user_sr_theme_enabled: true,
        link_flair_enabled: false,
        disable_contributor_requests: false,
        subreddit_type: 'public',
        notification_level: null,
        banner_img: 'https://b.thumbs.redditmedia.com/4XcQdbYIaEhDKTXnVeoYoqEVAny-zUmjTWJgS1OYVcw.png',
        user_flair_text: null,
        banner_background_color: '',
        show_media: true,
        id: '2r5wf',
        user_is_contributor: null,
        over18: false,
        header_title: '',
        description: '**Computational Fluid Dynamics (CFD)**  \n' +
          'This is a subreddit for discussing CFD.  Posts consisting solely of advertisements for CFD products or services are not welcome.\n' +
          '\n' +
          '**Monthly Discussions**\n' +
          '\n' +
          'https://www.reddit.com/r/CFD/wiki/index\n' +
          '\n' +
          '**References/Useful links**\n' +
          '\n' +
          '* [NASA Turbulence Modeling Resource](https://turbmodels.larc.nasa.gov)\n' +
          '\n' +
          '* [Resources for CFD Verification and Validation](https://www.grc.nasa.gov/www/wind/valid/resources.html)\n' +
          '\n' +
          '* [Computational Methods in Aerospace Engineering](https://ocw.mit.edu/courses/aeronautics-and-astronautics/16-90-computational-methods-in-aerospace-engineering-spring-2014/)\n' +
          '\n' +
          '* [Numerical Fluid Mechanics](https://ocw.mit.edu/courses/mechanical-engineering/2-29-numerical-fluid-mechanics-spring-2015/index.htm)\n' +
          '\n' +
          '* [Introduction to Numerical Analysis](https://ocw.mit.edu/courses/mathematics/18-330-introduction-to-numerical-analysis-spring-2004/index.htm)\n' +
          '\n' +
          '* [Examining Spatial (Grid) Convergence](https://www.grc.nasa.gov/WWW/wind/valid/tutorial/spatconv.html)\n' +
          '\n' +
          '* [Introduction to Numerical Analysis I](http://www4.ncsu.edu/~ctk/ma580.html)\n' +
          '\n' +
          '* [Cornell Fluent Modules](https://confluence.cornell.edu/display/SIMULATION/FLUENT+Learning+Modules)\n' +
          '\n' +
          '* [Practical Numerical Methods with Python](http://openedx.seas.gwu.edu/courses/GW/MAE6286/2014_fall/about)\n' +
          '\n' +
          '* [12 Steps to CFD](https://github.com/barbagroup/CFDPython)\n' +
          '\n' +
          "* [/u/derioderio's Links to Begin CFD](https://www.reddit.com/r/CFD/comments/2emuk2/what_software_to_begin_for_a_novice_cfd_student/ck1y22o/)\n" +
          '\n' +
          '* [High Performance Scientific Computing](http://faculty.washington.edu/rjl/uwhpsc-coursera/)\n' +
          '\n' +
          '\n' +
          '[Vote for Content Here](https://en.reddit.com/r/CFD/comments/7wdsw1/referencesuseful_links_vote/)\n' +
          '\n' +
          '\n' +
          '\n' +
          '**Other great subreddits**\n' +
          '\n' +
          '* /r/Engineering\n' +
          '* /r/EngineeringStudents\n' +
          '* /r/AskScience\n' +
          '* /r/MechanicalEngineer\n' +
          '* /r/civilengineering\n' +
          '* /r/aerospace\n' +
          '* /r/FluidMechanics\n' +
          '* /r/ComputerScience\n' +
          '* /r/CScareerquestions\n' +
          '* /r/math\n' +
          '* /r/Programming\n' +
          '* /r/HPC',
        is_chat_post_feature_enabled: true,
        submit_link_label: '',
        user_flair_text_color: null,
        restrict_commenting: false,
        user_flair_css_class: null,
        allow_images: true,
        lang: 'en',
        whitelist_status: 'all_ads',
        url: '/r/CFD/',
        created_utc: 1251637725,
        banner_size: [ 1280, 384 ],
        mobile_banner_image: '',
        user_is_moderator: null,
        allow_predictions_tournament: false
      },
      {
        user_flair_background_color: null,
        submit_text_html: null,
        restrict_posting: true,
        user_is_banned: null,
        free_form_reports: true,
        wiki_enabled: true,
        user_is_muted: null,
        user_can_flair_in_sr: null,
        display_name: 'tmec',
        header_img: null,
        title: 'T-MEC: Terrarian Mechanical Engineering Corps',
        allow_galleries: true,
        icon_size: null,
        primary_color: '',
        active_user_count: null,
        icon_img: '',
        display_name_prefixed: 'r/tmec',
        accounts_active: null,
        public_traffic: false,
        subscribers: 144,
        user_flair_richtext: [],
        videostream_links_count: 0,
        name: 't5_3eezt',
        quarantine: false,
        hide_ads: false,
        prediction_leaderboard_entry_type: 'IN_FEED',
        emojis_enabled: true,
        advertiser_category: '',
        public_description: "T-MEC is all about tinkering with Terraria's physics and wiring to create awesome inventions. From simple crab engines to the most complex computers, all knowledge resides in this community.",
        comment_score_hide_mins: 0,
        allow_predictions: false,
        user_has_favorited: null,
        user_flair_template_id: null,
        community_icon: '',
        banner_background_image: '',
        original_content_tag_enabled: false,
        community_reviewed: false,
        submit_text: '',
        description_html: '&lt;!-- SC_OFF --&gt;&lt;div class="md"&gt;&lt;p&gt;&lt;strong&gt;Description:&lt;/strong&gt;&lt;/p&gt;\n' +
          '\n' +
          '&lt;p&gt;T-MEC is all about tinkering with Terraria physics and wiring to create awesome inventions. From simple crab engines to complex calculators, all knowledge resides within this community.&lt;/p&gt;\n' +
          '\n' +
          '&lt;blockquote&gt;\n' +
          '&lt;p&gt;&lt;em&gt;&lt;a href="http://www.reddit.com/r/tmec"&gt;Filters&lt;/a&gt;&lt;/em&gt; &lt;strong&gt;&lt;a href="http://gn.reddit.com/r/tmec/#gn"&gt;General&lt;/a&gt;\n' +
          '&lt;a href="http://pc.reddit.com/r/tmec/#pc"&gt;Pc&lt;/a&gt;\n' +
          '&lt;a href="http://co.reddit.com/r/tmec/#co"&gt;Console&lt;/a&gt;\n' +
          '&lt;a href="http://mb.reddit.com/r/tmec/#mb"&gt;Mobile/3ds&lt;/a&gt;\n' +
          '&lt;a href="http://rq.reddit.com/r/tmec/#rq"&gt;Requests&lt;/a&gt;\n' +
          '&lt;a href="http://ot.reddit.com/r/tmec/#ot"&gt;Other&lt;/a&gt;\n' +
          '&lt;a href="http://an.reddit.com/r/tmec/#an"&gt;Announcements&lt;/a&gt;&lt;/strong&gt;&lt;/p&gt;\n' +
          '&lt;/blockquote&gt;\n' +
          '\n' +
          '&lt;ul&gt;\n' +
          '&lt;li&gt;&lt;p&gt;&lt;strong&gt;Subreddit Rules:&lt;/strong&gt;&lt;/p&gt;&lt;/li&gt;\n' +
          '&lt;li&gt;&lt;p&gt;&lt;a href="https://www.reddit.com/r/tmec/wiki/rules"&gt;Extensive Rules Page&lt;/a&gt;&lt;/p&gt;&lt;/li&gt;\n' +
          '&lt;li&gt;&lt;p&gt;&lt;a href="https:///www.reddit.com/r/tmec/wiki/list"&gt;The List&lt;/a&gt;&lt;/p&gt;&lt;/li&gt;\n' +
          '&lt;/ul&gt;\n' +
          '\n' +
          '&lt;ul&gt;\n' +
          '&lt;li&gt;&lt;p&gt;&lt;strong&gt;Useful Links:&lt;/strong&gt;&lt;/p&gt;&lt;/li&gt;\n' +
          '&lt;li&gt;&lt;p&gt;&lt;a href="https://forums.terraria.org/index.php?social-forums/t-mec-terrarian-mechanical-engineering-corps.203/"&gt;T-MEC Page&lt;/a&gt;&lt;/p&gt;&lt;/li&gt;\n' +
          '&lt;li&gt;&lt;p&gt;&lt;a href="https://forums.terraria.org"&gt;Terraria Forums&lt;/a&gt;&lt;/p&gt;&lt;/li&gt;\n' +
          '&lt;li&gt;&lt;p&gt;&lt;a href="http://terraria.gamepedia.com"&gt;Terraria Wiki&lt;/a&gt;&lt;/p&gt;&lt;/li&gt;\n' +
          '&lt;li&gt;&lt;p&gt;&lt;a href="https://www.reddit.com/r/tmec/wiki/index"&gt;T-MEC Subreddit Wiki&lt;/a&gt;&lt;/p&gt;&lt;/li&gt;\n' +
          '&lt;li&gt;&lt;p&gt;&lt;a href="https://www.reddit.com/r/tmec/wiki/modjobs"&gt;Moderator Jobs&lt;/a&gt;&lt;/p&gt;&lt;/li&gt;\n' +
          '&lt;/ul&gt;\n' +
          '\n' +
          '&lt;ul&gt;\n' +
          '&lt;li&gt;&lt;p&gt;&lt;strong&gt;Similar Subreddits:&lt;/strong&gt;&lt;/p&gt;&lt;/li&gt;\n' +
          '&lt;li&gt;&lt;p&gt;&lt;a href="https://www.reddit.com/r/terraria"&gt;Terraria&lt;/a&gt;&lt;/p&gt;&lt;/li&gt;\n' +
          '&lt;li&gt;&lt;p&gt;&lt;a href="https://www.reddit.com//r/TerrariaCTG"&gt;TerrariaCTG&lt;/a&gt; &lt;/p&gt;&lt;/li&gt;\n' +
          '&lt;/ul&gt;\n' +
          '&lt;/div&gt;&lt;!-- SC_ON --&gt;',
        spoilers_enabled: true,
        comment_contribution_settings: {},
        allow_talks: false,
        header_size: null,
        user_flair_position: 'right',
        all_original_content: false,
        has_menu_widget: false,
        is_enrolled_in_new_modmail: null,
        key_color: '#ff4500',
        can_assign_user_flair: true,
        created: 1462040913,
        wls: null,
        show_media_preview: false,
        submission_type: 'any',
        user_is_subscriber: null,
        allowed_media_in_comments: [],
        allow_videogifs: true,
        should_archive_posts: false,
        user_flair_type: 'text',
        allow_polls: true,
        collapse_deleted_comments: false,
        emojis_custom_size: null,
        public_description_html: '&lt;!-- SC_OFF --&gt;&lt;div class="md"&gt;&lt;p&gt;T-MEC is all about tinkering with Terraria&amp;#39;s physics and wiring to create awesome inventions. From simple crab engines to the most complex computers, all knowledge resides in this community.&lt;/p&gt;\n' +
          '&lt;/div&gt;&lt;!-- SC_ON --&gt;',
        allow_videos: true,
        is_crosspostable_subreddit: false,
        suggested_comment_sort: null,
        should_show_media_in_comments_setting: true,
        can_assign_link_flair: true,
        accounts_active_is_fuzzed: false,
        allow_prediction_contributors: false,
        submit_text_label: '',
        link_flair_position: 'left',
        user_sr_flair_enabled: null,
        user_flair_enabled_in_sr: false,
        allow_chat_post_creation: false,
        allow_discovery: true,
        accept_followers: true,
        user_sr_theme_enabled: true,
        link_flair_enabled: true,
        disable_contributor_requests: false,
        subreddit_type: 'public',
        notification_level: null,
        banner_img: '',
        user_flair_text: null,
        banner_background_color: '',
        show_media: true,
        id: '3eezt',
        user_is_contributor: null,
        over18: false,
        header_title: 'T-MEC: Terrarian Mechanical Engineering Corps',
        description: '**Description:**\n' +
          '\n' +
          'T-MEC is all about tinkering with Terraria physics and wiring to create awesome inventions. From simple crab engines to complex calculators, all knowledge resides within this community.\n' +
          '\n' +
          '&gt;*[Filters](http://www.reddit.com/r/tmec)* **[General](http://gn.reddit.com/r/tmec/#gn)\n' +
          '[Pc](http://pc.reddit.com/r/tmec/#pc)\n' +
          '[Console](http://co.reddit.com/r/tmec/#co)\n' +
          '[Mobile/3ds](http://mb.reddit.com/r/tmec/#mb)\n' +
          '[Requests](http://rq.reddit.com/r/tmec/#rq)\n' +
          '[Other](http://ot.reddit.com/r/tmec/#ot)\n' +
          '[Announcements](http://an.reddit.com/r/tmec/#an)**\n' +
          '\n' +
          '* **Subreddit Rules:**\n' +
          '\n' +
          '* [Extensive Rules Page](https://www.reddit.com/r/tmec/wiki/rules)\n' +
          '\n' +
          '* [The List](https:///www.reddit.com/r/tmec/wiki/list)\n' +
          '\n' +
          '#\n' +
          '\n' +
          '* **Useful Links:**\n' +
          '\n' +
          '* [T-MEC Page](https://forums.terraria.org/index.php?social-forums/t-mec-terrarian-mechanical-engineering-corps.203/)\n' +
          '\n' +
          '* [Terraria Forums](https://forums.terraria.org)\n' +
          '\n' +
          '* [Terraria Wiki](http://terraria.gamepedia.com)\n' +
          '\n' +
          '* [T-MEC Subreddit Wiki](https://www.reddit.com/r/tmec/wiki/index)\n' +
          '\n' +
          '* [Moderator Jobs](https://www.reddit.com/r/tmec/wiki/modjobs)\n' +
          '\n' +
          '#\n' +
          '\n' +
          '* **Similar Subreddits:**\n' +
          '\n' +
          '* [Terraria](https://www.reddit.com/r/terraria)\n' +
          '\n' +
          '* [TerrariaCTG](https://www.reddit.com//r/TerrariaCTG) \n' +
          '\n' +
          '\n' +
          '\n' +
          '\n' +
          '\n' +
          '\n' +
          '\n',
        is_chat_post_feature_enabled: true,
        submit_link_label: '',
        user_flair_text_color: null,
        restrict_commenting: false,
        user_flair_css_class: null,
        allow_images: true,
        lang: 'en',
        whitelist_status: null,
        url: '/r/tmec/',
        created_utc: 1462040913,
        banner_size: null,
        mobile_banner_image: '',
        user_is_moderator: null,
        allow_predictions_tournament: false
      },
      {
        user_flair_background_color: null,
        submit_text_html: null,
        restrict_posting: true,
        user_is_banned: null,
        free_form_reports: true,
        wiki_enabled: true,
        user_is_muted: null,
        user_can_flair_in_sr: null,
        display_name: 'gradadmissions',
        header_img: null,
        title: 'Advice for getting into graduate school',
        allow_galleries: true,
        icon_size: null,
        primary_color: '',
        active_user_count: null,
        icon_img: '',
        display_name_prefixed: 'r/gradadmissions',
        accounts_active: null,
        public_traffic: false,
        subscribers: 219581,
        user_flair_richtext: [],
        videostream_links_count: 0,
        name: 't5_2tn62',
        quarantine: false,
        hide_ads: false,
        prediction_leaderboard_entry_type: 'SUBREDDIT_HEADER',
        emojis_enabled: false,
        advertiser_category: 'College / University',
        public_description: "This subreddit is for anyone who is going through the process of getting into graduate school, and for those who've been there and have advice to give.",
        comment_score_hide_mins: 0,
        allow_predictions: false,
        user_has_favorited: null,
        user_flair_template_id: null,
        community_icon: '',
        banner_background_image: '',
        original_content_tag_enabled: false,
        community_reviewed: true,
        submit_text: '',
        description_html: '&lt;!-- SC_OFF --&gt;&lt;div class="md"&gt;&lt;p&gt;This subreddit is for anyone who is going through the process of getting into graduate school, and for those who&amp;#39;ve been there and have advice to give.&lt;/p&gt;\n' +
          '\n' +
          '&lt;p&gt;Have general knowledge or advice to share from your experiences? &lt;a href="http://www.reddit.com/r/gradadmissions/wiki/index"&gt;Consider adding them to our wiki&lt;/a&gt;.&lt;/p&gt;\n' +
          '\n' +
          '&lt;p&gt;&lt;a href="http://www.afouro.com/calculator/college-gpa-calculator/"&gt;A handy tool for calculating your GPA&lt;/a&gt;&lt;/p&gt;\n' +
          '\n' +
          '&lt;p&gt;&lt;a href="http://www.reddit.com/r/gradadmissions/comments/25gmig/a_somewhat_notgentle_guide_to_getting_into_grad/"&gt;A somewhat not-gentle guide to getting into grad school with subpar grades&lt;/a&gt;&lt;/p&gt;\n' +
          '\n' +
          '&lt;p&gt;&lt;a href="http://www.reddit.com/r/gradadmissions/comments/1lcegw/so_you_want_to_apply_to_graduate_school/"&gt;This thread has some solid advice for students applying to programs in the hard sciences&lt;/a&gt;.&lt;/p&gt;\n' +
          '\n' +
          '&lt;p&gt;Need someone to look at your materials? &lt;a href="http://www.reddit.com/r/gradadmissions/comments/12ksux/introducing_the_rgradadmissions_buddy_list_signup/"&gt;Use the buddy system!&lt;/a&gt;&lt;/p&gt;\n' +
          '\n' +
          '&lt;hr/&gt;\n' +
          '\n' +
          '&lt;p&gt;&lt;strong&gt;Rules:&lt;/strong&gt;&lt;/p&gt;\n' +
          '\n' +
          '&lt;ul&gt;\n' +
          '&lt;li&gt;&lt;p&gt;Advertising for consulting and other services is NOT allowed.&lt;/p&gt;&lt;/li&gt;\n' +
          '&lt;li&gt;&lt;p&gt;Surveys need moderator approval prior to posting. &lt;/p&gt;&lt;/li&gt;\n' +
          '&lt;li&gt;&lt;p&gt;Don&amp;#39;t be a jerk.&lt;/p&gt;&lt;/li&gt;\n' +
          '&lt;li&gt;&lt;p&gt;Newly accounts are not allowed to post. If you need a dedicated admissions throwaway account, please let it age at least five days before contacting the mods.&lt;/p&gt;&lt;/li&gt;\n' +
          '&lt;/ul&gt;\n' +
          '\n' +
          '&lt;hr/&gt;\n' +
          '\n' +
          '&lt;p&gt;&lt;strong&gt;Related Subreddits:&lt;/strong&gt;&lt;/p&gt;\n' +
          '\n' +
          '&lt;ul&gt;\n' +
          '&lt;li&gt;&lt;a href="/r/ApplyingToCollege"&gt;/r/ApplyingToCollege&lt;/a&gt;&lt;/li&gt;\n' +
          '&lt;li&gt;&lt;a href="/r/AskAcademia"&gt;/r/AskAcademia&lt;/a&gt; &lt;/li&gt;\n' +
          '&lt;li&gt;&lt;a href="/r/GradSchool"&gt;/r/GradSchool&lt;/a&gt; &lt;/li&gt;\n' +
          '&lt;li&gt;&lt;a href="/r/GRE"&gt;/r/GRE&lt;/a&gt; &lt;/li&gt;\n' +
          '&lt;li&gt;&lt;a href="/r/PreDental"&gt;/r/PreDental&lt;/a&gt;&lt;/li&gt;\n' +
          '&lt;li&gt;&lt;a href="/r/resumes"&gt;/r/resumes&lt;/a&gt; &lt;/li&gt;\n' +
          '&lt;li&gt;&lt;a href="/r/WorldScholarships"&gt;/r/WorldScholarships&lt;/a&gt;&lt;/li&gt;\n' +
          '&lt;/ul&gt;\n' +
          '\n' +
          '&lt;hr/&gt;\n' +
          '\n' +
          '&lt;p&gt;&lt;a href="http://www.reddit.com/message/compose?to=%2Fr%2Fgradadmissions"&gt;Contact the subreddit moderators with questions, comments or concerns.&lt;/a&gt;&lt;/p&gt;\n' +
          '&lt;/div&gt;&lt;!-- SC_ON --&gt;',
        spoilers_enabled: true,
        comment_contribution_settings: { allowed_media_types: null },
        allow_talks: false,
        header_size: null,
        user_flair_position: 'right',
        all_original_content: false,
        has_menu_widget: false,
        is_enrolled_in_new_modmail: null,
        key_color: '',
        can_assign_user_flair: true,
        created: 1330453018,
        wls: 6,
        show_media_preview: true,
        submission_type: 'any',
        user_is_subscriber: null,
        allowed_media_in_comments: [],
        allow_videogifs: true,
        should_archive_posts: false,
        user_flair_type: 'text',
        allow_polls: true,
        collapse_deleted_comments: true,
        emojis_custom_size: null,
        public_description_html: '&lt;!-- SC_OFF --&gt;&lt;div class="md"&gt;&lt;p&gt;This subreddit is for anyone who is going through the process of getting into graduate school, and for those who&amp;#39;ve been there and have advice to give.&lt;/p&gt;\n' +
          '&lt;/div&gt;&lt;!-- SC_ON --&gt;',
        allow_videos: true,
        is_crosspostable_subreddit: false,
        suggested_comment_sort: null,
        should_show_media_in_comments_setting: true,
        can_assign_link_flair: true,
        accounts_active_is_fuzzed: false,
        allow_prediction_contributors: false,
        submit_text_label: '',
        link_flair_position: 'right',
        user_sr_flair_enabled: null,
        user_flair_enabled_in_sr: false,
        allow_chat_post_creation: false,
        allow_discovery: true,
        accept_followers: true,
        user_sr_theme_enabled: true,
        link_flair_enabled: true,
        disable_contributor_requests: true,
        subreddit_type: 'public',
        notification_level: null,
        banner_img: '',
        user_flair_text: null,
        banner_background_color: '',
        show_media: true,
        id: '2tn62',
        user_is_contributor: null,
        over18: false,
        header_title: '',
        description: "This subreddit is for anyone who is going through the process of getting into graduate school, and for those who've been there and have advice to give.\n" +
          '\n' +
          'Have general knowledge or advice to share from your experiences? [Consider adding them to our wiki](http://www.reddit.com/r/gradadmissions/wiki/index).\n' +
          '\n' +
          '[A handy tool for calculating your GPA](http://www.afouro.com/calculator/college-gpa-calculator/)\n' +
          '\n' +
          '[A somewhat not-gentle guide to getting into grad school with subpar grades](http://www.reddit.com/r/gradadmissions/comments/25gmig/a_somewhat_notgentle_guide_to_getting_into_grad/)\n' +
          '\n' +
          '[This thread has some solid advice for students applying to programs in the hard sciences](http://www.reddit.com/r/gradadmissions/comments/1lcegw/so_you_want_to_apply_to_graduate_school/).\n' +
          '\n' +
          'Need someone to look at your materials? [Use the buddy system!](http://www.reddit.com/r/gradadmissions/comments/12ksux/introducing_the_rgradadmissions_buddy_list_signup/)\n' +
          '___________________________________\n' +
          '**Rules:**\n' +
          '\n' +
          '* Advertising for consulting and other services is NOT allowed.\n' +
          '\n' +
          '* Surveys need moderator approval prior to posting. \n' +
          '\n' +
          "* Don't be a jerk.\n" +
          '\n' +
          '* Newly accounts are not allowed to post. If you need a dedicated admissions throwaway account, please let it age at least five days before contacting the mods.\n' +
          '\n' +
          '___________________________________\n' +
          '**Related Subreddits:**\n' +
          '\n' +
          '* /r/ApplyingToCollege\n' +
          '* /r/AskAcademia \n' +
          '* /r/GradSchool \n' +
          '* /r/GRE \n' +
          '* /r/PreDental\n' +
          '* /r/resumes \n' +
          '* /r/WorldScholarships\n' +
          '\n' +
          '\n' +
          '___________________________________\n' +
          '[Contact the subreddit moderators with questions, comments or concerns.](http://www.reddit.com/message/compose?to=%2Fr%2Fgradadmissions)',
        is_chat_post_feature_enabled: true,
        submit_link_label: '',
        user_flair_text_color: null,
        restrict_commenting: false,
        user_flair_css_class: null,
        allow_images: true,
        lang: 'en',
        whitelist_status: 'all_ads',
        url: '/r/gradadmissions/',
        created_utc: 1330453018,
        banner_size: null,
        mobile_banner_image: '',
        user_is_moderator: null,
        allow_predictions_tournament: false
      },
      {
        user_flair_background_color: null,
        submit_text_html: '&lt;!-- SC_OFF --&gt;&lt;div class="md"&gt;&lt;p&gt;&lt;strong&gt;Please do prior research (google/your friends/colleagues/sub wiki pages) before posting questions. Also you need to mention your qualifications in Post Title.&lt;/strong&gt;&lt;/p&gt;\n' +
          '&lt;/div&gt;&lt;!-- SC_ON --&gt;',
        restrict_posting: true,
        user_is_banned: null,
        free_form_reports: true,
        wiki_enabled: true,
        user_is_muted: null,
        user_can_flair_in_sr: null,
        display_name: 'Indian_Academia',
        header_img: null,
        title: 'For questions and discussions about the education system, colleges, research, and careers in India ',
        allow_galleries: true,
        icon_size: null,
        primary_color: '#373c3f',
        active_user_count: null,
        icon_img: '',
        display_name_prefixed: 'r/Indian_Academia',
        accounts_active: null,
        public_traffic: false,
        subscribers: 198438,
        user_flair_richtext: [],
        name: 't5_idfco',
        quarantine: false,
        hide_ads: false,
        prediction_leaderboard_entry_type: 'SUBREDDIT_HEADER',
        emojis_enabled: false,
        advertiser_category: '',
        public_description: '\n' +
          'A subreddit for discussions about Indian higher education, research, admissions process, career advice, resource sharing, and similar topics.',
        comment_score_hide_mins: 60,
        allow_predictions: false,
        user_has_favorited: null,
        user_flair_template_id: null,
        community_icon: 'https://styles.redditmedia.com/t5_idfco/styles/communityIcon_cutci7b690371.png?width=256&amp;s=230c7c41a0c77b65a2b9646b4099e433eb40b276',
        banner_background_image: 'https://styles.redditmedia.com/t5_idfco/styles/bannerBackgroundImage_0oeuz67tzpv21.png?width=4000&amp;s=df0fb81267d1978337140691107bea65964f7787',
        original_content_tag_enabled: false,
        community_reviewed: true,
        submit_text: '**Please do prior research (google/your friends/colleagues/sub wiki pages) before posting questions. Also you need to mention your qualifications in Post Title.**',
        description_html: '&lt;!-- SC_OFF --&gt;&lt;div class="md"&gt;&lt;h2&gt;Welcome to &lt;a href="/r/Indian_Academia"&gt;/r/Indian_Academia&lt;/a&gt;!&lt;/h2&gt;\n' +
          '\n' +
          '&lt;p&gt;Please read our wiki: &lt;a href="https://www.reddit.com/r/Indian_Academia/wiki/all_wiki_index"&gt;https://www.reddit.com/r/Indian_Academia/wiki/all_wiki_index&lt;/a&gt;&lt;/p&gt;\n' +
          '\n' +
          '&lt;p&gt;A subreddit for discussions about Indian higher education, research, admissions process, career advice, resource sharing, and other relevant topics.  &lt;a href="https://www.reddit.com/message/compose/?to=/r/Indian_Academia"&gt;Send message to moderators by clicking here, if you need any help&lt;/a&gt;&lt;/p&gt;\n' +
          '\n' +
          '&lt;p&gt;&lt;a href="https://www.reddit.com/r/Indian_Academia/comments/k2hgoh/neet_study_guidance_v1"&gt;1. NEET Prep Guidance Thread&lt;/a&gt;&lt;/p&gt;\n' +
          '\n' +
          '&lt;p&gt;&lt;a href="https://www.reddit.com/r/Indian_Academia/comments/k23ef7/jee_study_guidance_v1/"&gt;2. JEE Prep Guidance Thread&lt;/a&gt;&lt;/p&gt;\n' +
          '\n' +
          '&lt;p&gt;&lt;a href="https://www.reddit.com/r/Indian_Academia/comments/kbqt0j/monthly_once_sticky_links_to_external_study_groups/"&gt;4. Monthly Once Sticky : Links to external study / groups &lt;/a&gt;&lt;/p&gt;\n' +
          '\n' +
          '&lt;p&gt;&lt;a href="https://www.reddit.com/r/Indian_Academia/comments/kg203t/itaf_is_there_anyone_from_xyz_branchcollegeplanet/"&gt;6. ITAF: Is there anyone from XYZ branch/college #megathread&lt;/a&gt;&lt;/p&gt;\n' +
          '\n' +
          '&lt;p&gt;&lt;a href="https://www.reddit.com/r/Indian_Academia/comments/kg1vzv/i_got_x_marks_which_branch_can_i_get_megathread/"&gt;7. I got X marks, which branch can I get? #megathread&lt;/a&gt;&lt;/p&gt;\n' +
          '\n' +
          '&lt;p&gt;&lt;a href="https://www.reddit.com/r/Indian_Academia/comments/kfbf00/jee_2021_registration_related_queries/"&gt;8. JEE 2021 Registration Related Queries&lt;/a&gt;&lt;/p&gt;\n' +
          '\n' +
          '&lt;hr/&gt;\n' +
          '\n' +
          '&lt;h1&gt;Rules:&lt;/h1&gt;\n' +
          '\n' +
          '&lt;p&gt;1.Make the title &lt;strong&gt;very&lt;/strong&gt; informative. In the title, ask exact question which is TLDR/Summary of your post. Add as many specific keywords as you can in the title (related to your specific situation). All vague titles (and content) posts will be removed.&lt;/p&gt;\n' +
          '\n' +
          '&lt;hr/&gt;\n' +
          '\n' +
          '&lt;h1&gt;Some useful links:&lt;/h1&gt;\n' +
          '\n' +
          '&lt;p&gt;&lt;a href="https://scholarships.gov.in/"&gt;National Scholarship Portal&lt;/a&gt;&lt;/p&gt;\n' +
          '\n' +
          '&lt;p&gt;&lt;a href="http://proposal.sakshat.ac.in/scholarship/"&gt;MHRD Sakshat - Most of the abroad learning scholarships&lt;/a&gt;&lt;/p&gt;\n' +
          '\n' +
          '&lt;p&gt;&lt;a href="https://academia.stackexchange.com/"&gt;Academia Stack Exchange - For non-local/general academy questions&lt;/a&gt;&lt;/p&gt;\n' +
          '\n' +
          '&lt;p&gt;&lt;a href="https://ndl.iitkgp.ac.in/"&gt;National Digital Library of India&lt;/a&gt;&lt;/p&gt;\n' +
          '\n' +
          '&lt;p&gt;&lt;a href="http://nptel.ac.in/"&gt;NPTEL - Online Certificate Courses from IITs and IISc&lt;/a&gt;&lt;/p&gt;\n' +
          '\n' +
          '&lt;p&gt;&lt;a href="http://serb.gov.in/home.php"&gt;Science and Engineering Research Board&lt;/a&gt;&lt;/p&gt;\n' +
          '\n' +
          '&lt;p&gt;&lt;a href="https://www.nirfindia.org/Home"&gt;National Institutional Ranking Framework&lt;/a&gt;&lt;/p&gt;\n' +
          '\n' +
          '&lt;p&gt;&lt;a href="http://vigyanprasar.gov.in/isw/isw.htm"&gt;Vigyanprasar - India Science Wire&lt;/a&gt;&lt;/p&gt;\n' +
          '\n' +
          '&lt;p&gt;&lt;a href="https://www.reddit.com/r/Indian_Academia/comments/8e9jnl/if_you_all_know_any_of_the_sources_which_would_be/"&gt;Source link suggestion post&lt;/a&gt;&lt;/p&gt;\n' +
          '\n' +
          '&lt;hr/&gt;\n' +
          '\n' +
          '&lt;h1&gt;Subs helping us by mentioning our sub in their sidebar/wiki:&lt;/h1&gt;\n' +
          '\n' +
          '&lt;p&gt;&lt;a href="/r/AskAcademia"&gt;r/AskAcademia&lt;/a&gt;&lt;/p&gt;\n' +
          '\n' +
          '&lt;p&gt;&lt;a href="/r/NPTEL"&gt;r/NPTEL&lt;/a&gt; &lt;/p&gt;\n' +
          '\n' +
          '&lt;p&gt;&lt;a href="/r/indianews"&gt;r/indianews&lt;/a&gt; &lt;/p&gt;\n' +
          '\n' +
          '&lt;p&gt;&lt;a href="/r/IncredibleIndia"&gt;r/IncredibleIndia&lt;/a&gt; &lt;/p&gt;\n' +
          '\n' +
          '&lt;p&gt;&lt;a href="/r/IndiaMain"&gt;r/IndiaMain&lt;/a&gt; &lt;/p&gt;\n' +
          '\n' +
          '&lt;p&gt;&lt;a href="/r/Mumbai"&gt;r/Mumbai&lt;/a&gt; &lt;/p&gt;\n' +
          '\n' +
          '&lt;p&gt;&lt;a href="/r/IndianGaming"&gt;r/IndianGaming&lt;/a&gt; &lt;/p&gt;\n' +
          '\n' +
          '&lt;p&gt;&lt;a href="/r/delhi"&gt;r/delhi&lt;/a&gt; &lt;/p&gt;\n' +
          '\n' +
          '&lt;p&gt;&lt;a href="/r/TILinIndia"&gt;r/TILinIndia&lt;/a&gt; &lt;/p&gt;\n' +
          '\n' +
          '&lt;p&gt;&lt;a href="/r/IndiaNonPolitical"&gt;r/IndiaNonPolitical&lt;/a&gt; &lt;/p&gt;\n' +
          '\n' +
          '&lt;p&gt;&lt;a href="/r/Pune"&gt;r/Pune&lt;/a&gt; &lt;/p&gt;\n' +
          '\n' +
          '&lt;p&gt;&lt;a href="/r/India"&gt;r/India&lt;/a&gt; &lt;/p&gt;\n' +
          '\n' +
          '&lt;p&gt;&lt;a href="/r/IndiaSpeaks"&gt;r/IndiaSpeaks&lt;/a&gt;&lt;/p&gt;\n' +
          '\n' +
          '&lt;p&gt;&lt;a href="/r/IndiaSocial"&gt;r/IndiaSocial&lt;/a&gt;&lt;/p&gt;\n' +
          '&lt;/div&gt;&lt;!-- SC_ON --&gt;',
        spoilers_enabled: false,
        comment_contribution_settings: { allowed_media_types: null },
        allow_talks: false,
        header_size: null,
        user_flair_position: 'right',
        all_original_content: false,
        has_menu_widget: false,
        is_enrolled_in_new_modmail: null,
        key_color: '',
        can_assign_user_flair: false,
        created: 1524453361,
        wls: 6,
        show_media_preview: true,
        submission_type: 'self',
        user_is_subscriber: null,
        allowed_media_in_comments: [],
        allow_videogifs: false,
        should_archive_posts: false,
        user_flair_type: 'text',
        allow_polls: false,
        collapse_deleted_comments: true,
        emojis_custom_size: null,
        public_description_html: '&lt;!-- SC_OFF --&gt;&lt;div class="md"&gt;&lt;p&gt;A subreddit for discussions about Indian higher education, research, admissions process, career advice, resource sharing, and similar topics.&lt;/p&gt;\n' +
          '&lt;/div&gt;&lt;!-- SC_ON --&gt;',
        allow_videos: false,
        is_crosspostable_subreddit: false,
        suggested_comment_sort: null,
        should_show_media_in_comments_setting: true,
        can_assign_link_flair: true,
        accounts_active_is_fuzzed: false,
        allow_prediction_contributors: false,
        submit_text_label: '',
        link_flair_position: 'left',
        user_sr_flair_enabled: null,
        user_flair_enabled_in_sr: false,
        allow_chat_post_creation: false,
        allow_discovery: true,
        accept_followers: true,
        user_sr_theme_enabled: true,
        link_flair_enabled: true,
        disable_contributor_requests: true,
        subreddit_type: 'public',
        notification_level: null,
        banner_img: '',
        user_flair_text: null,
        banner_background_color: '#929ba0',
        show_media: true,
        id: 'idfco',
        user_is_contributor: null,
        over18: false,
        header_title: '',
        description: '##Welcome to /r/Indian_Academia!\n' +
          '\n' +
          'Please read our wiki: https://www.reddit.com/r/Indian_Academia/wiki/all_wiki_index\n' +
          '\n' +
          'A subreddit for discussions about Indian higher education, research, admissions process, career advice, resource sharing, and other relevant topics.  [Send message to moderators by clicking here, if you need any help](https://www.reddit.com/message/compose/?to=/r/Indian_Academia)\n' +
          '\n' +
          '[1. NEET Prep Guidance Thread](https://www.reddit.com/r/Indian_Academia/comments/k2hgoh/neet_study_guidance_v1)\n' +
          '\n' +
          '[2. JEE Prep Guidance Thread](https://www.reddit.com/r/Indian_Academia/comments/k23ef7/jee_study_guidance_v1/)\n' +
          '\n' +
          '[4. Monthly Once Sticky : Links to external study / groups ] (https://www.reddit.com/r/Indian_Academia/comments/kbqt0j/monthly_once_sticky_links_to_external_study_groups/)\n' +
          '\n' +
          '[6. ITAF: Is there anyone from XYZ branch/college #megathread](https://www.reddit.com/r/Indian_Academia/comments/kg203t/itaf_is_there_anyone_from_xyz_branchcollegeplanet/)\n' +
          '\n' +
          '[7. I got X marks, which branch can I get? #megathread](https://www.reddit.com/r/Indian_Academia/comments/kg1vzv/i_got_x_marks_which_branch_can_i_get_megathread/)\n' +
          '\n' +
          '[8. JEE 2021 Registration Related Queries](https://www.reddit.com/r/Indian_Academia/comments/kfbf00/jee_2021_registration_related_queries/)\n' +
          '\n' +
          '---------------------------------------------------------   \n' +
          '\n' +
          '#Rules:\n' +
          '\n' +
          '1.Make the title **very** informative. In the title, ask exact question which is TLDR/Summary of your post. Add as many specific keywords as you can in the title (related to your specific situation). All vague titles (and content) posts will be removed.\n' +
          '\n' +
          '\n' +
          '-----------------------------------------------------\n' +
          '\n' +
          '#Some useful links: \n' +
          '\n' +
          '[National Scholarship Portal](https://scholarships.gov.in/)\n' +
          '\n' +
          '[MHRD Sakshat - Most of the abroad learning scholarships](http://proposal.sakshat.ac.in/scholarship/)\n' +
          '\n' +
          '[Academia Stack Exchange - For non-local/general academy questions](https://academia.stackexchange.com/)\n' +
          '\n' +
          '[National Digital Library of India](https://ndl.iitkgp.ac.in/)\n' +
          '\n' +
          '[NPTEL - Online Certificate Courses from IITs and IISc](http://nptel.ac.in/)\n' +
          '\n' +
          '[Science and Engineering Research Board](http://serb.gov.in/home.php)\n' +
          '\n' +
          '[National Institutional Ranking Framework](https://www.nirfindia.org/Home)\n' +
          '\n' +
          '[Vigyanprasar - India Science Wire](http://vigyanprasar.gov.in/isw/isw.htm)\n' +
          '\n' +
          '[Source link suggestion post](https://www.reddit.com/r/Indian_Academia/comments/8e9jnl/if_you_all_know_any_of_the_sources_which_would_be/)\n' +
          '\n' +
          '------------------------------------------\n' +
          '\n' +
          '#Subs helping us by mentioning our sub in their sidebar/wiki:\n' +
          '\n' +
          'r/AskAcademia\n' +
          '\n' +
          'r/NPTEL \n' +
          '\n' +
          'r/indianews \n' +
          '\n' +
          'r/IncredibleIndia \n' +
          '\n' +
          'r/IndiaMain \n' +
          '\n' +
          'r/Mumbai \n' +
          '\n' +
          'r/IndianGaming \n' +
          '\n' +
          'r/delhi \n' +
          '\n' +
          'r/TILinIndia \n' +
          '\n' +
          'r/IndiaNonPolitical \n' +
          '\n' +
          'r/Pune \n' +
          '\n' +
          'r/India \n' +
          '\n' +
          'r/IndiaSpeaks\n' +
          '\n' +
          'r/IndiaSocial',
        is_chat_post_feature_enabled: true,
        submit_link_label: '',
        user_flair_text_color: null,
        restrict_commenting: false,
        user_flair_css_class: null,
        allow_images: true,
        lang: 'en',
        whitelist_status: 'all_ads',
        url: '/r/Indian_Academia/',
        created_utc: 1524453361,
        banner_size: null,
        mobile_banner_image: '',
        user_is_moderator: null,
        allow_predictions_tournament: false
      },
      {
        user_flair_background_color: null,
        submit_text_html: '&lt;!-- SC_OFF --&gt;&lt;div class="md"&gt;&lt;h2&gt;Please check the subreddit &lt;a href="https://www.reddit.com/r/manufacturing/about/rules/"&gt;rules&lt;/a&gt; before submitting.&lt;/h2&gt;\n' +
          '\n' +
          '&lt;p&gt;&lt;strong&gt;Ignorance is no excuse.&lt;/strong&gt;&lt;/p&gt;\n' +
          '&lt;/div&gt;&lt;!-- SC_ON --&gt;',
        restrict_posting: true,
        user_is_banned: null,
        free_form_reports: true,
        wiki_enabled: false,
        user_is_muted: null,
        user_can_flair_in_sr: null,
        display_name: 'manufacturing',
        header_img: 'https://b.thumbs.redditmedia.com/XKfTXhTAmEGNlDDy.png',
        title: 'News from the manufacturing industry',
        allow_galleries: true,
        icon_size: null,
        primary_color: '',
        active_user_count: null,
        icon_img: '',
        display_name_prefixed: 'r/manufacturing',
        accounts_active: null,
        public_traffic: false,
        subscribers: 50344,
        user_flair_richtext: [],
        name: 't5_2qz70',
        quarantine: false,
        hide_ads: false,
        prediction_leaderboard_entry_type: 'SUBREDDIT_HEADER',
        emojis_enabled: false,
        advertiser_category: '',
        public_description: "A subreddit for anyone in the manufacturing industry. Content is very diverse: you'll find videos, articles and self posts just to name a few.",
        comment_score_hide_mins: 0,
        allow_predictions: false,
        user_has_favorited: null,
        user_flair_template_id: null,
        community_icon: '',
        banner_background_image: '',
        original_content_tag_enabled: false,
        community_reviewed: true,
        submit_text: '## Please check the subreddit [rules](https://www.reddit.com/r/manufacturing/about/rules/) before submitting. \n' +
          '\n' +
          '**Ignorance is no excuse.**',
        description_html: '&lt;!-- SC_OFF --&gt;&lt;div class="md"&gt;&lt;h2&gt;Welcome to &lt;a href="/r/manufacturing"&gt;/r/manufacturing&lt;/a&gt;!&lt;/h2&gt;\n' +
          '\n' +
          '&lt;p&gt;&lt;strong&gt;The subreddit for the manufacturing industry.&lt;/strong&gt;&lt;/p&gt;\n' +
          '\n' +
          '&lt;p&gt;&amp;nbsp;&lt;/p&gt;\n' +
          '\n' +
          '&lt;hr/&gt;\n' +
          '\n' +
          '&lt;p&gt;&lt;strong&gt;Post not showing up?&lt;/strong&gt; &lt;a href="/message/compose?to=%2Fr%2Fmanufacturing"&gt;Message the mods.&lt;/a&gt;&lt;/p&gt;\n' +
          '\n' +
          '&lt;hr/&gt;\n' +
          '\n' +
          '&lt;p&gt;&lt;strong&gt;Willing to do an AMA?&lt;/strong&gt; &lt;a href="/message/compose?to=%2Fr%2Fmanufacturing"&gt;Message the mods.&lt;/a&gt;&lt;/p&gt;\n' +
          '\n' +
          '&lt;hr/&gt;\n' +
          '\n' +
          '&lt;p&gt;&amp;nbsp;&lt;/p&gt;\n' +
          '\n' +
          '&lt;h1&gt;Rules&lt;/h1&gt;\n' +
          '\n' +
          '&lt;p&gt;&lt;em&gt;The full rules can be found &lt;a href="https://www.reddit.com/r/manufacturing/about/rules/"&gt;here&lt;/a&gt;, and take priority over the summary below.&lt;/em&gt;&lt;/p&gt;\n' +
          '\n' +
          '&lt;p&gt;&amp;nbsp;&lt;/p&gt;\n' +
          '\n' +
          '&lt;ol&gt;\n' +
          '&lt;li&gt;Posts must be in English.&lt;/li&gt;\n' +
          '&lt;li&gt;Posts trying to sell products or services are not allowed. \n' +
          '\n' +
          '&lt;ul&gt;\n' +
          '&lt;li&gt;Replying to requests is the only exception to this rule.&lt;/li&gt;\n' +
          '&lt;li&gt;Free trials and similar offers are not allowed.&lt;/li&gt;\n' +
          '&lt;/ul&gt;&lt;/li&gt;\n' +
          '&lt;li&gt;This is not the place for market research or other surveys. &lt;/li&gt;\n' +
          '&lt;li&gt; Company blog submissions are only allowed on Saturdays.&lt;/li&gt;\n' +
          '&lt;li&gt;Video submissions are &lt;a href="https://www.reddit.com/r/manufacturing/comments/o1f8jn/new_rule_restrictions_to_video_submissions/?"&gt;heavily restricted&lt;/a&gt;. &lt;/li&gt;\n' +
          '&lt;/ol&gt;\n' +
          '\n' +
          '&lt;p&gt;Unsure of something? &lt;a href="/message/compose?to=%2Fr%2Fmanufacturing"&gt;Message the mods!&lt;/a&gt;&lt;/p&gt;\n' +
          '\n' +
          '&lt;p&gt;&amp;nbsp;&lt;/p&gt;\n' +
          '\n' +
          '&lt;p&gt;Posts that do not follow these rules will be removed on sight. See any posts breaking these rules? Hit the &lt;strong&gt;report&lt;/strong&gt; button!  &lt;/p&gt;\n' +
          '\n' +
          '&lt;p&gt;&amp;nbsp;&lt;/p&gt;\n' +
          '\n' +
          '&lt;hr/&gt;\n' +
          '\n' +
          '&lt;p&gt;&amp;nbsp;&lt;/p&gt;\n' +
          '\n' +
          '&lt;h3&gt;Other subreddits you might enjoy:&lt;/h3&gt;\n' +
          '\n' +
          '&lt;blockquote&gt;\n' +
          '&lt;p&gt;&lt;a href="/r/3Dprinting"&gt;/r/3Dprinting&lt;/a&gt;&lt;br/&gt;\n' +
          '&lt;a href="/r/AskEngineers"&gt;/r/AskEngineers&lt;/a&gt;&lt;br/&gt;\n' +
          '&lt;a href="/r/Automate"&gt;/r/Automate&lt;/a&gt;&lt;br/&gt;\n' +
          '&lt;a href="/r/CNC"&gt;/r/CNC&lt;/a&gt;&lt;br/&gt;\n' +
          '&lt;a href="/r/CAD"&gt;/r/CAD&lt;/a&gt;&lt;br/&gt;\n' +
          '&lt;a href="/r/Engineering"&gt;/r/Engineering&lt;/a&gt;&lt;br/&gt;\n' +
          '&lt;a href="/r/EngineeringResumes"&gt;/r/EngineeringResumes&lt;/a&gt;&lt;br/&gt;\n' +
          '&lt;a href="/r/functionalprint"&gt;/r/functionalprint&lt;/a&gt;&lt;br/&gt;\n' +
          '&lt;a href="/r/IndustrialDesign"&gt;/r/IndustrialDesign&lt;/a&gt;&lt;br/&gt;\n' +
          '&lt;a href="/r/IndustrialEngineering"&gt;/r/IndustrialEngineering&lt;/a&gt;&lt;br/&gt;\n' +
          '&lt;a href="/r/JustRolledIntoTheShop"&gt;/r/JustRolledIntoTheShop&lt;/a&gt;&lt;br/&gt;\n' +
          '&lt;a href="/r/Machining"&gt;/r/Machining&lt;/a&gt;\n' +
          '&lt;a href="/r/Machinists"&gt;/r/Machinists&lt;/a&gt;&lt;br/&gt;\n' +
          '&lt;a href="/r/Mechanical_gifs"&gt;/r/Mechanical_gifs&lt;/a&gt;&lt;br/&gt;\n' +
          '&lt;a href="/r/Metalworking"&gt;/r/Metalworking&lt;/a&gt;&lt;br/&gt;\n' +
          '&lt;a href="/r/Metrology"&gt;/r/Metrology&lt;/a&gt;&lt;br/&gt;\n' +
          '&lt;a href="/r/PrintedCircuitBoard"&gt;/r/PrintedCircuitBoard&lt;/a&gt;&lt;br/&gt;\n' +
          '&lt;a href="/r/Product_Design"&gt;/r/Product_Design&lt;/a&gt;&lt;br/&gt;\n' +
          '&lt;a href="/r/SupplyChain"&gt;/r/SupplyChain&lt;/a&gt;&lt;br/&gt;\n' +
          '&lt;a href="/r/ThingsCutInHalfPorn"&gt;/r/ThingsCutInHalfPorn&lt;/a&gt;&lt;br/&gt;\n' +
          '&lt;a href="/r/Toolgifs"&gt;/r/Toolgifs&lt;/a&gt;&lt;br/&gt;\n' +
          '&lt;a href="/r/Workboots"&gt;/r/Workboots&lt;/a&gt;&lt;/p&gt;\n' +
          '&lt;/blockquote&gt;\n' +
          '\n' +
          '&lt;p&gt;&amp;nbsp;&lt;/p&gt;\n' +
          '\n' +
          '&lt;p&gt;&lt;sup&gt;&lt;em&gt;Working Snoo logo by &lt;a href="/u/SevenEyes"&gt;/u/SevenEyes&lt;/a&gt;&lt;/em&gt;&lt;/sup&gt;&lt;/p&gt;\n' +
          '&lt;/div&gt;&lt;!-- SC_ON --&gt;',
        spoilers_enabled: false,
        comment_contribution_settings: { allowed_media_types: null },
        allow_talks: false,
        header_size: [ 50, 50 ],
        user_flair_position: 'right',
        all_original_content: false,
        has_menu_widget: false,
        is_enrolled_in_new_modmail: null,
        key_color: '',
        can_assign_user_flair: true,
        created: 1243350418,
        wls: 6,
        show_media_preview: true,
        submission_type: 'any',
        user_is_subscriber: null,
        allowed_media_in_comments: [],
        allow_videogifs: true,
        should_archive_posts: false,
        user_flair_type: 'text',
        allow_polls: false,
        collapse_deleted_comments: false,
        emojis_custom_size: null,
        public_description_html: '&lt;!-- SC_OFF --&gt;&lt;div class="md"&gt;&lt;p&gt;A subreddit for anyone in the manufacturing industry. Content is very diverse: you&amp;#39;ll find videos, articles and self posts just to name a few.&lt;/p&gt;\n' +
          '&lt;/div&gt;&lt;!-- SC_ON --&gt;',
        allow_videos: false,
        is_crosspostable_subreddit: false,
        suggested_comment_sort: null,
        should_show_media_in_comments_setting: true,
        can_assign_link_flair: true,
        accounts_active_is_fuzzed: false,
        allow_prediction_contributors: false,
        submit_text_label: '',
        link_flair_position: 'left',
        user_sr_flair_enabled: null,
        user_flair_enabled_in_sr: false,
        allow_chat_post_creation: false,
        allow_discovery: true,
        accept_followers: true,
        user_sr_theme_enabled: true,
        link_flair_enabled: true,
        disable_contributor_requests: false,
        subreddit_type: 'public',
        notification_level: null,
        banner_img: '',
        user_flair_text: null,
        banner_background_color: '',
        show_media: true,
        id: '2qz70',
        user_is_contributor: null,
        over18: false,
        header_title: '',
        description: '## Welcome to /r/manufacturing!   \n' +
          '**The subreddit for the manufacturing industry.**\n' +
          '\n' +
          '&amp;nbsp;\n' +
          '\n' +
          '---\n' +
          '\n' +
          '**Post not showing up?** [Message the mods.](/message/compose?to=%2Fr%2Fmanufacturing)\n' +
          '\n' +
          '---\n' +
          '\n' +
          '**Willing to do an AMA?** [Message the mods.](/message/compose?to=%2Fr%2Fmanufacturing)\n' +
          '\n' +
          '---\n' +
          '\n' +
          '&amp;nbsp;\n' +
          '\n' +
          '#Rules\n' +
          '\n' +
          '*The full rules can be found [here](https://www.reddit.com/r/manufacturing/about/rules/), and take priority over the summary below.*\n' +
          '\n' +
          '&amp;nbsp;\n' +
          '\n' +
          '1. Posts must be in English.\n' +
          '1. Posts trying to sell products or services are not allowed. \n' +
          ' * Replying to requests is the only exception to this rule.\n' +
          ' * Free trials and similar offers are not allowed.\n' +
          '1. This is not the place for market research or other surveys. \n' +
          '1.  Company blog submissions are only allowed on Saturdays.\n' +
          '1. Video submissions are [heavily restricted](https://www.reddit.com/r/manufacturing/comments/o1f8jn/new_rule_restrictions_to_video_submissions/?). \n' +
          '\n' +
          'Unsure of something? [Message the mods!](/message/compose?to=%2Fr%2Fmanufacturing)\n' +
          '\n' +
          '&amp;nbsp;\n' +
          '\n' +
          'Posts that do not follow these rules will be removed on sight. See any posts breaking these rules? Hit the **report** button!  \n' +
          '\n' +
          '&amp;nbsp;\n' +
          '\n' +
          '---\n' +
          '\n' +
          '&amp;nbsp;\n' +
          '\n' +
          '###Other subreddits you might enjoy:\n' +
          '\n' +
          '&gt; /r/3Dprinting  \n' +
          '/r/AskEngineers  \n' +
          '/r/Automate  \n' +
          '/r/CNC  \n' +
          '/r/CAD  \n' +
          '/r/Engineering  \n' +
          '/r/EngineeringResumes  \n' +
          '/r/functionalprint  \n' +
          '/r/IndustrialDesign  \n' +
          '/r/IndustrialEngineering  \n' +
          '/r/JustRolledIntoTheShop  \n' +
          '/r/Machining\n' +
          '/r/Machinists  \n' +
          '/r/Mechanical_gifs  \n' +
          '/r/Metalworking  \n' +
          '/r/Metrology  \n' +
          '/r/PrintedCircuitBoard  \n' +
          '/r/Product_Design  \n' +
          '/r/SupplyChain  \n' +
          '/r/ThingsCutInHalfPorn  \n' +
          '/r/Toolgifs  \n' +
          '/r/Workboots\n' +
          '\n' +
          '&amp;nbsp;\n' +
          '\n' +
          '^(*Working Snoo logo by /u/SevenEyes*)',
        is_chat_post_feature_enabled: true,
        submit_link_label: '',
        user_flair_text_color: null,
        restrict_commenting: false,
        user_flair_css_class: null,
        allow_images: true,
        lang: 'en',
        whitelist_status: 'all_ads',
        url: '/r/manufacturing/',
        created_utc: 1243350418,
        banner_size: null,
        mobile_banner_image: '',
        user_is_moderator: null,
        allow_predictions_tournament: false
      }
    ]

      at src/features/feed/homeSlice.js:105:17

  console.log
    subreddits: [
      {
        user_flair_background_color: null,
        submit_text_html: null,
        restrict_posting: true,
        user_is_banned: null,
        free_form_reports: true,
        wiki_enabled: false,
        user_is_muted: null,
        user_can_flair_in_sr: null,
        display_name: 'MechanicalEngineering',
        header_img: null,
        title: 'The ME Hang Out',
        allow_galleries: true,
        icon_size: null,
        primary_color: '',
        active_user_count: null,
        icon_img: '',
        display_name_prefixed: 'r/MechanicalEngineering',
        accounts_active: null,
        public_traffic: false,
        subscribers: 103894,
        user_flair_richtext: [],
        name: 't5_2s8xv',
        quarantine: false,
        hide_ads: false,
        prediction_leaderboard_entry_type: 'SUBREDDIT_HEADER',
        emojis_enabled: false,
        advertiser_category: '',
        public_description: '',
        comment_score_hide_mins: 0,
        allow_predictions: false,
        user_has_favorited: null,
        user_flair_template_id: null,
        community_icon: 'https://styles.redditmedia.com/t5_2s8xv/styles/communityIcon_ghf6yswpyyf61.png?width=256&amp;s=19e4d91a6328f6822af955cfee67a251dde9ed69',
        banner_background_image: '',
        original_content_tag_enabled: false,
        community_reviewed: true,
        submit_text: '',
        description_html: '&lt;!-- SC_OFF --&gt;&lt;div class="md"&gt;&lt;h2&gt;&lt;a href="/r/MechanicalEngineering"&gt;/r/MechanicalEngineering&lt;/a&gt;!&lt;/h2&gt;\n' +
          '\n' +
          '&lt;p&gt;The gathering place for mechanical engineers to discuss current technology, methods, jobs, and anything else related to mechanical engineering.&lt;/p&gt;\n' +
          '\n' +
          '&lt;p&gt;Feel free to share anything you feel is relevant. Threads related to current projects (home or work), discussion threads, best practices, and everything in between are more than welcome.&lt;/p&gt;\n' +
          '\n' +
          '&lt;p&gt;&lt;strong&gt;Read the side bar and all rules before posting.&lt;/strong&gt;&lt;/p&gt;\n' +
          '\n' +
          '&lt;h2&gt;Posting Rules&lt;/h2&gt;\n' +
          '\n' +
          '&lt;ol&gt;\n' +
          '&lt;li&gt;&lt;p&gt;Keep all posts and comments constructive and good natured.&lt;/p&gt;&lt;/li&gt;\n' +
          '&lt;li&gt;&lt;p&gt;No advertising/self-promotion allowed. (No direct links to product websites) If you&amp;#39;d like to discuss a particular product please do so in a self post.&lt;/p&gt;&lt;/li&gt;\n' +
          '&lt;li&gt;&lt;p&gt;All low effort posts will be removed. These will be evaluated on a &amp;#39;per-post&amp;#39; basis.&lt;/p&gt;&lt;/li&gt;\n' +
          '&lt;li&gt;&lt;p&gt;&amp;#39;Design this for me&amp;#39; posts will be removed. &amp;#39;How do I do this&amp;#39; posts will be removed unless it&amp;#39;s clear sufficient thought has already been given to the problem.&lt;/p&gt;&lt;/li&gt;\n' +
          '&lt;li&gt;&lt;p&gt;Images are allowed provided they are relevant to mechanical engineering or the the posted topic.&lt;/p&gt;&lt;/li&gt;\n' +
          '&lt;li&gt;&lt;p&gt;All school/university related items please see &lt;a href="http://www.reddit.com/r/EngineeringStudents"&gt;Engineering Students&lt;/a&gt;&lt;/p&gt;&lt;/li&gt;\n' +
          '&lt;li&gt;&lt;p&gt;Looking for help with your resume or portfolio? Head on over to &lt;a href="http://www.reddit.com/r/EngineeringResumes"&gt;Engineering Resumes&lt;/a&gt;&lt;/p&gt;&lt;/li&gt;\n' +
          '&lt;/ol&gt;\n' +
          '\n' +
          '&lt;h2&gt;Flair&lt;/h2&gt;\n' +
          '\n' +
          '&lt;p&gt;Users are encouraged to add their own user flair to denote what industry or discipline they work in.&lt;/p&gt;\n' +
          '\n' +
          '&lt;hr/&gt;\n' +
          '\n' +
          '&lt;h3&gt;Reporting Posts&lt;/h3&gt;\n' +
          '\n' +
          '&lt;p&gt;Please report any post(s) which you feel violates the above rules, or reddiquette. If the reason is not obvious, please use the &amp;#39;other&amp;#39; box and provide a short explanation for the report.&lt;/p&gt;\n' +
          '\n' +
          '&lt;hr/&gt;\n' +
          '\n' +
          '&lt;h3&gt;Other Discipline Subreddits&lt;/h3&gt;\n' +
          '\n' +
          '&lt;ul&gt;\n' +
          '&lt;li&gt;&lt;p&gt;&lt;a href="http://www.reddit.com/r/engineering"&gt;General&lt;/a&gt;&lt;/p&gt;&lt;/li&gt;\n' +
          '&lt;li&gt;&lt;p&gt;&lt;a href="http://www.reddit.com/r/AskEngineers"&gt;Electrical&lt;/a&gt;&lt;/p&gt;&lt;/li&gt;\n' +
          '&lt;li&gt;&lt;p&gt;&lt;a href="http://www.reddit.com/r/chemicalengineering"&gt;Chemical&lt;/a&gt;&lt;/p&gt;&lt;/li&gt;\n' +
          '&lt;li&gt;&lt;p&gt;&lt;a href="http://www.reddit.com/r/bioengineering"&gt;Biological&lt;/a&gt;&lt;/p&gt;&lt;/li&gt;\n' +
          '&lt;li&gt;&lt;p&gt;&lt;a href="http://www.reddit.com/r/civilengineering"&gt;Civil&lt;/a&gt;&lt;/p&gt;&lt;/li&gt;\n' +
          '&lt;li&gt;&lt;p&gt;&lt;a href="http://www.reddit.com/r/Manufacturing"&gt;Manufacturing&lt;/a&gt;&lt;/p&gt;&lt;/li&gt;\n' +
          '&lt;li&gt;&lt;p&gt;&lt;a href="http://www.reddit.com/r/AeroSpace"&gt;Aerospace&lt;/a&gt;&lt;/p&gt;&lt;/li&gt;\n' +
          '&lt;li&gt;&lt;p&gt;&lt;a href="http://www.reddit.com/r/thermodynamics"&gt;Thermodynamics&lt;/a&gt;&lt;/p&gt;&lt;/li&gt;\n' +
          '&lt;/ul&gt;\n' +
          '\n' +
          '&lt;hr/&gt;\n' +
          '\n' +
          '&lt;h3&gt;Other Engineering Related Subreddits&lt;/h3&gt;\n' +
          '\n' +
          '&lt;ul&gt;\n' +
          '&lt;li&gt;&lt;p&gt;&lt;a href="http://www.reddit.com/r/AskEngineers"&gt;Ask Engineers&lt;/a&gt;&lt;/p&gt;&lt;/li&gt;\n' +
          '&lt;li&gt;&lt;p&gt;&lt;a href="http://www.reddit.com/r/CAD"&gt;Computer Aided Design&lt;/a&gt;&lt;/p&gt;&lt;/li&gt;\n' +
          '&lt;li&gt;&lt;p&gt;&lt;a href="http://www.reddit.com/r/FEA"&gt;Finite Element Analysis&lt;/a&gt;&lt;/p&gt;&lt;/li&gt;\n' +
          '&lt;li&gt;&lt;p&gt;&lt;a href="http://www.reddit.com/r/PLC"&gt;Programmable Logic Controllers&lt;/a&gt;&lt;/p&gt;&lt;/li&gt;\n' +
          '&lt;li&gt;&lt;p&gt;&lt;a href="http://www.reddit.com/r/ThermalPerformance"&gt;Thermal Performance&lt;/a&gt;&lt;/p&gt;&lt;/li&gt;\n' +
          '&lt;/ul&gt;\n' +
          '&lt;/div&gt;&lt;!-- SC_ON --&gt;',
        spoilers_enabled: true,
        comment_contribution_settings: { allowed_media_types: null },
        allow_talks: false,
        header_size: null,
        user_flair_position: 'right',
        all_original_content: false,
        has_menu_widget: false,
        is_enrolled_in_new_modmail: null,
        key_color: '',
        can_assign_user_flair: true,
        created: 1293592573,
        wls: 6,
        show_media_preview: true,
        submission_type: 'any',
        user_is_subscriber: null,
        allowed_media_in_comments: [],
        allow_videogifs: true,
        should_archive_posts: false,
        user_flair_type: 'text',
        allow_polls: true,
        collapse_deleted_comments: false,
        emojis_custom_size: null,
        public_description_html: null,
        allow_videos: false,
        is_crosspostable_subreddit: false,
        suggested_comment_sort: null,
        should_show_media_in_comments_setting: true,
        can_assign_link_flair: false,
        accounts_active_is_fuzzed: false,
        allow_prediction_contributors: false,
        submit_text_label: '',
        link_flair_position: '',
        user_sr_flair_enabled: null,
        user_flair_enabled_in_sr: false,
        allow_chat_post_creation: false,
        allow_discovery: true,
        accept_followers: true,
        user_sr_theme_enabled: true,
        link_flair_enabled: false,
        disable_contributor_requests: false,
        subreddit_type: 'public',
        notification_level: null,
        banner_img: '',
        user_flair_text: null,
        banner_background_color: '',
        show_media: true,
        id: '2s8xv',
        user_is_contributor: null,
        over18: false,
        header_title: '',
        description: '## /r/MechanicalEngineering!\n' +
          '\n' +
          'The gathering place for mechanical engineers to discuss current technology, methods, jobs, and anything else related to mechanical engineering.\n' +
          '\n' +
          'Feel free to share anything you feel is relevant. Threads related to current projects (home or work), discussion threads, best practices, and everything in between are more than welcome.\n' +
          '\n' +
          '**Read the side bar and all rules before posting.**\n' +
          '\n' +
          '## Posting Rules\n' +
          '\n' +
          '1. Keep all posts and comments constructive and good natured.\n' +
          '\n' +
          "2. No advertising/self-promotion allowed. (No direct links to product websites) If you'd like to discuss a particular product please do so in a self post.\n" +
          '\n' +
          "3. All low effort posts will be removed. These will be evaluated on a 'per-post' basis.\n" +
          '\n' +
          "4. 'Design this for me' posts will be removed. 'How do I do this' posts will be removed unless it's clear sufficient thought has already been given to the problem.\n" +
          '\n' +
          '5. Images are allowed provided they are relevant to mechanical engineering or the the posted topic.\n' +
          '\n' +
          '6. All school/university related items please see [Engineering Students](http://www.reddit.com/r/EngineeringStudents)\n' +
          '\n' +
          '7. Looking for help with your resume or portfolio? Head on over to [Engineering Resumes](http://www.reddit.com/r/EngineeringResumes)\n' +
          '\n' +
          '## Flair\n' +
          '\n' +
          'Users are encouraged to add their own user flair to denote what industry or discipline they work in.\n' +
          '\n' +
          '---\n' +
          '###Reporting Posts\n' +
          '\n' +
          "Please report any post(s) which you feel violates the above rules, or reddiquette. If the reason is not obvious, please use the 'other' box and provide a short explanation for the report.\n" +
          '\n' +
          '---\n' +
          '\n' +
          '###Other Discipline Subreddits\n' +
          '\n' +
          '- [General](http://www.reddit.com/r/engineering)\n' +
          '\n' +
          '- [Electrical](http://www.reddit.com/r/AskEngineers)\n' +
          '\n' +
          '- [Chemical](http://www.reddit.com/r/chemicalengineering)\n' +
          '\n' +
          '- [Biological](http://www.reddit.com/r/bioengineering)\n' +
          '\n' +
          '- [Civil](http://www.reddit.com/r/civilengineering)\n' +
          '\n' +
          '- [Manufacturing](http://www.reddit.com/r/Manufacturing)\n' +
          '\n' +
          '- [Aerospace](http://www.reddit.com/r/AeroSpace)\n' +
          '\n' +
          '- [Thermodynamics](http://www.reddit.com/r/thermodynamics)\n' +
          '\n' +
          '---\n' +
          '\n' +
          '### Other Engineering Related Subreddits\n' +
          '\n' +
          '- [Ask Engineers](http://www.reddit.com/r/AskEngineers)\n' +
          '\n' +
          '- [Computer Aided Design](http://www.reddit.com/r/CAD)\n' +
          '\n' +
          '- [Finite Element Analysis](http://www.reddit.com/r/FEA)\n' +
          '\n' +
          '- [Programmable Logic Controllers](http://www.reddit.com/r/PLC)\n' +
          '\n' +
          '- [Thermal Performance](http://www.reddit.com/r/ThermalPerformance)',
        is_chat_post_feature_enabled: true,
        submit_link_label: '',
        user_flair_text_color: null,
        restrict_commenting: false,
        user_flair_css_class: null,
        allow_images: true,
        lang: 'en',
        whitelist_status: 'all_ads',
        url: '/r/MechanicalEngineering/',
        created_utc: 1293592573,
        banner_size: null,
        mobile_banner_image: '',
        user_is_moderator: null,
        allow_predictions_tournament: false
      },
      {
        user_flair_background_color: null,
        submit_text_html: null,
        restrict_posting: true,
        user_is_banned: null,
        free_form_reports: true,
        wiki_enabled: true,
        user_is_muted: null,
        user_can_flair_in_sr: null,
        display_name: 'MechanicalEngineer',
        header_img: null,
        title: 'Mechanical Engineering',
        allow_galleries: true,
        icon_size: null,
        primary_color: '',
        active_user_count: null,
        icon_img: '',
        display_name_prefixed: 'r/MechanicalEngineer',
        accounts_active: null,
        public_traffic: false,
        subscribers: 13554,
        user_flair_richtext: [],
        videostream_links_count: 0,
        name: 't5_2u0xg',
        quarantine: false,
        hide_ads: false,
        prediction_leaderboard_entry_type: 'IN_FEED',
        emojis_enabled: false,
        advertiser_category: '',
        public_description: 'A community for those that practice the broad discipline of mechanical engineering. ',
        comment_score_hide_mins: 0,
        allow_predictions: false,
        user_has_favorited: null,
        user_flair_template_id: null,
        community_icon: '',
        banner_background_image: '',
        original_content_tag_enabled: false,
        community_reviewed: true,
        submit_text: '',
        description_html: '&lt;!-- SC_OFF --&gt;&lt;div class="md"&gt;&lt;h1&gt;&lt;strong&gt;Welcome&lt;/strong&gt;&lt;/h1&gt;\n' +
          '\n' +
          '&lt;p&gt;This a community for all things related to engineering, especially those dedicated to the broad definition of mechanical engineering.  &lt;/p&gt;\n' +
          '\n' +
          '&lt;p&gt;This is a community where we can share the things we find interesting or relevant to the discipline.  &lt;/p&gt;\n' +
          '\n' +
          '&lt;p&gt;This is a place where we can come together to help solve problems or answer questions that we may be struggling with.&lt;/p&gt;\n' +
          '\n' +
          '&lt;hr/&gt;\n' +
          '\n' +
          '&lt;h1&gt;&lt;strong&gt;Rules&lt;/strong&gt;&lt;/h1&gt;\n' +
          '\n' +
          '&lt;ul&gt;\n' +
          '&lt;li&gt;&lt;p&gt;Questions / Inquiries : When posting questions please be sure to keep them in-line with what this subreddit is about. No questions that would be better geared towards a car mechanic or a technician. I know we all want to help solve problems but these questions don&amp;#39;t really belong here. &lt;/p&gt;&lt;/li&gt;\n' +
          '&lt;li&gt;&lt;p&gt;Submitting White Papers / Research Posts: When posting white papers or research articles please be sure to provide a link that leads to the actual report or paper. No posting of articles behind paywalls. &lt;/p&gt;&lt;/li&gt;\n' +
          '&lt;li&gt;&lt;p&gt;No advertising allowed&lt;/p&gt;&lt;/li&gt;\n' +
          '&lt;li&gt;&lt;p&gt;No Spamming&lt;/p&gt;&lt;/li&gt;\n' +
          '&lt;/ul&gt;\n' +
          '\n' +
          '&lt;hr/&gt;\n' +
          '\n' +
          '&lt;h1&gt;&lt;strong&gt;Related Subreddits&lt;/strong&gt;&lt;/h1&gt;\n' +
          '\n' +
          '&lt;p&gt;&lt;a href="https://www.reddit.com/r/MechanicalEngineering/"&gt;General Engineering&lt;/a&gt;&lt;br/&gt;\n' +
          '&lt;a href="https://www.reddit.com/r/ChemicalEngineering/"&gt;Chemical Engineers&lt;/a&gt;&lt;br/&gt;\n' +
          '&lt;a href="https://www.reddit.com/r/bioengineering/"&gt;Bio Engineers&lt;/a&gt;&lt;br/&gt;\n' +
          '&lt;a href="https://www.reddit.com/r/civilengineering/"&gt;Civil Engineers&lt;/a&gt;&lt;br/&gt;\n' +
          '&lt;a href="https://www.reddit.com/r/aerospace/"&gt;Aerospace Engineers&lt;/a&gt;&lt;br/&gt;\n' +
          '&lt;a href="https://www.reddit.com/r/EngineeringStudents/"&gt;Engineering Students&lt;/a&gt;&lt;br/&gt;\n' +
          '&lt;a href="https://www.reddit.com/r/computerscience/"&gt;Computer Science&lt;/a&gt;\n' +
          '&lt;a href="https://www.reddit.com/r/AskEngineers/"&gt;Ask Engineers&lt;/a&gt;&lt;br/&gt;\n' +
          '&lt;a href="https://www.reddit.com/r/askscience/"&gt;Ask Science&lt;/a&gt;&lt;br/&gt;\n' +
          '&lt;a href="https://www.reddit.com/r/thermodynamics/"&gt;Thermodynamics&lt;/a&gt; &lt;/p&gt;\n' +
          '&lt;/div&gt;&lt;!-- SC_ON --&gt;',
        spoilers_enabled: true,
        comment_contribution_settings: { allowed_media_types: null },
        allow_talks: false,
        header_size: null,
        user_flair_position: 'right',
        all_original_content: false,
        has_menu_widget: false,
        is_enrolled_in_new_modmail: null,
        key_color: '#545452',
        can_assign_user_flair: true,
        created: 1335994553,
        wls: 6,
        show_media_preview: true,
        submission_type: 'any',
        user_is_subscriber: null,
        allowed_media_in_comments: [],
        allow_videogifs: true,
        should_archive_posts: false,
        user_flair_type: 'text',
        allow_polls: true,
        collapse_deleted_comments: false,
        emojis_custom_size: null,
        public_description_html: '&lt;!-- SC_OFF --&gt;&lt;div class="md"&gt;&lt;p&gt;A community for those that practice the broad discipline of mechanical engineering. &lt;/p&gt;\n' +
          '&lt;/div&gt;&lt;!-- SC_ON --&gt;',
        allow_videos: true,
        is_crosspostable_subreddit: false,
        suggested_comment_sort: null,
        should_show_media_in_comments_setting: true,
        can_assign_link_flair: false,
        accounts_active_is_fuzzed: false,
        allow_prediction_contributors: false,
        submit_text_label: '',
        link_flair_position: '',
        user_sr_flair_enabled: null,
        user_flair_enabled_in_sr: false,
        allow_chat_post_creation: false,
        allow_discovery: true,
        accept_followers: true,
        user_sr_theme_enabled: true,
        link_flair_enabled: false,
        disable_contributor_requests: false,
        subreddit_type: 'public',
        notification_level: null,
        banner_img: '',
        user_flair_text: null,
        banner_background_color: '',
        show_media: true,
        id: '2u0xg',
        user_is_contributor: null,
        over18: false,
        header_title: '',
        description: '#**Welcome**\n' +
          'This a community for all things related to engineering, especially those dedicated to the broad definition of mechanical engineering.  \n' +
          '\n' +
          'This is a community where we can share the things we find interesting or relevant to the discipline.  \n' +
          '\n' +
          'This is a place where we can come together to help solve problems or answer questions that we may be struggling with.\n' +
          '\n' +
          '***\n' +
          '\n' +
          '#**Rules**\n' +
          "+ Questions / Inquiries : When posting questions please be sure to keep them in-line with what this subreddit is about. No questions that would be better geared towards a car mechanic or a technician. I know we all want to help solve problems but these questions don't really belong here. \n" +
          '\n' +
          '+ Submitting White Papers / Research Posts: When posting white papers or research articles please be sure to provide a link that leads to the actual report or paper. No posting of articles behind paywalls. \n' +
          '\n' +
          '+ No advertising allowed\n' +
          '\n' +
          '+ No Spamming\n' +
          ' \n' +
          '***\n' +
          '\n' +
          '#**Related Subreddits**\n' +
          '[General Engineering](https://www.reddit.com/r/MechanicalEngineering/)  \n' +
          '[Chemical Engineers](https://www.reddit.com/r/ChemicalEngineering/)  \n' +
          '[Bio Engineers](https://www.reddit.com/r/bioengineering/)  \n' +
          '[Civil Engineers](https://www.reddit.com/r/civilengineering/)  \n' +
          '[Aerospace Engineers](https://www.reddit.com/r/aerospace/)  \n' +
          '[Engineering Students](https://www.reddit.com/r/EngineeringStudents/)  \n' +
          '[Computer Science](https://www.reddit.com/r/computerscience/)\n' +
          '[Ask Engineers](https://www.reddit.com/r/AskEngineers/)  \n' +
          '[Ask Science](https://www.reddit.com/r/askscience/)  \n' +
          '[Thermodynamics](https://www.reddit.com/r/thermodynamics/) ',
        is_chat_post_feature_enabled: true,
        submit_link_label: '',
        user_flair_text_color: null,
        restrict_commenting: false,
        user_flair_css_class: null,
        allow_images: true,
        lang: 'en',
        whitelist_status: 'all_ads',
        url: '/r/MechanicalEngineer/',
        created_utc: 1335994553,
        banner_size: null,
        mobile_banner_image: '',
        user_is_moderator: null,
        allow_predictions_tournament: false
      },
      {
        user_flair_background_color: null,
        submit_text_html: '&lt;!-- SC_OFF --&gt;&lt;div class="md"&gt;&lt;p&gt;&lt;strong&gt;Search your question&lt;/strong&gt; &lt;strong&gt;&lt;em&gt;before&lt;/em&gt;&lt;/strong&gt; &lt;strong&gt;posting&lt;/strong&gt;&lt;/p&gt;\n' +
          '\n' +
          '&lt;p&gt;&lt;strong&gt;Resume posts/questions should be posted &lt;a href="/r/EngineeringResumes"&gt;/r/EngineeringResumes&lt;/a&gt;&lt;/strong&gt;&lt;/p&gt;\n' +
          '\n' +
          '&lt;p&gt;&lt;strong&gt;MEMES ARE ONLY ALLOWED SATURDAY, SUNDAY, AND MONDAY. MEME POSTS MADE OUTSIDE THIS TIME WILL BE REMOVED.&lt;/strong&gt;&lt;/p&gt;\n' +
          '\n' +
          '&lt;p&gt;&lt;strong&gt;NO LAPTOP QUESTIONS&lt;/strong&gt;&lt;/p&gt;\n' +
          '\n' +
          '&lt;p&gt;&lt;strong&gt;FOLLOW THE HOMEWORK HELP GUIDELINES AND STANDARD TEMPLATE&lt;/strong&gt;&lt;/p&gt;\n' +
          '\n' +
          '&lt;p&gt;&lt;strong&gt;POSTS ASKING FOR PDF COPIES OF TEXTBOOKS WILL ALSO BE REMOVED&lt;/strong&gt;&lt;/p&gt;\n' +
          '&lt;/div&gt;&lt;!-- SC_ON --&gt;',
        restrict_posting: true,
        user_is_banned: null,
        free_form_reports: false,
        wiki_enabled: true,
        user_is_muted: null,
        user_can_flair_in_sr: null,
        display_name: 'EngineeringStudents',
        header_img: 'https://f.thumbs.redditmedia.com/Azfg6mz7yvA3zHUG.png',
        title: 'EngineeringStudents: For those stuck doing math at 3am.',
        allow_galleries: true,
        icon_size: null,
        primary_color: '#646d73',
        active_user_count: null,
        icon_img: '',
        display_name_prefixed: 'r/EngineeringStudents',
        accounts_active: null,
        public_traffic: false,
        subscribers: 757380,
        user_flair_richtext: [],
        name: 't5_2sh0b',
        quarantine: false,
        hide_ads: false,
        prediction_leaderboard_entry_type: 'SUBREDDIT_HEADER',
        emojis_enabled: false,
        advertiser_category: 'Technology',
        public_description: 'This subreddit is currently restricted as a protest against recent decisions and personal behavior by Reddit Inc and its CEO.  For more information on what happened, see here: https://www.theverge.com/2023/6/5/23749188/reddit-subreddit-private-protest-api-changes-apollo-charges',
        comment_score_hide_mins: 120,
        allow_predictions: false,
        user_has_favorited: null,
        user_flair_template_id: null,
        community_icon: '',
        banner_background_image: '',
        original_content_tag_enabled: false,
        community_reviewed: true,
        submit_text: '**Search your question** ***before*** **posting**\n' +
          '\n' +
          '**Resume posts/questions should be posted /r/EngineeringResumes**\n' +
          '\n' +
          '**MEMES ARE ONLY ALLOWED SATURDAY, SUNDAY, AND MONDAY. MEME POSTS MADE OUTSIDE THIS TIME WILL BE REMOVED.**\n' +
          '\n' +
          '**NO LAPTOP QUESTIONS**\n' +
          '\n' +
          '**FOLLOW THE HOMEWORK HELP GUIDELINES AND STANDARD TEMPLATE**\n' +
          '\n' +
          '**POSTS ASKING FOR PDF COPIES OF TEXTBOOKS WILL ALSO BE REMOVED**',
        description_html: '&lt;!-- SC_OFF --&gt;&lt;div class="md"&gt;&lt;p&gt;&lt;strong&gt;Check out the official EngineeringStudents Discord!:&lt;/strong&gt;&lt;br/&gt;\n' +
          '&lt;strong&gt;&lt;a href="https://discord.gg/EngineeringStudents"&gt;discord.gg/EngineeringStudents&lt;/a&gt;&lt;/strong&gt;&lt;/p&gt;\n' +
          '\n' +
          '&lt;p&gt;This is a place for engineering students of any discipline to discuss study methods, get &lt;a href="https://www.reddit.com/r/EngineeringStudents/wiki/homeworkhelp"&gt;homework help&lt;/a&gt;, get job search advice, and find a compassionate ear when you get a 40% on your midterm after studying all night. &lt;/p&gt;\n' +
          '\n' +
          '&lt;hr/&gt;\n' +
          '\n' +
          '&lt;p&gt;&lt;a href="https://www.reddit.com/message/compose?to=%2Fr%2FEngineeringStudents"&gt;&lt;strong&gt;PM THE MODERATORS HERE&lt;/strong&gt;&lt;/a&gt;&lt;/p&gt;\n' +
          '\n' +
          '&lt;hr/&gt;\n' +
          '\n' +
          '&lt;p&gt;&lt;strong&gt;&lt;a href="https://reddit.com/r/EngineeringStudents/wiki/rules"&gt;RULES&lt;/a&gt;&lt;/strong&gt;&lt;/p&gt;\n' +
          '\n' +
          '&lt;p&gt;^ Read above for the expanded rules. Not reading them and then complaining will not earn you any sympathy. &lt;/p&gt;\n' +
          '\n' +
          '&lt;ol&gt;\n' +
          '&lt;li&gt;&lt;p&gt;If the topic of your post is currently covered in one of the megathreads/stickied posts at the top of the page, please put your content as a comment there instead. Otherwise your post may get deleted.&lt;/p&gt;&lt;/li&gt;\n' +
          '&lt;li&gt;&lt;p&gt;Do your own research, follow basic guidelines, and be sure to google your question beforehand. &lt;/p&gt;&lt;/li&gt;\n' +
          '&lt;li&gt;&lt;p&gt;&lt;a href="https://old.reddit.com/r/EngineeringStudents/wiki/homeworkhelp"&gt;Follow homework help guidelines&lt;/a&gt;&lt;/p&gt;&lt;/li&gt;\n' +
          '&lt;li&gt;&lt;p&gt;Racism, sexism or any other kind of intolerance or discrimination will not be tolerated.&lt;/p&gt;&lt;/li&gt;\n' +
          '&lt;li&gt;&lt;p&gt;Trolling, posts intentionally inciting conflict, personal attacks, and spam will be removed.&lt;/p&gt;&lt;/li&gt;\n' +
          '&lt;li&gt;&lt;p&gt;No pirated materials. &lt;/p&gt;&lt;/li&gt;\n' +
          '&lt;li&gt;&lt;p&gt;Avoid posting blogspam, blog self-promotion, or personally monetized links. You can be an account with a website, but not a website with an account. &lt;/p&gt;&lt;/li&gt;\n' +
          '&lt;li&gt;&lt;p&gt;Meme posts are allowed only Saturday, Sunday, and Monday. Meme posts made outside this time will be removed.  &lt;/p&gt;&lt;/li&gt;\n' +
          '&lt;li&gt;&lt;p&gt;No laptop posts. &lt;/p&gt;&lt;/li&gt;\n' +
          '&lt;/ol&gt;\n' +
          '\n' +
          '&lt;hr/&gt;\n' +
          '\n' +
          '&lt;p&gt;&lt;strong&gt;&lt;a href="https://reddit.com/r/EngineeringStudents/wiki/index"&gt;RESOURCES&lt;/a&gt;&lt;/strong&gt;&lt;/p&gt;\n' +
          '\n' +
          '&lt;p&gt;&lt;strong&gt;General&lt;/strong&gt;&lt;/p&gt;\n' +
          '\n' +
          '&lt;p&gt;&lt;a href="https://cosmolearning.org/"&gt;CosmoLearning&lt;/a&gt;\n' +
          '&lt;a href="https://ocw.mit.edu/index.htm"&gt;MIT OpenCourseware&lt;/a&gt;&lt;/p&gt;\n' +
          '\n' +
          '&lt;p&gt;&lt;a href="https://www.open.ac.uk/about/open-educational-resources/openlearn"&gt;LearningSpace&lt;/a&gt;&lt;/p&gt;\n' +
          '\n' +
          '&lt;p&gt;&lt;a href="https://www.engineer4free.com/"&gt;Engineer4Free&lt;/a&gt;  &lt;/p&gt;\n' +
          '\n' +
          '&lt;p&gt;&lt;a href="https://www.reddit.com/r/SuicideWatch/wiki/hotlines?v=462381b7-9edc-11eb-bd93-0e09ea1039cb"&gt;Mental Health Resources&lt;/a&gt;&lt;/p&gt;\n' +
          '\n' +
          '&lt;p&gt;&lt;strong&gt;Best of Threads&lt;/strong&gt;  &lt;/p&gt;\n' +
          '\n' +
          '&lt;p&gt;&lt;a href="http://www.reddit.com/r/EngineeringStudents/comments/25eg2o/best_engineering_student_tools/"&gt;School Supplies&lt;/a&gt;&lt;/p&gt;\n' +
          '\n' +
          '&lt;p&gt;&lt;a href="http://www.reddit.com/r/EngineeringStudents/comments/rsxlk/help_me_compile_a_best_of_collection_for/"&gt;Old Overall Thread Compilation&lt;/a&gt;&lt;/p&gt;\n' +
          '\n' +
          '&lt;p&gt;&lt;strong&gt;Math&lt;/strong&gt;&lt;/p&gt;\n' +
          '\n' +
          '&lt;p&gt;&lt;a href="https://www.wolframalpha.com"&gt;WolframAlpha&lt;/a&gt;&lt;/p&gt;\n' +
          '\n' +
          '&lt;p&gt;&lt;a href="https://www.khanacademy.org/"&gt;Khan Academy&lt;/a&gt;&lt;/p&gt;\n' +
          '\n' +
          '&lt;p&gt;&lt;a href="https://tutorial.math.lamar.edu/"&gt;Paul&amp;#39;s Online Math Notes&lt;/a&gt;&lt;/p&gt;\n' +
          '\n' +
          '&lt;p&gt;&lt;a href="https://www.youtube.com/user/patrickJMT"&gt;PatrickJMT Video Math Tutorials&lt;/a&gt;&lt;/p&gt;\n' +
          '\n' +
          '&lt;p&gt;&lt;a href="https://www.youtube.com/user/professorleonard57"&gt;Professor Leonard&lt;/a&gt;&lt;/p&gt;\n' +
          '\n' +
          '&lt;p&gt;&lt;strong&gt;Electronics&lt;/strong&gt;&lt;/p&gt;\n' +
          '\n' +
          '&lt;p&gt;&lt;a href="http://www.allaboutcircuits.com/"&gt;All About Circuits&lt;/a&gt;&lt;/p&gt;\n' +
          '\n' +
          '&lt;p&gt;&lt;a href="https://www.circuitlab.com/"&gt;Circuit Lab&lt;/a&gt;&lt;/p&gt;\n' +
          '\n' +
          '&lt;p&gt;&lt;strong&gt;Programming&lt;/strong&gt;&lt;/p&gt;\n' +
          '\n' +
          '&lt;p&gt;&lt;a href="http://www.cplusplus.com/"&gt;C++.com&lt;/a&gt;&lt;/p&gt;\n' +
          '\n' +
          '&lt;p&gt;&lt;a href="http://stackoverflow.com/"&gt;StackOverflow&lt;/a&gt;&lt;/p&gt;\n' +
          '\n' +
          '&lt;p&gt;&lt;strong&gt;Mechanics and Materials&lt;/strong&gt;&lt;/p&gt;\n' +
          '\n' +
          '&lt;p&gt;&lt;a href="http://www.matweb.com/"&gt;MatWeb&lt;/a&gt;&lt;/p&gt;\n' +
          '\n' +
          '&lt;p&gt;&lt;a href="http://web.mst.edu/%7Emecmovie/"&gt;MecMovies&lt;/a&gt;&lt;/p&gt;\n' +
          '\n' +
          '&lt;p&gt;&lt;a href="https://www.phase-trans.msm.cam.ac.uk/teaching.html"&gt;Cambridge Materials Science Videos&lt;/a&gt;  &lt;/p&gt;\n' +
          '\n' +
          '&lt;p&gt;&lt;a href="http://www.cpp.edu/%7Emeonline/"&gt;Cal Poly Pomona ME Videos&lt;/a&gt;&lt;/p&gt;\n' +
          '\n' +
          '&lt;p&gt;&lt;strong&gt;Engineering Subreddits&lt;/strong&gt;&lt;/p&gt;\n' +
          '\n' +
          '&lt;p&gt;&lt;a href="https://www.reddit.com/r/aerospaceengineering"&gt;r/AerospaceEngineering&lt;/a&gt;&lt;/p&gt;\n' +
          '\n' +
          '&lt;p&gt;&lt;a href="https://www.reddit.com/r/AskEngineers"&gt;r/AskEngineers&lt;/a&gt;&lt;/p&gt;\n' +
          '\n' +
          '&lt;p&gt;&lt;a href="https://reddit.com/r/bioengineering/"&gt;r/bioengineering&lt;/a&gt;&lt;/p&gt;\n' +
          '\n' +
          '&lt;p&gt;&lt;a href="https://www.reddit.com//r/ChemicalEngineering"&gt;r/ChemicalEngineering&lt;/a&gt;&lt;/p&gt;\n' +
          '\n' +
          '&lt;p&gt;&lt;a href="https://www.reddit.com/r/civilengineering/"&gt;r/civilengineering&lt;/a&gt;&lt;/p&gt;\n' +
          '\n' +
          '&lt;p&gt;&lt;a href="https://www.reddit.com/r/Engineering"&gt;r/Engineering&lt;/a&gt;&lt;/p&gt;\n' +
          '\n' +
          '&lt;p&gt;&lt;a href="https://www.reddit.com/r/ECE"&gt;r/ECE&lt;/a&gt;&lt;/p&gt;\n' +
          '\n' +
          '&lt;p&gt;&lt;a href="https://www.reddit.com/r/materials/"&gt;/r/materials &lt;/a&gt;&lt;/p&gt;\n' +
          '\n' +
          '&lt;p&gt;&lt;a href="https://www.reddit.com/r/MechanicalEngineering/"&gt;r/MechanicalEngineering&lt;/a&gt;&lt;/p&gt;\n' +
          '\n' +
          '&lt;p&gt;&lt;a href="https://www.reddit.com//r/womenEngineers"&gt;r/WomenEngineers&lt;/a&gt;&lt;/p&gt;\n' +
          '\n' +
          '&lt;p&gt;&lt;strong&gt;Other Subreddits and Communities&lt;/strong&gt;&lt;/p&gt;\n' +
          '\n' +
          '&lt;p&gt;&lt;a href="https://www.reddit.com/r/AskElectronics"&gt;r/AskElectronics&lt;/a&gt;&lt;/p&gt;\n' +
          '\n' +
          '&lt;p&gt;&lt;a href="https://www.reddit.com/r/CAD"&gt;r/CAD&lt;/a&gt;&lt;/p&gt;\n' +
          '\n' +
          '&lt;p&gt;&lt;a href="https://www.reddit.com/r/CFD/"&gt;r/CFD&lt;/a&gt;&lt;/p&gt;\n' +
          '\n' +
          '&lt;p&gt;&lt;a href="https://www.reddit.com/r/ComputerScience"&gt;r/ComputerScience&lt;/a&gt;&lt;/p&gt;\n' +
          '\n' +
          '&lt;p&gt;&lt;a href="https://www.reddit.com/r/C_Programming/"&gt;r/C_Programming &lt;/a&gt;&lt;/p&gt;\n' +
          '\n' +
          '&lt;p&gt;&lt;a href="https://www.reddit.com/r/LaTeX"&gt;r/LaTeX&lt;/a&gt;&lt;/p&gt;\n' +
          '\n' +
          '&lt;p&gt;&lt;a href="https://www.reddit.com//r/learnprogramming"&gt;r/learnprogramming&lt;/a&gt;&lt;/p&gt;\n' +
          '\n' +
          '&lt;p&gt;&lt;a href="https://www.reddit.com/r/matlab"&gt;r/MatLab&lt;/a&gt;&lt;/p&gt;\n' +
          '\n' +
          '&lt;p&gt;&lt;a href="https://reddit.com/r/manufacturing/"&gt;r/manufacturing &lt;/a&gt;&lt;/p&gt;\n' +
          '\n' +
          '&lt;p&gt;&lt;a href="https://www.reddit.com/r/Python/"&gt;/r/Python &lt;/a&gt;&lt;/p&gt;\n' +
          '\n' +
          '&lt;p&gt;&lt;a href="https://www.reddit.com/r/FE_Exam"&gt;r/FE_Exam&lt;/a&gt;&lt;/p&gt;\n' +
          '\n' +
          '&lt;p&gt;&lt;a href="https://discord.gg/J67ggJQ"&gt;Unofficial NCEES FE/PE Exam Discord&lt;/a&gt;  &lt;/p&gt;\n' +
          '\n' +
          '&lt;hr/&gt;\n' +
          '\n' +
          '&lt;p&gt;&lt;a href="http://www.reddit.com/r/EngineeringStudents/comments/ln2xy/you_are_now_in_control_of_your_own_flair_so_get/"&gt;Want flair?&lt;/a&gt;&lt;/p&gt;\n' +
          '&lt;/div&gt;&lt;!-- SC_ON --&gt;',
        spoilers_enabled: false,
        comment_contribution_settings: { allowed_media_types: null },
        allow_talks: false,
        header_size: [ 432, 128 ],
        user_flair_position: 'right',
        all_original_content: false,
        has_menu_widget: false,
        is_enrolled_in_new_modmail: null,
        key_color: '#a5a4a4',
        can_assign_user_flair: true,
        created: 1304530939,
        wls: 6,
        show_media_preview: true,
        submission_type: 'any',
        user_is_subscriber: null,
        allowed_media_in_comments: [],
        allow_videogifs: true,
        should_archive_posts: false,
        user_flair_type: 'text',
        allow_polls: false,
        collapse_deleted_comments: true,
        emojis_custom_size: null,
        public_description_html: '&lt;!-- SC_OFF --&gt;&lt;div class="md"&gt;&lt;p&gt;This subreddit is currently restricted as a protest against recent decisions and personal behavior by Reddit Inc and its CEO.  For more information on what happened, see here: &lt;a href="https://www.theverge.com/2023/6/5/23749188/reddit-subreddit-private-protest-api-changes-apollo-charges"&gt;https://www.theverge.com/2023/6/5/23749188/reddit-subreddit-private-protest-api-changes-apollo-charges&lt;/a&gt;&lt;/p&gt;\n' +
          '&lt;/div&gt;&lt;!-- SC_ON --&gt;',
        allow_videos: false,
        is_crosspostable_subreddit: false,
        suggested_comment_sort: 'new',
        should_show_media_in_comments_setting: true,
        can_assign_link_flair: true,
        accounts_active_is_fuzzed: false,
        allow_prediction_contributors: false,
        submit_text_label: '',
        link_flair_position: 'left',
        user_sr_flair_enabled: null,
        user_flair_enabled_in_sr: false,
        allow_chat_post_creation: false,
        allow_discovery: false,
        accept_followers: true,
        user_sr_theme_enabled: true,
        link_flair_enabled: true,
        disable_contributor_requests: false,
        subreddit_type: 'public',
        notification_level: null,
        banner_img: '',
        user_flair_text: null,
        banner_background_color: '#edeff1',
        show_media: true,
        id: '2sh0b',
        user_is_contributor: null,
        over18: false,
        header_title: '',
        description: '**Check out the official EngineeringStudents Discord!:**  \n' +
          '**[discord.gg/EngineeringStudents](https://discord.gg/EngineeringStudents)**\n' +
          '\n' +
          'This is a place for engineering students of any discipline to discuss study methods, get [homework help](https://www.reddit.com/r/EngineeringStudents/wiki/homeworkhelp), get job search advice, and find a compassionate ear when you get a 40% on your midterm after studying all night. \n' +
          '\n' +
          '---\n' +
          '[**PM THE MODERATORS HERE**](https://www.reddit.com/message/compose?to=%2Fr%2FEngineeringStudents)\n' +
          '\n' +
          '--- \n' +
          '\n' +
          '**[RULES](https://reddit.com/r/EngineeringStudents/wiki/rules)**\n' +
          '\n' +
          '\n' +
          '^ Read above for the expanded rules. Not reading them and then complaining will not earn you any sympathy. \n' +
          '\n' +
          '1. If the topic of your post is currently covered in one of the megathreads/stickied posts at the top of the page, please put your content as a comment there instead. Otherwise your post may get deleted.\n' +
          '\n' +
          '2. Do your own research, follow basic guidelines, and be sure to google your question beforehand. \n' +
          '\n' +
          '3. [Follow homework help guidelines](https://old.reddit.com/r/EngineeringStudents/wiki/homeworkhelp)\n' +
          '\n' +
          '4. Racism, sexism or any other kind of intolerance or discrimination will not be tolerated.\n' +
          '\n' +
          '5. Trolling, posts intentionally inciting conflict, personal attacks, and spam will be removed.\n' +
          '\n' +
          '6. No pirated materials. \n' +
          '\n' +
          '7. Avoid posting blogspam, blog self-promotion, or personally monetized links. You can be an account with a website, but not a website with an account. \n' +
          '\n' +
          '8. Meme posts are allowed only Saturday, Sunday, and Monday. Meme posts made outside this time will be removed.  \n' +
          '\n' +
          '9. No laptop posts. \n' +
          '\n' +
          '---\n' +
          '\n' +
          '**[RESOURCES](https://reddit.com/r/EngineeringStudents/wiki/index)**\n' +
          '\n' +
          '**General**\n' +
          '\n' +
          '\n' +
          '[CosmoLearning](https://cosmolearning.org/)\n' +
          '[MIT OpenCourseware](https://ocw.mit.edu/index.htm)\n' +
          '\n' +
          '[LearningSpace](https://www.open.ac.uk/about/open-educational-resources/openlearn)\n' +
          '\n' +
          '[Engineer4Free](https://www.engineer4free.com/)  \n' +
          '\n' +
          '[Mental Health Resources](https://www.reddit.com/r/SuicideWatch/wiki/hotlines?v=462381b7-9edc-11eb-bd93-0e09ea1039cb)\n' +
          '\n' +
          '**Best of Threads**  \n' +
          '\n' +
          '[School Supplies](http://www.reddit.com/r/EngineeringStudents/comments/25eg2o/best_engineering_student_tools/)\n' +
          '\n' +
          '[Old Overall Thread Compilation](http://www.reddit.com/r/EngineeringStudents/comments/rsxlk/help_me_compile_a_best_of_collection_for/)\n' +
          '\n' +
          '\n' +
          '**Math**\n' +
          '\n' +
          '[WolframAlpha](https://www.wolframalpha.com)\n' +
          '\n' +
          '[Khan Academy](https://www.khanacademy.org/)\n' +
          '\n' +
          "[Paul's Online Math Notes](https://tutorial.math.lamar.edu/)\n" +
          '\n' +
          '[PatrickJMT Video Math Tutorials](https://www.youtube.com/user/patrickJMT)\n' +
          '\n' +
          '[Professor Leonard](https://www.youtube.com/user/professorleonard57)\n' +
          '\n' +
          '\n' +
          '**Electronics**\n' +
          '\n' +
          '[All About Circuits](http://www.allaboutcircuits.com/)\n' +
          '\n' +
          '[Circuit Lab](https://www.circuitlab.com/ )\n' +
          '\n' +
          '**Programming**\n' +
          '\n' +
          '[C++.com](http://www.cplusplus.com/)\n' +
          '\n' +
          '[StackOverflow](http://stackoverflow.com/)\n' +
          '\n' +
          '\n' +
          '**Mechanics and Materials**\n' +
          '\n' +
          '[MatWeb](http://www.matweb.com/)\n' +
          '\n' +
          '[MecMovies](http://web.mst.edu/~mecmovie/)\n' +
          '\n' +
          '[Cambridge Materials Science Videos](https://www.phase-trans.msm.cam.ac.uk/teaching.html)  \n' +
          '\n' +
          '[Cal Poly Pomona ME Videos](http://www.cpp.edu/~meonline/)\n' +
          '\n' +
          '**Engineering Subreddits**\n' +
          '\n' +
          '[r/AerospaceEngineering](https://www.reddit.com/r/aerospaceengineering)\n' +
          '\n' +
          '[r/AskEngineers](https://www.reddit.com/r/AskEngineers)\n' +
          '\n' +
          '[r/bioengineering](https://reddit.com/r/bioengineering/)\n' +
          '\n' +
          '[r/ChemicalEngineering](https://www.reddit.com//r/ChemicalEngineering )\n' +
          '\n' +
          '[r/civilengineering](https://www.reddit.com/r/civilengineering/)\n' +
          '\n' +
          '[r/Engineering](https://www.reddit.com/r/Engineering)\n' +
          '\n' +
          '[r/ECE](https://www.reddit.com/r/ECE)\n' +
          '\n' +
          '[/r/materials ](https://www.reddit.com/r/materials/)\n' +
          '\n' +
          '[r/MechanicalEngineering](https://www.reddit.com/r/MechanicalEngineering/)\n' +
          '\n' +
          '[r/WomenEngineers](https://www.reddit.com//r/womenEngineers)\n' +
          '\n' +
          '**Other Subreddits and Communities**\n' +
          '\n' +
          '[r/AskElectronics](https://www.reddit.com/r/AskElectronics)\n' +
          '\n' +
          '[r/CAD](https://www.reddit.com/r/CAD)\n' +
          '\n' +
          '[r/CFD](https://www.reddit.com/r/CFD/)\n' +
          '\n' +
          '[r/ComputerScience](https://www.reddit.com/r/ComputerScience)\n' +
          '\n' +
          '[r/C_Programming ](https://www.reddit.com/r/C_Programming/)\n' +
          '\n' +
          '[r/LaTeX](https://www.reddit.com/r/LaTeX)\n' +
          '\n' +
          '[r/learnprogramming](https://www.reddit.com//r/learnprogramming)\n' +
          '\n' +
          '[r/MatLab](https://www.reddit.com/r/matlab)\n' +
          '\n' +
          '[r/manufacturing ](https://reddit.com/r/manufacturing/)\n' +
          '\n' +
          '[/r/Python ](https://www.reddit.com/r/Python/)\n' +
          '\n' +
          '[r/FE_Exam](https://www.reddit.com/r/FE_Exam)\n' +
          '\n' +
          '[Unofficial NCEES FE/PE Exam Discord](https://discord.gg/J67ggJQ)  \n' +
          '\n' +
          '--------\n' +
          '\n' +
          '[Want flair?](http://www.reddit.com/r/EngineeringStudents/comments/ln2xy/you_are_now_in_control_of_your_own_flair_so_get/)',
        is_chat_post_feature_enabled: true,
        submit_link_label: 'Submit A Link',
        user_flair_text_color: null,
        restrict_commenting: false,
        user_flair_css_class: null,
        allow_images: true,
        lang: 'en',
        whitelist_status: 'all_ads',
        url: '/r/EngineeringStudents/',
        created_utc: 1304530939,
        banner_size: null,
        mobile_banner_image: '',
        user_is_moderator: null,
        allow_predictions_tournament: false
      },
      {
        user_flair_background_color: null,
        submit_text_html: '&lt;!-- SC_OFF --&gt;&lt;div class="md"&gt;&lt;h1&gt;!!! READ BEFORE YOU POST !!!&lt;/h1&gt;\n' +
          '\n' +
          '&lt;ol&gt;\n' +
          '&lt;li&gt;&lt;p&gt;Check the &lt;a href="/r/AskEngineers/wiki/faq"&gt;&lt;strong&gt;Frequently Asked Questions page&lt;/strong&gt;&lt;/a&gt; to see if your question is already answered first.&lt;/p&gt;&lt;/li&gt;\n' +
          '&lt;li&gt;&lt;p&gt;Follow the &lt;a href="/r/AskEngineers/wiki/rules#wiki_submission_rules"&gt;&lt;strong&gt;submission rules&lt;/strong&gt;&lt;/a&gt;, or your post may be removed without warning.&lt;/p&gt;&lt;/li&gt;\n' +
          '&lt;/ol&gt;\n' +
          '\n' +
          '&lt;h2&gt;Students seeking advice on college major&lt;/h2&gt;\n' +
          '\n' +
          '&lt;p&gt;&lt;strong&gt;Read this announcement:&lt;/strong&gt; &lt;a href="https://redd.it/axv804"&gt;https://redd.it/axv804&lt;/a&gt;&lt;/p&gt;\n' +
          '\n' +
          '&lt;h2&gt;Posts that will get removed&lt;/h2&gt;\n' +
          '\n' +
          '&lt;ul&gt;\n' +
          '&lt;li&gt;&lt;strong&gt;Questions that are not about engineering.&lt;/strong&gt;&lt;/li&gt;\n' +
          '&lt;li&gt;&lt;strong&gt;Questions that can easily be answered by searching on the internet.&lt;/strong&gt;&lt;/li&gt;\n' +
          '&lt;li&gt;&lt;strong&gt;Homework problems from your class, including egg-drop and miniature bridge designs.&lt;/strong&gt; Engineering case studies are OK.&lt;/li&gt;\n' +
          '&lt;li&gt;&lt;strong&gt;Questions about which undergraduate major to pick and questions about Grade Point Average.&lt;/strong&gt;&lt;/li&gt;\n' +
          '&lt;li&gt;&lt;strong&gt;Asking for feedback on your résumé, CV, or cover letter.&lt;/strong&gt;&lt;/li&gt;\n' +
          '&lt;li&gt;&lt;strong&gt;Career related questions that do not meet the requirements listed in Rule 7.&lt;/strong&gt;&lt;/li&gt;\n' +
          '&lt;li&gt;&lt;strong&gt;Questions with an answer available in the wiki.&lt;/strong&gt;&lt;/li&gt;\n' +
          '&lt;/ul&gt;\n' +
          '&lt;/div&gt;&lt;!-- SC_ON --&gt;',
        restrict_posting: true,
        user_is_banned: null,
        free_form_reports: false,
        wiki_enabled: true,
        user_is_muted: null,
        user_can_flair_in_sr: null,
        display_name: 'AskEngineers',
        header_img: 'https://b.thumbs.redditmedia.com/aUQZr4O4EasbsqrmhZ7JdJUvHGX-mova9SPT2QwlINs.png',
        title: 'AskEngineers: Stop nodding, start asking questions.',
        allow_galleries: true,
        icon_size: null,
        primary_color: '#014980',
        active_user_count: null,
        icon_img: '',
        display_name_prefixed: 'r/AskEngineers',
        accounts_active: null,
        public_traffic: false,
        subscribers: 647844,
        user_flair_richtext: [],
        name: 't5_2sebk',
        quarantine: false,
        hide_ads: false,
        prediction_leaderboard_entry_type: 'SUBREDDIT_HEADER',
        emojis_enabled: false,
        advertiser_category: '',
        public_description: 'Engineers apply the knowledge of math &amp; science to design and manufacture maintainable systems used to solve specific problems. AskEngineers is a forum for questions about the technologies, standards, and processes used to design &amp; build these systems, as well as for questions about the engineering profession and its many disciplines.',
        comment_score_hide_mins: 360,
        allow_predictions: false,
        user_has_favorited: null,
        user_flair_template_id: null,
        community_icon: '',
        banner_background_image: '',
        original_content_tag_enabled: false,
        community_reviewed: true,
        submit_text: '# !!! READ BEFORE YOU POST !!!\n' +
          '\n' +
          '1. Check the [**Frequently Asked Questions page**](/r/AskEngineers/wiki/faq) to see if your question is already answered first.\n' +
          '\n' +
          '1. Follow the [**submission rules**](/r/AskEngineers/wiki/rules#wiki_submission_rules), or your post may be removed without warning.\n' +
          '\n' +
          '## Students seeking advice on college major\n' +
          '\n' +
          '**Read this announcement:** https://redd.it/axv804\n' +
          '\n' +
          '## Posts that will get removed\n' +
          '\n' +
          '* **Questions that are not about engineering.**\n' +
          '* **Questions that can easily be answered by searching on the internet.**\n' +
          '* **Homework problems from your class, including egg-drop and miniature bridge designs.** Engineering case studies are OK.\n' +
          '* **Questions about which undergraduate major to pick and questions about Grade Point Average.**\n' +
          '* **Asking for feedback on your résumé, CV, or cover letter.**\n' +
          '* **Career related questions that do not meet the requirements listed in Rule 7.**\n' +
          '* **Questions with an answer available in the wiki.**',
        description_html: '&lt;!-- SC_OFF --&gt;&lt;div class="md"&gt;&lt;h1&gt;&lt;a href="#icon-star"&gt;&lt;/a&gt; &lt;a href="/r/AskEngineers/comments/hs7mu3/call_for_engineers_tell_us_about_your_job_16_july/"&gt;Call for Engineers: Tell us about your job! (2020)&lt;/a&gt;&lt;/h1&gt;\n' +
          '\n' +
          '&lt;h5&gt;&lt;a href="#icon-exclamation"&gt;&lt;/a&gt;New to AskEngineers? Read our &lt;a href="/r/AskEngineers/wiki/rules"&gt;&lt;strong&gt;subreddit rules&lt;/strong&gt;&lt;/a&gt; and &lt;a href="/r/AskEngineers/wiki/faq"&gt;&lt;strong&gt;FAQ page&lt;/strong&gt;&lt;/a&gt; before posting!&lt;/h5&gt;\n' +
          '\n' +
          '&lt;hr/&gt;\n' +
          '\n' +
          '&lt;h2&gt;Topic Filters&lt;/h2&gt;\n' +
          '\n' +
          '&lt;table&gt;&lt;thead&gt;\n' +
          '&lt;tr&gt;\n' +
          '&lt;th align="center"&gt;&lt;/th&gt;\n' +
          '&lt;th align="center"&gt;&lt;/th&gt;\n' +
          '&lt;/tr&gt;\n' +
          '&lt;/thead&gt;&lt;tbody&gt;\n' +
          '&lt;tr&gt;\n' +
          '&lt;td align="center"&gt;&lt;a href="/r/AskEngineers/search/?q=flair%3Amechanical&amp;amp;include_over_18=on&amp;amp;restrict_sr=on&amp;amp;t=all&amp;amp;sort=new"&gt;Mechanical&lt;/a&gt;&lt;/td&gt;\n' +
          '&lt;td align="center"&gt;&lt;a href="/r/AskEngineers/search/?q=flair%3Acivil&amp;amp;include_over_18=on&amp;amp;restrict_sr=on&amp;amp;t=all&amp;amp;sort=new"&gt;Civil&lt;/a&gt;&lt;/td&gt;\n' +
          '&lt;/tr&gt;\n' +
          '&lt;tr&gt;\n' +
          '&lt;td align="center"&gt;&lt;a href="/r/AskEngineers/search/?q=flair%3Aelectrical&amp;amp;include_over_18=on&amp;amp;restrict_sr=on&amp;amp;t=all&amp;amp;sort=new"&gt;Electrical&lt;/a&gt;&lt;/td&gt;\n' +
          '&lt;td align="center"&gt;&lt;a href="/r/AskEngineers/search/?q=flair%3Achemical&amp;amp;include_over_18=on&amp;amp;restrict_sr=on&amp;amp;t=all&amp;amp;sort=new"&gt;Chemical&lt;/a&gt;&lt;/td&gt;\n' +
          '&lt;/tr&gt;\n' +
          '&lt;tr&gt;\n' +
          '&lt;td align="center"&gt;&lt;a href="/r/AskEngineers/search/?q=flair%3Acomputer&amp;amp;include_over_18=on&amp;amp;restrict_sr=on&amp;amp;t=all&amp;amp;sort=new"&gt;Computer&lt;/a&gt;&lt;/td&gt;\n' +
          '&lt;td align="center"&gt;&lt;a href="/r/AskEngineers/search/?q=flair%3Adiscussion&amp;amp;include_over_18=on&amp;amp;restrict_sr=on&amp;amp;t=all&amp;amp;sort=new"&gt;Discussion&lt;/a&gt;&lt;/td&gt;\n' +
          '&lt;/tr&gt;\n' +
          '&lt;/tbody&gt;&lt;/table&gt;\n' +
          '\n' +
          '&lt;hr/&gt;\n' +
          '\n' +
          '&lt;h2&gt;&lt;a href="#icon-information"&gt;&lt;/a&gt;&lt;a href="/r/AskEngineers/wiki/rules#wiki_submission_rules"&gt;Submission Rules&lt;/a&gt;&lt;/h2&gt;\n' +
          '\n' +
          '&lt;ol&gt;\n' +
          '&lt;li&gt;&lt;p&gt;Post titles must be a question about engineering and provide context — be specific. Remember to flair your post. Most general career related questions should be placed in the Monday Career Megathread. Review the wiki prior to posting.&lt;/p&gt;&lt;/li&gt;\n' +
          '&lt;li&gt;&lt;p&gt;No homework questions.&lt;/p&gt;&lt;/li&gt;\n' +
          '&lt;li&gt;&lt;p&gt;Avoid questions that can easily be answered by searching on the internet.&lt;/p&gt;&lt;/li&gt;\n' +
          '&lt;li&gt;&lt;p&gt;Avoid questions that have already be answered by a post in the &lt;a href="/r/AskEngineers/wiki/faq"&gt;FAQ section&lt;/a&gt; of the wiki.&lt;/p&gt;&lt;/li&gt;\n' +
          '&lt;/ol&gt;\n' +
          '\n' +
          '&lt;h2&gt;&lt;a href="#icon-information"&gt;&lt;/a&gt;Flair Guide&lt;/h2&gt;\n' +
          '\n' +
          '&lt;ul&gt;\n' +
          '&lt;li&gt;&lt;p&gt;&lt;strong&gt;Mechanical, Electrical, Civil, Chemical, and Computer&lt;/strong&gt; are reserved for technical questions only.&lt;/p&gt;&lt;/li&gt;\n' +
          '&lt;li&gt;&lt;p&gt;&lt;strong&gt;Discussion&lt;/strong&gt; can be used for general questions that apply to multiple disciplines, including some workplace topics. Note that questions must still be specific to engineering and not a general opinion survey.&lt;/p&gt;&lt;/li&gt;\n' +
          '&lt;/ul&gt;\n' +
          '\n' +
          '&lt;h2&gt;&lt;a href="#icon-information"&gt;&lt;/a&gt;&lt;a href="/r/AskEngineers/wiki/rules#wiki_comment_rules"&gt;Comment Rules&lt;/a&gt;&lt;/h2&gt;\n' +
          '\n' +
          '&lt;ol&gt;\n' +
          '&lt;li&gt;&lt;p&gt;&lt;strong&gt;Be respectful to other users.&lt;/strong&gt; All users are expected to behave with courtesy. Racism, sexism, or any other form of bigotry will not be tolerated.&lt;/p&gt;&lt;/li&gt;\n' +
          '&lt;li&gt;&lt;p&gt;&lt;strong&gt;Don&amp;#39;t answer if you aren&amp;#39;t knowledgeable.&lt;/strong&gt; Answers must contain an explanation using engineering logic, and assertions of fact must be supported by links to credible sources.&lt;/p&gt;&lt;/li&gt;\n' +
          '&lt;li&gt;&lt;p&gt;&lt;strong&gt;Be substantive.&lt;/strong&gt; No low-effort one-liner comments, memes, or off-topic replies. Limit the use of engineering jokes.&lt;/p&gt;&lt;/li&gt;\n' +
          '&lt;/ol&gt;\n' +
          '\n' +
          '&lt;h2&gt;&lt;a href="#icon-star"&gt;&lt;/a&gt;Featured Posts&lt;/h2&gt;\n' +
          '\n' +
          '&lt;ul&gt;\n' +
          '&lt;li&gt;&lt;p&gt;&lt;a href="/r/AskEngineers/comments/hs7mu3/call_for_engineers_tell_us_about_your_job_16_july/"&gt;Call for Engineers: Tell us about your job! (16 July 2020)&lt;/a&gt;&lt;/p&gt;&lt;/li&gt;\n' +
          '&lt;li&gt;&lt;p&gt;&lt;a href="/r/AskEngineers/comments/ha8f10/the_askengineers_q2_thru_q4_2020_salary_survey/"&gt;The AskEngineers Salary Survey&lt;/a&gt;&lt;/p&gt;&lt;/li&gt;\n' +
          '&lt;/ul&gt;\n' +
          '\n' +
          '&lt;h2&gt;&lt;a href="#icon-note"&gt;&lt;/a&gt;Resources&lt;/h2&gt;\n' +
          '\n' +
          '&lt;ul&gt;\n' +
          '&lt;li&gt;&lt;p&gt;&lt;a href="/r/AskEngineers/wiki/library"&gt;AskEngineers Reference Library&lt;/a&gt;&lt;/p&gt;&lt;/li&gt;\n' +
          '&lt;li&gt;&lt;p&gt;&lt;a href="/r/AskEngineers/comments/ftkg8a/call_for_engineers_willing_to_be_interviewed_02/"&gt;2020 List of engineers willing to be interviewed&lt;/a&gt;&lt;/p&gt;&lt;/li&gt;\n' +
          '&lt;li&gt;&lt;p&gt;&lt;a href="/r/AskEngineers/comments/b8hrrd/call_for_engineers_willing_to_be_interviewed_02/"&gt;2019 List of engineers willing to be interviewed&lt;/a&gt;&lt;/p&gt;&lt;/li&gt;\n' +
          '&lt;/ul&gt;\n' +
          '\n' +
          '&lt;h2&gt;&lt;a href="#icon-comments"&gt;&lt;/a&gt;Related subreddits&lt;/h2&gt;\n' +
          '\n' +
          '&lt;p&gt;&lt;a href="/r/ScienceSubreddits/wiki/index"&gt;List of all science subreddits&lt;/a&gt;&lt;/p&gt;\n' +
          '\n' +
          '&lt;p&gt;&lt;a href="/r/engineering"&gt;r/engineering&lt;/a&gt;&lt;/p&gt;\n' +
          '\n' +
          '&lt;p&gt;&lt;a href="/r/EngineeringStudents"&gt;r/EngineeringStudents&lt;/a&gt;&lt;/p&gt;\n' +
          '\n' +
          '&lt;p&gt;&lt;a href="/r/AskElectronics"&gt;r/AskElectronics&lt;/a&gt;&lt;/p&gt;\n' +
          '\n' +
          '&lt;p&gt;&lt;a href="/r/MechanicalEngineering"&gt;r/MechanicalEngineering&lt;/a&gt; &lt;/p&gt;\n' +
          '\n' +
          '&lt;p&gt;&lt;a href="/r/ChemicalEngineering"&gt;r/ChemicalEngineering&lt;/a&gt; &lt;/p&gt;\n' +
          '\n' +
          '&lt;p&gt;&lt;a href="/r/civilengineering"&gt;r/civilengineering&lt;/a&gt;&lt;/p&gt;\n' +
          '\n' +
          '&lt;p&gt;&lt;a href="/r/civil3d"&gt;r/civil3d&lt;/a&gt;&lt;/p&gt;\n' +
          '\n' +
          '&lt;p&gt;&lt;a href="/r/aerospace"&gt;r/aerospace&lt;/a&gt;&lt;/p&gt;\n' +
          '\n' +
          '&lt;p&gt;&lt;a href="/r/womenEngineers"&gt;r/womenEngineers&lt;/a&gt;&lt;/p&gt;\n' +
          '\n' +
          '&lt;p&gt;&lt;a href="/r/lasercom"&gt;r/lasercom&lt;/a&gt;&lt;/p&gt;\n' +
          '\n' +
          '&lt;p&gt;&lt;a href="/r/thermodynamics"&gt;r/thermodynamics&lt;/a&gt;&lt;/p&gt;\n' +
          '\n' +
          '&lt;p&gt;&lt;a href="/r/CFD"&gt;r/CFD&lt;/a&gt;&lt;/p&gt;\n' +
          '\n' +
          '&lt;p&gt;&lt;a href="/r/FluidMechanics"&gt;r/FluidMechanics&lt;/a&gt;&lt;/p&gt;\n' +
          '\n' +
          '&lt;p&gt;&lt;a href="/r/PLC"&gt;r/PLC&lt;/a&gt;&lt;/p&gt;\n' +
          '\n' +
          '&lt;p&gt;&lt;a href="/r/CAD"&gt;r/CAD&lt;/a&gt;&lt;/p&gt;\n' +
          '\n' +
          '&lt;p&gt;&lt;a href="/r/manufacturing"&gt;r/manufacturing&lt;/a&gt;&lt;/p&gt;\n' +
          '\n' +
          '&lt;p&gt;&lt;a href="/r/CNC"&gt;r/CNC&lt;/a&gt;&lt;/p&gt;\n' +
          '\n' +
          '&lt;p&gt;&lt;a href="/r/Welding"&gt;r/Welding&lt;/a&gt;&lt;/p&gt;\n' +
          '\n' +
          '&lt;p&gt;&lt;a href="/r/AskScience"&gt;r/AskScience&lt;/a&gt;&lt;/p&gt;\n' +
          '\n' +
          '&lt;p&gt;&lt;a href="/r/HomeworkHelp"&gt;r/HomeworkHelp&lt;/a&gt;&lt;/p&gt;\n' +
          '\n' +
          '&lt;p&gt;&lt;a href="/r/Programming"&gt;r/Programming&lt;/a&gt;&lt;/p&gt;\n' +
          '\n' +
          '&lt;p&gt;&lt;a href="/r/ComputerScience"&gt;r/ComputerScience&lt;/a&gt;&lt;/p&gt;\n' +
          '\n' +
          '&lt;p&gt;&lt;a href="/r/CScareerquestions"&gt;r/CScareerquestions&lt;/a&gt;&lt;/p&gt;\n' +
          '\n' +
          '&lt;p&gt;&lt;a href="/r/EngineeringResumes"&gt;r/EngineeringResumes&lt;/a&gt;&lt;/p&gt;\n' +
          '\n' +
          '&lt;p&gt;&lt;a href="/r/whatisthisthing"&gt;r/whatisthisthing&lt;/a&gt;&lt;/p&gt;\n' +
          '\n' +
          '&lt;p&gt;&lt;a href="/r/NavalArchitecture"&gt;r/NavalArchitecture&lt;/a&gt;&lt;/p&gt;\n' +
          '&lt;/div&gt;&lt;!-- SC_ON --&gt;',
        spoilers_enabled: false,
        comment_contribution_settings: { allowed_media_types: null },
        allow_talks: false,
        header_size: [ 200, 200 ],
        user_flair_position: 'right',
        all_original_content: false,
        has_menu_widget: false,
        is_enrolled_in_new_modmail: null,
        key_color: '',
        can_assign_user_flair: true,
        created: 1301267343,
        wls: 6,
        show_media_preview: true,
        submission_type: 'self',
        user_is_subscriber: null,
        allowed_media_in_comments: [],
        allow_videogifs: false,
        should_archive_posts: true,
        user_flair_type: 'text',
        allow_polls: false,
        collapse_deleted_comments: true,
        emojis_custom_size: null,
        public_description_html: '&lt;!-- SC_OFF --&gt;&lt;div class="md"&gt;&lt;p&gt;Engineers apply the knowledge of math &amp;amp; science to design and manufacture maintainable systems used to solve specific problems. AskEngineers is a forum for questions about the technologies, standards, and processes used to design &amp;amp; build these systems, as well as for questions about the engineering profession and its many disciplines.&lt;/p&gt;\n' +
          '&lt;/div&gt;&lt;!-- SC_ON --&gt;',
        allow_videos: false,
        is_crosspostable_subreddit: false,
        suggested_comment_sort: null,
        should_show_media_in_comments_setting: true,
        can_assign_link_flair: true,
        accounts_active_is_fuzzed: false,
        allow_prediction_contributors: false,
        submit_text_label: 'Ask a new question',
        link_flair_position: 'left',
        user_sr_flair_enabled: null,
        user_flair_enabled_in_sr: false,
        allow_chat_post_creation: false,
        allow_discovery: true,
        accept_followers: true,
        user_sr_theme_enabled: true,
        link_flair_enabled: true,
        disable_contributor_requests: false,
        subreddit_type: 'public',
        notification_level: null,
        banner_img: '',
        user_flair_text: null,
        banner_background_color: '#014980',
        show_media: false,
        id: '2sebk',
        user_is_contributor: null,
        over18: false,
        header_title: '',
        description: '#[](#icon-star) [Call for Engineers: Tell us about your job! (2020)](/r/AskEngineers/comments/hs7mu3/call_for_engineers_tell_us_about_your_job_16_july/)\n' +
          '\n' +
          '##### [](#icon-exclamation)New to AskEngineers? Read our [**subreddit rules**](/r/AskEngineers/wiki/rules) and [**FAQ page**](/r/AskEngineers/wiki/faq) before posting!\n' +
          '\n' +
          '---\n' +
          '\n' +
          '## Topic Filters\n' +
          '\n' +
          '|||\n' +
          ':-:|:-:\n' +
          '[Mechanical](/r/AskEngineers/search/?q=flair%3Amechanical&amp;include_over_18=on&amp;restrict_sr=on&amp;t=all&amp;sort=new)|[Civil](/r/AskEngineers/search/?q=flair%3Acivil&amp;include_over_18=on&amp;restrict_sr=on&amp;t=all&amp;sort=new)\n' +
          '[Electrical](/r/AskEngineers/search/?q=flair%3Aelectrical&amp;include_over_18=on&amp;restrict_sr=on&amp;t=all&amp;sort=new) | [Chemical](/r/AskEngineers/search/?q=flair%3Achemical&amp;include_over_18=on&amp;restrict_sr=on&amp;t=all&amp;sort=new)\n' +
          '[Computer](/r/AskEngineers/search/?q=flair%3Acomputer&amp;include_over_18=on&amp;restrict_sr=on&amp;t=all&amp;sort=new)| [Discussion](/r/AskEngineers/search/?q=flair%3Adiscussion&amp;include_over_18=on&amp;restrict_sr=on&amp;t=all&amp;sort=new)\n' +
          '\n' +
          '---\n' +
          '\n' +
          '## [](#icon-information)[Submission Rules](/r/AskEngineers/wiki/rules#wiki_submission_rules)\n' +
          '\n' +
          '1. Post titles must be a question about engineering and provide context — be specific. Remember to flair your post. Most general career related questions should be placed in the Monday Career Megathread. Review the wiki prior to posting.\n' +
          '\n' +
          '1. No homework questions.\n' +
          '\n' +
          '1. Avoid questions that can easily be answered by searching on the internet.\n' +
          '\n' +
          '1. Avoid questions that have already be answered by a post in the [FAQ section](/r/AskEngineers/wiki/faq) of the wiki.\n' +
          '\n' +
          '## [](#icon-information)Flair Guide\n' +
          '\n' +
          '* **Mechanical, Electrical, Civil, Chemical, and Computer** are reserved for technical questions only.\n' +
          '\n' +
          '* **Discussion** can be used for general questions that apply to multiple disciplines, including some workplace topics. Note that questions must still be specific to engineering and not a general opinion survey.\n' +
          '\n' +
          '## [](#icon-information)[Comment Rules](/r/AskEngineers/wiki/rules#wiki_comment_rules)\n' +
          '\n' +
          '1. **Be respectful to other users.** All users are expected to behave with courtesy. Racism, sexism, or any other form of bigotry will not be tolerated.\n' +
          '\n' +
          "1. **Don't answer if you aren't knowledgeable.** Answers must contain an explanation using engineering logic, and assertions of fact must be supported by links to credible sources.\n" +
          '\n' +
          '1. **Be substantive.** No low-effort one-liner comments, memes, or off-topic replies. Limit the use of engineering jokes.\n' +
          '\n' +
          '## [](#icon-star)Featured Posts\n' +
          '\n' +
          '* [Call for Engineers: Tell us about your job! (16 July 2020)](/r/AskEngineers/comments/hs7mu3/call_for_engineers_tell_us_about_your_job_16_july/)\n' +
          '\n' +
          '* [The AskEngineers Salary Survey](/r/AskEngineers/comments/ha8f10/the_askengineers_q2_thru_q4_2020_salary_survey/)\n' +
          '\n' +
          '## [](#icon-note)Resources\n' +
          '\n' +
          '* [AskEngineers Reference Library](/r/AskEngineers/wiki/library)\n' +
          '\n' +
          '* [2020 List of engineers willing to be interviewed](/r/AskEngineers/comments/ftkg8a/call_for_engineers_willing_to_be_interviewed_02/)\n' +
          '\n' +
          '* [2019 List of engineers willing to be interviewed](/r/AskEngineers/comments/b8hrrd/call_for_engineers_willing_to_be_interviewed_02/)\n' +
          '\n' +
          '## [](#icon-comments)Related subreddits\n' +
          '\n' +
          '[List of all science subreddits](/r/ScienceSubreddits/wiki/index)\n' +
          '\n' +
          'r/engineering\n' +
          '\n' +
          'r/EngineeringStudents\n' +
          '\n' +
          'r/AskElectronics\n' +
          '\n' +
          'r/MechanicalEngineering \n' +
          '\n' +
          'r/ChemicalEngineering \n' +
          '\n' +
          'r/civilengineering\n' +
          '\n' +
          'r/civil3d\n' +
          '\n' +
          'r/aerospace\n' +
          '\n' +
          'r/womenEngineers\n' +
          '\n' +
          'r/lasercom\n' +
          '\n' +
          'r/thermodynamics\n' +
          '\n' +
          'r/CFD\n' +
          '\n' +
          'r/FluidMechanics\n' +
          '\n' +
          'r/PLC\n' +
          '\n' +
          'r/CAD\n' +
          '\n' +
          'r/manufacturing\n' +
          '\n' +
          'r/CNC\n' +
          '\n' +
          'r/Welding\n' +
          '\n' +
          'r/AskScience\n' +
          '\n' +
          'r/HomeworkHelp\n' +
          '\n' +
          'r/Programming\n' +
          '\n' +
          'r/ComputerScience\n' +
          '\n' +
          'r/CScareerquestions\n' +
          '\n' +
          'r/EngineeringResumes\n' +
          '\n' +
          'r/whatisthisthing\n' +
          '\n' +
          'r/NavalArchitecture',
        is_chat_post_feature_enabled: true,
        submit_link_label: 'Link Submission',
        user_flair_text_color: null,
        restrict_commenting: false,
        user_flair_css_class: null,
        allow_images: true,
        lang: 'en',
        whitelist_status: 'all_ads',
        url: '/r/AskEngineers/',
        created_utc: 1301267343,
        banner_size: null,
        mobile_banner_image: '',
        user_is_moderator: null,
        allow_predictions_tournament: false
      },
      {
        user_flair_background_color: null,
        submit_text_html: '&lt;!-- SC_OFF --&gt;&lt;div class="md"&gt;&lt;h1&gt;READ BEFORE POSTING OR FACE PERMANENT BAN!&lt;/h1&gt;\n' +
          '\n' +
          '&lt;ol&gt;\n' +
          '&lt;li&gt;&lt;p&gt;Read the &lt;a href="/r/engineering/wiki/rules"&gt;&lt;strong&gt;submission rules&lt;/strong&gt;&lt;/a&gt; in the sidebar before posting. If you still aren&amp;#39;t sure whether your post is OK, reference &lt;a href="https://i.imgur.com/Zii60K0.png"&gt;&lt;strong&gt;this flowchart.&lt;/strong&gt;&lt;/a&gt;&lt;/p&gt;&lt;/li&gt;\n' +
          '&lt;li&gt;&lt;p&gt;&lt;strong&gt;Students seeking advice on college major:&lt;/strong&gt; Read this &lt;a href="/r/AskEngineers/comments/axv804/attention_students_read_before_posting_or_your/"&gt;&lt;strong&gt;AskEngineers announcement&lt;/strong&gt;&lt;/a&gt; for resources. Specifically, the &lt;em&gt;&amp;quot;What&amp;#39;s your average day like as an engineer?&amp;quot;&lt;/em&gt; threads.&lt;/p&gt;\n' +
          '\n' +
          '&lt;ul&gt;\n' +
          '&lt;li&gt;&lt;strong&gt;DO NOT make a new post in either subreddit asking about majors&lt;/strong&gt; — go to &lt;a href="/r/EngineeringStudents"&gt;r/EngineeringStudents&lt;/a&gt; instead.&lt;/li&gt;\n' +
          '&lt;/ul&gt;&lt;/li&gt;\n' +
          '&lt;li&gt;&lt;p&gt;All workplace topics and questions asking for career advice must go into the &lt;a href="/r/engineering/search/?q=flair%3A%22weekly+discussion%22&amp;amp;include_over_18=on&amp;amp;restrict_sr=on&amp;amp;t=all&amp;amp;sort=new"&gt;&lt;strong&gt;Weekly Career Discussion Thread.&lt;/strong&gt;&lt;/a&gt;&lt;/p&gt;&lt;/li&gt;\n' +
          '&lt;/ol&gt;\n' +
          '&lt;/div&gt;&lt;!-- SC_ON --&gt;',
        restrict_posting: true,
        user_is_banned: null,
        free_form_reports: true,
        wiki_enabled: true,
        user_is_muted: null,
        user_can_flair_in_sr: null,
        display_name: 'engineering',
        header_img: 'https://b.thumbs.redditmedia.com/MtnR_gLOjnM-Qq86iHuj87y3aR3khM8VcQmAzF0HilA.png',
        title: 'engineering',
        allow_galleries: true,
        icon_size: null,
        primary_color: '',
        active_user_count: null,
        icon_img: '',
        display_name_prefixed: 'r/engineering',
        accounts_active: null,
        public_traffic: false,
        subscribers: 456051,
        user_flair_richtext: [],
        name: 't5_2qhpi',
        quarantine: false,
        hide_ads: false,
        prediction_leaderboard_entry_type: 'SUBREDDIT_HEADER',
        emojis_enabled: false,
        advertiser_category: 'Technology',
        public_description: 'r/engineering is a forum for engineering professionals to share information, knowledge, experience related to the principles &amp; practices of the numerous engineering disciplines.\n' +
          '\n' +
          'r/engineering is **NOT** for students to ask for guidance on selecting their major, or for homework / project help. Read the sidebar BEFORE posting.',
        comment_score_hide_mins: 60,
        allow_predictions: false,
        user_has_favorited: null,
        user_flair_template_id: null,
        community_icon: '',
        banner_background_image: '',
        original_content_tag_enabled: false,
        community_reviewed: true,
        submit_text: '# READ BEFORE POSTING OR FACE PERMANENT BAN!\n' +
          '\n' +
          "1. Read the [**submission rules**](/r/engineering/wiki/rules) in the sidebar before posting. If you still aren't sure whether your post is OK, reference [**this flowchart.**](https://i.imgur.com/Zii60K0.png)\n" +
          '\n' +
          `1. **Students seeking advice on college major:** Read this [**AskEngineers announcement**](/r/AskEngineers/comments/axv804/attention_students_read_before_posting_or_your/) for resources. Specifically, the *"What's your average day like as an engineer?"* threads.\n` +
          '  * **DO NOT make a new post in either subreddit asking about majors** — go to r/EngineeringStudents instead.\n' +
          '\n' +
          '1. All workplace topics and questions asking for career advice must go into the [**Weekly Career Discussion Thread.**](/r/engineering/search/?q=flair%3A%22weekly+discussion%22&amp;include_over_18=on&amp;restrict_sr=on&amp;t=all&amp;sort=new)',
        description_html: '&lt;!-- SC_OFF --&gt;&lt;div class="md"&gt;&lt;h6&gt;&lt;a href="https://www.reddit.com/r/engineering/wiki/rules#wiki_submission_rules"&gt;Submission Rules&lt;/a&gt;&lt;/h6&gt;\n' +
          '\n' +
          '&lt;p&gt;If you see any post or comment that violates these rules, please report it so the moderators can respond in a timely manner. Thank you.&lt;/p&gt;\n' +
          '\n' +
          '&lt;ol&gt;\n' +
          '&lt;li&gt;&lt;p&gt;&lt;strong&gt;No questions related to university, school, major selection, GPA, coursework, etc.&lt;/strong&gt; NOTE: Asking for help on homework will result in an instant ban. &lt;strong&gt;DO NOT DO IT.&lt;/strong&gt;&lt;/p&gt;&lt;/li&gt;\n' +
          '&lt;li&gt;&lt;p&gt;&lt;strong&gt;No questions on &lt;em&gt;&amp;quot;how something works&amp;quot;&lt;/em&gt;&lt;/strong&gt; — try &lt;a href="/r/AskEngineers"&gt;r/AskEngineers&lt;/a&gt;.&lt;/p&gt;&lt;/li&gt;\n' +
          '&lt;li&gt;&lt;p&gt;All workplace topics and questions asking for career advice must go into the &lt;a href="https://www.reddit.com/r/engineering/search/?q=flair%3A%22weekly+discussion%22&amp;amp;include_over_18=on&amp;amp;restrict_sr=on&amp;amp;t=all&amp;amp;sort=new"&gt;&lt;strong&gt;Weekly Career Discussion Thread.&lt;/strong&gt;&lt;/a&gt;&lt;/p&gt;\n' +
          '\n' +
          '&lt;ul&gt;\n' +
          '&lt;li&gt;Job postings must go into the &lt;a href="https://www.reddit.com/r/engineering/search?q=flair%3A%22hiring+thread%22&amp;amp;restrict_sr=on&amp;amp;sort=new&amp;amp;t=all"&gt;&lt;strong&gt;Quarterly Hiring Thread.&lt;/strong&gt;&lt;/a&gt;&lt;/li&gt;\n' +
          '&lt;li&gt;For assistance with resumes, try &lt;a href="/r/EngineeringResumes"&gt;/r/EngineeringResumes&lt;/a&gt;.&lt;/li&gt;\n' +
          '&lt;/ul&gt;&lt;/li&gt;\n' +
          '&lt;li&gt;&lt;p&gt;&lt;strong&gt;No self-promotion or blogspam.&lt;/strong&gt; This includes YouTube channels, blogs, etc.&lt;/p&gt;&lt;/li&gt;\n' +
          '&lt;li&gt;&lt;p&gt;&lt;strong&gt;No misleading or sensationalized titles.&lt;/strong&gt; All sources are subject to moderator evaluation.&lt;/p&gt;&lt;/li&gt;\n' +
          '&lt;li&gt;&lt;p&gt;&lt;strong&gt;No posts about the 9/11 terrorist attacks.&lt;/strong&gt; You can read about why this policy exists &lt;a href="https://www.reddit.com/r/engineering/comments/51ykr8/european_physical_society_15_years_later_on_the/d7fwbtk"&gt;&lt;strong&gt;here.&lt;/strong&gt;&lt;/a&gt;&lt;/p&gt;&lt;/li&gt;\n' +
          '&lt;li&gt;&lt;p&gt;&lt;strong&gt;Crowdfunding:&lt;/strong&gt; Must be relevant to engineering and submitted as a self-post (not a link). You are allowed one submission, and you must be active in the comments to answer any questions.&lt;/p&gt;&lt;/li&gt;\n' +
          '&lt;/ol&gt;\n' +
          '\n' +
          '&lt;blockquote&gt;\n' +
          '&lt;p&gt;&lt;a href="https://i.imgur.com/Zii60K0.png"&gt;Submission Flowchart&lt;/a&gt;&lt;/p&gt;\n' +
          '&lt;/blockquote&gt;\n' +
          '\n' +
          '&lt;h6&gt;Comment Rules&lt;/h6&gt;\n' +
          '\n' +
          '&lt;ol&gt;\n' +
          '&lt;li&gt;&lt;p&gt;&lt;strong&gt;Keep the discussion civil.&lt;/strong&gt; Overly insulting or crass comments will be removed. Multiple violations will lead to ban. Racism, sexism, or any other form of bigotry will not be tolerated.&lt;/p&gt;&lt;/li&gt;\n' +
          '&lt;li&gt;&lt;p&gt;&lt;strong&gt;Be substantive.&lt;/strong&gt; No low-effort one-liner comments, memes, or off-topic replies. Limit the use of engineering jokes.&lt;/p&gt;&lt;/li&gt;\n' +
          '&lt;li&gt;&lt;p&gt;&lt;strong&gt;Do not comment outside your area of competence.&lt;/strong&gt; If you do not know about a topic, do not attempt to answer somebody&amp;#39;s question. If you paste a comment that appears to be from an AI source, it will be removed. Multiple violations of this will result in a ban.&lt;/p&gt;&lt;/li&gt;\n' +
          '&lt;/ol&gt;\n' +
          '\n' +
          '&lt;h6&gt;What is r/engineering for?&lt;/h6&gt;\n' +
          '\n' +
          '&lt;p&gt;r/engineering is a forum for engineering professionals to share information, knowledge, experience related to the principles &amp;amp; practices of all types of engineering: civil, structural, mechanical, electrical, aerospace, chemical, computer, environmental, etc.&lt;/p&gt;\n' +
          '\n' +
          '&lt;p&gt;Questions about current engineering projects you are working on, how to interpret codes and standards, and industry practices are all encouraged. Engineers should help each other to make the world a safer and better place.&lt;/p&gt;\n' +
          '\n' +
          '&lt;p&gt;Images and videos related to engineering are acceptable, &lt;strong&gt;provided they are relevant to engineering.&lt;/strong&gt; Completed projects, destructive test results, and unique machinery and hardware are all acceptable and encouraged. Lead-in comments are required to provide context to the readers.&lt;/p&gt;\n' +
          '\n' +
          '&lt;h6&gt;Need to Interview an Engineer?&lt;/h6&gt;\n' +
          '\n' +
          '&lt;p&gt;Pick an engineer from the list of volunteers below and send him or her a PM indicating that you would like to conduct an interview:&lt;/p&gt;\n' +
          '\n' +
          '&lt;ul&gt;\n' +
          '&lt;li&gt;&lt;a href="/u/ArtificialSpark"&gt;/u/ArtificialSpark&lt;/a&gt;: Consulting (EE)&lt;/li&gt;\n' +
          '&lt;li&gt;&lt;a href="/u/Axagoras"&gt;/u/Axagoras&lt;/a&gt;: Offshore Wind (CompE)&lt;/li&gt;\n' +
          '&lt;li&gt;&lt;a href="/u/B-Wilks"&gt;/u/B-Wilks&lt;/a&gt;: Building Design (EE)&lt;/li&gt;\n' +
          '&lt;li&gt;&lt;a href="/u/caffinate"&gt;/u/caffinate&lt;/a&gt;: Power Electronics (Prof)&lt;/li&gt;\n' +
          '&lt;li&gt;&lt;a href="/u/capitalmonks"&gt;/u/capitalmonks&lt;/a&gt; Electrical Power Systems (EE)&lt;/li&gt;\n' +
          '&lt;li&gt;&lt;a href="/u/careercatalysis"&gt;/u/careercatalysis&lt;/a&gt;: Refining (CHE)&lt;/li&gt;\n' +
          '&lt;li&gt;&lt;a href="/u/ChronoMachete"&gt;/u/ChronoMachete&lt;/a&gt;: Space Systems&lt;/li&gt;\n' +
          '&lt;li&gt;&lt;a href="/u/c0d3M0nk3y"&gt;/u/c0d3M0nk3y&lt;/a&gt;: Video Games (CS)&lt;/li&gt;\n' +
          '&lt;li&gt;&lt;a href="/u/cr4zy3ng1n33r"&gt;/u/cr4zy3ng1n33r&lt;/a&gt;: Broadcast (EE)&lt;/li&gt;\n' +
          '&lt;li&gt;&lt;a href="/u/CyaNBlu3"&gt;/u/CyaNBlu3&lt;/a&gt;: Bioengineering (ME)&lt;/li&gt;\n' +
          '&lt;li&gt;&lt;a href="/u/DoorGuote"&gt;/u/DoorGuote&lt;/a&gt;: Stormwater (PE)&lt;/li&gt;\n' +
          '&lt;li&gt;&lt;a href="/u/Dunengel"&gt;/u/Dunengel&lt;/a&gt;: Geotechnical&lt;/li&gt;\n' +
          '&lt;li&gt;&lt;a href="/u/evans075"&gt;/u/evans075&lt;/a&gt;: Pulp and Paper (ME)&lt;/li&gt;\n' +
          '&lt;li&gt;&lt;a href="/u/Gohanto"&gt;/u/Gohanto&lt;/a&gt;: Acoustics&lt;/li&gt;\n' +
          '&lt;li&gt;&lt;a href="/u/hydro_wonk"&gt;/u/hydro_wonk&lt;/a&gt;: Hydrologist (PE)&lt;/li&gt;\n' +
          '&lt;li&gt;&lt;a href="/u/internationengineer"&gt;/u/internationengineer&lt;/a&gt;: MEP Design (ME)&lt;/li&gt;\n' +
          '&lt;li&gt;&lt;a href="/u/injuredtoad"&gt;/u/injuredtoad&lt;/a&gt;: Oil Refining (ME)&lt;/li&gt;\n' +
          '&lt;li&gt;&lt;a href="/u/lafleur818"&gt;/u/lafleur818&lt;/a&gt;: Environmental/Wastewater&lt;/li&gt;\n' +
          '&lt;li&gt;&lt;a href="/u/legofarley"&gt;/u/legofarley&lt;/a&gt;: Structural (PE/SE)&lt;/li&gt;\n' +
          '&lt;li&gt;&lt;a href="/u/Mine2Me"&gt;/u/Mine2Me&lt;/a&gt;: Mining Engineer&lt;/li&gt;\n' +
          '&lt;li&gt;&lt;a href="/u/Notagiant2199"&gt;/u/Notagiant2199&lt;/a&gt;: Biofuels (CHE)&lt;/li&gt;\n' +
          '&lt;li&gt;&lt;a href="/u/Obbz"&gt;/u/Obbz&lt;/a&gt; Consulting: (EE)&lt;/li&gt;\n' +
          '&lt;li&gt;&lt;a href="/u/occamman"&gt;/u/occamman&lt;/a&gt;: Medical Device Development (SysE)&lt;/li&gt;\n' +
          '&lt;li&gt;&lt;a href="/u/raoulduke25"&gt;/u/raoulduke25&lt;/a&gt;: Structural (PE)&lt;/li&gt;\n' +
          '&lt;li&gt;&lt;a href="/u/realjd"&gt;/u/realjd&lt;/a&gt;: Systems&lt;/li&gt;\n' +
          '&lt;li&gt;&lt;a href="/u/Red8600"&gt;/u/Red8600&lt;/a&gt;: Controls (EET)&lt;/li&gt;\n' +
          '&lt;li&gt;&lt;a href="/u/rockitscyentist"&gt;/u/rockitscyentist&lt;/a&gt;: Control Systems (AE)&lt;/li&gt;\n' +
          '&lt;li&gt;&lt;a href="/u/Roughneck16"&gt;/u/Roughneck16&lt;/a&gt;: Military Engineering (CE)&lt;/li&gt;\n' +
          '&lt;li&gt;&lt;a href="/u/Saryu"&gt;/u/Saryu&lt;/a&gt;: IP Video Distribution (EE/SE)&lt;/li&gt;\n' +
          '&lt;li&gt;&lt;a href="/u/SmashAndCAD"&gt;/u/SmashAndCAD&lt;/a&gt;: Automation/Metrology&lt;/li&gt;\n' +
          '&lt;li&gt;&lt;a href="/u/testfire10"&gt;/u/testfire10&lt;/a&gt;: Oil, Gas, Space (ME)&lt;/li&gt;\n' +
          '&lt;li&gt;&lt;a href="/u/unbelieverben"&gt;/u/unbelieverben&lt;/a&gt;: Plastics/Molding (CHE), Glass (Display/Automotive)&lt;/li&gt;\n' +
          '&lt;li&gt;&lt;a href="/u/__wampa__stompa"&gt;/u/__wampa__stompa&lt;/a&gt;: Sheet metal, Structural, Aerodynamics (AE)&lt;/li&gt;\n' +
          '&lt;/ul&gt;\n' +
          '\n' +
          '&lt;hr/&gt;\n' +
          '\n' +
          '&lt;p&gt;&lt;strong&gt;Directory of Useful Subreddits&lt;/strong&gt;&lt;/p&gt;\n' +
          '\n' +
          '&lt;h6&gt;Engineering Fields&lt;/h6&gt;\n' +
          '\n' +
          '&lt;ul&gt;\n' +
          '&lt;li&gt;&lt;a href="/r/Aerospace"&gt;Aerospace&lt;/a&gt;: Aerospace&lt;/li&gt;\n' +
          '&lt;li&gt;&lt;a href="/r/AskEngineers"&gt;AskEngineers&lt;/a&gt;: Non-school Q&amp;amp;A&lt;/li&gt;\n' +
          '&lt;li&gt;&lt;a href="/r/AskElectronics"&gt;AskElectronics&lt;/a&gt;: CE/EE Q&amp;amp;A&lt;/li&gt;\n' +
          '&lt;li&gt;&lt;a href="/r/bioengineering"&gt;BioEngineering&lt;/a&gt;: Biological&lt;/li&gt;\n' +
          '&lt;li&gt;&lt;a href="/r/biotech"&gt;Biotech&lt;/a&gt;: Biotechnology&lt;/li&gt;\n' +
          '&lt;li&gt;&lt;a href="/r/chemicalengineering"&gt;Chem E&lt;/a&gt;: Chemical&lt;/li&gt;\n' +
          '&lt;li&gt;&lt;a href="/r/civilengineering"&gt;Civil Engineering&lt;/a&gt;: Civil&lt;/li&gt;\n' +
          '&lt;li&gt;&lt;a href="/r/construction"&gt;Construction&lt;/a&gt;: Construction&lt;/li&gt;\n' +
          '&lt;li&gt;&lt;a href="/r/ECE"&gt;ECE&lt;/a&gt;: General EE &amp;amp; CE discussion&lt;/li&gt;\n' +
          '&lt;li&gt;&lt;a href="/r/electricalengineering"&gt;EE&lt;/a&gt;: Electrical&lt;/li&gt;\n' +
          '&lt;li&gt;&lt;a href="/r/EngineeringStudents"&gt;EngineeringStudents&lt;/a&gt;: For wee engineerlings&lt;/li&gt;\n' +
          '&lt;li&gt;&lt;a href="/r/Manufacturing"&gt;Manufacturing&lt;/a&gt;: Manufacturing Industry&lt;/li&gt;\n' +
          '&lt;li&gt;&lt;a href="/r/materials"&gt;Materials&lt;/a&gt;: Materials Engineering&lt;/li&gt;\n' +
          '&lt;li&gt;&lt;a href="/r/mechanicalengineering"&gt;Mech E&lt;/a&gt;: Mechanical Engineering&lt;/li&gt;\n' +
          '&lt;li&gt;&lt;a href="/r/industrialengineering"&gt;Ind E&lt;/a&gt;: Industrial Engineering&lt;/li&gt;\n' +
          '&lt;li&gt;&lt;a href="/r/USACE"&gt;USACE&lt;/a&gt;: United States Army Corps of Engineers&lt;/li&gt;\n' +
          '&lt;/ul&gt;\n' +
          '\n' +
          '&lt;h6&gt;Engineering Topics&lt;/h6&gt;\n' +
          '\n' +
          '&lt;ul&gt;\n' +
          '&lt;li&gt;&lt;a href="/r/LearnEngineering"&gt;LearnEngineering&lt;/a&gt;: Learn &amp;amp; discuss engineering concepts&lt;/li&gt;\n' +
          '&lt;li&gt;&lt;a href="/r/CAD"&gt;CAD&lt;/a&gt;: Computer Aided Design&lt;/li&gt;\n' +
          '&lt;li&gt;&lt;a href="/r/cfd"&gt;CFD&lt;/a&gt;: Fluid Dynamics&lt;/li&gt;\n' +
          '&lt;li&gt;&lt;a href="/r/FEA"&gt;FEA&lt;/a&gt;: Finite Element Analysis&lt;/li&gt;\n' +
          '&lt;li&gt;&lt;a href="/r/PLC"&gt;PLC&lt;/a&gt;: Programmable Logic Controllers&lt;/li&gt;\n' +
          '&lt;/ul&gt;\n' +
          '\n' +
          '&lt;h'... 1733 more characters,
        spoilers_enabled: true,
        comment_contribution_settings: { allowed_media_types: null },
        allow_talks: false,
        header_size: [ 45, 60 ],
        user_flair_position: 'right',
        all_original_content: false,
        has_menu_widget: false,
        is_enrolled_in_new_modmail: null,
        key_color: '',
        can_assign_user_flair: true,
        created: 1206958809,
        wls: 6,
        show_media_preview: true,
        submission_type: 'any',
        user_is_subscriber: null,
        allowed_media_in_comments: [],
        allow_videogifs: true,
        should_archive_posts: false,
        user_flair_type: 'text',
        allow_polls: false,
        collapse_deleted_comments: true,
        emojis_custom_size: null,
        public_description_html: '&lt;!-- SC_OFF --&gt;&lt;div class="md"&gt;&lt;p&gt;&lt;a href="/r/engineering"&gt;r/engineering&lt;/a&gt; is a forum for engineering professionals to share information, knowledge, experience related to the principles &amp;amp; practices of the numerous engineering disciplines.&lt;/p&gt;\n' +
          '\n' +
          '&lt;p&gt;&lt;a href="/r/engineering"&gt;r/engineering&lt;/a&gt; is &lt;strong&gt;NOT&lt;/strong&gt; for students to ask for guidance on selecting their major, or for homework / project help. Read the sidebar BEFORE posting.&lt;/p&gt;\n' +
          '&lt;/div&gt;&lt;!-- SC_ON --&gt;',
        allow_videos: false,
        is_crosspostable_subreddit: false,
        suggested_comment_sort: null,
        should_show_media_in_comments_setting: true,
        can_assign_link_flair: true,
        accounts_active_is_fuzzed: false,
        allow_prediction_contributors: false,
        submit_text_label: '',
        link_flair_position: 'left',
        user_sr_flair_enabled: null,
        user_flair_enabled_in_sr: false,
        allow_chat_post_creation: false,
        allow_discovery: true,
        accept_followers: true,
        user_sr_theme_enabled: true,
        link_flair_enabled: true,
        disable_contributor_requests: true,
        subreddit_type: 'public',
        notification_level: null,
        banner_img: '',
        user_flair_text: null,
        banner_background_color: '',
        show_media: true,
        id: '2qhpi',
        user_is_contributor: null,
        over18: false,
        header_title: '',
        description: '###### [Submission Rules](https://www.reddit.com/r/engineering/wiki/rules#wiki_submission_rules)\n' +
          '\n' +
          'If you see any post or comment that violates these rules, please report it so the moderators can respond in a timely manner. Thank you.\n' +
          '\n' +
          '1. **No questions related to university, school, major selection, GPA, coursework, etc.** NOTE: Asking for help on homework will result in an instant ban. **DO NOT DO IT.**\n' +
          '\n' +
          '1. **No questions on _"how something works"_** — try r/AskEngineers.\n' +
          '\n' +
          '1. All workplace topics and questions asking for career advice must go into the [**Weekly Career Discussion Thread.**](https://www.reddit.com/r/engineering/search/?q=flair%3A%22weekly+discussion%22&amp;include_over_18=on&amp;restrict_sr=on&amp;t=all&amp;sort=new)\n' +
          '  * Job postings must go into the [**Quarterly Hiring Thread.**](https://www.reddit.com/r/engineering/search?q=flair%3A%22hiring+thread%22&amp;restrict_sr=on&amp;sort=new&amp;t=all)\n' +
          '  * For assistance with resumes, try /r/EngineeringResumes.\n' +
          '\n' +
          '1. **No self-promotion or blogspam.** This includes YouTube channels, blogs, etc.\n' +
          '\n' +
          '1. **No misleading or sensationalized titles.** All sources are subject to moderator evaluation.\n' +
          '\n' +
          '1. **No posts about the 9/11 terrorist attacks.** You can read about why this policy exists [**here.**](https://www.reddit.com/r/engineering/comments/51ykr8/european_physical_society_15_years_later_on_the/d7fwbtk)\n' +
          '\n' +
          '1. **Crowdfunding:** Must be relevant to engineering and submitted as a self-post (not a link). You are allowed one submission, and you must be active in the comments to answer any questions.\n' +
          '\n' +
          '&gt; [Submission Flowchart](https://i.imgur.com/Zii60K0.png)\n' +
          '\n' +
          '###### Comment Rules\n' +
          '\n' +
          '1. **Keep the discussion civil.** Overly insulting or crass comments will be removed. Multiple violations will lead to ban. Racism, sexism, or any other form of bigotry will not be tolerated.\n' +
          '\n' +
          '1. **Be substantive.** No low-effort one-liner comments, memes, or off-topic replies. Limit the use of engineering jokes.\n' +
          '\n' +
          "1. **Do not comment outside your area of competence.** If you do not know about a topic, do not attempt to answer somebody's question. If you paste a comment that appears to be from an AI source, it will be removed. Multiple violations of this will result in a ban.\n" +
          '\n' +
          '###### What is r\\/engineering for?\n' +
          '\n' +
          'r\\/engineering is a forum for engineering professionals to share information, knowledge, experience related to the principles &amp; practices of all types of engineering: civil, structural, mechanical, electrical, aerospace, chemical, computer, environmental, etc.\n' +
          '\n' +
          'Questions about current engineering projects you are working on, how to interpret codes and standards, and industry practices are all encouraged. Engineers should help each other to make the world a safer and better place.\n' +
          '\n' +
          'Images and videos related to engineering are acceptable, **provided they are relevant to engineering.** Completed projects, destructive test results, and unique machinery and hardware are all acceptable and encouraged. Lead-in comments are required to provide context to the readers.\n' +
          '\n' +
          '###### Need to Interview an Engineer?\n' +
          '\n' +
          'Pick an engineer from the list of volunteers below and send him or her a PM indicating that you would like to conduct an interview:\n' +
          '\n' +
          '* /u/ArtificialSpark: Consulting (EE)\n' +
          '* /u/Axagoras: Offshore Wind (CompE)\n' +
          '* /u/B-Wilks: Building Design (EE)\n' +
          '* /u/caffinate: Power Electronics (Prof)\n' +
          '* /u/capitalmonks Electrical Power Systems (EE)\n' +
          '* /u/careercatalysis: Refining (CHE)\n' +
          '* /u/ChronoMachete: Space Systems\n' +
          '* /u/c0d3M0nk3y: Video Games (CS)\n' +
          '* /u/cr4zy3ng1n33r: Broadcast (EE)\n' +
          '* /u/CyaNBlu3: Bioengineering (ME)\n' +
          '* /u/DoorGuote: Stormwater (PE)\n' +
          '* /u/Dunengel: Geotechnical\n' +
          '* /u/evans075: Pulp and Paper (ME)\n' +
          '* /u/Gohanto: Acoustics\n' +
          '* /u/hydro_wonk: Hydrologist (PE)\n' +
          '* /u/internationengineer: MEP Design (ME)\n' +
          '* /u/injuredtoad: Oil Refining (ME)\n' +
          '* /u/lafleur818: Environmental/Wastewater\n' +
          '* /u/legofarley: Structural (PE/SE)\n' +
          '* /u/Mine2Me: Mining Engineer\n' +
          '* /u/Notagiant2199: Biofuels (CHE)\n' +
          '* /u/Obbz Consulting: (EE)\n' +
          '* /u/occamman: Medical Device Development (SysE)\n' +
          '* /u/raoulduke25: Structural (PE)\n' +
          '* /u/realjd: Systems\n' +
          '* /u/Red8600: Controls (EET)\n' +
          '* /u/rockitscyentist: Control Systems (AE)\n' +
          '* /u/Roughneck16: Military Engineering (CE)\n' +
          '* /u/Saryu: IP Video Distribution (EE/SE)\n' +
          '* /u/SmashAndCAD: Automation/Metrology\n' +
          '* /u/testfire10: Oil, Gas, Space (ME)\n' +
          '* /u/unbelieverben: Plastics/Molding (CHE), Glass (Display/Automotive)\n' +
          '* /u/__wampa__stompa: Sheet metal, Structural, Aerodynamics (AE)\n' +
          '\n' +
          '---\n' +
          '\n' +
          '**Directory of Useful Subreddits**\n' +
          '\n' +
          '###### Engineering Fields\n' +
          '\n' +
          '* [Aerospace](/r/Aerospace): Aerospace\n' +
          '* [AskEngineers](/r/AskEngineers): Non-school Q&amp;A\n' +
          '* [AskElectronics](/r/AskElectronics): CE/EE Q&amp;A\n' +
          '* [BioEngineering](/r/bioengineering): Biological\n' +
          '* [Biotech](/r/biotech): Biotechnology\n' +
          '* [Chem E](/r/chemicalengineering): Chemical\n' +
          '* [Civil Engineering](/r/civilengineering): Civil\n' +
          '* [Construction](/r/construction): Construction\n' +
          '* [ECE](/r/ECE): General EE &amp; CE discussion\n' +
          '* [EE](/r/electricalengineering): Electrical\n' +
          '* [EngineeringStudents](/r/EngineeringStudents): For wee engineerlings\n' +
          '* [Manufacturing](/r/Manufacturing): Manufacturing Industry\n' +
          '* [Materials](/r/materials): Materials Engineering\n' +
          '* [Mech E](/r/mechanicalengineering): Mechanical Engineering\n' +
          '* [Ind E](/r/industrialengineering): Industrial Engineering\n' +
          '* [USACE](/r/USACE): United States Army Corps of Engineers\n' +
          '\n' +
          '###### Engineering Topics\n' +
          '\n' +
          '* [LearnEngineering](/r/LearnEngineering): Learn &amp; discuss engineering concepts\n' +
          '* [CAD](/r/CAD): Computer Aided Design\n' +
          '* [CFD](/r/cfd): Fluid Dynamics\n' +
          '* [FEA](/r/FEA): Finite Element Analysis\n' +
          '* [PLC](/r/PLC): Programmable Logic Controllers\n' +
          '\n' +
          '###### General Science\n' +
          '\n' +
          '* [AskScience](/r/askscience): No-nonsense science Q&amp;A\n' +
          '* [Biology](/r/biology)\n' +
          '* [Chemistry](/r/chemistry/)\n' +
          '* [Coding](/r/coding)\n' +
          '* [Computer Science](/r/ComputerScience)\n' +
          '* [Electronics](/r/electronics)\n' +
          '* [Lectures](/r/lectures)\n' +
          '* [Math](/r/math/)\n' +
          '* [Physics](/r/physics/)\n' +
          '* [Programming](/r/programming)\n' +
          '* [Science](/r/science)\n' +
          '* [Fluid Mechanics](/r/FluidMechanics)\n' +
          '* [Thermodynamics](/r/thermodynamics)\n' +
          '\n' +
          '###### Textbooks\n' +
          '\n' +
          '* [CSBooks](/r/csbooks): Computer Science\n' +
          '* [EEBooks](/r/eebooks): Electrical Engineering\n' +
          '* [MathBooks](/r/mathbooks/): Mathematics\n' +
          '* [PhysicsBooks](/r/physicsbooks): Physics\n' +
          '\n' +
          '###### Other Links\n' +
          '\n' +
          '* [ECEComponentExchange](/r/ECEComponentExchange): Parts swap  \n' +
          '* [Eng-Tips](http://www.eng-tips.com/): Q&amp;A for various fields',
        is_chat_post_feature_enabled: true,
        submit_link_label: '',
        user_flair_text_color: null,
        restrict_commenting: false,
        user_flair_css_class: null,
        allow_images: true,
        lang: 'en',
        whitelist_status: 'all_ads',
        url: '/r/engineering/',
        created_utc: 1206958809,
        banner_size: null,
        mobile_banner_image: '',
        user_is_moderator: null,
        allow_predictions_tournament: false
      },
      {
        user_flair_background_color: null,
        submit_text_html: '&lt;!-- SC_OFF --&gt;&lt;div class="md"&gt;&lt;ol&gt;\n' +
          '&lt;li&gt;Read the wiki before posting.&lt;/li&gt;\n' +
          '&lt;li&gt;Export your resume as a PDF.&lt;/li&gt;\n' +
          '&lt;li&gt;Convert it to a PNG file &lt;strong&gt;(600 DPI)&lt;/strong&gt; using Preview or &lt;a href="https://www.cleverpdf.com/"&gt;cleverpdf.com&lt;/a&gt;.&lt;/li&gt;\n' +
          '&lt;li&gt;Upload your resume on &lt;strong&gt;DESKTOP NEW REDDIT&lt;/strong&gt; by inserting an image into a &lt;strong&gt;TEXT SUBMISSION.&lt;/strong&gt; &lt;a href="https://imgur.com/2beIg5g"&gt;https://imgur.com/2beIg5g&lt;/a&gt;&lt;/li&gt;\n' +
          '&lt;li&gt;Include a descriptive title &lt;strong&gt;and&lt;/strong&gt; text post. There is a minimum body text character count of &lt;strong&gt;500&lt;/strong&gt; to post.&lt;/li&gt;\n' +
          '&lt;/ol&gt;\n' +
          '&lt;/div&gt;&lt;!-- SC_ON --&gt;',
        restrict_posting: true,
        user_is_banned: null,
        free_form_reports: true,
        wiki_enabled: true,
        user_is_muted: null,
        user_can_flair_in_sr: null,
        display_name: 'EngineeringResumes',
        header_img: null,
        title: 'r/EngineeringResumes',
        allow_galleries: true,
        icon_size: null,
        primary_color: '#feae00',
        active_user_count: null,
        icon_img: '',
        display_name_prefixed: 'r/EngineeringResumes',
        accounts_active: null,
        public_traffic: false,
        subscribers: 55572,
        user_flair_richtext: [],
        name: 't5_37mk2',
        quarantine: false,
        hide_ads: false,
        prediction_leaderboard_entry_type: 'SUBREDDIT_HEADER',
        emojis_enabled: true,
        advertiser_category: '',
        public_description: 'A place to review and discuss engineering resumes.',
        comment_score_hide_mins: 380,
        allow_predictions: false,
        user_has_favorited: null,
        user_flair_template_id: null,
        community_icon: 'https://styles.redditmedia.com/t5_37mk2/styles/communityIcon_2a04cxka01qb1.png?width=256&amp;s=2497937d3751047d40421e6c31036c821eeb586d',
        banner_background_image: 'https://styles.redditmedia.com/t5_37mk2/styles/bannerBackgroundImage_a1usxipwk0qb1.png?width=4000&amp;s=6bf81b7c1fc4b03a2a70a4cceaa4d71c68922da2',
        original_content_tag_enabled: false,
        community_reviewed: true,
        submit_text: '1. Read the wiki before posting.\n' +
          '2. Export your resume as a PDF.\n' +
          '3. Convert it to a PNG file **(600 DPI)** using Preview or [cleverpdf.com](https://www.cleverpdf.com/).\n' +
          '5. Upload your resume on **DESKTOP NEW REDDIT** by inserting an image into a **TEXT SUBMISSION.** https://imgur.com/2beIg5g\n' +
          '6. Include a descriptive title **and** text post. There is a minimum body text character count of **500** to post.',
        description_html: '&lt;!-- SC_OFF --&gt;&lt;div class="md"&gt;&lt;h1&gt;&lt;a href="https://old.reddit.com/r/EngineeringResumes/wiki/"&gt;Wiki&lt;/a&gt;&lt;/h1&gt;\n' +
          '\n' +
          '&lt;hr/&gt;\n' +
          '\n' +
          '&lt;h1&gt;&lt;a href="https://old.reddit.com/r/EngineeringResumes/wiki/rules/"&gt;Rules&lt;/a&gt;&lt;/h1&gt;\n' +
          '\n' +
          '&lt;hr/&gt;\n' +
          '\n' +
          '&lt;h1&gt;&lt;a href="https://old.reddit.com/r/EngineeringResumes/wiki/resumetemplates/"&gt;Resume Templates&lt;/a&gt;&lt;/h1&gt;\n' +
          '\n' +
          '&lt;hr/&gt;\n' +
          '\n' +
          '&lt;h1&gt;&lt;a href="https://old.reddit.com/r/EngineeringResumes/wiki/submission-instructions/"&gt;Submission Instructions&lt;/a&gt;&lt;/h1&gt;\n' +
          '\n' +
          '&lt;hr/&gt;\n' +
          '\n' +
          '&lt;h1&gt;&lt;a href="https://old.reddit.com/r/EngineeringResumes/search?q=flair%3Aquestion&amp;amp;restrict_sr=on&amp;amp;sort=relevance&amp;amp;t=all"&gt;FAQ&lt;/a&gt;&lt;/h1&gt;\n' +
          '\n' +
          '&lt;hr/&gt;\n' +
          '\n' +
          '&lt;h1&gt;&lt;a href="https://old.reddit.com/r/EngineeringResumes/wiki/helpfullinks/"&gt;Helpful Links&lt;/a&gt;&lt;/h1&gt;\n' +
          '\n' +
          '&lt;hr/&gt;\n' +
          '\n' +
          '&lt;h1&gt;Filter by Flair&lt;/h1&gt;\n' +
          '\n' +
          '&lt;p&gt;&lt;a href="https://old.reddit.com/r/EngineeringResumes/search?q=flair%3Ameta&amp;amp;restrict_sr=on&amp;amp;sort=relevance&amp;amp;t=all"&gt;Meta&lt;/a&gt;&lt;/p&gt;\n' +
          '\n' +
          '&lt;p&gt;&lt;a href="https://old.reddit.com/r/EngineeringResumes/search?q=flair%3Asuccess&amp;amp;restrict_sr=on&amp;amp;sort=relevance&amp;amp;t=all"&gt;Success Story!&lt;/a&gt;&lt;/p&gt;\n' +
          '\n' +
          '&lt;p&gt;&lt;a href="https://old.reddit.com/r/EngineeringResumes/search?q=flair%3Aquestion&amp;amp;restrict_sr=on&amp;amp;sort=relevance&amp;amp;t=all"&gt;Question&lt;/a&gt;&lt;/p&gt;\n' +
          '\n' +
          '&lt;p&gt;&lt;a href="https://old.reddit.com/r/EngineeringResumes/search?q=flair%3Aaerospace&amp;amp;restrict_sr=on&amp;amp;sort=relevance&amp;amp;t=all"&gt;Aerospace&lt;/a&gt;&lt;/p&gt;\n' +
          '\n' +
          '&lt;p&gt;&lt;a href="https://old.reddit.com/r/EngineeringResumes/search?q=flair%3Aautomation&amp;amp;restrict_sr=on&amp;amp;sort=relevance&amp;amp;t=all"&gt;Automation/PLC&lt;/a&gt;&lt;/p&gt;\n' +
          '\n' +
          '&lt;p&gt;&lt;a href="https://old.reddit.com/r/EngineeringResumes/search?q=flair%3Abio&amp;amp;restrict_sr=on&amp;amp;sort=relevance&amp;amp;t=all"&gt;BME/Bio&lt;/a&gt;&lt;/p&gt;\n' +
          '\n' +
          '&lt;p&gt;&lt;a href="https://old.reddit.com/r/EngineeringResumes/search?q=flair%3Achemical&amp;amp;restrict_sr=on&amp;amp;sort=relevance&amp;amp;t=all"&gt;Chemical&lt;/a&gt;&lt;/p&gt;\n' +
          '\n' +
          '&lt;p&gt;&lt;a href="https://old.reddit.com/r/EngineeringResumes/search?q=flair%3Acivil&amp;amp;restrict_sr=on&amp;amp;sort=relevance&amp;amp;t=all"&gt;Civil/Construction&lt;/a&gt;&lt;/p&gt;\n' +
          '\n' +
          '&lt;p&gt;&lt;a href="https://old.reddit.com/r/EngineeringResumes/search?q=flair%3Aelectrical&amp;amp;restrict_sr=on&amp;amp;sort=relevance&amp;amp;t=all"&gt;Electrical/Computer&lt;/a&gt;&lt;/p&gt;\n' +
          '\n' +
          '&lt;p&gt;&lt;a href="https://old.reddit.com/r/EngineeringResumes/search?q=flair%3Aenvironmental&amp;amp;restrict_sr=on&amp;amp;sort=relevance&amp;amp;t=all"&gt;Environmental&lt;/a&gt;&lt;/p&gt;\n' +
          '\n' +
          '&lt;p&gt;&lt;a href="https://old.reddit.com/r/EngineeringResumes/search?q=flair%3Aindustrial&amp;amp;restrict_sr=on&amp;amp;sort=relevance&amp;amp;t=all"&gt;Industrial&lt;/a&gt;&lt;/p&gt;\n' +
          '\n' +
          '&lt;p&gt;&lt;a href="https://old.reddit.com/r/EngineeringResumes/search?q=flair%3Amaterials&amp;amp;restrict_sr=on&amp;amp;sort=relevance&amp;amp;t=all"&gt;Materials&lt;/a&gt;&lt;/p&gt;\n' +
          '\n' +
          '&lt;p&gt;&lt;a href="https://old.reddit.com/r/EngineeringResumes/search?q=flair%3Amechanical&amp;amp;restrict_sr=on&amp;amp;sort=relevance&amp;amp;t=all"&gt;Mechanical&lt;/a&gt;&lt;/p&gt;\n' +
          '\n' +
          '&lt;p&gt;&lt;a href="https://old.reddit.com/r/EngineeringResumes/search?q=flair%3Amechatronics&amp;amp;restrict_sr=on&amp;amp;sort=relevance&amp;amp;t=all"&gt;Mechatronics/Robotics&lt;/a&gt;&lt;/p&gt;\n' +
          '\n' +
          '&lt;p&gt;&lt;a href="https://old.reddit.com/r/EngineeringResumes/search?q=flair%3Anuclear&amp;amp;restrict_sr=on&amp;amp;sort=relevance&amp;amp;t=all"&gt;Nuclear&lt;/a&gt;&lt;/p&gt;\n' +
          '\n' +
          '&lt;p&gt;&lt;a href="https://old.reddit.com/r/EngineeringResumes/search?q=flair%3Apetroleum&amp;amp;restrict_sr=on&amp;amp;sort=relevance&amp;amp;t=all"&gt;Petroleum&lt;/a&gt;&lt;/p&gt;\n' +
          '\n' +
          '&lt;p&gt;&lt;a href="https://old.reddit.com/r/EngineeringResumes/search?q=flair%3Asoftware&amp;amp;restrict_sr=on&amp;amp;sort=relevance&amp;amp;t=all"&gt;Software&lt;/a&gt;&lt;/p&gt;\n' +
          '\n' +
          '&lt;p&gt;&lt;a href="https://old.reddit.com/r/EngineeringResumes/search?q=flair%3Asystems&amp;amp;restrict_sr=on&amp;amp;sort=relevance&amp;amp;t=all"&gt;Systems/Integration&lt;/a&gt;&lt;/p&gt;\n' +
          '\n' +
          '&lt;hr/&gt;\n' +
          '\n' +
          '&lt;h1&gt;&lt;a href="https://www.reddit.com/r/EngineeringResumes/wiki/relatedsubs/"&gt;Related Subreddits&lt;/a&gt;&lt;/h1&gt;\n' +
          '&lt;/div&gt;&lt;!-- SC_ON --&gt;',
        spoilers_enabled: false,
        comment_contribution_settings: { allowed_media_types: [Array] },
        allow_talks: false,
        header_size: null,
        user_flair_position: 'left',
        all_original_content: false,
        has_menu_widget: false,
        is_enrolled_in_new_modmail: null,
        key_color: '#ffb000',
        can_assign_user_flair: true,
        created: 1427845749,
        wls: 6,
        show_media_preview: true,
        submission_type: 'any',
        user_is_subscriber: null,
        allowed_media_in_comments: [ 'static', 'expression' ],
        allow_videogifs: true,
        should_archive_posts: false,
        user_flair_type: 'text',
        allow_polls: false,
        collapse_deleted_comments: true,
        emojis_custom_size: null,
        public_description_html: '&lt;!-- SC_OFF --&gt;&lt;div class="md"&gt;&lt;p&gt;A place to review and discuss engineering resumes.&lt;/p&gt;\n' +
          '&lt;/div&gt;&lt;!-- SC_ON --&gt;',
        allow_videos: false,
        is_crosspostable_subreddit: false,
        suggested_comment_sort: 'confidence',
        should_show_media_in_comments_setting: true,
        can_assign_link_flair: true,
        accounts_active_is_fuzzed: false,
        allow_prediction_contributors: false,
        submit_text_label: '',
        link_flair_position: 'left',
        user_sr_flair_enabled: null,
        user_flair_enabled_in_sr: false,
        allow_chat_post_creation: false,
        allow_discovery: true,
        accept_followers: true,
        user_sr_theme_enabled: true,
        link_flair_enabled: true,
        disable_contributor_requests: false,
        subreddit_type: 'public',
        notification_level: null,
        banner_img: '',
        user_flair_text: null,
        banner_background_color: '#ffb000',
        show_media: true,
        id: '37mk2',
        user_is_contributor: null,
        over18: false,
        header_title: '',
        description: '# [Wiki](https://old.reddit.com/r/EngineeringResumes/wiki/)\n' +
          '\n' +
          '---\n' +
          '\n' +
          '# [Rules](https://old.reddit.com/r/EngineeringResumes/wiki/rules/)\n' +
          '\n' +
          '---\n' +
          '\n' +
          '# [Resume Templates](https://old.reddit.com/r/EngineeringResumes/wiki/resumetemplates/)\n' +
          '\n' +
          '---\n' +
          '\n' +
          '# [Submission Instructions](https://old.reddit.com/r/EngineeringResumes/wiki/submission-instructions/)\n' +
          '\n' +
          '---\n' +
          '\n' +
          '# [FAQ](https://old.reddit.com/r/EngineeringResumes/search?q=flair%3Aquestion&amp;restrict_sr=on&amp;sort=relevance&amp;t=all)\n' +
          '\n' +
          '---\n' +
          '\n' +
          '# [Helpful Links](https://old.reddit.com/r/EngineeringResumes/wiki/helpfullinks/)\n' +
          '\n' +
          '---\n' +
          '\n' +
          '# Filter by Flair\n' +
          '\n' +
          '[Meta](https://old.reddit.com/r/EngineeringResumes/search?q=flair%3Ameta&amp;restrict_sr=on&amp;sort=relevance&amp;t=all)\n' +
          '\n' +
          '[Success Story!](https://old.reddit.com/r/EngineeringResumes/search?q=flair%3Asuccess&amp;restrict_sr=on&amp;sort=relevance&amp;t=all)\n' +
          '\n' +
          '[Question](https://old.reddit.com/r/EngineeringResumes/search?q=flair%3Aquestion&amp;restrict_sr=on&amp;sort=relevance&amp;t=all)\n' +
          '\n' +
          '[Aerospace](https://old.reddit.com/r/EngineeringResumes/search?q=flair%3Aaerospace&amp;restrict_sr=on&amp;sort=relevance&amp;t=all)\n' +
          '\n' +
          '[Automation/PLC](https://old.reddit.com/r/EngineeringResumes/search?q=flair%3Aautomation&amp;restrict_sr=on&amp;sort=relevance&amp;t=all)\n' +
          '\n' +
          '[BME/Bio](https://old.reddit.com/r/EngineeringResumes/search?q=flair%3Abio&amp;restrict_sr=on&amp;sort=relevance&amp;t=all)\n' +
          '\n' +
          '[Chemical](https://old.reddit.com/r/EngineeringResumes/search?q=flair%3Achemical&amp;restrict_sr=on&amp;sort=relevance&amp;t=all)\n' +
          '\n' +
          '[Civil/Construction](https://old.reddit.com/r/EngineeringResumes/search?q=flair%3Acivil&amp;restrict_sr=on&amp;sort=relevance&amp;t=all)\n' +
          '\n' +
          '[Electrical/Computer](https://old.reddit.com/r/EngineeringResumes/search?q=flair%3Aelectrical&amp;restrict_sr=on&amp;sort=relevance&amp;t=all)\n' +
          '\n' +
          '[Environmental](https://old.reddit.com/r/EngineeringResumes/search?q=flair%3Aenvironmental&amp;restrict_sr=on&amp;sort=relevance&amp;t=all)\n' +
          '\n' +
          '[Industrial](https://old.reddit.com/r/EngineeringResumes/search?q=flair%3Aindustrial&amp;restrict_sr=on&amp;sort=relevance&amp;t=all)\n' +
          '\n' +
          '[Materials](https://old.reddit.com/r/EngineeringResumes/search?q=flair%3Amaterials&amp;restrict_sr=on&amp;sort=relevance&amp;t=all)\n' +
          '\n' +
          '[Mechanical](https://old.reddit.com/r/EngineeringResumes/search?q=flair%3Amechanical&amp;restrict_sr=on&amp;sort=relevance&amp;t=all)\n' +
          '\n' +
          '[Mechatronics/Robotics](https://old.reddit.com/r/EngineeringResumes/search?q=flair%3Amechatronics&amp;restrict_sr=on&amp;sort=relevance&amp;t=all)\n' +
          '\n' +
          '[Nuclear](https://old.reddit.com/r/EngineeringResumes/search?q=flair%3Anuclear&amp;restrict_sr=on&amp;sort=relevance&amp;t=all)\n' +
          '\n' +
          '[Petroleum](https://old.reddit.com/r/EngineeringResumes/search?q=flair%3Apetroleum&amp;restrict_sr=on&amp;sort=relevance&amp;t=all)\n' +
          '\n' +
          '[Software](https://old.reddit.com/r/EngineeringResumes/search?q=flair%3Asoftware&amp;restrict_sr=on&amp;sort=relevance&amp;t=all)\n' +
          '\n' +
          '[Systems/Integration](https://old.reddit.com/r/EngineeringResumes/search?q=flair%3Asystems&amp;restrict_sr=on&amp;sort=relevance&amp;t=all)\n' +
          '\n' +
          '---\n' +
          '\n' +
          '# [Related Subreddits](https://www.reddit.com/r/EngineeringResumes/wiki/relatedsubs/)',
        is_chat_post_feature_enabled: true,
        submit_link_label: '',
        user_flair_text_color: null,
        restrict_commenting: false,
        user_flair_css_class: null,
        allow_images: true,
        lang: 'en',
        whitelist_status: 'all_ads',
        url: '/r/EngineeringResumes/',
        created_utc: 1427845749,
        banner_size: null,
        mobile_banner_image: '',
        user_is_moderator: null,
        allow_predictions_tournament: false
      },
      {
        user_flair_background_color: null,
        submit_text_html: null,
        restrict_posting: true,
        user_is_banned: null,
        free_form_reports: true,
        wiki_enabled: false,
        user_is_muted: null,
        user_can_flair_in_sr: null,
        display_name: 'MechEng',
        header_img: null,
        title: 'Mechanical Engineering',
        allow_galleries: true,
        icon_size: null,
        primary_color: '',
        active_user_count: null,
        icon_img: '',
        display_name_prefixed: 'r/MechEng',
        accounts_active: null,
        public_traffic: false,
        subscribers: 291,
        user_flair_richtext: [],
        videostream_links_count: 0,
        name: 't5_2sbay',
        quarantine: false,
        hide_ads: false,
        prediction_leaderboard_entry_type: 'IN_FEED',
        emojis_enabled: false,
        advertiser_category: '',
        public_description: '',
        comment_score_hide_mins: 0,
        allow_predictions: false,
        user_has_favorited: null,
        user_flair_template_id: null,
        community_icon: '',
        banner_background_image: '',
        original_content_tag_enabled: false,
        community_reviewed: false,
        submit_text: '',
        description_html: '&lt;!-- SC_OFF --&gt;&lt;div class="md"&gt;&lt;p&gt;As a mechanical engineer it would be great to have like-minded individuals share topics and have discussions here.&lt;/p&gt;\n' +
          '&lt;/div&gt;&lt;!-- SC_ON --&gt;',
        spoilers_enabled: true,
        comment_contribution_settings: {},
        allow_talks: false,
        header_size: null,
        user_flair_position: 'right',
        all_original_content: false,
        has_menu_widget: false,
        is_enrolled_in_new_modmail: null,
        key_color: '',
        can_assign_user_flair: false,
        created: 1297056542,
        wls: null,
        show_media_preview: true,
        submission_type: 'any',
        user_is_subscriber: null,
        allowed_media_in_comments: [],
        allow_videogifs: true,
        should_archive_posts: false,
        user_flair_type: 'text',
        allow_polls: true,
        collapse_deleted_comments: false,
        emojis_custom_size: null,
        public_description_html: null,
        allow_videos: true,
        is_crosspostable_subreddit: false,
        suggested_comment_sort: null,
        should_show_media_in_comments_setting: true,
        can_assign_link_flair: false,
        accounts_active_is_fuzzed: false,
        allow_prediction_contributors: false,
        submit_text_label: '',
        link_flair_position: '',
        user_sr_flair_enabled: null,
        user_flair_enabled_in_sr: false,
        allow_chat_post_creation: false,
        allow_discovery: true,
        accept_followers: true,
        user_sr_theme_enabled: true,
        link_flair_enabled: false,
        disable_contributor_requests: false,
        subreddit_type: 'restricted',
        notification_level: null,
        banner_img: '',
        user_flair_text: null,
        banner_background_color: '',
        show_media: true,
        id: '2sbay',
        user_is_contributor: null,
        over18: false,
        header_title: '',
        description: 'As a mechanical engineer it would be great to have like-minded individuals share topics and have discussions here.',
        is_chat_post_feature_enabled: true,
        submit_link_label: '',
        user_flair_text_color: null,
        restrict_commenting: false,
        user_flair_css_class: null,
        allow_images: true,
        lang: 'en',
        whitelist_status: null,
        url: '/r/MechEng/',
        created_utc: 1297056542,
        banner_size: null,
        mobile_banner_image: '',
        user_is_moderator: null,
        allow_predictions_tournament: false
      },
      {
        user_flair_background_color: null,
        submit_text_html: '&lt;!-- SC_OFF --&gt;&lt;div class="md"&gt;&lt;p&gt;Please post a description of your EDC as a comment in your post OR IT WILL BE REMOVED.&lt;/p&gt;\n' +
          '\n' +
          '&lt;p&gt;Please read the FAQ in the sidebar before asking questions.&lt;/p&gt;\n' +
          '&lt;/div&gt;&lt;!-- SC_ON --&gt;',
        restrict_posting: true,
        user_is_banned: null,
        free_form_reports: true,
        wiki_enabled: true,
        user_is_muted: null,
        user_can_flair_in_sr: null,
        display_name: 'EDC',
        header_img: 'https://b.thumbs.redditmedia.com/BBTcJ74oWvCdBjJw2pqg-D6_6j28V7fUJJUbxBZPBXU.png',
        title: 'Everyday Carry. What essentials do you carry on a daily basis?',
        allow_galleries: true,
        icon_size: null,
        primary_color: '#d25e27',
        active_user_count: null,
        icon_img: '',
        display_name_prefixed: 'r/EDC',
        accounts_active: null,
        public_traffic: false,
        subscribers: 464516,
        user_flair_richtext: [],
        name: 't5_2reni',
        quarantine: false,
        hide_ads: false,
        prediction_leaderboard_entry_type: 'SUBREDDIT_HEADER',
        emojis_enabled: true,
        advertiser_category: '',
        public_description: "A Reddit space where people can come together to show and discuss their various EDC items, ask questions and receive advice from fellow carriers, and generally promote the enjoyment of EDC.  You never know when you're going to need it!",
        comment_score_hide_mins: 30,
        allow_predictions: false,
        user_has_favorited: null,
        user_flair_template_id: null,
        community_icon: 'https://styles.redditmedia.com/t5_2reni/styles/communityIcon_5bpxuw6hrih71.jpg?width=256&amp;s=c1d1815240f3d61f1ddeedd6948fec6a77c35db8',
        banner_background_image: 'https://styles.redditmedia.com/t5_2reni/styles/bannerBackgroundImage_clwvrol4kij21.jpg?width=4000&amp;s=07785c46f4de5bea23f982848c3d0b9c4944e650',
        original_content_tag_enabled: false,
        community_reviewed: true,
        submit_text: 'Please post a description of your EDC as a comment in your post OR IT WILL BE REMOVED.\n' +
          '\n' +
          'Please read the FAQ in the sidebar before asking questions.',
        description_html: '&lt;!-- SC_OFF --&gt;&lt;div class="md"&gt;&lt;p&gt;What is your Every Day Carry?&lt;/p&gt;\n' +
          '\n' +
          '&lt;hr/&gt;\n' +
          '\n' +
          '&lt;hr/&gt;\n' +
          '\n' +
          '&lt;p&gt;&lt;strong&gt;FAQ&lt;/strong&gt;&lt;/p&gt;\n' +
          '\n' +
          '&lt;p&gt;&lt;a href="https://www.reddit.com/r/EDC/comments/27fzhc/meta_new_edc_faq_why_are_you_carrying_a_knifegun/"&gt;1. Why are you carrying a gun/knife/etc?&lt;/a&gt;&lt;/p&gt;\n' +
          '\n' +
          '&lt;p&gt;&lt;a href="https://www.reddit.com/r/EDC/comments/6vljs1/redditors_who_carry_a_notebook_and_a_pen_in_their/"&gt;2. Why carry a pen &amp;amp; notebook?&lt;/a&gt;&lt;/p&gt;\n' +
          '\n' +
          '&lt;p&gt;&lt;a href="https://www.reddit.com/r/EDC/comments/8do5fj/why_are_you_carrying_a_tourniquet/"&gt;3. Why carry a tourniquet?&lt;/a&gt;&lt;/p&gt;\n' +
          '\n' +
          '&lt;hr/&gt;\n' +
          '\n' +
          '&lt;p&gt;&lt;strong&gt;Frequently Recommended Gear&lt;/strong&gt;&lt;/p&gt;\n' +
          '\n' +
          '&lt;p&gt;&lt;a href="https://www.reddit.com/r/EDC/comments/7j7lrs/edc_starter_pack_an_arbitrary_list_of_gear_that/"&gt;Check it out!&lt;/a&gt;&lt;/p&gt;\n' +
          '\n' +
          '&lt;hr/&gt;\n' +
          '\n' +
          '&lt;p&gt;&lt;strong&gt;RULES&lt;/strong&gt;\n' +
          'Please use the &amp;#39;Report&amp;#39; feature for any post/comment you feel is in violation of the below rules.&lt;/p&gt;\n' +
          '\n' +
          '&lt;p&gt;&lt;strong&gt;1.) Post a list of your items&lt;/strong&gt;&lt;/p&gt;\n' +
          '\n' +
          '&lt;p&gt;When posting pictures of your EDC, please provide a list of items in the comments within one hour of posting; otherwise, your post will be removed.&lt;/p&gt;\n' +
          '\n' +
          '&lt;p&gt;&lt;strong&gt;2.) No Spam&lt;/strong&gt; &lt;/p&gt;\n' +
          '\n' +
          '&lt;p&gt;We consider spam to be posts/comments that try to take advantage of the subreddit, automated or otherwise. &lt;/p&gt;\n' +
          '\n' +
          '&lt;p&gt;This includes, but is not limited to:&lt;/p&gt;\n' +
          '\n' +
          '&lt;ul&gt;\n' +
          '&lt;li&gt;&lt;p&gt;Advertising your own products/company/social media&lt;/p&gt;&lt;/li&gt;\n' +
          '&lt;li&gt;&lt;p&gt;Shilling for a third party/Thinly veiled advertising such as &amp;quot;Hope I can get this into other people&amp;#39;s hands&amp;quot; or &amp;quot; Items I produce&amp;quot; &lt;/p&gt;&lt;/li&gt;\n' +
          '&lt;li&gt;&lt;p&gt;Affiliate/referral links&lt;/p&gt;&lt;/li&gt;\n' +
          '&lt;/ul&gt;\n' +
          '\n' +
          '&lt;p&gt;You can include items that you make/sell in EDC posts, so long as it includes other items. &lt;/p&gt;\n' +
          '\n' +
          '&lt;p&gt;The one and only exception to this rule is special deals offered to the members of this sub. Before posting such deals please message the Mod team. &lt;/p&gt;\n' +
          '\n' +
          '&lt;p&gt;&lt;strong&gt;3.) No Incivility&lt;/strong&gt;&lt;/p&gt;\n' +
          '\n' +
          '&lt;p&gt;Comments/posts that include name calling, insults, mocking, condescension, gatekeeping, or any other form of incivility towards users or items will be removed. Criticism of an item itself is allowed, but keep it civil.&lt;/p&gt;\n' +
          '\n' +
          '&lt;p&gt;&lt;strong&gt;4.) No Politics&lt;/strong&gt;&lt;/p&gt;\n' +
          '\n' +
          '&lt;p&gt;Discussion regarding any political party/ideology/group, even those you agree with, will not be tolerated. Do not debate the politics of a country/state/city, user or of an item they choose to EDC. Posts are allowed to contain political imagery (stickers, flags, patches, etc.) so long as they aren’t the primary focus of the post, and don’t violate Reddit TOS.&lt;/p&gt;\n' +
          '\n' +
          '&lt;p&gt;&lt;strong&gt;5.) No Inappropriate Content&lt;/strong&gt;&lt;/p&gt;\n' +
          '\n' +
          '&lt;p&gt;Inappropriate content is content that doesn’t fit the theme of the subreddit. This includes, but is not limited to: content unrelated to EDC, news articles, nudity, and injuries/gore.&lt;/p&gt;\n' +
          '\n' +
          '&lt;p&gt;&lt;strong&gt;6.) No Videos&lt;/strong&gt;&lt;/p&gt;\n' +
          '\n' +
          '&lt;p&gt;Video posts are not allowed. They are difficult/time consuming to moderate and often contain advertising.&lt;/p&gt;\n' +
          '\n' +
          '&lt;p&gt;&lt;strong&gt;7.) No Memes&lt;/strong&gt; &lt;/p&gt;\n' +
          '\n' +
          '&lt;p&gt;No memes, petitions, screenshots, or clickbait. Satirical EDCs are allowed, so long as it follows the traditional EDC post format.&lt;/p&gt;\n' +
          '\n' +
          '&lt;p&gt;&lt;strong&gt;8.) Meet Minimum Posting Requirements&lt;/strong&gt;&lt;/p&gt;\n' +
          '\n' +
          '&lt;p&gt;In order to post or comment, an account must be at least 48 hours old and have a minimum of 50 Karma. This is to prevent spam. Please do not message the mods asking for your post to be approved. Be patient and repost/comment once your account has met these requirements. &lt;/p&gt;\n' +
          '\n' +
          '&lt;p&gt;&lt;strong&gt;9.) Do not ask why someone carries a knife or a gun&lt;/strong&gt;&lt;/p&gt;\n' +
          '\n' +
          '&lt;p&gt;Please read the FAQ before asking why someone carries a knife or a gun. These questions are often asked dishonestly, and this rule exists to discourage political debate stemming from loaded questions.&lt;/p&gt;\n' +
          '\n' +
          '&lt;p&gt;&lt;strong&gt;10) Do not give unasked for advice regarding firearms or knives, or ask why they aren&amp;#39;t carried.&lt;/strong&gt;&lt;/p&gt;\n' +
          '\n' +
          '&lt;p&gt;Do not give unasked for advice regarding purchasing or carrying firearms or knives.&lt;/p&gt;\n' +
          '\n' +
          '&lt;p&gt;Do not ask users why they &lt;em&gt;don&amp;#39;t&lt;/em&gt; carry. &lt;/p&gt;\n' +
          '\n' +
          '&lt;p&gt;Both of these actions are the flip side of not asking why they &lt;em&gt;are&lt;/em&gt; carried. Doing so serves no good purpose and pushes users who choose not to carry such items into justifying their choice, or explaining the fact that laws are not the same everywhere.&lt;/p&gt;\n' +
          '\n' +
          '&lt;hr/&gt;\n' +
          '\n' +
          '&lt;p&gt;&lt;strong&gt;Related subreddits&lt;/strong&gt;&lt;/p&gt;\n' +
          '\n' +
          '&lt;p&gt;&lt;a href="/r/CCW"&gt;/r/CCW&lt;/a&gt; &lt;/p&gt;\n' +
          '\n' +
          '&lt;p&gt;&lt;a href="/r/EDCexchange"&gt;/r/EDCexchange&lt;/a&gt; &lt;/p&gt;\n' +
          '\n' +
          '&lt;p&gt;&lt;a href="/r/fidgetspinners"&gt;/r/fidgetspinners&lt;/a&gt;&lt;/p&gt;\n' +
          '\n' +
          '&lt;p&gt;&lt;a href="/r/fidgettoys"&gt;/r/fidgettoys&lt;/a&gt;&lt;/p&gt;\n' +
          '\n' +
          '&lt;p&gt;&lt;a href="/r/flashlight"&gt;/r/flashlight&lt;/a&gt;&lt;/p&gt;\n' +
          '\n' +
          '&lt;p&gt;&lt;a href="/r/journaling"&gt;/r/journaling&lt;/a&gt;&lt;/p&gt;\n' +
          '\n' +
          '&lt;p&gt;&lt;a href="/r/knifeclub"&gt;/r/knifeclub&lt;/a&gt;&lt;/p&gt;\n' +
          '\n' +
          '&lt;p&gt;&lt;a href="/r/Knife_Swap"&gt;/r/Knife_Swap&lt;/a&gt; &lt;/p&gt;\n' +
          '\n' +
          '&lt;p&gt;&lt;a href="/r/knives"&gt;/r/knives&lt;/a&gt;&lt;/p&gt;\n' +
          '\n' +
          '&lt;p&gt;&lt;a href="/r/paracord"&gt;/r/paracord&lt;/a&gt;&lt;/p&gt;\n' +
          '\n' +
          '&lt;p&gt;&lt;a href="/r/pens"&gt;/r/pens&lt;/a&gt;&lt;/p&gt;\n' +
          '\n' +
          '&lt;p&gt;&lt;a href="/r/photography"&gt;/r/photography&lt;/a&gt;&lt;/p&gt;\n' +
          '\n' +
          '&lt;p&gt;&lt;a href="/r/moleskine"&gt;/r/moleskine&lt;/a&gt;&lt;/p&gt;\n' +
          '\n' +
          '&lt;p&gt;&lt;a href="/r/multitools"&gt;/r/multitools&lt;/a&gt;&lt;/p&gt;\n' +
          '\n' +
          '&lt;p&gt;&lt;a href="/r/notebooks"&gt;/r/notebooks&lt;/a&gt;&lt;/p&gt;\n' +
          '\n' +
          '&lt;p&gt;&lt;a href="/r/Onebag"&gt;/r/Onebag&lt;/a&gt; &lt;/p&gt;\n' +
          '\n' +
          '&lt;p&gt;&lt;a href="/r/onebagging"&gt;/r/onebagging&lt;/a&gt;&lt;/p&gt;\n' +
          '\n' +
          '&lt;p&gt;&lt;a href="/r/vedc"&gt;/r/vedc&lt;/a&gt;&lt;/p&gt;\n' +
          '\n' +
          '&lt;p&gt;&lt;a href="/r/watches"&gt;/r/watches&lt;/a&gt;&lt;/p&gt;\n' +
          '\n' +
          '&lt;p&gt;&lt;a href="/r/watchexchange"&gt;/r/watchexchange&lt;/a&gt;&lt;/p&gt;\n' +
          '\n' +
          '&lt;p&gt;&lt;a href="/r/wellworn"&gt;/r/wellworn&lt;/a&gt;&lt;/p&gt;\n' +
          '\n' +
          '&lt;p&gt;&lt;a href="/r/whatsinthebag"&gt;/r/whatsinthebag&lt;/a&gt;&lt;/p&gt;\n' +
          '\n' +
          '&lt;p&gt;&lt;a href="/r/Zippo"&gt;/r/Zippo&lt;/a&gt;&lt;/p&gt;\n' +
          '\n' +
          '&lt;p&gt;&lt;a href="/r/victorinox"&gt;/r/victorinox&lt;/a&gt;&lt;/p&gt;\n' +
          '&lt;/div&gt;&lt;!-- SC_ON --&gt;',
        spoilers_enabled: false,
        comment_contribution_settings: { allowed_media_types: null },
        allow_talks: false,
        header_size: [ 390, 113 ],
        user_flair_position: 'right',
        all_original_content: false,
        has_menu_widget: false,
        is_enrolled_in_new_modmail: null,
        key_color: '#a5a4a4',
        can_assign_user_flair: true,
        created: 1261413866,
        wls: null,
        show_media_preview: true,
        submission_type: 'any',
        user_is_subscriber: null,
        allowed_media_in_comments: [],
        allow_videogifs: true,
        should_archive_posts: true,
        user_flair_type: 'text',
        allow_polls: false,
        collapse_deleted_comments: true,
        emojis_custom_size: null,
        public_description_html: '&lt;!-- SC_OFF --&gt;&lt;div class="md"&gt;&lt;p&gt;A Reddit space where people can come together to show and discuss their various EDC items, ask questions and receive advice from fellow carriers, and generally promote the enjoyment of EDC.  You never know when you&amp;#39;re going to need it!&lt;/p&gt;\n' +
          '&lt;/div&gt;&lt;!-- SC_ON --&gt;',
        allow_videos: false,
        is_crosspostable_subreddit: false,
        suggested_comment_sort: 'new',
        should_show_media_in_comments_setting: true,
        can_assign_link_flair: true,
        accounts_active_is_fuzzed: false,
        allow_prediction_contributors: false,
        submit_text_label: '',
        link_flair_position: 'right',
        user_sr_flair_enabled: null,
        user_flair_enabled_in_sr: false,
        allow_chat_post_creation: false,
        allow_discovery: true,
        accept_followers: true,
        user_sr_theme_enabled: true,
        link_flair_enabled: true,
        disable_contributor_requests: false,
        subreddit_type: 'public',
        notification_level: null,
        banner_img: '',
        user_flair_text: null,
        banner_background_color: '',
        show_media: true,
        id: '2reni',
        user_is_contributor: null,
        over18: false,
        header_title: 'What do you carry?',
        description: 'What is your Every Day Carry?\n' +
          '\n' +
          '--------------------\n' +
          '\n' +
          '------\n' +
          '\n' +
          '**FAQ**\n' +
          '\n' +
          '[1. Why are you carrying a gun/knife/etc?](https://www.reddit.com/r/EDC/comments/27fzhc/meta_new_edc_faq_why_are_you_carrying_a_knifegun/)\n' +
          '\n' +
          '\n' +
          '[2. Why carry a pen &amp; notebook?](https://www.reddit.com/r/EDC/comments/6vljs1/redditors_who_carry_a_notebook_and_a_pen_in_their/)\n' +
          '\n' +
          '[3. Why carry a tourniquet?](https://www.reddit.com/r/EDC/comments/8do5fj/why_are_you_carrying_a_tourniquet/)\n' +
          '\n' +
          '-----\n' +
          '\n' +
          '\n' +
          '**Frequently Recommended Gear**\n' +
          '\n' +
          '[Check it out!](https://www.reddit.com/r/EDC/comments/7j7lrs/edc_starter_pack_an_arbitrary_list_of_gear_that/)\n' +
          '\n' +
          '\n' +
          '-----\n' +
          '\n' +
          '**RULES**\n' +
          "Please use the 'Report' feature for any post/comment you feel is in violation of the below rules.\n" +
          '\n' +
          '\n' +
          '**1.) Post a list of your items**\n' +
          '\n' +
          'When posting pictures of your EDC, please provide a list of items in the comments within one hour of posting; otherwise, your post will be removed.\n' +
          '\n' +
          '\n' +
          '**2.) No Spam** \n' +
          '\n' +
          'We consider spam to be posts/comments that try to take advantage of the subreddit, automated or otherwise. \n' +
          '\n' +
          'This includes, but is not limited to:\n' +
          '\n' +
          '* Advertising your own products/company/social media\n' +
          '\n' +
          `* Shilling for a third party/Thinly veiled advertising such as "Hope I can get this into other people's hands" or " Items I produce" \n` +
          '\n' +
          '* Affiliate/referral links\n' +
          '\n' +
          'You can include items that you make/sell in EDC posts, so long as it includes other items. \n' +
          '\n' +
          'The one and only exception to this rule is special deals offered to the members of this sub. Before posting such deals please message the Mod team. \n' +
          '\n' +
          '\n' +
          '**3.) No Incivility**\n' +
          '\n' +
          'Comments/posts that include name calling, insults, mocking, condescension, gatekeeping, or any other form of incivility towards users or items will be removed. Criticism of an item itself is allowed, but keep it civil.\n' +
          '\n' +
          '\n' +
          '**4.) No Politics**\n' +
          '\n' +
          'Discussion regarding any political party/ideology/group, even those you agree with, will not be tolerated. Do not debate the politics of a country/state/city, user or of an item they choose to EDC. Posts are allowed to contain political imagery (stickers, flags, patches, etc.) so long as they aren’t the primary focus of the post, and don’t violate Reddit TOS.\n' +
          '\n' +
          '\n' +
          '**5.) No Inappropriate Content**\n' +
          '\n' +
          'Inappropriate content is content that doesn’t fit the theme of the subreddit. This includes, but is not limited to: content unrelated to EDC, news articles, nudity, and injuries/gore.\n' +
          '\n' +
          '**6.) No Videos**\n' +
          '\n' +
          'Video posts are not allowed. They are difficult/time consuming to moderate and often contain advertising.\n' +
          '\n' +
          '**7.) No Memes** \n' +
          '\n' +
          'No memes, petitions, screenshots, or clickbait. Satirical EDCs are allowed, so long as it follows the traditional EDC post format.\n' +
          '\n' +
          '**8.) Meet Minimum Posting Requirements**\n' +
          '\n' +
          'In order to post or comment, an account must be at least 48 hours old and have a minimum of 50 Karma. This is to prevent spam. Please do not message the mods asking for your post to be approved. Be patient and repost/comment once your account has met these requirements. \n' +
          '\n' +
          '\n' +
          '**9.) Do not ask why someone carries a knife or a gun**\n' +
          '\n' +
          'Please read the FAQ before asking why someone carries a knife or a gun. These questions are often asked dishonestly, and this rule exists to discourage political debate stemming from loaded questions.\n' +
          '\n' +
          '\n' +
          "**10) Do not give unasked for advice regarding firearms or knives, or ask why they aren't carried.**\n" +
          '\n' +
          'Do not give unasked for advice regarding purchasing or carrying firearms or knives.\n' +
          '\n' +
          "Do not ask users why they *don't* carry. \n" +
          '\n' +
          'Both of these actions are the flip side of not asking why they *are* carried. Doing so serves no good purpose and pushes users who choose not to carry such items into justifying their choice, or explaining the fact that laws are not the same everywhere.\n' +
          '\n' +
          '---------\n' +
          '\n' +
          '\n' +
          '**Related subreddits**\n' +
          '\n' +
          '/r/CCW \n' +
          '\n' +
          '/r/EDCexchange \n' +
          '\n' +
          '/r/fidgetspinners\n' +
          '\n' +
          '/r/fidgettoys\n' +
          '\n' +
          '/r/flashlight\n' +
          '\n' +
          '/r/journaling\n' +
          '\n' +
          '/r/knifeclub\n' +
          '\n' +
          '/r/Knife_Swap \n' +
          '\n' +
          '/r/knives\n' +
          '\n' +
          '/r/paracord\n' +
          '\n' +
          '/r/pens\n' +
          '\n' +
          '/r/photography\n' +
          '\n' +
          '/r/moleskine\n' +
          '\n' +
          '/r/multitools\n' +
          '\n' +
          '/r/notebooks\n' +
          '\n' +
          '/r/Onebag \n' +
          '\n' +
          '/r/onebagging\n' +
          '\n' +
          '/r/vedc\n' +
          '\n' +
          '/r/watches\n' +
          '\n' +
          '/r/watchexchange\n' +
          '\n' +
          '/r/wellworn\n' +
          '\n' +
          '/r/whatsinthebag\n' +
          '\n' +
          '/r/Zippo\n' +
          '\n' +
          '/r/victorinox',
        is_chat_post_feature_enabled: true,
        submit_link_label: '',
        user_flair_text_color: null,
        restrict_commenting: false,
        user_flair_css_class: null,
        allow_images: true,
        lang: 'en',
        whitelist_status: null,
        url: '/r/EDC/',
        created_utc: 1261413866,
        banner_size: null,
        mobile_banner_image: 'https://styles.redditmedia.com/t5_2reni/styles/mobileBannerImage_iaw6smo4cuh71.jpeg',
        user_is_moderator: null,
        allow_predictions_tournament: false
      },
      {
        user_flair_background_color: null,
        submit_text_html: '&lt;!-- SC_OFF --&gt;&lt;div class="md"&gt;&lt;p&gt;&lt;strong&gt;Please remember to flair your posts&lt;/strong&gt;&lt;/p&gt;\n' +
          '&lt;/div&gt;&lt;!-- SC_ON --&gt;',
        restrict_posting: true,
        user_is_banned: null,
        free_form_reports: true,
        wiki_enabled: true,
        user_is_muted: null,
        user_can_flair_in_sr: null,
        display_name: 'AerospaceEngineering',
        header_img: null,
        title: 'Aerospace Engineering',
        allow_galleries: true,
        icon_size: null,
        primary_color: '#646d73',
        active_user_count: null,
        icon_img: '',
        display_name_prefixed: 'r/AerospaceEngineering',
        accounts_active: null,
        public_traffic: false,
        subscribers: 69909,
        user_flair_richtext: [],
        videostream_links_count: 0,
        name: 't5_2ss4i',
        quarantine: false,
        hide_ads: false,
        prediction_leaderboard_entry_type: 'SUBREDDIT_HEADER',
        emojis_enabled: true,
        advertiser_category: '',
        public_description: 'r/AerospaceEngineering is a forum for enthusiasts, hobbyists, and professionals to share knowledge, experience, and learn about aerospace topics. \n' +
          '\n' +
          'Read the rules before posting!',
        comment_score_hide_mins: 60,
        allow_predictions: false,
        user_has_favorited: null,
        user_flair_template_id: null,
        community_icon: 'https://styles.redditmedia.com/t5_2ss4i/styles/communityIcon_2edupd9vpfc51.jpg?width=256&amp;s=ecd5c63400cba063c6297e58dd38b241d11ded61',
        banner_background_image: 'https://styles.redditmedia.com/t5_2ss4i/styles/bannerBackgroundImage_tnlf36hl1qf81.png?width=4000&amp;s=89521849cbdb873541bd1ecb5fab84f8e4439372',
        original_content_tag_enabled: false,
        community_reviewed: true,
        submit_text: '**Please remember to flair your posts**',
        description_html: '&lt;!-- SC_OFF --&gt;&lt;div class="md"&gt;&lt;p&gt;&lt;strong&gt;&lt;a href="https://discord.gg/PKBBeSPW9V"&gt;Check out the new Discord!&lt;/a&gt;&lt;/strong&gt;&lt;/p&gt;\n' +
          '\n' +
          '&lt;p&gt;For anything and everything aerospace engineering including, but not limited to:    &lt;/p&gt;\n' +
          '\n' +
          '&lt;ul&gt;\n' +
          '&lt;li&gt;Articles about the industry&lt;/li&gt;\n' +
          '&lt;li&gt;Questions about aerospace engineering&lt;/li&gt;\n' +
          '&lt;li&gt;Questions about studying aerospace engineering&lt;/li&gt;\n' +
          '&lt;li&gt;Pictures of aerospace engineering related things (rockets, planes, projects, etc.)&lt;/li&gt;\n' +
          '&lt;/ul&gt;\n' +
          '\n' +
          '&lt;p&gt;There are only a few simple rules:     &lt;/p&gt;\n' +
          '\n' +
          '&lt;ol&gt;\n' +
          '&lt;li&gt;&lt;p&gt;Don&amp;#39;t be negative. Be supportive, helpful, and constructive.&lt;/p&gt;&lt;/li&gt;\n' +
          '&lt;li&gt;&lt;p&gt;&lt;strong&gt;Flair your posts!&lt;/strong&gt;&lt;/p&gt;&lt;/li&gt;\n' +
          '&lt;/ol&gt;\n' +
          '\n' +
          '&lt;p&gt;&lt;strong&gt;ITAR&lt;/strong&gt; or the &lt;a href="https://en.wikipedia.org/wiki/International_Traffic_in_Arms_Regulations"&gt;International Traffic In Arms Regulations&lt;/a&gt; means that a lot of defense related information related to the United States and her interests is restricted to the USA and can not be exported to other counties. Please don&amp;#39;t ask, and if you do and someone mentions ITAR, don&amp;#39;t get mad.&lt;/p&gt;\n' +
          '&lt;/div&gt;&lt;!-- SC_ON --&gt;',
        spoilers_enabled: true,
        comment_contribution_settings: { allowed_media_types: [Array] },
        allow_talks: false,
        header_size: null,
        user_flair_position: 'right',
        all_original_content: false,
        has_menu_widget: false,
        is_enrolled_in_new_modmail: null,
        key_color: '#94e044',
        can_assign_user_flair: true,
        created: 1314287694,
        wls: 6,
        show_media_preview: true,
        submission_type: 'any',
        user_is_subscriber: null,
        allowed_media_in_comments: [ 'giphy', 'expression' ],
        allow_videogifs: true,
        should_archive_posts: false,
        user_flair_type: 'text',
        allow_polls: true,
        collapse_deleted_comments: true,
        emojis_custom_size: null,
        public_description_html: '&lt;!-- SC_OFF --&gt;&lt;div class="md"&gt;&lt;p&gt;&lt;a href="/r/AerospaceEngineering"&gt;r/AerospaceEngineering&lt;/a&gt; is a forum for enthusiasts, hobbyists, and professionals to share knowledge, experience, and learn about aerospace topics. &lt;/p&gt;\n' +
          '\n' +
          '&lt;p&gt;Read the rules before posting!&lt;/p&gt;\n' +
          '&lt;/div&gt;&lt;!-- SC_ON --&gt;',
        allow_videos: true,
        is_crosspostable_subreddit: false,
        suggested_comment_sort: null,
        should_show_media_in_comments_setting: true,
        can_assign_link_flair: true,
        accounts_active_is_fuzzed: false,
        allow_prediction_contributors: false,
        submit_text_label: '',
        link_flair_position: 'left',
        user_sr_flair_enabled: null,
        user_flair_enabled_in_sr: false,
        allow_chat_post_creation: false,
        allow_discovery: true,
        accept_followers: true,
        user_sr_theme_enabled: true,
        link_flair_enabled: true,
        disable_contributor_requests: false,
        subreddit_type: 'public',
        notification_level: null,
        banner_img: '',
        user_flair_text: null,
        banner_background_color: '',
        show_media: false,
        id: '2ss4i',
        user_is_contributor: null,
        over18: false,
        header_title: '',
        description: '**[Check out the new Discord!](https://discord.gg/PKBBeSPW9V)**\n' +
          '\n' +
          'For anything and everything aerospace engineering including, but not limited to:    \n' +
          '\n' +
          '* Articles about the industry\n' +
          '* Questions about aerospace engineering\n' +
          '* Questions about studying aerospace engineering\n' +
          '* Pictures of aerospace engineering related things (rockets, planes, projects, etc.)\n' +
          '    \n' +
          'There are only a few simple rules:     \n' +
          '\n' +
          "1. Don't be negative. Be supportive, helpful, and constructive.\n" +
          '\n' +
          '2. **Flair your posts!**\n' +
          '\n' +
          "**ITAR** or the [International Traffic In Arms Regulations](https://en.wikipedia.org/wiki/International_Traffic_in_Arms_Regulations) means that a lot of defense related information related to the United States and her interests is restricted to the USA and can not be exported to other counties. Please don't ask, and if you do and someone mentions ITAR, don't get mad.",
        is_chat_post_feature_enabled: true,
        submit_link_label: '',
        user_flair_text_color: null,
        restrict_commenting: false,
        user_flair_css_class: null,
        allow_images: true,
        lang: 'en',
        whitelist_status: 'all_ads',
        url: '/r/AerospaceEngineering/',
        created_utc: 1314287694,
        banner_size: null,
        mobile_banner_image: '',
        user_is_moderator: null,
        allow_predictions_tournament: false
      },
      {
        user_flair_background_color: null,
        submit_text_html: null,
        restrict_posting: true,
        user_is_banned: null,
        free_form_reports: true,
        wiki_enabled: false,
        user_is_muted: null,
        user_can_flair_in_sr: null,
        display_name: 'mechatronics',
        header_img: null,
        title: 'Mechatronics Engineering discussion',
        allow_galleries: true,
        icon_size: null,
        primary_color: '',
        active_user_count: null,
        icon_img: '',
        display_name_prefixed: 'r/mechatronics',
        accounts_active: null,
        public_traffic: false,
        subscribers: 12225,
        user_flair_richtext: [],
        videostream_links_count: 1,
        name: 't5_2qjim',
        quarantine: false,
        hide_ads: false,
        prediction_leaderboard_entry_type: 'IN_FEED',
        emojis_enabled: false,
        advertiser_category: '',
        public_description: 'Mechatronics Engineering',
        comment_score_hide_mins: 0,
        allow_predictions: false,
        user_has_favorited: null,
        user_flair_template_id: null,
        community_icon: '',
        banner_background_image: '',
        original_content_tag_enabled: false,
        community_reviewed: false,
        submit_text: '',
        description_html: '&lt;!-- SC_OFF --&gt;&lt;div class="md"&gt;&lt;p&gt;&lt;strong&gt;Related subreddits:&lt;/strong&gt;&lt;/p&gt;\n' +
          '\n' +
          '&lt;p&gt;&lt;a href="/r/Engineering"&gt;/r/Engineering&lt;/a&gt;&lt;br/&gt;\n' +
          '&lt;a href="/r/EngineeringStudents"&gt;/r/EngineeringStudents&lt;/a&gt;&lt;/p&gt;\n' +
          '\n' +
          '&lt;p&gt;Electronics:&lt;/p&gt;\n' +
          '\n' +
          '&lt;p&gt;&lt;a href="/r/electronics"&gt;/r/electronics&lt;/a&gt;&lt;br/&gt;\n' +
          '&lt;a href="/r/AskElectronics"&gt;/r/AskElectronics&lt;/a&gt;&lt;br/&gt;\n' +
          '&lt;a href="/r/ECE"&gt;/r/ECE&lt;/a&gt; &lt;/p&gt;\n' +
          '\n' +
          '&lt;p&gt;Mechanical:&lt;/p&gt;\n' +
          '\n' +
          '&lt;p&gt;&lt;a href="/r/MechanicalEngineering"&gt;/r/MechanicalEngineering&lt;/a&gt;&lt;/p&gt;\n' +
          '\n' +
          '&lt;p&gt;Software:&lt;/p&gt;\n' +
          '\n' +
          '&lt;p&gt;&lt;a href="/r/programming"&gt;/r/programming&lt;/a&gt;&lt;br/&gt;\n' +
          '&lt;a href="/r/coding"&gt;/r/coding&lt;/a&gt;&lt;br/&gt;\n' +
          '&lt;a href="/r/compsci"&gt;/r/compsci&lt;/a&gt;&lt;/p&gt;\n' +
          '\n' +
          '&lt;p&gt;Specifics:&lt;/p&gt;\n' +
          '\n' +
          '&lt;p&gt;&lt;a href="/r/robotics"&gt;/r/robotics&lt;/a&gt;&lt;br/&gt;\n' +
          '&lt;a href="/r/CAD"&gt;/r/CAD&lt;/a&gt;&lt;/p&gt;\n' +
          '&lt;/div&gt;&lt;!-- SC_ON --&gt;',
        spoilers_enabled: true,
        comment_contribution_settings: { allowed_media_types: null },
        allow_talks: false,
        header_size: null,
        user_flair_position: 'right',
        all_original_content: false,
        has_menu_widget: false,
        is_enrolled_in_new_modmail: null,
        key_color: '',
        can_assign_user_flair: false,
        created: 1214730295,
        wls: 6,
        show_media_preview: true,
        submission_type: 'any',
        user_is_subscriber: null,
        allowed_media_in_comments: [],
        allow_videogifs: true,
        should_archive_posts: false,
        user_flair_type: 'text',
        allow_polls: true,
        collapse_deleted_comments: false,
        emojis_custom_size: null,
        public_description_html: '&lt;!-- SC_OFF --&gt;&lt;div class="md"&gt;&lt;p&gt;Mechatronics Engineering&lt;/p&gt;\n' +
          '&lt;/div&gt;&lt;!-- SC_ON --&gt;',
        allow_videos: true,
        is_crosspostable_subreddit: false,
        suggested_comment_sort: null,
        should_show_media_in_comments_setting: true,
        can_assign_link_flair: false,
        accounts_active_is_fuzzed: false,
        allow_prediction_contributors: false,
        submit_text_label: 'Submit new content',
        link_flair_position: '',
        user_sr_flair_enabled: null,
        user_flair_enabled_in_sr: false,
        allow_chat_post_creation: false,
        allow_discovery: true,
        accept_followers: true,
        user_sr_theme_enabled: true,
        link_flair_enabled: false,
        disable_contributor_requests: false,
        subreddit_type: 'public',
        notification_level: null,
        banner_img: '',
        user_flair_text: null,
        banner_background_color: '',
        show_media: true,
        id: '2qjim',
        user_is_contributor: null,
        over18: false,
        header_title: '',
        description: '**Related subreddits:**\n' +
          '\n' +
          '/r/Engineering  \n' +
          '/r/EngineeringStudents\n' +
          '\n' +
          'Electronics:\n' +
          '\n' +
          '/r/electronics  \n' +
          '/r/AskElectronics  \n' +
          '/r/ECE \n' +
          '\n' +
          'Mechanical:\n' +
          '\n' +
          '/r/MechanicalEngineering\n' +
          '\n' +
          'Software:\n' +
          '\n' +
          '/r/programming  \n' +
          '/r/coding  \n' +
          '/r/compsci\n' +
          '\n' +
          'Specifics:\n' +
          '\n' +
          '/r/robotics  \n' +
          '/r/CAD',
        is_chat_post_feature_enabled: true,
        submit_link_label: 'Submit new content',
        user_flair_text_color: null,
        restrict_commenting: false,
        user_flair_css_class: null,
        allow_images: true,
        lang: 'en',
        whitelist_status: 'all_ads',
        url: '/r/mechatronics/',
        created_utc: 1214730295,
        banner_size: null,
        mobile_banner_image: '',
        user_is_moderator: null,
        allow_predictions_tournament: false
      },
      {
        user_flair_background_color: null,
        submit_text_html: null,
        restrict_posting: true,
        user_is_banned: null,
        free_form_reports: true,
        wiki_enabled: false,
        user_is_muted: null,
        user_can_flair_in_sr: null,
        display_name: 'engineeringmemes',
        header_img: null,
        title: 'memes about all things engineering',
        allow_galleries: true,
        icon_size: null,
        primary_color: '',
        active_user_count: null,
        icon_img: '',
        display_name_prefixed: 'r/engineeringmemes',
        accounts_active: null,
        public_traffic: false,
        subscribers: 81484,
        user_flair_richtext: [],
        videostream_links_count: 0,
        name: 't5_2vl6u',
        quarantine: false,
        hide_ads: false,
        prediction_leaderboard_entry_type: 'SUBREDDIT_HEADER',
        emojis_enabled: false,
        advertiser_category: '',
        public_description: "There are lots of great memes out there that only engineers would understand. Since r/engineering prefers more serious posts, here's a subreddit for some nerdy humor.",
        comment_score_hide_mins: 0,
        allow_predictions: false,
        user_has_favorited: null,
        user_flair_template_id: null,
        community_icon: 'https://styles.redditmedia.com/t5_2vl6u/styles/communityIcon_405m7u5wbzb91.jpg?width=256&amp;s=93a0e3ec2d9381b8cf3f8f0a9828390f44837ea2',
        banner_background_image: '',
        original_content_tag_enabled: false,
        community_reviewed: true,
        submit_text: '',
        description_html: '&lt;!-- SC_OFF --&gt;&lt;div class="md"&gt;&lt;p&gt;There are lots of great memes out there that only engineers would understand. Since &lt;a href="/r/engineering"&gt;r/engineering&lt;/a&gt; prefers more serious posts, here&amp;#39;s a subreddit for some nerdy humor.&lt;/p&gt;\n' +
          '&lt;/div&gt;&lt;!-- SC_ON --&gt;',
        spoilers_enabled: true,
        comment_contribution_settings: { allowed_media_types: null },
        allow_talks: false,
        header_size: null,
        user_flair_position: 'right',
        all_original_content: false,
        has_menu_widget: false,
        is_enrolled_in_new_modmail: null,
        key_color: '',
        can_assign_user_flair: true,
        created: 1353285389,
        wls: 6,
        show_media_preview: true,
        submission_type: 'any',
        user_is_subscriber: null,
        allowed_media_in_comments: [],
        allow_videogifs: true,
        should_archive_posts: false,
        user_flair_type: 'text',
        allow_polls: true,
        collapse_deleted_comments: false,
        emojis_custom_size: null,
        public_description_html: '&lt;!-- SC_OFF --&gt;&lt;div class="md"&gt;&lt;p&gt;There are lots of great memes out there that only engineers would understand. Since &lt;a href="/r/engineering"&gt;r/engineering&lt;/a&gt; prefers more serious posts, here&amp;#39;s a subreddit for some nerdy humor.&lt;/p&gt;\n' +
          '&lt;/div&gt;&lt;!-- SC_ON --&gt;',
        allow_videos: true,
        is_crosspostable_subreddit: false,
        suggested_comment_sort: null,
        should_show_media_in_comments_setting: true,
        can_assign_link_flair: false,
        accounts_active_is_fuzzed: false,
        allow_prediction_contributors: false,
        submit_text_label: '',
        link_flair_position: 'left',
        user_sr_flair_enabled: null,
        user_flair_enabled_in_sr: false,
        allow_chat_post_creation: false,
        allow_discovery: true,
        accept_followers: true,
        user_sr_theme_enabled: true,
        link_flair_enabled: true,
        disable_contributor_requests: false,
        subreddit_type: 'public',
        notification_level: null,
        banner_img: '',
        user_flair_text: null,
        banner_background_color: '',
        show_media: true,
        id: '2vl6u',
        user_is_contributor: null,
        over18: false,
        header_title: '',
        description: "There are lots of great memes out there that only engineers would understand. Since r/engineering prefers more serious posts, here's a subreddit for some nerdy humor.",
        is_chat_post_feature_enabled: true,
        submit_link_label: '',
        user_flair_text_color: null,
        restrict_commenting: false,
        user_flair_css_class: null,
        allow_images: true,
        lang: 'en',
        whitelist_status: 'all_ads',
        url: '/r/engineeringmemes/',
        created_utc: 1353285389,
        banner_size: null,
        mobile_banner_image: '',
        user_is_moderator: null,
        allow_predictions_tournament: false
      },
      {
        user_flair_background_color: null,
        submit_text_html: '&lt;!-- SC_OFF --&gt;&lt;div class="md"&gt;&lt;h3&gt;Rules&lt;/h3&gt;\n' +
          '\n' +
          '&lt;ol&gt;\n' +
          '&lt;li&gt;Keep your criticism of others constructive!&lt;/li&gt;\n' +
          '&lt;li&gt;No advertising.&lt;/li&gt;\n' +
          '&lt;li&gt;No soliciting other users through direct messages. &lt;/li&gt;\n' +
          '&lt;li&gt;Do not discuss moderation actions in the sub.&lt;/li&gt;\n' +
          '&lt;li&gt;Do not post inappropriate or irrelevant content. &lt;/li&gt;\n' +
          '&lt;li&gt;Anonymize your resume before posting.&lt;/li&gt;\n' +
          '&lt;li&gt;Do not post low quality content. &lt;/li&gt;\n' +
          '&lt;li&gt;No karma farming.&lt;/li&gt;\n' +
          '&lt;/ol&gt;\n' +
          '&lt;/div&gt;&lt;!-- SC_ON --&gt;',
        restrict_posting: true,
        user_is_banned: null,
        free_form_reports: true,
        wiki_enabled: true,
        user_is_muted: null,
        user_can_flair_in_sr: null,
        display_name: 'resumes',
        header_img: null,
        title: 'Resumes',
        allow_galleries: true,
        icon_size: null,
        primary_color: '#5a74cc',
        active_user_count: null,
        icon_img: '',
        display_name_prefixed: 'r/resumes',
        accounts_active: null,
        public_traffic: false,
        subscribers: 1043321,
        user_flair_richtext: [],
        videostream_links_count: 0,
        name: 't5_2r0bv',
        quarantine: false,
        hide_ads: false,
        prediction_leaderboard_entry_type: 'SUBREDDIT_HEADER',
        emojis_enabled: false,
        advertiser_category: '',
        public_description: 'A place for people to give and receive resume-related advice.',
        comment_score_hide_mins: 5,
        allow_predictions: false,
        user_has_favorited: null,
        user_flair_template_id: null,
        community_icon: 'https://styles.redditmedia.com/t5_2r0bv/styles/communityIcon_fkqnij6bfap71.png?width=256&amp;s=8a4aa3779b38d6bcdc1de9bc9f18df321a353530',
        banner_background_image: '',
        original_content_tag_enabled: false,
        community_reviewed: true,
        submit_text: '### Rules\n' +
          '1. Keep your criticism of others constructive!\n' +
          '2. No advertising.\n' +
          '3. No soliciting other users through direct messages. \n' +
          '4. Do not discuss moderation actions in the sub.\n' +
          '5. Do not post inappropriate or irrelevant content. \n' +
          '6. Anonymize your resume before posting.\n' +
          '7. Do not post low quality content. \n' +
          '8. No karma farming.',
        description_html: '&lt;!-- SC_OFF --&gt;&lt;div class="md"&gt;&lt;p&gt;&lt;strong&gt;Post your anonymized resume for feedback from other community members. In your post, please include the following info:&lt;/strong&gt;&lt;/p&gt;\n' +
          '\n' +
          '&lt;ol&gt;\n' +
          '&lt;li&gt;&lt;p&gt;Who you are as a professional (i.e., engineer, developer, salesperson).&lt;/p&gt;&lt;/li&gt;\n' +
          '&lt;li&gt;&lt;p&gt;Tell us why you&amp;#39;re you seeking help. (i.e., just fine-tuning, not getting called back for interviews etc.). &lt;/p&gt;&lt;/li&gt;\n' +
          '&lt;li&gt;&lt;p&gt;Type of roles you&amp;#39;re looking for. &lt;/p&gt;&lt;/li&gt;\n' +
          '&lt;/ol&gt;\n' +
          '\n' +
          '&lt;p&gt;&lt;strong&gt;How does post flair work?&lt;/strong&gt;&lt;/p&gt;\n' +
          '\n' +
          '&lt;p&gt;Assign one of the following post flairs to your post: &lt;/p&gt;\n' +
          '\n' +
          '&lt;ul&gt;\n' +
          '&lt;li&gt;&lt;p&gt;I need feedback: Use this flair if you need someone to critique your resume. Choose the location corresponding to where you will be applying, not where you are currently located.&lt;/p&gt;&lt;/li&gt;\n' +
          '&lt;li&gt;&lt;p&gt;I have a question: Use this flair if you have a specific (not open-ended) question. &lt;/p&gt;&lt;/li&gt;\n' +
          '&lt;li&gt;&lt;p&gt;I&amp;#39;m sharing advice: Use this flair if you&amp;#39;re sharing valuable tips/advice with the community. Please ask the mods before posting links to external sites. Paid sites are always not allowed. &lt;/p&gt;&lt;/li&gt;\n' +
          '&lt;li&gt;&lt;p&gt;Discussion: Use this flair if you&amp;#39;d like to have an open-ended discussion on a particular topic within the realm of resumes or resume writing.&lt;/p&gt;&lt;/li&gt;\n' +
          '&lt;/ul&gt;\n' +
          '\n' +
          '&lt;p&gt;&lt;strong&gt;QUICK LINKS&lt;/strong&gt;&lt;/p&gt;\n' +
          '\n' +
          '&lt;p&gt;&lt;a href="https://www.reddit.com/r/resumes/wiki/index/howtoparticipate"&gt;Sub Etiquette&lt;/a&gt;&lt;/p&gt;\n' +
          '\n' +
          '&lt;p&gt;&lt;a href="https://www.reddit.com/r/resumes/wiki/index/faq"&gt;Free Resume Writing Guide&lt;/a&gt; &lt;/p&gt;\n' +
          '\n' +
          '&lt;p&gt;&lt;a href="https://www.reddit.com/r/resumes/wiki/index/beforehiringawriter"&gt;Considering hiring a resume writer? Read this&lt;/a&gt;&lt;/p&gt;\n' +
          '\n' +
          '&lt;p&gt;&lt;a href="https://kristenfife.medium.com/understanding-how-the-ats-reads-and-interacts-with-your-resume-401bd00b66db"&gt;Want to understand how ATS works? Read this&lt;/a&gt;&lt;/p&gt;\n' +
          '&lt;/div&gt;&lt;!-- SC_ON --&gt;',
        spoilers_enabled: true,
        comment_contribution_settings: { allowed_media_types: [Array] },
        allow_talks: false,
        header_size: null,
        user_flair_position: 'right',
        all_original_content: false,
        has_menu_widget: false,
        is_enrolled_in_new_modmail: null,
        key_color: '',
        can_assign_user_flair: false,
        created: 1244973608,
        wls: 6,
        show_media_preview: true,
        submission_type: 'any',
        user_is_subscriber: null,
        allowed_media_in_comments: [ 'static', 'giphy', 'animated', 'expression' ],
        allow_videogifs: true,
        should_archive_posts: false,
        user_flair_type: 'text',
        allow_polls: true,
        collapse_deleted_comments: true,
        emojis_custom_size: null,
        public_description_html: '&lt;!-- SC_OFF --&gt;&lt;div class="md"&gt;&lt;p&gt;A place for people to give and receive resume-related advice.&lt;/p&gt;\n' +
          '&lt;/div&gt;&lt;!-- SC_ON --&gt;',
        allow_videos: true,
        is_crosspostable_subreddit: false,
        suggested_comment_sort: 'top',
        should_show_media_in_comments_setting: true,
        can_assign_link_flair: true,
        accounts_active_is_fuzzed: false,
        allow_prediction_contributors: false,
        submit_text_label: '',
        link_flair_position: 'left',
        user_sr_flair_enabled: null,
        user_flair_enabled_in_sr: false,
        allow_chat_post_creation: false,
        allow_discovery: true,
        accept_followers: true,
        user_sr_theme_enabled: true,
        link_flair_enabled: true,
        disable_contributor_requests: false,
        subreddit_type: 'public',
        notification_level: null,
        banner_img: '',
        user_flair_text: null,
        banner_background_color: '',
        show_media: false,
        id: '2r0bv',
        user_is_contributor: null,
        over18: false,
        header_title: '',
        description: '**Post your anonymized resume for feedback from other community members. In your post, please include the following info:**\n' +
          '\n' +
          '1. Who you are as a professional (i.e., engineer, developer, salesperson).\n' +
          '\n' +
          "2. Tell us why you're you seeking help. (i.e., just fine-tuning, not getting called back for interviews etc.). \n" +
          '\n' +
          "3. Type of roles you're looking for. \n" +
          '\n' +
          '**How does post flair work?**\n' +
          '\n' +
          'Assign one of the following post flairs to your post: \n' +
          '\n' +
          '* I need feedback: Use this flair if you need someone to critique your resume. Choose the location corresponding to where you will be applying, not where you are currently located.\n' +
          '\n' +
          '* I have a question: Use this flair if you have a specific (not open-ended) question. \n' +
          '\n' +
          "* I'm sharing advice: Use this flair if you're sharing valuable tips/advice with the community. Please ask the mods before posting links to external sites. Paid sites are always not allowed. \n" +
          '\n' +
          "* Discussion: Use this flair if you'd like to have an open-ended discussion on a particular topic within the realm of resumes or resume writing.\n" +
          '\n' +
          '**QUICK LINKS**\n' +
          '\n' +
          '[Sub Etiquette](https://www.reddit.com/r/resumes/wiki/index/howtoparticipate)\n' +
          '\n' +
          '[Free Resume Writing Guide](https://www.reddit.com/r/resumes/wiki/index/faq) \n' +
          '\n' +
          '[Considering hiring a resume writer? Read this](https://www.reddit.com/r/resumes/wiki/index/beforehiringawriter)\n' +
          '\n' +
          '[Want to understand how ATS works? Read this](https://kristenfife.medium.com/understanding-how-the-ats-reads-and-interacts-with-your-resume-401bd00b66db)',
        is_chat_post_feature_enabled: true,
        submit_link_label: '',
        user_flair_text_color: null,
        restrict_commenting: false,
        user_flair_css_class: null,
        allow_images: true,
        lang: 'en',
        whitelist_status: 'all_ads',
        url: '/r/resumes/',
        created_utc: 1244973608,
        banner_size: null,
        mobile_banner_image: '',
        user_is_moderator: null,
        allow_predictions_tournament: false
      },
      {
        user_flair_background_color: null,
        submit_text_html: null,
        restrict_posting: true,
        user_is_banned: null,
        free_form_reports: true,
        wiki_enabled: false,
        user_is_muted: null,
        user_can_flair_in_sr: null,
        display_name: 'mecheporn',
        header_img: null,
        title: 'Mechanical Engineering Porn',
        allow_galleries: true,
        icon_size: null,
        primary_color: '',
        active_user_count: null,
        icon_img: '',
        display_name_prefixed: 'r/mecheporn',
        accounts_active: null,
        public_traffic: false,
        subscribers: 743,
        user_flair_richtext: [],
        videostream_links_count: 0,
        name: 't5_2yg3c',
        quarantine: false,
        hide_ads: false,
        prediction_leaderboard_entry_type: 'IN_FEED',
        emojis_enabled: false,
        advertiser_category: '',
        public_description: 'Visually aesthetic mechanical engineering creations from around the world. ',
        comment_score_hide_mins: 0,
        allow_predictions: false,
        user_has_favorited: null,
        user_flair_template_id: null,
        community_icon: '',
        banner_background_image: '',
        original_content_tag_enabled: false,
        community_reviewed: false,
        submit_text: '',
        description_html: '&lt;!-- SC_OFF --&gt;&lt;div class="md"&gt;&lt;p&gt;Looking for a place to start? Go watch Pacific Rim. &lt;/p&gt;\n' +
          '&lt;/div&gt;&lt;!-- SC_ON --&gt;',
        spoilers_enabled: true,
        comment_contribution_settings: {},
        allow_talks: false,
        header_size: null,
        user_flair_position: 'right',
        all_original_content: false,
        has_menu_widget: false,
        is_enrolled_in_new_modmail: null,
        key_color: '',
        can_assign_user_flair: false,
        created: 1378682181,
        wls: null,
        show_media_preview: true,
        submission_type: 'any',
        user_is_subscriber: null,
        allowed_media_in_comments: [],
        allow_videogifs: true,
        should_archive_posts: false,
        user_flair_type: 'text',
        allow_polls: true,
        collapse_deleted_comments: false,
        emojis_custom_size: null,
        public_description_html: '&lt;!-- SC_OFF --&gt;&lt;div class="md"&gt;&lt;p&gt;Visually aesthetic mechanical engineering creations from around the world. &lt;/p&gt;\n' +
          '&lt;/div&gt;&lt;!-- SC_ON --&gt;',
        allow_videos: true,
        is_crosspostable_subreddit: false,
        suggested_comment_sort: null,
        should_show_media_in_comments_setting: true,
        can_assign_link_flair: false,
        accounts_active_is_fuzzed: false,
        allow_prediction_contributors: false,
        submit_text_label: '',
        link_flair_position: '',
        user_sr_flair_enabled: null,
        user_flair_enabled_in_sr: false,
        allow_chat_post_creation: false,
        allow_discovery: true,
        accept_followers: true,
        user_sr_theme_enabled: true,
        link_flair_enabled: false,
        disable_contributor_requests: false,
        subreddit_type: 'restricted',
        notification_level: null,
        banner_img: '',
        user_flair_text: null,
        banner_background_color: '',
        show_media: true,
        id: '2yg3c',
        user_is_contributor: null,
        over18: false,
        header_title: '',
        description: 'Looking for a place to start? Go watch Pacific Rim. ',
        is_chat_post_feature_enabled: true,
        submit_link_label: '',
        user_flair_text_color: null,
        restrict_commenting: false,
        user_flair_css_class: null,
        allow_images: true,
        lang: 'en',
        whitelist_status: null,
        url: '/r/mecheporn/',
        created_utc: 1378682181,
        banner_size: null,
        mobile_banner_image: '',
        user_is_moderator: null,
        allow_predictions_tournament: false
      },
      {
        user_flair_background_color: null,
        submit_text_html: '&lt;!-- SC_OFF --&gt;&lt;div class="md"&gt;&lt;h2&gt;Please state your question succinctly in the title and include a question mark.&lt;/h2&gt;\n' +
          '\n' +
          '&lt;h2&gt;All submissions are placed in the spam filter for moderator review, so please be patient.&lt;/h2&gt;\n' +
          '\n' +
          '&lt;h2&gt;Is the answer to your question a number? Then you most likely want to post to &lt;a href="/r/estimation"&gt;/r/estimation&lt;/a&gt; or &lt;a href="/r/theydidthemath"&gt;/r/theydidthemath&lt;/a&gt;&lt;/h2&gt;\n' +
          '\n' +
          '&lt;h1&gt;&lt;a href="http://www.reddit.com/r/askscience/wiki/index#wiki_asking_askscience"&gt;Read our rules and guidelines before asking your question.&lt;/a&gt;&lt;/h1&gt;\n' +
          '\n' +
          '&lt;p&gt;Use the &lt;a href="http://www.reddit.com/r/askscience/search"&gt;reddit search function&lt;/a&gt; and google &amp;#39;site:reddit.com&lt;a href="/r/askscience"&gt;/r/askscience&lt;/a&gt;: search terms&amp;#39; before posting in order to avoid repeat questions.&lt;/p&gt;\n' +
          '\n' +
          '&lt;p&gt;&lt;strong&gt;Instructions for flairing your post:&lt;/strong&gt;&lt;/p&gt;\n' +
          '\n' +
          '&lt;p&gt;Once you click &amp;quot;submit,&amp;quot; there will be an option that is highlighted in yellow under the post that says &amp;quot;Please Click This To Categorize Your Post.&amp;quot; Once you click it, a menu will pop up and you will be able to choose what field your question falls under.&lt;/p&gt;\n' +
          '\n' +
          '&lt;p&gt;Thanks for asking your question in AskScience! :)&lt;/p&gt;\n' +
          '&lt;/div&gt;&lt;!-- SC_ON --&gt;',
        restrict_posting: true,
        user_is_banned: null,
        free_form_reports: true,
        wiki_enabled: true,
        user_is_muted: null,
        user_can_flair_in_sr: null,
        display_name: 'askscience',
        header_img: 'https://a.thumbs.redditmedia.com/KtS37yyOy-MnvMyMfKgjib6M07bHEZMAUu5lCIkEF40.png',
        title: 'AskScience: Got Questions? Get Answers.',
        allow_galleries: true,
        icon_size: [ 256, 256 ],
        primary_color: '#373c3f',
        active_user_count: null,
        icon_img: 'https://b.thumbs.redditmedia.com/VXukRtebQAtdj6BUMLlOjCh3XnLH9_oScHxsDJ-vsio.png',
        display_name_prefixed: 'r/askscience',
        accounts_active: null,
        public_traffic: false,
        subscribers: 24480290,
        user_flair_richtext: [],
        name: 't5_2qm4e',
        quarantine: false,
        hide_ads: false,
        prediction_leaderboard_entry_type: 'SUBREDDIT_HEADER',
        emojis_enabled: false,
        advertiser_category: 'Lifestyles',
        public_description: 'Ask a science question, get a science answer.',
        comment_score_hide_mins: 360,
        allow_predictions: false,
        user_has_favorited: null,
        user_flair_template_id: null,
        community_icon: '',
        banner_background_image: 'https://styles.redditmedia.com/t5_2qm4e/styles/bannerBackgroundImage_ht6xxd9rylf01.png?width=4000&amp;s=50a3be97fb21f1ebe05b65d0069c12ad49e21e99',
        original_content_tag_enabled: false,
        community_reviewed: true,
        submit_text: '##Please state your question succinctly in the title and include a question mark.\n' +
          '\n' +
          '##All submissions are placed in the spam filter for moderator review, so please be patient.\n' +
          '\n' +
          '##Is the answer to your question a number? Then you most likely want to post to /r/estimation or /r/theydidthemath\n' +
          '\n' +
          '#[Read our rules and guidelines before asking your question.](http://www.reddit.com/r/askscience/wiki/index#wiki_asking_askscience)\n' +
          '\n' +
          "Use the [reddit search function](http://www.reddit.com/r/askscience/search) and google 'site:reddit.com/r/askscience: search terms' before posting in order to avoid repeat questions.\n" +
          '\n' +
          '**Instructions for flairing your post:**\n' +
          '\n' +
          'Once you click "submit," there will be an option that is highlighted in yellow under the post that says "Please Click This To Categorize Your Post." Once you click it, a menu will pop up and you will be able to choose what field your question falls under.\n' +
          '\n' +
          'Thanks for asking your question in AskScience! :)',
        description_html: '&lt;!-- SC_OFF --&gt;&lt;div class="md"&gt;&lt;h3&gt;Please read our &lt;a href="http://goo.gl/NZf5gP"&gt;&lt;strong&gt;guidelines&lt;/strong&gt;&lt;/a&gt; and &lt;a href="http://goo.gl/hfiJiJ"&gt;&lt;strong&gt;FAQ&lt;/strong&gt;&lt;/a&gt; before posting&lt;/h3&gt;\n' +
          '\n' +
          '&lt;ul&gt;\n' +
          '&lt;li&gt;&lt;strong&gt;Answer questions&lt;/strong&gt; with accurate, in-depth explanations, &lt;a href="/r/askscience/wiki/sources"&gt;including &lt;strong&gt;peer-reviewed sources&lt;/strong&gt; where possible&lt;/a&gt;&lt;/li&gt;\n' +
          '&lt;li&gt;&lt;strong&gt;Upvote&lt;/strong&gt; on-topic answers supported by reputable sources and scientific research&lt;/li&gt;\n' +
          '&lt;li&gt;&lt;strong&gt;Downvote&lt;/strong&gt; anecdotes, speculation, and jokes&lt;/li&gt;\n' +
          '&lt;li&gt;&lt;strong&gt;Report&lt;/strong&gt; comments that do not meet our &lt;a href="http://goo.gl/NZf5gP"&gt;&lt;strong&gt;guidelines&lt;/strong&gt;&lt;/a&gt;, including &lt;a href="http://goo.gl/UAVhTJ"&gt;medical advice&lt;/a&gt;&lt;/li&gt;\n' +
          '&lt;li&gt;&lt;strong&gt;Be civil:&lt;/strong&gt; &lt;a href="http://redd.it/1ytp7q"&gt;Remember the human&lt;/a&gt; and follow &lt;a href="http://www.reddit.com/wiki/reddiquette"&gt;Reddiquette&lt;/a&gt;&lt;/li&gt;\n' +
          '&lt;/ul&gt;\n' +
          '\n' +
          '&lt;h3&gt;Features&lt;/h3&gt;\n' +
          '\n' +
          '&lt;ul&gt;\n' +
          '&lt;li&gt;&lt;a href="/r/askscience/wiki/booklist"&gt;&lt;strong&gt;Book List&lt;/strong&gt;&lt;/a&gt;&lt;/li&gt;\n' +
          '&lt;li&gt;&lt;a href="http://goo.gl/chKW86"&gt;&lt;strong&gt;Weekly Features&lt;/strong&gt;&lt;/a&gt;: Archives of AskAnything Wednesday, FAQ Fridays, and more!&lt;/li&gt;\n' +
          '&lt;li&gt;&lt;a href="http://goo.gl/hfiJiJ"&gt;&lt;strong&gt;FAQ&lt;/strong&gt;&lt;/a&gt;: In-depth answers to many popular questions&lt;/li&gt;\n' +
          '&lt;li&gt;&lt;a href="https://www.reddit.com/r/askscience/new/"&gt;&lt;strong&gt;New&lt;/strong&gt;&lt;/a&gt; and &lt;a href="https://www.reddit.com/r/askscience/comments/gilded/"&gt;&lt;strong&gt;gilded&lt;/strong&gt;&lt;/a&gt; posts&lt;/li&gt;\n' +
          '&lt;li&gt;&lt;strong&gt;&lt;a href="/r/AskScienceDiscussion"&gt;/r/AskScienceDiscussion&lt;/a&gt;&lt;/strong&gt;: For open-ended and hypothetical questions &lt;/li&gt;\n' +
          '&lt;/ul&gt;\n' +
          '\n' +
          '&lt;h3&gt;Filter by Field&lt;/h3&gt;\n' +
          '\n' +
          '&lt;table&gt;&lt;thead&gt;\n' +
          '&lt;tr&gt;\n' +
          '&lt;th align="left"&gt;Title&lt;/th&gt;\n' +
          '&lt;th align="right"&gt;Description&lt;/th&gt;\n' +
          '&lt;/tr&gt;\n' +
          '&lt;/thead&gt;&lt;tbody&gt;\n' +
          '&lt;tr&gt;\n' +
          '&lt;td align="left"&gt;&lt;a href="/r/askscience/search?q=flair%3A%27Physics%27&amp;amp;sort=new&amp;amp;restrict_sr=on"&gt;Physics&lt;/a&gt;&lt;/td&gt;\n' +
          '&lt;td align="right"&gt;Theoretical Physics, Experimental Physics, High-energy Physics, Solid-State Physics, Fluid Dynamics, Relativity, Quantum Physics, Plasma Physics&lt;/td&gt;\n' +
          '&lt;/tr&gt;\n' +
          '&lt;tr&gt;\n' +
          '&lt;td align="left"&gt;&lt;a href="/r/askscience/search?q=flair%3A%27Mathematics%27&amp;amp;sort=new&amp;amp;restrict_sr=on"&gt;Mathematics&lt;/a&gt;&lt;/td&gt;\n' +
          '&lt;td align="right"&gt;Mathematics, Statistics, Number Theory, Calculus, Algebra&lt;/td&gt;\n' +
          '&lt;/tr&gt;\n' +
          '&lt;tr&gt;\n' +
          '&lt;td align="left"&gt;&lt;a href="/r/askscience/search?q=flair%3A%27Astronomy%27&amp;amp;sort=new&amp;amp;restrict_sr=on"&gt;Astronomy&lt;/a&gt;&lt;/td&gt;\n' +
          '&lt;td align="right"&gt;Astronomy, Astrophysics, Cosmology, Planetary Formation&lt;/td&gt;\n' +
          '&lt;/tr&gt;\n' +
          '&lt;tr&gt;\n' +
          '&lt;td align="left"&gt;&lt;a href="/r/askscience/search?q=flair%3A%27Computing%27&amp;amp;sort=new&amp;amp;restrict_sr=on"&gt;Computing&lt;/a&gt;&lt;/td&gt;\n' +
          '&lt;td align="right"&gt;Computing, Artificial Intelligence, Machine Learning, Computability&lt;/td&gt;\n' +
          '&lt;/tr&gt;\n' +
          '&lt;tr&gt;\n' +
          '&lt;td align="left"&gt;&lt;a href="/r/askscience/search?q=flair%3A%27planetary%2Bsci.%27+OR+flair%3A%27earth%2Bsciences%27&amp;amp;sort=new&amp;amp;restrict_sr=on"&gt;Earth and Planetary Sciences&lt;/a&gt;&lt;/td&gt;\n' +
          '&lt;td align="right"&gt;Earth Science, Atmospheric Science, Oceanography, Geology&lt;/td&gt;\n' +
          '&lt;/tr&gt;\n' +
          '&lt;tr&gt;\n' +
          '&lt;td align="left"&gt;&lt;a href="/r/askscience/search?q=flair%3A%27Engineering%27&amp;amp;sort=new&amp;amp;restrict_sr=on"&gt;Engineering&lt;/a&gt;&lt;/td&gt;\n' +
          '&lt;td align="right"&gt;Mechanical Engineering, Electrical Engineering, Structural Engineering, Computer Engineering, Aerospace Engineering&lt;/td&gt;\n' +
          '&lt;/tr&gt;\n' +
          '&lt;tr&gt;\n' +
          '&lt;td align="left"&gt;&lt;a href="/r/askscience/search?q=flair%3A%27Chemistry%27&amp;amp;sort=new&amp;amp;restrict_sr=on"&gt;Chemistry&lt;/a&gt;&lt;/td&gt;\n' +
          '&lt;td align="right"&gt;Chemistry, Organic Chemistry, Polymers, Biochemistry&lt;/td&gt;\n' +
          '&lt;/tr&gt;\n' +
          '&lt;tr&gt;\n' +
          '&lt;td align="left"&gt;&lt;a href="/r/askscience/search?q=flair%3ALinguistics+OR+flair%3Asocial%2Bscience+OR+flair%3Apolitical%2Bscience+OR+flair%3AEconomics+OR+flair%3AArchaeology+OR+flair%3AAnthropology&amp;amp;sort=new&amp;amp;restrict_sr=on"&gt;Social Sciences&lt;/a&gt;&lt;/td&gt;\n' +
          '&lt;td align="right"&gt;Social Science, Political Science, Economics, Archaeology, Anthropology, Linguistics&lt;/td&gt;\n' +
          '&lt;/tr&gt;\n' +
          '&lt;tr&gt;\n' +
          '&lt;td align="left"&gt;&lt;a href="/r/askscience/search?q=flair%3A%27Biology%27+OR+flair%3A%27paleontology%27&amp;amp;sort=new&amp;amp;restrict_sr=on"&gt;Biology&lt;/a&gt;&lt;/td&gt;\n' +
          '&lt;td align="right"&gt;Biology, Evolution, Morphology, Ecology, Synthetic Biology, Microbiology, Cellular Biology, Molecular Biology, Paleontology&lt;/td&gt;\n' +
          '&lt;/tr&gt;\n' +
          '&lt;tr&gt;\n' +
          '&lt;td align="left"&gt;&lt;a href="/r/askscience/search?q=flair%3A%27Psychology%27&amp;amp;sort=new&amp;amp;restrict_sr=on"&gt;Psychology&lt;/a&gt;&lt;/td&gt;\n' +
          '&lt;td align="right"&gt;Psychology, Cognitive Psychology, Developmental Psychology, Abnormal, Social Psychology&lt;/td&gt;\n' +
          '&lt;/tr&gt;\n' +
          '&lt;tr&gt;\n' +
          '&lt;td align="left"&gt;&lt;a href="/r/askscience/search?q=flair%3A%27Medicine%27+OR+flair%3A%27COVID-19%27+&amp;amp;restrict_sr=on&amp;amp;sort=new"&gt;Medicine&lt;/a&gt;&lt;/td&gt;\n' +
          '&lt;td align="right"&gt;Medicine, Oncology, Dentistry, Physiology, Epidemiology, Infectious Disease, Pharmacy, Human Body&lt;/td&gt;\n' +
          '&lt;/tr&gt;\n' +
          '&lt;tr&gt;\n' +
          '&lt;td align="left"&gt;&lt;a href="/r/askscience/search?q=flair%3A%27Neuroscience%27&amp;amp;sort=new&amp;amp;restrict_sr=on"&gt;Neuroscience&lt;/a&gt;&lt;/td&gt;\n' +
          '&lt;td align="right"&gt;Neuroscience, Neurology, Neurochemistry, Cognitive Neuroscience&lt;/td&gt;\n' +
          '&lt;/tr&gt;\n' +
          '&lt;/tbody&gt;&lt;/table&gt;\n' +
          '\n' +
          '&lt;h3&gt;Calendar&lt;/h3&gt;\n' +
          '\n' +
          '&lt;h5&gt;&lt;a href="/blank"&gt;&lt;/a&gt;&lt;/h5&gt;\n' +
          '\n' +
          '&lt;table&gt;&lt;thead&gt;\n' +
          '&lt;tr&gt;\n' +
          '&lt;th align="left"&gt;Date&lt;/th&gt;\n' +
          '&lt;th align="left"&gt;Description&lt;/th&gt;\n' +
          '&lt;/tr&gt;\n' +
          '&lt;/thead&gt;&lt;tbody&gt;\n' +
          '&lt;tr&gt;\n' +
          '&lt;td align="left"&gt;23 Oct&lt;/td&gt;\n' +
          '&lt;td align="left"&gt;Mole Day&lt;/td&gt;\n' +
          '&lt;/tr&gt;\n' +
          '&lt;tr&gt;\n' +
          '&lt;td align="left"&gt;25 Oct&lt;/td&gt;\n' +
          '&lt;td align="left"&gt;Ask Anything Wednesday - Biology, Chemistry, Neuroscience, Medicine, Psychology&lt;/td&gt;\n' +
          '&lt;/tr&gt;\n' +
          '&lt;tr&gt;\n' +
          '&lt;td align="left"&gt;28 Oct&lt;/td&gt;\n' +
          '&lt;td align="left"&gt;Jonas Salk&amp;#39;s Birthday (b.1914)&lt;/td&gt;\n' +
          '&lt;/tr&gt;\n' +
          '&lt;tr&gt;\n' +
          '&lt;td align="left"&gt;1 Nov&lt;/td&gt;\n' +
          '&lt;td align="left"&gt;Ask Anything Wednesday - Economics, Political Science, Linguistics, Anthropology&lt;/td&gt;\n' +
          '&lt;/tr&gt;\n' +
          '&lt;tr&gt;\n' +
          '&lt;td align="left"&gt;7 Nov&lt;/td&gt;\n' +
          '&lt;td align="left"&gt;Marie Curie&amp;#39;s Birthday (b.1867)&lt;/td&gt;\n' +
          '&lt;/tr&gt;\n' +
          '&lt;tr&gt;\n' +
          '&lt;td align="left"&gt;8 Nov&lt;/td&gt;\n' +
          '&lt;td align="left"&gt;Ask Anything Wednesday - Physics, Astronomy, Earth and Planetary Science&lt;/td&gt;\n' +
          '&lt;/tr&gt;\n' +
          '&lt;tr&gt;\n' +
          '&lt;td align="left"&gt;15 Nov&lt;/td&gt;\n' +
          '&lt;td align="left"&gt;Ask Anything Wednesday - Engineering, Mathematics, Computer science&lt;/td&gt;\n' +
          '&lt;/tr&gt;\n' +
          '&lt;tr&gt;\n' +
          '&lt;td align="left"&gt;22 Nov&lt;/td&gt;\n' +
          '&lt;td align="left"&gt;Ask Anything Wednesday - Biology, Chemistry, Neuroscience, Medicine, Psychology&lt;/td&gt;\n' +
          '&lt;/tr&gt;\n' +
          '&lt;/tbody&gt;&lt;/table&gt;\n' +
          '\n' +
          '&lt;h3&gt;Related subreddits&lt;/h3&gt;\n' +
          '\n' +
          '&lt;ul&gt;\n' +
          '&lt;li&gt;&lt;a href="/r/askscience/wiki/subreddit_links"&gt;Click here for a list of related subs!&lt;/a&gt;&lt;/li&gt;\n' +
          '&lt;/ul&gt;\n' +
          '\n' +
          '&lt;h3&gt;Are you a science expert?&lt;/h3&gt;\n' +
          '\n' +
          '&lt;ul&gt;\n' +
          '&lt;li&gt;&lt;strong&gt;Looking for flair? &lt;a href="https://www.reddit.com/r/askscience/about/sticky"&gt;Sign up to be a panelist!&lt;/a&gt;&lt;/strong&gt; &lt;/li&gt;\n' +
          '&lt;/ul&gt;\n' +
          '\n' +
          '&lt;hr/&gt;\n' +
          '\n' +
          '&lt;p&gt;&lt;a href="http://goo.gl/cRQDGr"&gt;Header Information&lt;/a&gt; &lt;/p&gt;\n' +
          '\n' +
          '&lt;ul&gt;\n' +
          '&lt;li&gt;&lt;a href="http://goo.gl/wRzlXr"&gt;Switch to dark theme&lt;/a&gt;&lt;/li&gt;\n' +
          '&lt;li&gt;&lt;a href="http://goo.gl/cYwdsu"&gt;Switch to light theme&lt;/a&gt;&lt;/li&gt;\n' +
          '&lt;/ul&gt;\n' +
          '\n' +
          '&lt;p&gt;&lt;a href="#/RES_SR_Config/NightModeCompatible"&gt;&lt;/a&gt;&lt;/p&gt;\n' +
          '\n' +
          '&lt;ol&gt;\n' +
          '&lt;li&gt;For more open-ended questions, try &lt;a href="/r/AskScienceDiscussion"&gt;/r/AskScienceDiscussion&lt;/a&gt; | &lt;a href="https://www.reddit.com/r/askscience/about/sticky"&gt;Sign up to be a panelist!&lt;/a&gt;&lt;/li&gt;\n' +
          '&lt;/ol&gt;\n' +
          '\n' +
          '&lt;p&gt;We make our world significant by the courage of our questions and by the depth of our answers. -Carl Sagan, &lt;em&gt;Cosmos&lt;/em&gt;&lt;/p&gt;\n' +
          '&lt;/div&gt;&lt;!-- SC_ON --&gt;',
        spoilers_enabled: true,
        comment_contribution_settings: { allowed_media_types: null },
        allow_talks: false,
        header_size: [ 70, 72 ],
        user_flair_position: 'right',
        all_original_content: false,
        has_menu_widget: false,
        is_enrolled_in_new_modmail: null,
        key_color: '#94e044',
        can_assign_user_flair: false,
        created: 1220599964,
        wls: 6,
        show_media_preview: true,
        submission_type: 'self',
        user_is_subscriber: null,
        allowed_media_in_comments: [],
        allow_videogifs: false,
        should_archive_posts: true,
        user_flair_type: 'text',
        allow_polls: false,
        collapse_deleted_comments: true,
        emojis_custom_size: null,
        public_description_html: '&lt;!-- SC_OFF --&gt;&lt;div class="md"&gt;&lt;p&gt;Ask a science question, get a science answer.&lt;/p&gt;\n' +
          '&lt;/div&gt;&lt;!-- SC_ON --&gt;',
        allow_videos: false,
        is_crosspostable_subreddit: false,
        suggested_comment_sort: null,
        should_show_media_in_comments_setting: true,
        can_assign_link_flair: true,
        accounts_active_is_fuzzed: false,
        allow_prediction_contributors: false,
        submit_text_label: 'Ask a science question',
        link_flair_position: 'left',
        user_sr_flair_enabled: null,
        user_flair_enabled_in_sr: false,
        allow_chat_post_creation: false,
        allow_discovery: true,
        accept_followers: true,
        user_sr_theme_enabled: true,
        link_flair_enabled: true,
        disable_contributor_requests: true,
        subreddit_type: 'public',
        notification_level: null,
        banner_img: '',
        user_flair_text: null,
        banner_background_color: '#000000',
        show_media: false,
        id: '2qm4e',
        user_is_contributor: null,
        over18: false,
        header_title: 'AskScience',
        description: '### Please read our [**guidelines**](http://goo.gl/NZf5gP) and [**FAQ**](http://goo.gl/hfiJiJ) before posting\r\n' +
          '\r\n' +
          '* **Answer questions** with accurate, in-depth explanations, [including **peer-reviewed sources** where possible](/r/askscience/wiki/sources)\r\n' +
          '* **Upvote** on-topic answers supported by reputable sources and scientific research\r\n' +
          '* **Downvote** anecdotes, speculation, and jokes\r\n' +
          '* **Report** comments that do not meet our [**guidelines**](http://goo.gl/NZf5gP), including [medical advice](http://goo.gl/UAVhTJ)\r\n' +
          '* **Be civil:** [Remember the human](http://redd.it/1ytp7q) and follow [Reddiquette](http://www.reddit.com/wiki/reddiquette)\r\n' +
          '\r\n' +
          '\r\n' +
          '\r\n' +
          '###Features\r\n' +
          '\r\n' +
          '* [**Book List**](/r/askscience/wiki/booklist)\r\n' +
          '* [**Weekly Features**](http://goo.gl/chKW86): Archives of AskAnything Wednesday, FAQ Fridays, and more!\r\n' +
          '* [**FAQ**](http://goo.gl/hfiJiJ): In-depth answers to many popular questions\r\n' +
          '* [**New**](https://www.reddit.com/r/askscience/new/) and [**gilded**](https://www.reddit.com/r/askscience/comments/gilded/) posts\r\n' +
          '* **/r/AskScienceDiscussion**: For open-ended and hypothetical questions \r\n' +
          '\r\n' +
          '### Filter by Field   \r\n' +
          '\r\n' +
          'Title|Description\r\n' +
          ':--|--:\r\n' +
          '[Physics](/r/askscience/search?q=flair%3A%27Physics%27&amp;sort=new&amp;restrict_sr=on)|Theoretical Physics, Experimental Physics, High-energy Physics, Solid-State Physics, Fluid Dynamics, Relativity, Quantum Physics, Plasma Physics  \r\n' +
          '[Mathematics](/r/askscience/search?q=flair%3A%27Mathematics%27&amp;sort=new&amp;restrict_sr=on)|Mathematics, Statistics, Number Theory, Calculus, Algebra\r\n' +
          '[Astronomy](/r/askscience/search?q=flair%3A%27Astronomy%27&amp;sort=new&amp;restrict_sr=on)|Astronomy, Astrophysics, Cosmology, Planetary Formation  \r\n' +
          '[Computing](/r/askscience/search?q=flair%3A%27Computing%27&amp;sort=new&amp;restrict_sr=on)|Computing, Artificial Intelligence, Machine Learning, Computability \r\n' +
          '[Earth and Planetary Sciences](/r/askscience/search?q=flair%3A%27planetary%2Bsci.%27+OR+flair%3A%27earth%2Bsciences%27&amp;sort=new&amp;restrict_sr=on)|Earth Science, Atmospheric Science, Oceanography, Geology  \r\n' +
          '[Engineering](/r/askscience/search?q=flair%3A%27Engineering%27&amp;sort=new&amp;restrict_sr=on)|Mechanical Engineering, Electrical Engineering, Structural Engineering, Computer Engineering, Aerospace Engineering\r\n' +
          '[Chemistry](/r/askscience/search?q=flair%3A%27Chemistry%27&amp;sort=new&amp;restrict_sr=on)|Chemistry, Organic Chemistry, Polymers, Biochemistry\r\n' +
          '[Social Sciences](/r/askscience/search?q=flair%3ALinguistics+OR+flair%3Asocial%2Bscience+OR+flair%3Apolitical%2Bscience+OR+flair%3AEconomics+OR+flair%3AArchaeology+OR+flair%3AAnthropology&amp;sort=new&amp;restrict_sr=on)|Social Science, Political Science, Economics, Archaeology, Anthropology, Linguistics  \r\n' +
          '[Biology](/r/askscience/search?q=flair%3A%27Biology%27+OR+flair%3A%27paleontology%27&amp;sort=new&amp;restrict_sr=on)|Biology, Evolution, Morphology, Ecology, Synthetic Biology, Microbiology, Cellular Biology, Molecular Biology, Paleontology   \r\n' +
          '[Psychology](/r/askscience/search?q=flair%3A%27Psychology%27&amp;sort=new&amp;restrict_sr=on)|Psychology, Cognitive Psychology, Developmental Psychology, Abnormal, Social Psychology\r\n' +
          '[Medicine](/r/askscience/search?q=flair%3A%27Medicine%27+OR+flair%3A%27COVID-19%27+&amp;restrict_sr=on&amp;sort=new)|Medicine, Oncology, Dentistry, Physiology, Epidemiology, Infectious Disease, Pharmacy, Human Body\r\n' +
          '[Neuroscience](/r/askscience/search?q=flair%3A%27Neuroscience%27&amp;sort=new&amp;restrict_sr=on)|Neuroscience, Neurology, Neurochemistry, Cognitive Neuroscience   \r\n' +
          ' \r\n' +
          '###Calendar\r\n' +
          '##### [](/blank)\r\n' +
          'Date|Description\r\n' +
          ':--|:--\r\n' +
          '23 Oct|Mole Day\n' +
          '25 Oct|Ask Anything Wednesday - Biology, Chemistry, Neuroscience, Medicine, Psychology\n' +
          "28 Oct|Jonas Salk's Birthday (b.1914)\n" +
          '1 Nov|Ask Anything Wednesday - Economics, Political Science, Linguistics, Anthropology\n' +
          "7 Nov|Marie Curie's Birthday (b.1867)\n" +
          '8 Nov|Ask Anything Wednesday - Physics, Astronomy, Earth and Planetary Science\n' +
          '15 Nov|Ask Anything Wednesday - Engineering, Mathematics, Computer science\n' +
          '22 Nov|Ask Anything Wednesday - Biology, Chemistry, Neuroscience, Medicine, Psychology\n' +
          '\r\n' +
          '\r\n' +
          '\r\n' +
          '\r\n' +
          '\r\n' +
          '###Related subreddits\r\n' +
          '\r\n' +
          '* [Click here for a list of related subs!](/r/askscience/wiki/subreddit_links)\r\n' +
          '\r\n' +
          '### Are you a science expert?\r\n' +
          '\r\n' +
          '* **Looking for flair? [Sign up to be a panelist!](https://www.reddit.com/r/askscience/about/sticky)** \r\n' +
          '\r\n' +
          '---\r\n' +
          '[Header Information](http://goo.gl/cRQDGr) \r\n' +
          '\r\n' +
          '* [Switch to dark theme](http://goo.gl/wRzlXr)\r\n' +
          '* [Switch to light theme](http://goo.gl/cYwdsu)\r\n' +
          '\r\n' +
          '[](#/RES_SR_Config/NightModeCompatible)\r\n' +
          '\r\n' +
          '1. For more open-ended questions, try /r/AskScienceDiscussion | [Sign up to be a panelist!](https://www.reddit.com/r/askscience/about/sticky)\r\n' +
          '\r\n' +
          '\r\n' +
          '\r\n' +
          'We make our world significant by the courage of our questions and by the depth of our answers. -Carl Sagan, *Cosmos*',
        is_chat_post_feature_enabled: true,
        submit_link_label: '',
        user_flair_text_color: null,
        restrict_commenting: true,
        user_flair_css_class: null,
        allow_images: true,
        lang: 'en',
        whitelist_status: 'all_ads',
        url: '/r/askscience/',
        created_utc: 1220599964,
        banner_size: null,
        mobile_banner_image: '',
        user_is_moderator: null,
        allow_predictions_tournament: false
      },
      {
        user_flair_background_color: null,
        submit_text_html: '&lt;!-- SC_OFF --&gt;&lt;div class="md"&gt;&lt;p&gt;Skim the &lt;a href="https://www.reddit.com/r/ChemicalEngineering/wiki/faq"&gt;FAQ&lt;/a&gt;. If you don&amp;#39;t see what you&amp;#39;re looking for, then please post.&lt;/p&gt;\n' +
          '\n' +
          '&lt;p&gt;Memes are only allowed on Mondays. &lt;/p&gt;\n' +
          '\n' +
          '&lt;p&gt;The following questions are banned because they can easily be answered with a search through past posts :&lt;/p&gt;\n' +
          '\n' +
          '&lt;ul&gt;\n' +
          '&lt;li&gt;Should I major in ChemE?&lt;/li&gt;\n' +
          '&lt;li&gt;What undergraduate university should I attend?&lt;/li&gt;\n' +
          '&lt;li&gt;I have applied to X # jobs. Please help.&lt;/li&gt;\n' +
          '&lt;/ul&gt;\n' +
          '&lt;/div&gt;&lt;!-- SC_ON --&gt;',
        restrict_posting: true,
        user_is_banned: null,
        free_form_reports: true,
        wiki_enabled: true,
        user_is_muted: null,
        user_can_flair_in_sr: null,
        display_name: 'ChemicalEngineering',
        header_img: null,
        title: 'Chemical Engineering',
        allow_galleries: true,
        icon_size: null,
        primary_color: '#005ba1',
        active_user_count: null,
        icon_img: '',
        display_name_prefixed: 'r/ChemicalEngineering',
        accounts_active: null,
        public_traffic: false,
        subscribers: 87761,
        user_flair_richtext: [],
        videostream_links_count: 0,
        name: 't5_2qwn7',
        quarantine: false,
        hide_ads: false,
        prediction_leaderboard_entry_type: 'SUBREDDIT_HEADER',
        emojis_enabled: true,
        advertiser_category: '',
        public_description: 'All things Chemical Engineering!',
        comment_score_hide_mins: 0,
        allow_predictions: false,
        user_has_favorited: null,
        user_flair_template_id: null,
        community_icon: 'https://styles.redditmedia.com/t5_2qwn7/styles/communityIcon_x1az7iip9ka11.png?width=256&amp;s=38915d0f9998bc8aded37651d31e5e7caa5b5a1d',
        banner_background_image: 'https://styles.redditmedia.com/t5_2qwn7/styles/bannerBackgroundImage_mv48m2hlmav01.png?width=4000&amp;s=c638411b72e8e45ccc55331adac0fe0257ef139d',
        original_content_tag_enabled: false,
        community_reviewed: true,
        submit_text: "Skim the [FAQ](https://www.reddit.com/r/ChemicalEngineering/wiki/faq). If you don't see what you're looking for, then please post.\n" +
          '\n' +
          'Memes are only allowed on Mondays. \n' +
          '\n' +
          'The following questions are banned because they can easily be answered with a search through past posts :\n' +
          '\n' +
          '* Should I major in ChemE?\n' +
          '* What undergraduate university should I attend?\n' +
          '* I have applied to X # jobs. Please help.',
        description_html: '&lt;!-- SC_OFF --&gt;&lt;div class="md"&gt;&lt;hr/&gt;\n' +
          '\n' +
          '&lt;h3&gt;&lt;a href="https://www.reddit.com/r/ChemicalEngineering/wiki/faq"&gt;Frequently Asked Questions&lt;/a&gt;&lt;/h3&gt;\n' +
          '\n' +
          '&lt;p&gt;Want to post?&lt;/p&gt;\n' +
          '\n' +
          '&lt;p&gt;&lt;strong&gt;STOP&lt;/strong&gt;. Skim the &lt;strong&gt;&lt;a href="https://www.reddit.com/r/ChemicalEngineering/wiki/faq"&gt;FAQ&lt;/a&gt;&lt;/strong&gt;, and check the &lt;a href="https://www.reddit.com/r/ChemicalEngineering/about/rules"&gt;Rules&lt;/a&gt;. If you don&amp;#39;t see what you&amp;#39;re looking for, then please post.&lt;/p&gt;\n' +
          '\n' +
          '&lt;p&gt;&lt;strong&gt;This subreddit is primarily for practicing Chemical Engineers to discuss topics related to their discipline and the practice of engineering.&lt;/strong&gt; It is not primarily for coursework or job hunting. &lt;/p&gt;\n' +
          '\n' +
          '&lt;ul&gt;\n' +
          '&lt;li&gt;&lt;p&gt;For student-related questions, visit &lt;a href="/r/EngineeringStudents"&gt;/r/EngineeringStudents&lt;/a&gt;.&lt;/p&gt;&lt;/li&gt;\n' +
          '&lt;li&gt;&lt;p&gt;For job hunting and career advice, use our monthly sticky thread or the biweekly sticky thread on &lt;a href="/r/engineering"&gt;/r/engineering&lt;/a&gt;.&lt;/p&gt;&lt;/li&gt;\n' +
          '&lt;li&gt;&lt;p&gt;Have a more general question? Try &lt;a href="/r/AskEngineers"&gt;/r/AskEngineers&lt;/a&gt; &lt;/p&gt;&lt;/li&gt;\n' +
          '&lt;/ul&gt;\n' +
          '\n' +
          '&lt;p&gt;If your post is not showing up, message the mods. Posts are frequently caught by the spam filter and it may take a few days to notice without contacting one of us.&lt;/p&gt;\n' +
          '\n' +
          '&lt;hr/&gt;\n' +
          '\n' +
          '&lt;p&gt;Check out the official Discord for &lt;a href="/r/ChemicalEngineering"&gt;/r/ChemicalEngineering&lt;/a&gt;:&lt;/p&gt;\n' +
          '\n' +
          '&lt;h3&gt;&lt;a href="https://discord.gg/45VN3bV"&gt;/r/ChemicalEngineering Discord&lt;/a&gt;&lt;/h3&gt;\n' +
          '\n' +
          '&lt;p&gt;Taking the FE? Check out the FE Discord for study tips, advice, and more:&lt;/p&gt;\n' +
          '\n' +
          '&lt;h3&gt;&lt;a href="https://discord.gg/J67ggJQ"&gt;NCEES FE/PE Discord&lt;/a&gt;&lt;/h3&gt;\n' +
          '\n' +
          '&lt;hr/&gt;\n' +
          '\n' +
          '&lt;p&gt;Active Moderators:&lt;/p&gt;\n' +
          '\n' +
          '&lt;p&gt;&lt;a href="/u/jellybean478"&gt;jellybean478&lt;/a&gt;&lt;/p&gt;\n' +
          '\n' +
          '&lt;p&gt;&lt;a href="/u/chemicalsAndControl"&gt;chemicalsAndControl&lt;/a&gt;&lt;/p&gt;\n' +
          '\n' +
          '&lt;p&gt;&lt;a href="/u/chimpfunkz"&gt;chimpfunkz&lt;/a&gt;&lt;/p&gt;\n' +
          '\n' +
          '&lt;p&gt;&lt;a href="/u/MinderBinderCapital"&gt;MinderBinderCapital&lt;/a&gt;&lt;/p&gt;\n' +
          '&lt;/div&gt;&lt;!-- SC_ON --&gt;',
        spoilers_enabled: true,
        comment_contribution_settings: { allowed_media_types: null },
        allow_talks: false,
        header_size: null,
        user_flair_position: 'right',
        all_original_content: false,
        has_menu_widget: false,
        is_enrolled_in_new_modmail: null,
        key_color: '',
        can_assign_user_flair: true,
        created: 1239727643,
        wls: 6,
        show_media_preview: true,
        submission_type: 'any',
        user_is_subscriber: null,
        allowed_media_in_comments: [],
        allow_videogifs: true,
        should_archive_posts: false,
        user_flair_type: 'text',
        allow_polls: true,
        collapse_deleted_comments: true,
        emojis_custom_size: null,
        public_description_html: '&lt;!-- SC_OFF --&gt;&lt;div class="md"&gt;&lt;p&gt;All things Chemical Engineering!&lt;/p&gt;\n' +
          '&lt;/div&gt;&lt;!-- SC_ON --&gt;',
        allow_videos: true,
        is_crosspostable_subreddit: false,
        suggested_comment_sort: null,
        should_show_media_in_comments_setting: true,
        can_assign_link_flair: true,
        accounts_active_is_fuzzed: false,
        allow_prediction_contributors: false,
        submit_text_label: '',
        link_flair_position: 'left',
        user_sr_flair_enabled: null,
        user_flair_enabled_in_sr: false,
        allow_chat_post_creation: false,
        allow_discovery: true,
        accept_followers: true,
        user_sr_theme_enabled: true,
        link_flair_enabled: true,
        disable_contributor_requests: false,
        subreddit_type: 'public',
        notification_level: null,
        banner_img: '',
        user_flair_text: null,
        banner_background_color: '',
        show_media: true,
        id: '2qwn7',
        user_is_contributor: null,
        over18: false,
        header_title: '',
        description: '-----------------\n' +
          '\n' +
          '###[Frequently Asked Questions](https://www.reddit.com/r/ChemicalEngineering/wiki/faq)\n' +
          '\n' +
          'Want to post?\n' +
          '\n' +
          "**STOP**. Skim the **[FAQ](https://www.reddit.com/r/ChemicalEngineering/wiki/faq)**, and check the [Rules](https://www.reddit.com/r/ChemicalEngineering/about/rules). If you don't see what you're looking for, then please post.\n" +
          '\n' +
          '**This subreddit is primarily for practicing Chemical Engineers to discuss topics related to their discipline and the practice of engineering.** It is not primarily for coursework or job hunting. \n' +
          '\n' +
          '* For student-related questions, visit /r/EngineeringStudents.\n' +
          '\n' +
          '* For job hunting and career advice, use our monthly sticky thread or the biweekly sticky thread on /r/engineering.\n' +
          '\n' +
          '* Have a more general question? Try /r/AskEngineers \n' +
          '\n' +
          'If your post is not showing up, message the mods. Posts are frequently caught by the spam filter and it may take a few days to notice without contacting one of us.\n' +
          '\n' +
          '-----------------\n' +
          '\n' +
          'Check out the official Discord for /r/ChemicalEngineering:\n' +
          '\n' +
          '###[/r/ChemicalEngineering Discord](https://discord.gg/45VN3bV)\n' +
          '\n' +
          'Taking the FE? Check out the FE Discord for study tips, advice, and more:\n' +
          '\n' +
          '###[NCEES FE/PE Discord](https://discord.gg/J67ggJQ)\n' +
          '-----------------\n' +
          '\n' +
          'Active Moderators:\n' +
          '\n' +
          '\n' +
          '[jellybean478](/u/jellybean478)\n' +
          '\n' +
          '[chemicalsAndControl](/u/chemicalsAndControl)\n' +
          '\n' +
          '[chimpfunkz](/u/chimpfunkz)\n' +
          '\n' +
          '[MinderBinderCapital](/u/MinderBinderCapital)',
        is_chat_post_feature_enabled: true,
        submit_link_label: '',
        user_flair_text_color: null,
        restrict_commenting: false,
        user_flair_css_class: null,
        allow_images: true,
        lang: 'en',
        whitelist_status: 'all_ads',
        url: '/r/ChemicalEngineering/',
        created_utc: 1239727643,
        banner_size: null,
        mobile_banner_image: '',
        user_is_moderator: null,
        allow_predictions_tournament: false
      },
      {
        user_flair_background_color: null,
        submit_text_html: '&lt;!-- SC_OFF --&gt;&lt;div class="md"&gt;&lt;ul&gt;\n' +
          '&lt;li&gt;&lt;p&gt;&lt;a href="https://uwaterloo.ca/counselling-services/emergency-numbers"&gt;Need help now? List of emergency numbers&lt;/a&gt;&lt;/p&gt;&lt;/li&gt;\n' +
          '&lt;li&gt;&lt;p&gt;Check &lt;a href="http://www.reddit.com/r/uwaterloo/wiki"&gt;the wiki&lt;/a&gt;, or use &lt;a href="/r/uwaterloo/search?q=&amp;amp;restrict_sr=on"&gt;search&lt;/a&gt;&lt;/p&gt;&lt;/li&gt;\n' +
          '&lt;li&gt;&lt;p&gt;&lt;a href="/r/uwaterloo/wiki/admissions"&gt;Admissions FAQ&lt;/a&gt;&lt;/p&gt;&lt;/li&gt;\n' +
          '&lt;li&gt;&lt;p&gt;Academic question? Ask your &lt;a href="http://uwaterloo.ca/registrar/current-students/advisors"&gt;academic advisor&lt;/a&gt;&lt;/p&gt;&lt;/li&gt;\n' +
          '&lt;li&gt;&lt;p&gt;Co-op question? Ask your &lt;a href="https://uwaterloo.ca/co-operative-education/about-co-operative-education/our-advisors"&gt;co-op advisor&lt;/a&gt;&lt;/p&gt;&lt;/li&gt;\n' +
          '&lt;/ul&gt;\n' +
          '&lt;/div&gt;&lt;!-- SC_ON --&gt;',
        restrict_posting: true,
        user_is_banned: null,
        free_form_reports: true,
        wiki_enabled: true,
        user_is_muted: null,
        user_can_flair_in_sr: null,
        display_name: 'uwaterloo',
        header_img: 'https://b.thumbs.redditmedia.com/hyWJ1lnLTEzcMm-wfxQfWyNSOEFXP9wnTzX4Z98fC5A.png',
        title: 'University of Waterloo',
        allow_galleries: true,
        icon_size: [ 256, 256 ],
        primary_color: '#ffd635',
        active_user_count: null,
        icon_img: 'https://b.thumbs.redditmedia.com/-eIrkxt7YIZdnMeshtwiPfH5W5JomtyED-gEQbTXGpg.png',
        display_name_prefixed: 'r/uwaterloo',
        accounts_active: null,
        public_traffic: false,
        subscribers: 93029,
        user_flair_richtext: [],
        name: 't5_2rb5s',
        quarantine: false,
        hide_ads: false,
        prediction_leaderboard_entry_type: 'SUBREDDIT_HEADER',
        emojis_enabled: true,
        advertiser_category: 'College / University',
        public_description: 'Unofficial student and alumni-run subreddit for the University of Waterloo community',
        comment_score_hide_mins: 120,
        allow_predictions: false,
        user_has_favorited: null,
        user_flair_template_id: null,
        community_icon: 'https://styles.redditmedia.com/t5_2rb5s/styles/communityIcon_47185uaj89qb1.png?width=256&amp;s=dd9b750186c327f37e45c8d04f50fb271a7cc089',
        banner_background_image: 'https://styles.redditmedia.com/t5_2rb5s/styles/bannerBackgroundImage_sunb1zn6k79b1.png?width=4000&amp;s=9a2870fef7d2359810ffb5616cc3969fc4b21f0d',
        original_content_tag_enabled: true,
        community_reviewed: true,
        submit_text: '* [Need help now? List of emergency numbers](https://uwaterloo.ca/counselling-services/emergency-numbers)\n' +
          '\n' +
          '* Check [the wiki](http://www.reddit.com/r/uwaterloo/wiki), or use [search](/r/uwaterloo/search?q=&amp;restrict_sr=on)\n' +
          '\n' +
          '* [Admissions FAQ](/r/uwaterloo/wiki/admissions)\n' +
          '\n' +
          '* Academic question? Ask your [academic advisor](http://uwaterloo.ca/registrar/current-students/advisors)\n' +
          '\n' +
          '* Co-op question? Ask your [co-op advisor](https://uwaterloo.ca/co-operative-education/about-co-operative-education/our-advisors)',
        description_html: '&lt;!-- SC_OFF --&gt;&lt;div class="md"&gt;&lt;p&gt;[University of Waterloo] - Not associated with UW administration. A forum for news and discussion relevant to the university.&lt;/p&gt;\n' +
          '\n' +
          '&lt;ul&gt;\n' +
          '&lt;li&gt;&lt;p&gt;&lt;a href="https://uwaterloo.ca/campus-wellness/counselling-services"&gt;UW Counseling Services&lt;/a&gt;&lt;/p&gt;&lt;/li&gt;\n' +
          '&lt;li&gt;&lt;p&gt;&lt;a href="https://www.reddit.com/r/uwaterloo/comments/yhyadl/admissions_high_school_megathread_fall_2023/"&gt;Admissions Megathread&lt;/a&gt;&lt;/p&gt;&lt;/li&gt;\n' +
          '&lt;li&gt;&lt;p&gt;&lt;a href="/r/uwaterloo/wiki/index"&gt;/r/uwaterloo Wiki&lt;/a&gt;&lt;/p&gt;&lt;/li&gt;\n' +
          '&lt;li&gt;&lt;p&gt;&lt;a href="/r/uwaterloo"&gt;View all posts&lt;/a&gt;&lt;/p&gt;&lt;/li&gt;\n' +
          '&lt;li&gt;&lt;p&gt;&lt;a href="http://st.reddit.com/r/uwaterloo/#st"&gt;Hide Shitposts&lt;/a&gt;&lt;/p&gt;&lt;/li&gt;\n' +
          '&lt;li&gt;&lt;p&gt;&lt;a href="https://discord.com/invite/RmcCkPZ"&gt;Discord Server&lt;/a&gt;&lt;/p&gt;&lt;/li&gt;\n' +
          '&lt;/ul&gt;\n' +
          '\n' +
          '&lt;p&gt;&lt;strong&gt;Rules&lt;/strong&gt;&lt;/p&gt;\n' +
          '\n' +
          '&lt;ul&gt;\n' +
          '&lt;li&gt;&lt;p&gt;No personally identifiable information: real names, Facebook profiles, screenshots of private forums (e.g., LEARN)&lt;/p&gt;&lt;/li&gt;\n' +
          '&lt;li&gt;&lt;p&gt;No explicit sharing or insinuation of illegal information and activities, including drug dealing (e.g., asking for dealers or asking for other people to do drugs with).&lt;/p&gt;&lt;/li&gt;\n' +
          '&lt;li&gt;&lt;p&gt;No buy/sell, job/volunteer listings, rent/sublet or other ads allowed.&lt;/p&gt;&lt;/li&gt;\n' +
          '&lt;li&gt;&lt;p&gt;NSFW content, including pornography and gore, are not allowed and will be removed.&lt;/p&gt;&lt;/li&gt;\n' +
          '&lt;li&gt;&lt;p&gt;Posts and comments on this subreddit may be removed at moderator discretion.&lt;/p&gt;&lt;/li&gt;\n' +
          '&lt;li&gt;&lt;p&gt;&lt;a href="/r/uwaterloo/about/rules/"&gt;Full rules&lt;/a&gt;&lt;/p&gt;&lt;/li&gt;\n' +
          '&lt;/ul&gt;\n' +
          '\n' +
          '&lt;p&gt;&lt;strong&gt;Related Subreddits&lt;/strong&gt;&lt;/p&gt;\n' +
          '\n' +
          '&lt;ul&gt;\n' +
          '&lt;li&gt;&lt;p&gt;&lt;a href="/r/uoft"&gt;/r/UofT&lt;/a&gt;&lt;/p&gt;&lt;/li&gt;\n' +
          '&lt;li&gt;&lt;p&gt;&lt;a href="/r/waterloo"&gt;/r/waterloo&lt;/a&gt;&lt;/p&gt;&lt;/li&gt;\n' +
          '&lt;li&gt;&lt;p&gt;&lt;a href="/r/OntarioUniversities"&gt;/r/OntarioUniversities&lt;/a&gt;&lt;/p&gt;&lt;/li&gt;\n' +
          '&lt;li&gt;&lt;p&gt;&lt;a href="/r/cscareerquestions"&gt;/r/cscareerquestions&lt;/a&gt;&lt;/p&gt;&lt;/li&gt;\n' +
          '&lt;li&gt;&lt;p&gt;&lt;a href="/r/uwaterloojerk"&gt;/r/uwaterloojerk&lt;/a&gt; - Take circle jerking here&lt;/p&gt;&lt;/li&gt;\n' +
          '&lt;/ul&gt;\n' +
          '&lt;/div&gt;&lt;!-- SC_ON --&gt;',
        spoilers_enabled: true,
        comment_contribution_settings: { allowed_media_types: [Array] },
        allow_talks: false,
        header_size: [ 120, 40 ],
        user_flair_position: 'right',
        all_original_content: false,
        has_menu_widget: false,
        is_enrolled_in_new_modmail: null,
        key_color: '#222222',
        can_assign_user_flair: true,
        created: 1256751236,
        wls: 6,
        show_media_preview: true,
        submission_type: 'any',
        user_is_subscriber: null,
        allowed_media_in_comments: [ 'expression' ],
        allow_videogifs: true,
        should_archive_posts: false,
        user_flair_type: 'text',
        allow_polls: true,
        collapse_deleted_comments: true,
        emojis_custom_size: null,
        public_description_html: '&lt;!-- SC_OFF --&gt;&lt;div class="md"&gt;&lt;p&gt;Unofficial student and alumni-run subreddit for the University of Waterloo community&lt;/p&gt;\n' +
          '&lt;/div&gt;&lt;!-- SC_ON --&gt;',
        allow_videos: false,
        is_crosspostable_subreddit: false,
        suggested_comment_sort: null,
        should_show_media_in_comments_setting: true,
        can_assign_link_flair: true,
        accounts_active_is_fuzzed: false,
        allow_prediction_contributors: false,
        submit_text_label: '',
        link_flair_position: 'left',
        user_sr_flair_enabled: null,
        user_flair_enabled_in_sr: false,
        allow_chat_post_creation: false,
        allow_discovery: false,
        accept_followers: true,
        user_sr_theme_enabled: true,
        link_flair_enabled: true,
        disable_contributor_requests: true,
        subreddit_type: 'public',
        notification_level: null,
        banner_img: 'https://b.thumbs.redditmedia.com/vccHNT9OA-dNmSc_O-QLkUeWqkf1tc6yBHiwNovk5Kk.png',
        user_flair_text: null,
        banner_background_color: '',
        show_media: false,
        id: '2rb5s',
        user_is_contributor: null,
        over18: false,
        header_title: 'logo by /u/BoAd, banner by /u/alyssnya, 2022 temp banner by /u/IwannaREEEEEEEEEEEEE',
        description: '[University of Waterloo] - Not associated with UW administration. A forum for news and discussion relevant to the university.\n' +
          '\n' +
          '* [UW Counseling Services](https://uwaterloo.ca/campus-wellness/counselling-services)\n' +
          '\n' +
          '* [Admissions Megathread](https://www.reddit.com/r/uwaterloo/comments/yhyadl/admissions_high_school_megathread_fall_2023/)\n' +
          '\n' +
          '* [/r/uwaterloo Wiki](/r/uwaterloo/wiki/index)\n' +
          '\n' +
          '* [View all posts](/r/uwaterloo)\n' +
          '\n' +
          '* [Hide Shitposts](http://st.reddit.com/r/uwaterloo/#st)\n' +
          '\n' +
          '* [Discord Server]( https://discord.com/invite/RmcCkPZ)\n' +
          '\n' +
          '\n' +
          '**Rules**\n' +
          '\n' +
          '* No personally identifiable information: real names, Facebook profiles, screenshots of private forums (e.g., LEARN)\n' +
          '\n' +
          '* No explicit sharing or insinuation of illegal information and activities, including drug dealing (e.g., asking for dealers or asking for other people to do drugs with).\n' +
          '\n' +
          '* No buy/sell, job/volunteer listings, rent/sublet or other ads allowed.\n' +
          '\n' +
          '* NSFW content, including pornography and gore, are not allowed and will be removed.\n' +
          '\n' +
          '* Posts and comments on this subreddit may be removed at moderator discretion.\n' +
          '\n' +
          '* [Full rules](/r/uwaterloo/about/rules/)\n' +
          '\n' +
          '**Related Subreddits**\n' +
          '\n' +
          '* [/r/UofT](/r/uoft)\n' +
          '\n' +
          '* [/r/waterloo](/r/waterloo)\n' +
          '\n' +
          '* [/r/OntarioUniversities](/r/OntarioUniversities)\n' +
          '\n' +
          '* [/r/cscareerquestions](/r/cscareerquestions)\n' +
          '\n' +
          '* [/r/uwaterloojerk](/r/uwaterloojerk) - Take circle jerking here',
        is_chat_post_feature_enabled: true,
        submit_link_label: '',
        user_flair_text_color: null,
        restrict_commenting: false,
        user_flair_css_class: null,
        allow_images: true,
        lang: 'en',
        whitelist_status: 'all_ads',
        url: '/r/uwaterloo/',
        created_utc: 1256751236,
        banner_size: [ 1280, 384 ],
        mobile_banner_image: 'https://styles.redditmedia.com/t5_2rb5s/styles/mobileBannerImage_p2s26h9oltia1.png',
        user_is_moderator: null,
        allow_predictions_tournament: false
      },
      {
        user_flair_background_color: null,
        submit_text_html: null,
        restrict_posting: true,
        user_is_banned: null,
        free_form_reports: true,
        wiki_enabled: false,
        user_is_muted: null,
        user_can_flair_in_sr: null,
        display_name: 'MET',
        header_img: null,
        title: 'Mechanical Engineering technology community',
        allow_galleries: true,
        icon_size: null,
        primary_color: '',
        active_user_count: null,
        icon_img: '',
        display_name_prefixed: 'r/MET',
        accounts_active: null,
        public_traffic: false,
        subscribers: 682,
        user_flair_richtext: [],
        videostream_links_count: 0,
        name: 't5_2vsnc',
        quarantine: false,
        hide_ads: false,
        prediction_leaderboard_entry_type: 'IN_FEED',
        emojis_enabled: false,
        advertiser_category: '',
        public_description: 'A community for mechanical engineering students or anyone interested in the field. The goal is for people to be able to post questions and get answers. ',
        comment_score_hide_mins: 0,
        allow_predictions: false,
        user_has_favorited: null,
        user_flair_template_id: null,
        community_icon: '',
        banner_background_image: '',
        original_content_tag_enabled: false,
        community_reviewed: false,
        submit_text: '',
        description_html: '&lt;!-- SC_OFF --&gt;&lt;div class="md"&gt;&lt;p&gt;Post questions that you have or really anything engineering related. &lt;/p&gt;\n' +
          '&lt;/div&gt;&lt;!-- SC_ON --&gt;',
        spoilers_enabled: true,
        comment_contribution_settings: {},
        allow_talks: false,
        header_size: null,
        user_flair_position: 'right',
        all_original_content: false,
        has_menu_widget: false,
        is_enrolled_in_new_modmail: null,
        key_color: '',
        can_assign_user_flair: false,
        created: 1355514084,
        wls: null,
        show_media_preview: true,
        submission_type: 'any',
        user_is_subscriber: null,
        allowed_media_in_comments: [],
        allow_videogifs: true,
        should_archive_posts: false,
        user_flair_type: 'text',
        allow_polls: true,
        collapse_deleted_comments: false,
        emojis_custom_size: null,
        public_description_html: '&lt;!-- SC_OFF --&gt;&lt;div class="md"&gt;&lt;p&gt;A community for mechanical engineering students or anyone interested in the field. The goal is for people to be able to post questions and get answers. &lt;/p&gt;\n' +
          '&lt;/div&gt;&lt;!-- SC_ON --&gt;',
        allow_videos: true,
        is_crosspostable_subreddit: false,
        suggested_comment_sort: null,
        should_show_media_in_comments_setting: true,
        can_assign_link_flair: false,
        accounts_active_is_fuzzed: false,
        allow_prediction_contributors: false,
        submit_text_label: '',
        link_flair_position: '',
        user_sr_flair_enabled: null,
        user_flair_enabled_in_sr: false,
        allow_chat_post_creation: false,
        allow_discovery: true,
        accept_followers: true,
        user_sr_theme_enabled: true,
        link_flair_enabled: false,
        disable_contributor_requests: false,
        subreddit_type: 'restricted',
        notification_level: null,
        banner_img: '',
        user_flair_text: null,
        banner_background_color: '',
        show_media: false,
        id: '2vsnc',
        user_is_contributor: null,
        over18: false,
        header_title: '',
        description: 'Post questions that you have or really anything engineering related. ',
        is_chat_post_feature_enabled: true,
        submit_link_label: '',
        user_flair_text_color: null,
        restrict_commenting: false,
        user_flair_css_class: null,
        allow_images: true,
        lang: 'en',
        whitelist_status: null,
        url: '/r/MET/',
        created_utc: 1355514084,
        banner_size: null,
        mobile_banner_image: '',
        user_is_moderator: null,
        allow_predictions_tournament: false
      },
      {
        user_flair_background_color: null,
        submit_text_html: null,
        restrict_posting: true,
        user_is_banned: null,
        free_form_reports: true,
        wiki_enabled: false,
        user_is_muted: null,
        user_can_flair_in_sr: null,
        display_name: 'mepe',
        header_img: null,
        title: 'Professional Engineering License - Mechanical Engineering',
        allow_galleries: true,
        icon_size: null,
        primary_color: '',
        active_user_count: null,
        icon_img: '',
        display_name_prefixed: 'r/mepe',
        accounts_active: null,
        public_traffic: false,
        subscribers: 28,
        user_flair_richtext: [],
        videostream_links_count: 0,
        name: 't5_2ryh6',
        quarantine: false,
        hide_ads: false,
        prediction_leaderboard_entry_type: 'IN_FEED',
        emojis_enabled: false,
        advertiser_category: '',
        public_description: 'I set this up some time ago as a place to log submissions for the PE exam.\n' +
          ' \n' +
          'Giving this to r/engineering before leaving as a mod.',
        comment_score_hide_mins: 0,
        allow_predictions: false,
        user_has_favorited: null,
        user_flair_template_id: null,
        community_icon: '',
        banner_background_image: '',
        original_content_tag_enabled: false,
        community_reviewed: false,
        submit_text: '',
        description_html: '&lt;!-- SC_OFF --&gt;&lt;div class="md"&gt;&lt;p&gt;I set this up some time ago as a place to log submissions for the PE exam.&lt;/p&gt;\n' +
          '\n' +
          '&lt;p&gt;Giving this to &lt;a href="/r/engineering"&gt;r/engineering&lt;/a&gt; before leaving as a mod.&lt;/p&gt;\n' +
          '&lt;/div&gt;&lt;!-- SC_ON --&gt;',
        spoilers_enabled: true,
        comment_contribution_settings: {},
        allow_talks: false,
        header_size: null,
        user_flair_position: 'right',
        all_original_content: false,
        has_menu_widget: false,
        is_enrolled_in_new_modmail: null,
        key_color: '',
        can_assign_user_flair: false,
        created: 1279847101,
        wls: null,
        show_media_preview: true,
        submission_type: 'any',
        user_is_subscriber: null,
        allowed_media_in_comments: [],
        allow_videogifs: true,
        should_archive_posts: false,
        user_flair_type: 'text',
        allow_polls: true,
        collapse_deleted_comments: false,
        emojis_custom_size: null,
        public_description_html: '&lt;!-- SC_OFF --&gt;&lt;div class="md"&gt;&lt;p&gt;I set this up some time ago as a place to log submissions for the PE exam.&lt;/p&gt;\n' +
          '\n' +
          '&lt;p&gt;Giving this to &lt;a href="/r/engineering"&gt;r/engineering&lt;/a&gt; before leaving as a mod.&lt;/p&gt;\n' +
          '&lt;/div&gt;&lt;!-- SC_ON --&gt;',
        allow_videos: true,
        is_crosspostable_subreddit: false,
        suggested_comment_sort: null,
        should_show_media_in_comments_setting: true,
        can_assign_link_flair: false,
        accounts_active_is_fuzzed: false,
        allow_prediction_contributors: false,
        submit_text_label: '',
        link_flair_position: '',
        user_sr_flair_enabled: null,
        user_flair_enabled_in_sr: false,
        allow_chat_post_creation: false,
        allow_discovery: true,
        accept_followers: true,
        user_sr_theme_enabled: true,
        link_flair_enabled: false,
        disable_contributor_requests: false,
        subreddit_type: 'restricted',
        notification_level: null,
        banner_img: '',
        user_flair_text: null,
        banner_background_color: '',
        show_media: true,
        id: '2ryh6',
        user_is_contributor: null,
        over18: false,
        header_title: '',
        description: 'I set this up some time ago as a place to log submissions for the PE exam.\n' +
          '  \n' +
          'Giving this to r/engineering before leaving as a mod.',
        is_chat_post_feature_enabled: true,
        submit_link_label: '',
        user_flair_text_color: null,
        restrict_commenting: false,
        user_flair_css_class: null,
        allow_images: true,
        lang: 'en',
        whitelist_status: null,
        url: '/r/mepe/',
        created_utc: 1279847101,
        banner_size: null,
        mobile_banner_image: '',
        user_is_moderator: null,
        allow_predictions_tournament: false
      },
      {
        user_flair_background_color: null,
        submit_text_html: null,
        restrict_posting: true,
        user_is_banned: null,
        free_form_reports: true,
        wiki_enabled: true,
        user_is_muted: null,
        user_can_flair_in_sr: null,
        display_name: '6thForm',
        header_img: null,
        title: 'The Home of Sixth Form and A-Levels',
        allow_galleries: true,
        icon_size: null,
        primary_color: '#bbbdbf',
        active_user_count: null,
        icon_img: '',
        display_name_prefixed: 'r/6thForm',
        accounts_active: null,
        public_traffic: false,
        subscribers: 96783,
        user_flair_richtext: [],
        videostream_links_count: 1,
        name: 't5_2ybtn',
        quarantine: false,
        hide_ads: false,
        prediction_leaderboard_entry_type: 'SUBREDDIT_HEADER',
        emojis_enabled: true,
        advertiser_category: '',
        public_description: 'A place for sixth formers to speak to others about work, A-levels, results, problems in education and general sixth form life, as well as university applications and UCAS.',
        comment_score_hide_mins: 15,
        allow_predictions: false,
        user_has_favorited: null,
        user_flair_template_id: null,
        community_icon: 'https://styles.redditmedia.com/t5_2ybtn/styles/communityIcon_wb6m0g3svrp31.png?width=256&amp;s=ad6640d405cf1e303d6af5057eda5b0370f93bcb',
        banner_background_image: 'https://styles.redditmedia.com/t5_2ybtn/styles/bannerBackgroundImage_m67hlpqcqcc21.jpg?width=4000&amp;s=c160946905ac20b5c6e118cf37f238ab1c4eed62',
        original_content_tag_enabled: false,
        community_reviewed: true,
        submit_text: '',
        description_html: '&lt;!-- SC_OFF --&gt;&lt;div class="md"&gt;&lt;p&gt;A place for sixth formers to speak and discuss with others about work, A levels, results, personal issues and college life in general. &lt;/p&gt;\n' +
          '\n' +
          '&lt;h3&gt;&lt;a href="https://www.reddit.com/r/6thForm/search?q=NOT+flair%3Ameme&amp;amp;sort=new&amp;amp;restrict_sr=on&amp;amp;t=all"&gt;Filter Out Memes&lt;/a&gt;&lt;/h3&gt;\n' +
          '\n' +
          '&lt;h3&gt;&lt;a href="https://discord.gg/6thform"&gt;Subreddit Discord - now partnered!&lt;/a&gt;&lt;/h3&gt;\n' +
          '\n' +
          '&lt;h3&gt;&lt;a href="https://www.reddit.com/r/6thForm/about/rules"&gt;Subreddit Rules&lt;/a&gt;&lt;/h3&gt;\n' +
          '\n' +
          '&lt;h3&gt;&lt;a href="https://www.reddit.com/r/6thForm/wiki/safeguarding"&gt;Safeguarding Statement&lt;/a&gt;&lt;/h3&gt;\n' +
          '\n' +
          '&lt;h3&gt;&lt;a href="https://www.reddit.com/message/compose?to=%2Fr%2F6thForm&amp;amp;subject=%5BSuggestion%5D%20%5BComplaint%5D%20Title&amp;amp;message=%7E%7E%20*%20Please%20change%20the%20title%20as%20applicable%20*%20%7E%7E%0A%0A**Reason%20for%20message%3A**%0A%0APlease%20write%20your%20message%20here%20and%20we%27ll%20get%20back%20to%20you!"&gt;Message the Moderators&lt;/a&gt;&lt;/h3&gt;\n' +
          '\n' +
          '&lt;p&gt;&lt;strong&gt;&lt;a href="https://www.reddit.com/help/contentpolicy/"&gt;Reddit-wide rules are visible here&lt;/a&gt;&lt;/strong&gt; - rule breakages &lt;strong&gt;will&lt;/strong&gt; result in bans.&lt;/p&gt;\n' +
          '\n' +
          '&lt;p&gt;&amp;nbsp;&lt;/p&gt;\n' +
          '\n' +
          '&lt;p&gt;&lt;strong&gt;&lt;em&gt;Useful Posts:&lt;/em&gt;&lt;/strong&gt;&lt;/p&gt;\n' +
          '\n' +
          '&lt;p&gt;&lt;a href="https://www.reddit.com/r/6thForm/comments/3gtw3k/paul_from_which_university_here_with_some_advice/"&gt;&lt;strong&gt;AMA with Paul from Which? University&lt;/strong&gt;&lt;/a&gt;&lt;/p&gt;\n' +
          '\n' +
          '&lt;p&gt;&lt;a href="http://www.reddit.com/r/6thForm/comments/1l8143/ucas_points_tariff/"&gt;&lt;strong&gt;UCAS Points Tariff Explained&lt;/strong&gt;&lt;/a&gt;&lt;/p&gt;\n' +
          '\n' +
          '&lt;p&gt;&amp;nbsp;&lt;/p&gt;\n' +
          '\n' +
          '&lt;p&gt;&lt;strong&gt;&lt;em&gt;Useful Websites:&lt;/em&gt;&lt;/strong&gt;&lt;/p&gt;\n' +
          '\n' +
          '&lt;p&gt;&lt;a href="http://physicsandmathstutor.com/"&gt;&lt;strong&gt;Physics and Maths Tutor&lt;/strong&gt;&lt;/a&gt; - A free website that is useful for &lt;em&gt;far more&lt;/em&gt; than just Physics and Maths, with support materials available to download for subjects from Maths all the way through Geography.&lt;/p&gt;\n' +
          '\n' +
          '&lt;p&gt;&lt;a href="https://www.khanacademy.org/"&gt;&lt;strong&gt;Khan Academy&lt;/strong&gt;&lt;/a&gt; - A free website dedicated to teaching people worldwide through intuitive videos and tests. &lt;/p&gt;\n' +
          '\n' +
          '&lt;p&gt;&lt;a href="http://www.thestudentroom.co.uk/forumdisplay.php?f=80&amp;amp;utm_source=TSR&amp;amp;utm_medium=explorebutton&amp;amp;utm_campaign=Alevels"&gt;&lt;strong&gt;The Student Room&lt;/strong&gt;&lt;/a&gt; - A free website that&amp;#39;s full of students and tutors to discuss work with - with free revision resources&lt;/p&gt;\n' +
          '\n' +
          '&lt;p&gt;&lt;a href="http://getrevising.co.uk/"&gt;&lt;strong&gt;Get Revising&lt;/strong&gt;&lt;/a&gt; - A free website full of revision resources posted by students and teachers. Create a revision timetable and get revising!&lt;/p&gt;\n' +
          '\n' +
          '&lt;p&gt;&lt;a href="http://www.s-cool.co.uk/"&gt;&lt;strong&gt;S-cool&lt;/strong&gt;&lt;/a&gt; - A helpful revision website with a wealth subject-specific revision pages.&lt;/p&gt;\n' +
          '\n' +
          '&lt;p&gt;&lt;a href="http://www.examsolutions.net/"&gt;&lt;strong&gt;Exam Solutions&lt;/strong&gt;&lt;/a&gt; - A website offering help and revision specifically for Maths A-Level.&lt;/p&gt;\n' +
          '\n' +
          '&lt;p&gt;&amp;nbsp;&lt;/p&gt;\n' +
          '\n' +
          '&lt;p&gt;&lt;strong&gt;&lt;em&gt;Need help with GCSEs? Check out &lt;a href="http://www.reddit.com/r/GCSE/"&gt;/r/GCSE&lt;/a&gt;!&lt;/em&gt;&lt;/strong&gt;&lt;/p&gt;\n' +
          '\n' +
          '&lt;p&gt;&lt;strong&gt;&lt;em&gt;Off to uni? Make sure to look at &lt;a href="/r/UniUK"&gt;/r/UniUK&lt;/a&gt;!&lt;/em&gt;&lt;/strong&gt;&lt;/p&gt;\n' +
          '&lt;/div&gt;&lt;!-- SC_ON --&gt;',
        spoilers_enabled: true,
        comment_contribution_settings: { allowed_media_types: [Array] },
        allow_talks: false,
        header_size: null,
        user_flair_position: 'right',
        all_original_content: false,
        has_menu_widget: false,
        is_enrolled_in_new_modmail: null,
        key_color: '#0079d3',
        can_assign_user_flair: true,
        created: 1377606003,
        wls: 6,
        show_media_preview: true,
        submission_type: 'any',
        user_is_subscriber: null,
        allowed_media_in_comments: [ 'giphy', 'static', 'animated', 'expression' ],
        allow_videogifs: true,
        should_archive_posts: true,
        user_flair_type: 'text',
        allow_polls: true,
        collapse_deleted_comments: true,
        emojis_custom_size: null,
        public_description_html: '&lt;!-- SC_OFF --&gt;&lt;div class="md"&gt;&lt;p&gt;A place for sixth formers to speak to others about work, A-levels, results, problems in education and general sixth form life, as well as university applications and UCAS.&lt;/p&gt;\n' +
          '&lt;/div&gt;&lt;!-- SC_ON --&gt;',
        allow_videos: true,
        is_crosspostable_subreddit: false,
        suggested_comment_sort: null,
        should_show_media_in_comments_setting: true,
        can_assign_link_flair: true,
        accounts_active_is_fuzzed: false,
        allow_prediction_contributors: false,
        submit_text_label: '',
        link_flair_position: 'left',
        user_sr_flair_enabled: null,
        user_flair_enabled_in_sr: false,
        allow_chat_post_creation: false,
        allow_discovery: true,
        accept_followers: true,
        user_sr_theme_enabled: true,
        link_flair_enabled: true,
        disable_contributor_requests: false,
        subreddit_type: 'public',
        notification_level: null,
        banner_img: '',
        user_flair_text: null,
        banner_background_color: '#0dd3bb',
        show_media: true,
        id: '2ybtn',
        user_is_contributor: null,
        over18: false,
        header_title: 'Hello there 0.o',
        description: 'A place for sixth formers to speak and discuss with others about work, A levels, results, personal issues and college life in general. \n' +
          '\n' +
          '###[Filter Out Memes](https://www.reddit.com/r/6thForm/search?q=NOT+flair%3Ameme&amp;sort=new&amp;restrict_sr=on&amp;t=all)\n' +
          '\n' +
          '###[Subreddit Discord - now partnered!](https://discord.gg/6thform)\n' +
          '\n' +
          '###[Subreddit Rules](https://www.reddit.com/r/6thForm/about/rules)\n' +
          '\n' +
          '###[Safeguarding Statement](https://www.reddit.com/r/6thForm/wiki/safeguarding)\n' +
          '\n' +
          '###[Message the Moderators](https://www.reddit.com/message/compose?to=%2Fr%2F6thForm&amp;subject=%5BSuggestion%5D%20%5BComplaint%5D%20Title&amp;message=~~%20*%20Please%20change%20the%20title%20as%20applicable%20*%20~~%0A%0A**Reason%20for%20message%3A**%0A%0APlease%20write%20your%20message%20here%20and%20we%27ll%20get%20back%20to%20you!)\n' +
          '\n' +
          '**[Reddit-wide rules are visible here] (https://www.reddit.com/help/contentpolicy/)** - rule breakages **will** result in bans.\n' +
          '\n' +
          '\n' +
          '&amp;nbsp;\n' +
          '\n' +
          '\n' +
          '***Useful Posts:***\n' +
          '\n' +
          '[**AMA with Paul from Which? University**](https://www.reddit.com/r/6thForm/comments/3gtw3k/paul_from_which_university_here_with_some_advice/)\n' +
          '\n' +
          '[**UCAS Points Tariff Explained**](http://www.reddit.com/r/6thForm/comments/1l8143/ucas_points_tariff/)\n' +
          '\n' +
          '\n' +
          '&amp;nbsp;\n' +
          '\n' +
          '\n' +
          '***Useful Websites:***\n' +
          '\n' +
          '[**Physics and Maths Tutor**](http://physicsandmathstutor.com/) - A free website that is useful for _far more_ than just Physics and Maths, with support materials available to download for subjects from Maths all the way through Geography.\n' +
          '\n' +
          '[**Khan Academy**](https://www.khanacademy.org/) - A free website dedicated to teaching people worldwide through intuitive videos and tests. \n' +
          '\n' +
          "[**The Student Room**](http://www.thestudentroom.co.uk/forumdisplay.php?f=80&amp;utm_source=TSR&amp;utm_medium=explorebutton&amp;utm_campaign=Alevels) - A free website that's full of students and tutors to discuss work with - with free revision resources\n" +
          '\n' +
          '[**Get Revising**](http://getrevising.co.uk/) - A free website full of revision resources posted by students and teachers. Create a revision timetable and get revising!\n' +
          '\n' +
          '[**S-cool**](http://www.s-cool.co.uk/) - A helpful revision website with a wealth subject-specific revision pages.\n' +
          '\n' +
          '[**Exam Solutions**](http://www.examsolutions.net/) - A website offering help and revision specifically for Maths A-Level.\n' +
          '\n' +
          '\n' +
          '&amp;nbsp;\n' +
          '\n' +
          '\n' +
          '***Need help with GCSEs? Check out [/r/GCSE](http://www.reddit.com/r/GCSE/)!***\n' +
          '\n' +
          '***Off to uni? Make sure to look at /r/UniUK!***',
        is_chat_post_feature_enabled: true,
        submit_link_label: '',
        user_flair_text_color: null,
        restrict_commenting: false,
        user_flair_css_class: null,
        allow_images: true,
        lang: 'en',
        whitelist_status: 'all_ads',
        url: '/r/6thForm/',
        created_utc: 1377606003,
        banner_size: null,
        mobile_banner_image: '',
        user_is_moderator: null,
        allow_predictions_tournament: false
      },
      {
        user_flair_background_color: null,
        submit_text_html: '&lt;!-- SC_OFF --&gt;&lt;div class="md"&gt;&lt;blockquote&gt;\n' +
          '&lt;ul&gt;\n' +
          '&lt;li&gt;Please read the full rules, found &lt;a href="https://www.reddit.com/r/ApplyingToCollege/wiki/rules"&gt;here&lt;/a&gt;, before posting.&lt;/li&gt;\n' +
          '&lt;/ul&gt;\n' +
          '&lt;/blockquote&gt;\n' +
          '&lt;/div&gt;&lt;!-- SC_ON --&gt;',
        restrict_posting: true,
        user_is_banned: null,
        free_form_reports: false,
        wiki_enabled: true,
        user_is_muted: null,
        user_can_flair_in_sr: null,
        display_name: 'ApplyingToCollege',
        header_img: null,
        title: 'ApplyingToCollege',
        allow_galleries: true,
        icon_size: null,
        primary_color: '#ba2776',
        active_user_count: null,
        icon_img: '',
        display_name_prefixed: 'r/ApplyingToCollege',
        accounts_active: null,
        public_traffic: false,
        subscribers: 1052408,
        user_flair_richtext: [],
        name: 't5_2y2r8',
        quarantine: false,
        hide_ads: false,
        prediction_leaderboard_entry_type: 'SUBREDDIT_HEADER',
        emojis_enabled: true,
        advertiser_category: '',
        public_description: 'r/ApplyingToCollege is the premier forum for college admissions questions, advice, and discussions, from college essays and scholarships to SAT/ACT test prep, career guidance, and more.',
        comment_score_hide_mins: 60,
        allow_predictions: false,
        user_has_favorited: null,
        user_flair_template_id: null,
        community_icon: 'https://styles.redditmedia.com/t5_2y2r8/styles/communityIcon_tn32r59q88ob1.png?width=256&amp;s=ca075a02ab1ccbe9a21f343d061e08934e769d9d',
        banner_background_image: 'https://styles.redditmedia.com/t5_2y2r8/styles/bannerBackgroundImage_s45e2t1w88ob1.png?width=4000&amp;s=be5000db9ff2249ebd311efd5e02d1ca5922402c',
        original_content_tag_enabled: false,
        community_reviewed: true,
        submit_text: '&gt; * Please read the full rules, found [here](https://www.reddit.com/r/ApplyingToCollege/wiki/rules), before posting.',
        description_html: '&lt;!-- SC_OFF --&gt;&lt;div class="md"&gt;&lt;h4&gt;&lt;a href="/r/ApplyingToCollege"&gt;/r/ApplyingToCollege&lt;/a&gt; is the premier forum for college admissions questions, advice, and discussions, from college essays and scholarships to SAT/ACT test prep, career guidance, and more.&lt;/h4&gt;\n' +
          '\n' +
          '&lt;h3&gt;&lt;a href="#Yellow"&gt;&lt;/a&gt;&lt;/h3&gt;\n' +
          '\n' +
          '&lt;blockquote&gt;\n' +
          '&lt;h1&gt;Discord&lt;/h1&gt;\n' +
          '\n' +
          '&lt;p&gt;&lt;a href="https://discord.gg/a2c"&gt;&lt;strong&gt;A2C Discord&lt;/strong&gt;&lt;/a&gt;  &lt;/p&gt;\n' +
          '&lt;/blockquote&gt;\n' +
          '\n' +
          '&lt;h6&gt;&lt;a href="#Gray"&gt;&lt;/a&gt;&lt;/h6&gt;\n' +
          '\n' +
          '&lt;blockquote&gt;\n' +
          '&lt;h1&gt;Filter Posts by:&lt;/h1&gt;\n' +
          '\n' +
          '&lt;p&gt;&lt;a href="https://new.reddit.com/r/ApplyingToCollege/?f=flair_name%3A%22Best%20of%20A2C%22"&gt;&lt;strong&gt;Best of A2C&lt;/strong&gt;&lt;/a&gt;&lt;br/&gt;\n' +
          '&lt;a href="https://new.reddit.com/r/ApplyingToCollege/?f=flair_name%3A%22AMA%22"&gt;AMAs&lt;/a&gt;&lt;br/&gt;\n' +
          '&lt;a href="https://new.reddit.com/r/ApplyingToCollege/?f=flair_name%3A%22Interviews%22"&gt;Interviews&lt;/a&gt;\n' +
          '&lt;a href="https://new.reddit.com/r/ApplyingToCollege/?f=flair_name%3A%22Rec%20Letters%22"&gt;Rec Letters&lt;/a&gt;&lt;br/&gt;\n' +
          '&lt;a href="https://new.reddit.com/r/ApplyingToCollege/?f=flair_name%3A%22Essays%22"&gt;Essays&lt;/a&gt;&lt;br/&gt;\n' +
          '&lt;a href="https://new.reddit.com/r/ApplyingToCollege/?f=flair_name%3A%22Financial%20Aid%22"&gt;Financial Aid&lt;/a&gt;  &lt;/p&gt;\n' +
          '&lt;/blockquote&gt;\n' +
          '\n' +
          '&lt;h1&gt;&lt;a href="#Green"&gt;&lt;/a&gt;&lt;/h1&gt;\n' +
          '\n' +
          '&lt;blockquote&gt;\n' +
          '&lt;h1&gt;Rules for Participating&lt;/h1&gt;\n' +
          '\n' +
          '&lt;p&gt;(1) &lt;strong&gt;Be nice&lt;/strong&gt;! A2C supports a welcoming and inclusive environment. Harassment, intimidation, and bullying are not tolerated. Vulgar, derogatory, disrespectful speech is not permitted. This includes, but is not limited to, racism, homophobia, transphobia, and bigotry or discrimination of any kind, overt or subtle.\n' +
          '&lt;a href="https://www.reddit.com/r/blog/comments/1ytp7q/remember_the_human/"&gt;Remember the human&lt;/a&gt; and follow the &lt;a href="https://www.reddithelp.com/en/categories/reddit-101/reddit-basics/reddiquette"&gt;reddiquette&lt;/a&gt;.&lt;/p&gt;\n' +
          '\n' +
          '&lt;p&gt;(2) &lt;strong&gt;Admissions-related discussion&lt;/strong&gt;. We love to see posts asking questions or creating discussion about all facets of postsecondary (undergraduate) education around the world. If you’re doing this, you should be ok! You are welcome here; this subreddit is not just for highly selective colleges.&lt;/p&gt;\n' +
          '\n' +
          '&lt;p&gt;(3) Spam and solicitations are not permitted on &lt;a href="/r/ApplyingToCollege"&gt;r/ApplyingToCollege&lt;/a&gt;. This includes surveys and polls, YouTube videos, chat links, and offering services of any kind. For more information on what is not permitted, please click &lt;a href="https://www.reddit.com/r/applyingtocollege/wiki/rules"&gt;here&lt;/a&gt;.&lt;/p&gt;\n' +
          '\n' +
          '&lt;p&gt;(4) Chance-me posts, where you provide your information and list of schools and ask about your chances of admission at those schools, are prohibited.&lt;/p&gt;\n' +
          '\n' +
          '&lt;p&gt;(5) AMA posts on &lt;a href="/r/ApplyingToCollege"&gt;r/ApplyingToCollege&lt;/a&gt; are subject to regulation. For more information about the requirements to host an AMA, please &lt;a href="https://www.reddit.com/r/applyingtocollege/wiki/rules"&gt;click here&lt;/a&gt;.&lt;/p&gt;\n' +
          '\n' +
          '&lt;p&gt;(6) Posts and comments dedicated to Affirmative Action will be removed. For more information, please click &lt;a href="https://www.reddit.com/r/applyingtocollege/wiki/rules"&gt;here&lt;/a&gt;.&lt;/p&gt;\n' +
          '\n' +
          '&lt;p&gt;(7) &lt;strong&gt;Do not post sensitive or unethical information&lt;/strong&gt;. This includes essays, personally-identifiable information, or questions about lying/cheating the process.&lt;/p&gt;\n' +
          '\n' +
          '&lt;p&gt;(8) All tongue-in-cheek, fluff, and generic shitposting must be reserved for Shitpost Wednesday. Wednesday is defined in US Eastern Time.&lt;/p&gt;\n' +
          '\n' +
          '&lt;p&gt;(9) &lt;strong&gt;Other posts and comments may be removed at moderator discretion&lt;/strong&gt;. For a complete listing of our subreddit&amp;#39;s rules, please click &lt;a href="https://www.reddit.com/r/applyingtocollege/wiki/rules"&gt;here&lt;/a&gt;&lt;/p&gt;\n' +
          '&lt;/blockquote&gt;\n' +
          '\n' +
          '&lt;h3&gt;&lt;a href="#Yellow"&gt;&lt;/a&gt;&lt;/h3&gt;\n' +
          '\n' +
          '&lt;blockquote&gt;\n' +
          '&lt;h1&gt;Admissions Resources&lt;/h1&gt;\n' +
          '\n' +
          '&lt;p&gt;&lt;a href="https://old.reddit.com/r/ApplyingToCollege/wiki/index"&gt;Wiki&lt;/a&gt;&lt;/p&gt;\n' +
          '\n' +
          '&lt;p&gt;&lt;a href="https://applyingto.college"&gt;Decision Calendar&lt;/a&gt;&lt;/p&gt;\n' +
          '\n' +
          '&lt;p&gt;&lt;a href="https://old.reddit.com/r/ApplyingToCollege/wiki/faq"&gt;FAQ&lt;/a&gt;&lt;/p&gt;\n' +
          '\n' +
          '&lt;p&gt;&lt;a href="https://old.reddit.com/r/ApplyingToCollege/wiki/index#wiki_amas"&gt;AMAs&lt;/a&gt;&lt;/p&gt;\n' +
          '&lt;/blockquote&gt;\n' +
          '\n' +
          '&lt;h4&gt;&lt;a href="#blue"&gt;&lt;/a&gt;&lt;/h4&gt;\n' +
          '\n' +
          '&lt;blockquote&gt;\n' +
          '&lt;h1&gt;Related Subreddits&lt;/h1&gt;\n' +
          '\n' +
          '&lt;p&gt;&lt;a href="/r/ACT"&gt;/r/ACT&lt;/a&gt;&lt;/p&gt;\n' +
          '\n' +
          '&lt;p&gt;&lt;a href="/r/SAT"&gt;/r/SAT&lt;/a&gt;&lt;/p&gt;\n' +
          '\n' +
          '&lt;p&gt;&lt;a href="/r/psat"&gt;/r/psat&lt;/a&gt;&lt;/p&gt;\n' +
          '\n' +
          '&lt;p&gt;&lt;a href="/r/ReverseChanceMe"&gt;/r/ReverseChanceMe&lt;/a&gt; &lt;/p&gt;\n' +
          '\n' +
          '&lt;p&gt;&lt;a href="/r/collegeresults"&gt;/r/collegeresults&lt;/a&gt;&lt;/p&gt;\n' +
          '\n' +
          '&lt;p&gt;&lt;a href="/r/CollegeEssays"&gt;/r/CollegeEssays&lt;/a&gt;&lt;/p&gt;\n' +
          '\n' +
          '&lt;p&gt;&lt;a href="/r/college"&gt;/r/college&lt;/a&gt;&lt;/p&gt;\n' +
          '\n' +
          '&lt;p&gt;&lt;a href="/r/GradSchool"&gt;/r/GradSchool&lt;/a&gt;&lt;/p&gt;\n' +
          '\n' +
          '&lt;p&gt;&lt;a href="/r/GradAdmissions"&gt;/r/GradAdmissions&lt;/a&gt;&lt;/p&gt;\n' +
          '\n' +
          '&lt;p&gt;&lt;a href="/r/IntltoUSA"&gt;/r/IntltoUSA&lt;/a&gt;&lt;/p&gt;\n' +
          '&lt;/blockquote&gt;\n' +
          '\n' +
          '&lt;h6&gt;&lt;a href="#Gray"&gt;&lt;/a&gt;&lt;/h6&gt;\n' +
          '\n' +
          '&lt;blockquote&gt;\n' +
          '&lt;h1&gt;More&lt;/h1&gt;\n' +
          '\n' +
          '&lt;p&gt;If you&amp;#39;re an admissions officer, please &lt;a href="https://www.reddit.com/message/compose?to=%2Fr%2FApplyingToCollege&amp;amp;subject=Special%20Flair%20Request"&gt;send us a message&lt;/a&gt; to request verification or if you have any questions about participation in &lt;a href="/r/ApplyingToCollege"&gt;/r/ApplyingToCollege&lt;/a&gt;.&lt;/p&gt;\n' +
          '\n' +
          '&lt;p&gt;If you&amp;#39;re a member of the media, please &lt;a href="https://www.reddit.com/message/compose?to=%2Fr%2FApplyingToCollege&amp;amp;subject=Media%20Inquiry"&gt;send us a message&lt;/a&gt; to request approval prior to posting or if you have any questions about participation in &lt;a href="/r/ApplyingToCollege"&gt;/r/ApplyingToCollege&lt;/a&gt;.&lt;/p&gt;\n' +
          '&lt;/blockquote&gt;\n' +
          '\n' +
          '&lt;p&gt;&lt;a href="#/RES_SR_Config/NightModeCompatible"&gt;&lt;/a&gt;&lt;/p&gt;\n' +
          '&lt;/div&gt;&lt;!-- SC_ON --&gt;',
        spoilers_enabled: false,
        comment_contribution_settings: { allowed_media_types: [Array] },
        allow_talks: false,
        header_size: null,
        user_flair_position: 'right',
        all_original_content: false,
        has_menu_widget: false,
        is_enrolled_in_new_modmail: null,
        key_color: '#25b79f',
        can_assign_user_flair: true,
        created: 1375445107,
        wls: 6,
        show_media_preview: true,
        submission_type: 'self',
        user_is_subscriber: null,
        allowed_media_in_comments: [ 'expression' ],
        allow_videogifs: false,
        should_archive_posts: false,
        user_flair_type: 'text',
        allow_polls: false,
        collapse_deleted_comments: true,
        emojis_custom_size: null,
        public_description_html: '&lt;!-- SC_OFF --&gt;&lt;div class="md"&gt;&lt;p&gt;&lt;a href="/r/ApplyingToCollege"&gt;r/ApplyingToCollege&lt;/a&gt; is the premier forum for college admissions questions, advice, and discussions, from college essays and scholarships to SAT/ACT test prep, career guidance, and more.&lt;/p&gt;\n' +
          '&lt;/div&gt;&lt;!-- SC_ON --&gt;',
        allow_videos: false,
        is_crosspostable_subreddit: false,
        suggested_comment_sort: 'confidence',
        should_show_media_in_comments_setting: true,
        can_assign_link_flair: true,
        accounts_active_is_fuzzed: false,
        allow_prediction_contributors: false,
        submit_text_label: '',
        link_flair_position: 'left',
        user_sr_flair_enabled: null,
        user_flair_enabled_in_sr: false,
        allow_chat_post_creation: false,
        allow_discovery: true,
        accept_followers: true,
        user_sr_theme_enabled: true,
        link_flair_enabled: true,
        disable_contributor_requests: true,
        subreddit_type: 'public',
        notification_level: null,
        banner_img: '',
        user_flair_text: null,
        banner_background_color: '#ba2776',
        show_media: false,
        id: '2y2r8',
        user_is_contributor: null,
        over18: false,
        header_title: '',
        description: '####/r/ApplyingToCollege is the premier forum for college admissions questions, advice, and discussions, from college essays and scholarships to SAT/ACT test prep, career guidance, and more.\n' +
          '\n' +
          '###[](#Yellow)\n' +
          '&gt;#Discord\n' +
          '\n' +
          '&gt; [**A2C Discord**](https://discord.gg/a2c)  \n' +
          '\n' +
          '######[](#Gray)\n' +
          '&gt;#Filter Posts by:\n' +
          '\n' +
          '&gt; [**Best of A2C**](https://new.reddit.com/r/ApplyingToCollege/?f=flair_name%3A%22Best%20of%20A2C%22)  \n' +
          '&gt; [AMAs](https://new.reddit.com/r/ApplyingToCollege/?f=flair_name%3A%22AMA%22)  \n' +
          '&gt; [Interviews](https://new.reddit.com/r/ApplyingToCollege/?f=flair_name%3A%22Interviews%22)\n' +
          '&gt; [Rec Letters](https://new.reddit.com/r/ApplyingToCollege/?f=flair_name%3A%22Rec%20Letters%22)  \n' +
          '&gt; [Essays](https://new.reddit.com/r/ApplyingToCollege/?f=flair_name%3A%22Essays%22)  \n' +
          '&gt; [Financial Aid](https://new.reddit.com/r/ApplyingToCollege/?f=flair_name%3A%22Financial%20Aid%22)  \n' +
          '\n' +
          '\n' +
          '#[](#Green)\n' +
          '\n' +
          '&gt;#Rules for Participating\n' +
          '\n' +
          '&gt; (1) **Be nice**! A2C supports a welcoming and inclusive environment. Harassment, intimidation, and bullying are not tolerated. Vulgar, derogatory, disrespectful speech is not permitted. This includes, but is not limited to, racism, homophobia, transphobia, and bigotry or discrimination of any kind, overt or subtle.\n' +
          '[Remember the human](https://www.reddit.com/r/blog/comments/1ytp7q/remember_the_human/) and follow the [reddiquette](https://www.reddithelp.com/en/categories/reddit-101/reddit-basics/reddiquette).\n' +
          '\n' +
          '&gt; (2) **Admissions-related discussion**. We love to see posts asking questions or creating discussion about all facets of postsecondary (undergraduate) education around the world. If you’re doing this, you should be ok! You are welcome here; this subreddit is not just for highly selective colleges.\n' +
          '\n' +
          '&gt; (3) Spam and solicitations are not permitted on r/ApplyingToCollege. This includes surveys and polls, YouTube videos, chat links, and offering services of any kind. For more information on what is not permitted, please click [here](https://www.reddit.com/r/applyingtocollege/wiki/rules).\n' +
          '\n' +
          '&gt; (4) Chance-me posts, where you provide your information and list of schools and ask about your chances of admission at those schools, are prohibited.\n' +
          '\n' +
          '&gt; (5) AMA posts on r/ApplyingToCollege are subject to regulation. For more information about the requirements to host an AMA, please [click here](https://www.reddit.com/r/applyingtocollege/wiki/rules).\n' +
          '\n' +
          '&gt; (6) Posts and comments dedicated to Affirmative Action will be removed. For more information, please click [here](https://www.reddit.com/r/applyingtocollege/wiki/rules).\n' +
          '\n' +
          '&gt; (7) **Do not post sensitive or unethical information**. This includes essays, personally-identifiable information, or questions about lying/cheating the process.\n' +
          '\n' +
          '&gt; (8) All tongue-in-cheek, fluff, and generic shitposting must be reserved for Shitpost Wednesday. Wednesday is defined in US Eastern Time.\n' +
          '\n' +
          "&gt; (9) **Other posts and comments may be removed at moderator discretion**. For a complete listing of our subreddit's rules, please click [here](https://www.reddit.com/r/applyingtocollege/wiki/rules)\n" +
          '\n' +
          '###[](#Yellow)\n' +
          '&gt;#Admissions Resources\n' +
          '\n' +
          '&gt;[Wiki](https://old.reddit.com/r/ApplyingToCollege/wiki/index)\n' +
          '\n' +
          '&gt;[Decision Calendar](https://applyingto.college)\n' +
          '\n' +
          '&gt;[FAQ](https://old.reddit.com/r/ApplyingToCollege/wiki/faq)\n' +
          '\n' +
          '&gt;[AMAs](https://old.reddit.com/r/ApplyingToCollege/wiki/index#wiki_amas)\n' +
          '\n' +
          '####[](#blue)\n' +
          '&gt;#Related Subreddits\n' +
          '\n' +
          '&gt;/r/ACT\n' +
          '\n' +
          '&gt;/r/SAT\n' +
          '\n' +
          '&gt;/r/psat\n' +
          '\n' +
          '&gt;/r/ReverseChanceMe \n' +
          '\n' +
          '&gt;/r/collegeresults\n' +
          '\n' +
          '&gt;/r/CollegeEssays\n' +
          '\n' +
          '&gt;/r/college\n' +
          '\n' +
          '&gt;/r/GradSchool\n' +
          '\n' +
          '&gt;/r/GradAdmissions\n' +
          '\n' +
          '&gt;/r/IntltoUSA\n' +
          '\n' +
          '######[](#Gray)\n' +
          '&gt;#More\n' +
          '\n' +
          "&gt;If you're an admissions officer, please [send us a message](https://www.reddit.com/message/compose?to=%2Fr%2FApplyingToCollege&amp;subject=Special%20Flair%20Request) to request verification or if you have any questions about participation in /r/ApplyingToCollege.\n" +
          '\n' +
          "&gt;If you're a member of the media, please [send us a message](https://www.reddit.com/message/compose?to=%2Fr%2FApplyingToCollege&amp;subject=Media%20Inquiry) to request approval prior to posting or if you have any questions about participation in /r/ApplyingToCollege.\n" +
          '\n' +
          '[](#/RES_SR_Config/NightModeCompatible)',
        is_chat_post_feature_enabled: true,
        submit_link_label: '',
        user_flair_text_color: null,
        restrict_commenting: true,
        user_flair_css_class: null,
        allow_images: true,
        lang: 'en',
        whitelist_status: 'all_ads',
        url: '/r/ApplyingToCollege/',
        created_utc: 1375445107,
        banner_size: null,
        mobile_banner_image: 'https://styles.redditmedia.com/t5_2y2r8/styles/mobileBannerImage_jirviecla8ob1.png',
        user_is_moderator: null,
        allow_predictions_tournament: false
      },
      {
        user_flair_background_color: null,
        submit_text_html: null,
        restrict_posting: true,
        user_is_banned: null,
        free_form_reports: true,
        wiki_enabled: true,
        user_is_muted: null,
        user_can_flair_in_sr: null,
        display_name: 'CFD',
        header_img: 'https://b.thumbs.redditmedia.com/01zLkGiIZUvBNx0ho35k1DNheVntdwiGbmmX-6q_KKo.png',
        title: 'Computational Fluid Dynamics',
        allow_galleries: true,
        icon_size: [ 256, 256 ],
        primary_color: '',
        active_user_count: null,
        icon_img: 'https://b.thumbs.redditmedia.com/rBSN1k1xXX-cY5ee-d4e0U-hJ3WOSk-g5i6LYYCGB0M.png',
        display_name_prefixed: 'r/CFD',
        accounts_active: null,
        public_traffic: false,
        subscribers: 20553,
        user_flair_richtext: [],
        videostream_links_count: 0,
        name: 't5_2r5wf',
        quarantine: false,
        hide_ads: false,
        prediction_leaderboard_entry_type: 'SUBREDDIT_HEADER',
        emojis_enabled: false,
        advertiser_category: '',
        public_description: '',
        comment_score_hide_mins: 0,
        allow_predictions: false,
        user_has_favorited: null,
        user_flair_template_id: null,
        community_icon: '',
        banner_background_image: '',
        original_content_tag_enabled: false,
        community_reviewed: true,
        submit_text: '',
        description_html: '&lt;!-- SC_OFF --&gt;&lt;div class="md"&gt;&lt;p&gt;&lt;strong&gt;Computational Fluid Dynamics (CFD)&lt;/strong&gt;&lt;br/&gt;\n' +
          'This is a subreddit for discussing CFD.  Posts consisting solely of advertisements for CFD products or services are not welcome.&lt;/p&gt;\n' +
          '\n' +
          '&lt;p&gt;&lt;strong&gt;Monthly Discussions&lt;/strong&gt;&lt;/p&gt;\n' +
          '\n' +
          '&lt;p&gt;&lt;a href="https://www.reddit.com/r/CFD/wiki/index"&gt;https://www.reddit.com/r/CFD/wiki/index&lt;/a&gt;&lt;/p&gt;\n' +
          '\n' +
          '&lt;p&gt;&lt;strong&gt;References/Useful links&lt;/strong&gt;&lt;/p&gt;\n' +
          '\n' +
          '&lt;ul&gt;\n' +
          '&lt;li&gt;&lt;p&gt;&lt;a href="https://turbmodels.larc.nasa.gov"&gt;NASA Turbulence Modeling Resource&lt;/a&gt;&lt;/p&gt;&lt;/li&gt;\n' +
          '&lt;li&gt;&lt;p&gt;&lt;a href="https://www.grc.nasa.gov/www/wind/valid/resources.html"&gt;Resources for CFD Verification and Validation&lt;/a&gt;&lt;/p&gt;&lt;/li&gt;\n' +
          '&lt;li&gt;&lt;p&gt;&lt;a href="https://ocw.mit.edu/courses/aeronautics-and-astronautics/16-90-computational-methods-in-aerospace-engineering-spring-2014/"&gt;Computational Methods in Aerospace Engineering&lt;/a&gt;&lt;/p&gt;&lt;/li&gt;\n' +
          '&lt;li&gt;&lt;p&gt;&lt;a href="https://ocw.mit.edu/courses/mechanical-engineering/2-29-numerical-fluid-mechanics-spring-2015/index.htm"&gt;Numerical Fluid Mechanics&lt;/a&gt;&lt;/p&gt;&lt;/li&gt;\n' +
          '&lt;li&gt;&lt;p&gt;&lt;a href="https://ocw.mit.edu/courses/mathematics/18-330-introduction-to-numerical-analysis-spring-2004/index.htm"&gt;Introduction to Numerical Analysis&lt;/a&gt;&lt;/p&gt;&lt;/li&gt;\n' +
          '&lt;li&gt;&lt;p&gt;&lt;a href="https://www.grc.nasa.gov/WWW/wind/valid/tutorial/spatconv.html"&gt;Examining Spatial (Grid) Convergence&lt;/a&gt;&lt;/p&gt;&lt;/li&gt;\n' +
          '&lt;li&gt;&lt;p&gt;&lt;a href="http://www4.ncsu.edu/%7Ectk/ma580.html"&gt;Introduction to Numerical Analysis I&lt;/a&gt;&lt;/p&gt;&lt;/li&gt;\n' +
          '&lt;li&gt;&lt;p&gt;&lt;a href="https://confluence.cornell.edu/display/SIMULATION/FLUENT+Learning+Modules"&gt;Cornell Fluent Modules&lt;/a&gt;&lt;/p&gt;&lt;/li&gt;\n' +
          '&lt;li&gt;&lt;p&gt;&lt;a href="http://openedx.seas.gwu.edu/courses/GW/MAE6286/2014_fall/about"&gt;Practical Numerical Methods with Python&lt;/a&gt;&lt;/p&gt;&lt;/li&gt;\n' +
          '&lt;li&gt;&lt;p&gt;&lt;a href="https://github.com/barbagroup/CFDPython"&gt;12 Steps to CFD&lt;/a&gt;&lt;/p&gt;&lt;/li&gt;\n' +
          '&lt;li&gt;&lt;p&gt;&lt;a href="https://www.reddit.com/r/CFD/comments/2emuk2/what_software_to_begin_for_a_novice_cfd_student/ck1y22o/"&gt;/u/derioderio&amp;#39;s Links to Begin CFD&lt;/a&gt;&lt;/p&gt;&lt;/li&gt;\n' +
          '&lt;li&gt;&lt;p&gt;&lt;a href="http://faculty.washington.edu/rjl/uwhpsc-coursera/"&gt;High Performance Scientific Computing&lt;/a&gt;&lt;/p&gt;&lt;/li&gt;\n' +
          '&lt;/ul&gt;\n' +
          '\n' +
          '&lt;p&gt;&lt;a href="https://en.reddit.com/r/CFD/comments/7wdsw1/referencesuseful_links_vote/"&gt;Vote for Content Here&lt;/a&gt;&lt;/p&gt;\n' +
          '\n' +
          '&lt;p&gt;&lt;strong&gt;Other great subreddits&lt;/strong&gt;&lt;/p&gt;\n' +
          '\n' +
          '&lt;ul&gt;\n' +
          '&lt;li&gt;&lt;a href="/r/Engineering"&gt;/r/Engineering&lt;/a&gt;&lt;/li&gt;\n' +
          '&lt;li&gt;&lt;a href="/r/EngineeringStudents"&gt;/r/EngineeringStudents&lt;/a&gt;&lt;/li&gt;\n' +
          '&lt;li&gt;&lt;a href="/r/AskScience"&gt;/r/AskScience&lt;/a&gt;&lt;/li&gt;\n' +
          '&lt;li&gt;&lt;a href="/r/MechanicalEngineer"&gt;/r/MechanicalEngineer&lt;/a&gt;&lt;/li&gt;\n' +
          '&lt;li&gt;&lt;a href="/r/civilengineering"&gt;/r/civilengineering&lt;/a&gt;&lt;/li&gt;\n' +
          '&lt;li&gt;&lt;a href="/r/aerospace"&gt;/r/aerospace&lt;/a&gt;&lt;/li&gt;\n' +
          '&lt;li&gt;&lt;a href="/r/FluidMechanics"&gt;/r/FluidMechanics&lt;/a&gt;&lt;/li&gt;\n' +
          '&lt;li&gt;&lt;a href="/r/ComputerScience"&gt;/r/ComputerScience&lt;/a&gt;&lt;/li&gt;\n' +
          '&lt;li&gt;&lt;a href="/r/CScareerquestions"&gt;/r/CScareerquestions&lt;/a&gt;&lt;/li&gt;\n' +
          '&lt;li&gt;&lt;a href="/r/math"&gt;/r/math&lt;/a&gt;&lt;/li&gt;\n' +
          '&lt;li&gt;&lt;a href="/r/Programming"&gt;/r/Programming&lt;/a&gt;&lt;/li&gt;\n' +
          '&lt;li&gt;&lt;a href="/r/HPC"&gt;/r/HPC&lt;/a&gt;&lt;/li&gt;\n' +
          '&lt;/ul&gt;\n' +
          '&lt;/div&gt;&lt;!-- SC_ON --&gt;',
        spoilers_enabled: true,
        comment_contribution_settings: { allowed_media_types: null },
        allow_talks: false,
        header_size: [ 125, 63 ],
        user_flair_position: 'right',
        all_original_content: false,
        has_menu_widget: false,
        is_enrolled_in_new_modmail: null,
        key_color: '#24a0ed',
        can_assign_user_flair: false,
        created: 1251637725,
        wls: 6,
        show_media_preview: true,
        submission_type: 'any',
        user_is_subscriber: null,
        allowed_media_in_comments: [],
        allow_videogifs: true,
        should_archive_posts: false,
        user_flair_type: 'text',
        allow_polls: true,
        collapse_deleted_comments: false,
        emojis_custom_size: null,
        public_description_html: null,
        allow_videos: true,
        is_crosspostable_subreddit: false,
        suggested_comment_sort: null,
        should_show_media_in_comments_setting: true,
        can_assign_link_flair: false,
        accounts_active_is_fuzzed: false,
        allow_prediction_contributors: false,
        submit_text_label: '',
        link_flair_position: '',
        user_sr_flair_enabled: null,
        user_flair_enabled_in_sr: false,
        allow_chat_post_creation: false,
        allow_discovery: true,
        accept_followers: true,
        user_sr_theme_enabled: true,
        link_flair_enabled: false,
        disable_contributor_requests: false,
        subreddit_type: 'public',
        notification_level: null,
        banner_img: 'https://b.thumbs.redditmedia.com/4XcQdbYIaEhDKTXnVeoYoqEVAny-zUmjTWJgS1OYVcw.png',
        user_flair_text: null,
        banner_background_color: '',
        show_media: true,
        id: '2r5wf',
        user_is_contributor: null,
        over18: false,
        header_title: '',
        description: '**Computational Fluid Dynamics (CFD)**  \n' +
          'This is a subreddit for discussing CFD.  Posts consisting solely of advertisements for CFD products or services are not welcome.\n' +
          '\n' +
          '**Monthly Discussions**\n' +
          '\n' +
          'https://www.reddit.com/r/CFD/wiki/index\n' +
          '\n' +
          '**References/Useful links**\n' +
          '\n' +
          '* [NASA Turbulence Modeling Resource](https://turbmodels.larc.nasa.gov)\n' +
          '\n' +
          '* [Resources for CFD Verification and Validation](https://www.grc.nasa.gov/www/wind/valid/resources.html)\n' +
          '\n' +
          '* [Computational Methods in Aerospace Engineering](https://ocw.mit.edu/courses/aeronautics-and-astronautics/16-90-computational-methods-in-aerospace-engineering-spring-2014/)\n' +
          '\n' +
          '* [Numerical Fluid Mechanics](https://ocw.mit.edu/courses/mechanical-engineering/2-29-numerical-fluid-mechanics-spring-2015/index.htm)\n' +
          '\n' +
          '* [Introduction to Numerical Analysis](https://ocw.mit.edu/courses/mathematics/18-330-introduction-to-numerical-analysis-spring-2004/index.htm)\n' +
          '\n' +
          '* [Examining Spatial (Grid) Convergence](https://www.grc.nasa.gov/WWW/wind/valid/tutorial/spatconv.html)\n' +
          '\n' +
          '* [Introduction to Numerical Analysis I](http://www4.ncsu.edu/~ctk/ma580.html)\n' +
          '\n' +
          '* [Cornell Fluent Modules](https://confluence.cornell.edu/display/SIMULATION/FLUENT+Learning+Modules)\n' +
          '\n' +
          '* [Practical Numerical Methods with Python](http://openedx.seas.gwu.edu/courses/GW/MAE6286/2014_fall/about)\n' +
          '\n' +
          '* [12 Steps to CFD](https://github.com/barbagroup/CFDPython)\n' +
          '\n' +
          "* [/u/derioderio's Links to Begin CFD](https://www.reddit.com/r/CFD/comments/2emuk2/what_software_to_begin_for_a_novice_cfd_student/ck1y22o/)\n" +
          '\n' +
          '* [High Performance Scientific Computing](http://faculty.washington.edu/rjl/uwhpsc-coursera/)\n' +
          '\n' +
          '\n' +
          '[Vote for Content Here](https://en.reddit.com/r/CFD/comments/7wdsw1/referencesuseful_links_vote/)\n' +
          '\n' +
          '\n' +
          '\n' +
          '**Other great subreddits**\n' +
          '\n' +
          '* /r/Engineering\n' +
          '* /r/EngineeringStudents\n' +
          '* /r/AskScience\n' +
          '* /r/MechanicalEngineer\n' +
          '* /r/civilengineering\n' +
          '* /r/aerospace\n' +
          '* /r/FluidMechanics\n' +
          '* /r/ComputerScience\n' +
          '* /r/CScareerquestions\n' +
          '* /r/math\n' +
          '* /r/Programming\n' +
          '* /r/HPC',
        is_chat_post_feature_enabled: true,
        submit_link_label: '',
        user_flair_text_color: null,
        restrict_commenting: false,
        user_flair_css_class: null,
        allow_images: true,
        lang: 'en',
        whitelist_status: 'all_ads',
        url: '/r/CFD/',
        created_utc: 1251637725,
        banner_size: [ 1280, 384 ],
        mobile_banner_image: '',
        user_is_moderator: null,
        allow_predictions_tournament: false
      },
      {
        user_flair_background_color: null,
        submit_text_html: null,
        restrict_posting: true,
        user_is_banned: null,
        free_form_reports: true,
        wiki_enabled: true,
        user_is_muted: null,
        user_can_flair_in_sr: null,
        display_name: 'tmec',
        header_img: null,
        title: 'T-MEC: Terrarian Mechanical Engineering Corps',
        allow_galleries: true,
        icon_size: null,
        primary_color: '',
        active_user_count: null,
        icon_img: '',
        display_name_prefixed: 'r/tmec',
        accounts_active: null,
        public_traffic: false,
        subscribers: 144,
        user_flair_richtext: [],
        videostream_links_count: 0,
        name: 't5_3eezt',
        quarantine: false,
        hide_ads: false,
        prediction_leaderboard_entry_type: 'IN_FEED',
        emojis_enabled: true,
        advertiser_category: '',
        public_description: "T-MEC is all about tinkering with Terraria's physics and wiring to create awesome inventions. From simple crab engines to the most complex computers, all knowledge resides in this community.",
        comment_score_hide_mins: 0,
        allow_predictions: false,
        user_has_favorited: null,
        user_flair_template_id: null,
        community_icon: '',
        banner_background_image: '',
        original_content_tag_enabled: false,
        community_reviewed: false,
        submit_text: '',
        description_html: '&lt;!-- SC_OFF --&gt;&lt;div class="md"&gt;&lt;p&gt;&lt;strong&gt;Description:&lt;/strong&gt;&lt;/p&gt;\n' +
          '\n' +
          '&lt;p&gt;T-MEC is all about tinkering with Terraria physics and wiring to create awesome inventions. From simple crab engines to complex calculators, all knowledge resides within this community.&lt;/p&gt;\n' +
          '\n' +
          '&lt;blockquote&gt;\n' +
          '&lt;p&gt;&lt;em&gt;&lt;a href="http://www.reddit.com/r/tmec"&gt;Filters&lt;/a&gt;&lt;/em&gt; &lt;strong&gt;&lt;a href="http://gn.reddit.com/r/tmec/#gn"&gt;General&lt;/a&gt;\n' +
          '&lt;a href="http://pc.reddit.com/r/tmec/#pc"&gt;Pc&lt;/a&gt;\n' +
          '&lt;a href="http://co.reddit.com/r/tmec/#co"&gt;Console&lt;/a&gt;\n' +
          '&lt;a href="http://mb.reddit.com/r/tmec/#mb"&gt;Mobile/3ds&lt;/a&gt;\n' +
          '&lt;a href="http://rq.reddit.com/r/tmec/#rq"&gt;Requests&lt;/a&gt;\n' +
          '&lt;a href="http://ot.reddit.com/r/tmec/#ot"&gt;Other&lt;/a&gt;\n' +
          '&lt;a href="http://an.reddit.com/r/tmec/#an"&gt;Announcements&lt;/a&gt;&lt;/strong&gt;&lt;/p&gt;\n' +
          '&lt;/blockquote&gt;\n' +
          '\n' +
          '&lt;ul&gt;\n' +
          '&lt;li&gt;&lt;p&gt;&lt;strong&gt;Subreddit Rules:&lt;/strong&gt;&lt;/p&gt;&lt;/li&gt;\n' +
          '&lt;li&gt;&lt;p&gt;&lt;a href="https://www.reddit.com/r/tmec/wiki/rules"&gt;Extensive Rules Page&lt;/a&gt;&lt;/p&gt;&lt;/li&gt;\n' +
          '&lt;li&gt;&lt;p&gt;&lt;a href="https:///www.reddit.com/r/tmec/wiki/list"&gt;The List&lt;/a&gt;&lt;/p&gt;&lt;/li&gt;\n' +
          '&lt;/ul&gt;\n' +
          '\n' +
          '&lt;ul&gt;\n' +
          '&lt;li&gt;&lt;p&gt;&lt;strong&gt;Useful Links:&lt;/strong&gt;&lt;/p&gt;&lt;/li&gt;\n' +
          '&lt;li&gt;&lt;p&gt;&lt;a href="https://forums.terraria.org/index.php?social-forums/t-mec-terrarian-mechanical-engineering-corps.203/"&gt;T-MEC Page&lt;/a&gt;&lt;/p&gt;&lt;/li&gt;\n' +
          '&lt;li&gt;&lt;p&gt;&lt;a href="https://forums.terraria.org"&gt;Terraria Forums&lt;/a&gt;&lt;/p&gt;&lt;/li&gt;\n' +
          '&lt;li&gt;&lt;p&gt;&lt;a href="http://terraria.gamepedia.com"&gt;Terraria Wiki&lt;/a&gt;&lt;/p&gt;&lt;/li&gt;\n' +
          '&lt;li&gt;&lt;p&gt;&lt;a href="https://www.reddit.com/r/tmec/wiki/index"&gt;T-MEC Subreddit Wiki&lt;/a&gt;&lt;/p&gt;&lt;/li&gt;\n' +
          '&lt;li&gt;&lt;p&gt;&lt;a href="https://www.reddit.com/r/tmec/wiki/modjobs"&gt;Moderator Jobs&lt;/a&gt;&lt;/p&gt;&lt;/li&gt;\n' +
          '&lt;/ul&gt;\n' +
          '\n' +
          '&lt;ul&gt;\n' +
          '&lt;li&gt;&lt;p&gt;&lt;strong&gt;Similar Subreddits:&lt;/strong&gt;&lt;/p&gt;&lt;/li&gt;\n' +
          '&lt;li&gt;&lt;p&gt;&lt;a href="https://www.reddit.com/r/terraria"&gt;Terraria&lt;/a&gt;&lt;/p&gt;&lt;/li&gt;\n' +
          '&lt;li&gt;&lt;p&gt;&lt;a href="https://www.reddit.com//r/TerrariaCTG"&gt;TerrariaCTG&lt;/a&gt; &lt;/p&gt;&lt;/li&gt;\n' +
          '&lt;/ul&gt;\n' +
          '&lt;/div&gt;&lt;!-- SC_ON --&gt;',
        spoilers_enabled: true,
        comment_contribution_settings: {},
        allow_talks: false,
        header_size: null,
        user_flair_position: 'right',
        all_original_content: false,
        has_menu_widget: false,
        is_enrolled_in_new_modmail: null,
        key_color: '#ff4500',
        can_assign_user_flair: true,
        created: 1462040913,
        wls: null,
        show_media_preview: false,
        submission_type: 'any',
        user_is_subscriber: null,
        allowed_media_in_comments: [],
        allow_videogifs: true,
        should_archive_posts: false,
        user_flair_type: 'text',
        allow_polls: true,
        collapse_deleted_comments: false,
        emojis_custom_size: null,
        public_description_html: '&lt;!-- SC_OFF --&gt;&lt;div class="md"&gt;&lt;p&gt;T-MEC is all about tinkering with Terraria&amp;#39;s physics and wiring to create awesome inventions. From simple crab engines to the most complex computers, all knowledge resides in this community.&lt;/p&gt;\n' +
          '&lt;/div&gt;&lt;!-- SC_ON --&gt;',
        allow_videos: true,
        is_crosspostable_subreddit: false,
        suggested_comment_sort: null,
        should_show_media_in_comments_setting: true,
        can_assign_link_flair: true,
        accounts_active_is_fuzzed: false,
        allow_prediction_contributors: false,
        submit_text_label: '',
        link_flair_position: 'left',
        user_sr_flair_enabled: null,
        user_flair_enabled_in_sr: false,
        allow_chat_post_creation: false,
        allow_discovery: true,
        accept_followers: true,
        user_sr_theme_enabled: true,
        link_flair_enabled: true,
        disable_contributor_requests: false,
        subreddit_type: 'public',
        notification_level: null,
        banner_img: '',
        user_flair_text: null,
        banner_background_color: '',
        show_media: true,
        id: '3eezt',
        user_is_contributor: null,
        over18: false,
        header_title: 'T-MEC: Terrarian Mechanical Engineering Corps',
        description: '**Description:**\n' +
          '\n' +
          'T-MEC is all about tinkering with Terraria physics and wiring to create awesome inventions. From simple crab engines to complex calculators, all knowledge resides within this community.\n' +
          '\n' +
          '&gt;*[Filters](http://www.reddit.com/r/tmec)* **[General](http://gn.reddit.com/r/tmec/#gn)\n' +
          '[Pc](http://pc.reddit.com/r/tmec/#pc)\n' +
          '[Console](http://co.reddit.com/r/tmec/#co)\n' +
          '[Mobile/3ds](http://mb.reddit.com/r/tmec/#mb)\n' +
          '[Requests](http://rq.reddit.com/r/tmec/#rq)\n' +
          '[Other](http://ot.reddit.com/r/tmec/#ot)\n' +
          '[Announcements](http://an.reddit.com/r/tmec/#an)**\n' +
          '\n' +
          '* **Subreddit Rules:**\n' +
          '\n' +
          '* [Extensive Rules Page](https://www.reddit.com/r/tmec/wiki/rules)\n' +
          '\n' +
          '* [The List](https:///www.reddit.com/r/tmec/wiki/list)\n' +
          '\n' +
          '#\n' +
          '\n' +
          '* **Useful Links:**\n' +
          '\n' +
          '* [T-MEC Page](https://forums.terraria.org/index.php?social-forums/t-mec-terrarian-mechanical-engineering-corps.203/)\n' +
          '\n' +
          '* [Terraria Forums](https://forums.terraria.org)\n' +
          '\n' +
          '* [Terraria Wiki](http://terraria.gamepedia.com)\n' +
          '\n' +
          '* [T-MEC Subreddit Wiki](https://www.reddit.com/r/tmec/wiki/index)\n' +
          '\n' +
          '* [Moderator Jobs](https://www.reddit.com/r/tmec/wiki/modjobs)\n' +
          '\n' +
          '#\n' +
          '\n' +
          '* **Similar Subreddits:**\n' +
          '\n' +
          '* [Terraria](https://www.reddit.com/r/terraria)\n' +
          '\n' +
          '* [TerrariaCTG](https://www.reddit.com//r/TerrariaCTG) \n' +
          '\n' +
          '\n' +
          '\n' +
          '\n' +
          '\n' +
          '\n' +
          '\n',
        is_chat_post_feature_enabled: true,
        submit_link_label: '',
        user_flair_text_color: null,
        restrict_commenting: false,
        user_flair_css_class: null,
        allow_images: true,
        lang: 'en',
        whitelist_status: null,
        url: '/r/tmec/',
        created_utc: 1462040913,
        banner_size: null,
        mobile_banner_image: '',
        user_is_moderator: null,
        allow_predictions_tournament: false
      },
      {
        user_flair_background_color: null,
        submit_text_html: null,
        restrict_posting: true,
        user_is_banned: null,
        free_form_reports: true,
        wiki_enabled: true,
        user_is_muted: null,
        user_can_flair_in_sr: null,
        display_name: 'gradadmissions',
        header_img: null,
        title: 'Advice for getting into graduate school',
        allow_galleries: true,
        icon_size: null,
        primary_color: '',
        active_user_count: null,
        icon_img: '',
        display_name_prefixed: 'r/gradadmissions',
        accounts_active: null,
        public_traffic: false,
        subscribers: 219581,
        user_flair_richtext: [],
        videostream_links_count: 0,
        name: 't5_2tn62',
        quarantine: false,
        hide_ads: false,
        prediction_leaderboard_entry_type: 'SUBREDDIT_HEADER',
        emojis_enabled: false,
        advertiser_category: 'College / University',
        public_description: "This subreddit is for anyone who is going through the process of getting into graduate school, and for those who've been there and have advice to give.",
        comment_score_hide_mins: 0,
        allow_predictions: false,
        user_has_favorited: null,
        user_flair_template_id: null,
        community_icon: '',
        banner_background_image: '',
        original_content_tag_enabled: false,
        community_reviewed: true,
        submit_text: '',
        description_html: '&lt;!-- SC_OFF --&gt;&lt;div class="md"&gt;&lt;p&gt;This subreddit is for anyone who is going through the process of getting into graduate school, and for those who&amp;#39;ve been there and have advice to give.&lt;/p&gt;\n' +
          '\n' +
          '&lt;p&gt;Have general knowledge or advice to share from your experiences? &lt;a href="http://www.reddit.com/r/gradadmissions/wiki/index"&gt;Consider adding them to our wiki&lt;/a&gt;.&lt;/p&gt;\n' +
          '\n' +
          '&lt;p&gt;&lt;a href="http://www.afouro.com/calculator/college-gpa-calculator/"&gt;A handy tool for calculating your GPA&lt;/a&gt;&lt;/p&gt;\n' +
          '\n' +
          '&lt;p&gt;&lt;a href="http://www.reddit.com/r/gradadmissions/comments/25gmig/a_somewhat_notgentle_guide_to_getting_into_grad/"&gt;A somewhat not-gentle guide to getting into grad school with subpar grades&lt;/a&gt;&lt;/p&gt;\n' +
          '\n' +
          '&lt;p&gt;&lt;a href="http://www.reddit.com/r/gradadmissions/comments/1lcegw/so_you_want_to_apply_to_graduate_school/"&gt;This thread has some solid advice for students applying to programs in the hard sciences&lt;/a&gt;.&lt;/p&gt;\n' +
          '\n' +
          '&lt;p&gt;Need someone to look at your materials? &lt;a href="http://www.reddit.com/r/gradadmissions/comments/12ksux/introducing_the_rgradadmissions_buddy_list_signup/"&gt;Use the buddy system!&lt;/a&gt;&lt;/p&gt;\n' +
          '\n' +
          '&lt;hr/&gt;\n' +
          '\n' +
          '&lt;p&gt;&lt;strong&gt;Rules:&lt;/strong&gt;&lt;/p&gt;\n' +
          '\n' +
          '&lt;ul&gt;\n' +
          '&lt;li&gt;&lt;p&gt;Advertising for consulting and other services is NOT allowed.&lt;/p&gt;&lt;/li&gt;\n' +
          '&lt;li&gt;&lt;p&gt;Surveys need moderator approval prior to posting. &lt;/p&gt;&lt;/li&gt;\n' +
          '&lt;li&gt;&lt;p&gt;Don&amp;#39;t be a jerk.&lt;/p&gt;&lt;/li&gt;\n' +
          '&lt;li&gt;&lt;p&gt;Newly accounts are not allowed to post. If you need a dedicated admissions throwaway account, please let it age at least five days before contacting the mods.&lt;/p&gt;&lt;/li&gt;\n' +
          '&lt;/ul&gt;\n' +
          '\n' +
          '&lt;hr/&gt;\n' +
          '\n' +
          '&lt;p&gt;&lt;strong&gt;Related Subreddits:&lt;/strong&gt;&lt;/p&gt;\n' +
          '\n' +
          '&lt;ul&gt;\n' +
          '&lt;li&gt;&lt;a href="/r/ApplyingToCollege"&gt;/r/ApplyingToCollege&lt;/a&gt;&lt;/li&gt;\n' +
          '&lt;li&gt;&lt;a href="/r/AskAcademia"&gt;/r/AskAcademia&lt;/a&gt; &lt;/li&gt;\n' +
          '&lt;li&gt;&lt;a href="/r/GradSchool"&gt;/r/GradSchool&lt;/a&gt; &lt;/li&gt;\n' +
          '&lt;li&gt;&lt;a href="/r/GRE"&gt;/r/GRE&lt;/a&gt; &lt;/li&gt;\n' +
          '&lt;li&gt;&lt;a href="/r/PreDental"&gt;/r/PreDental&lt;/a&gt;&lt;/li&gt;\n' +
          '&lt;li&gt;&lt;a href="/r/resumes"&gt;/r/resumes&lt;/a&gt; &lt;/li&gt;\n' +
          '&lt;li&gt;&lt;a href="/r/WorldScholarships"&gt;/r/WorldScholarships&lt;/a&gt;&lt;/li&gt;\n' +
          '&lt;/ul&gt;\n' +
          '\n' +
          '&lt;hr/&gt;\n' +
          '\n' +
          '&lt;p&gt;&lt;a href="http://www.reddit.com/message/compose?to=%2Fr%2Fgradadmissions"&gt;Contact the subreddit moderators with questions, comments or concerns.&lt;/a&gt;&lt;/p&gt;\n' +
          '&lt;/div&gt;&lt;!-- SC_ON --&gt;',
        spoilers_enabled: true,
        comment_contribution_settings: { allowed_media_types: null },
        allow_talks: false,
        header_size: null,
        user_flair_position: 'right',
        all_original_content: false,
        has_menu_widget: false,
        is_enrolled_in_new_modmail: null,
        key_color: '',
        can_assign_user_flair: true,
        created: 1330453018,
        wls: 6,
        show_media_preview: true,
        submission_type: 'any',
        user_is_subscriber: null,
        allowed_media_in_comments: [],
        allow_videogifs: true,
        should_archive_posts: false,
        user_flair_type: 'text',
        allow_polls: true,
        collapse_deleted_comments: true,
        emojis_custom_size: null,
        public_description_html: '&lt;!-- SC_OFF --&gt;&lt;div class="md"&gt;&lt;p&gt;This subreddit is for anyone who is going through the process of getting into graduate school, and for those who&amp;#39;ve been there and have advice to give.&lt;/p&gt;\n' +
          '&lt;/div&gt;&lt;!-- SC_ON --&gt;',
        allow_videos: true,
        is_crosspostable_subreddit: false,
        suggested_comment_sort: null,
        should_show_media_in_comments_setting: true,
        can_assign_link_flair: true,
        accounts_active_is_fuzzed: false,
        allow_prediction_contributors: false,
        submit_text_label: '',
        link_flair_position: 'right',
        user_sr_flair_enabled: null,
        user_flair_enabled_in_sr: false,
        allow_chat_post_creation: false,
        allow_discovery: true,
        accept_followers: true,
        user_sr_theme_enabled: true,
        link_flair_enabled: true,
        disable_contributor_requests: true,
        subreddit_type: 'public',
        notification_level: null,
        banner_img: '',
        user_flair_text: null,
        banner_background_color: '',
        show_media: true,
        id: '2tn62',
        user_is_contributor: null,
        over18: false,
        header_title: '',
        description: "This subreddit is for anyone who is going through the process of getting into graduate school, and for those who've been there and have advice to give.\n" +
          '\n' +
          'Have general knowledge or advice to share from your experiences? [Consider adding them to our wiki](http://www.reddit.com/r/gradadmissions/wiki/index).\n' +
          '\n' +
          '[A handy tool for calculating your GPA](http://www.afouro.com/calculator/college-gpa-calculator/)\n' +
          '\n' +
          '[A somewhat not-gentle guide to getting into grad school with subpar grades](http://www.reddit.com/r/gradadmissions/comments/25gmig/a_somewhat_notgentle_guide_to_getting_into_grad/)\n' +
          '\n' +
          '[This thread has some solid advice for students applying to programs in the hard sciences](http://www.reddit.com/r/gradadmissions/comments/1lcegw/so_you_want_to_apply_to_graduate_school/).\n' +
          '\n' +
          'Need someone to look at your materials? [Use the buddy system!](http://www.reddit.com/r/gradadmissions/comments/12ksux/introducing_the_rgradadmissions_buddy_list_signup/)\n' +
          '___________________________________\n' +
          '**Rules:**\n' +
          '\n' +
          '* Advertising for consulting and other services is NOT allowed.\n' +
          '\n' +
          '* Surveys need moderator approval prior to posting. \n' +
          '\n' +
          "* Don't be a jerk.\n" +
          '\n' +
          '* Newly accounts are not allowed to post. If you need a dedicated admissions throwaway account, please let it age at least five days before contacting the mods.\n' +
          '\n' +
          '___________________________________\n' +
          '**Related Subreddits:**\n' +
          '\n' +
          '* /r/ApplyingToCollege\n' +
          '* /r/AskAcademia \n' +
          '* /r/GradSchool \n' +
          '* /r/GRE \n' +
          '* /r/PreDental\n' +
          '* /r/resumes \n' +
          '* /r/WorldScholarships\n' +
          '\n' +
          '\n' +
          '___________________________________\n' +
          '[Contact the subreddit moderators with questions, comments or concerns.](http://www.reddit.com/message/compose?to=%2Fr%2Fgradadmissions)',
        is_chat_post_feature_enabled: true,
        submit_link_label: '',
        user_flair_text_color: null,
        restrict_commenting: false,
        user_flair_css_class: null,
        allow_images: true,
        lang: 'en',
        whitelist_status: 'all_ads',
        url: '/r/gradadmissions/',
        created_utc: 1330453018,
        banner_size: null,
        mobile_banner_image: '',
        user_is_moderator: null,
        allow_predictions_tournament: false
      },
      {
        user_flair_background_color: null,
        submit_text_html: '&lt;!-- SC_OFF --&gt;&lt;div class="md"&gt;&lt;p&gt;&lt;strong&gt;Please do prior research (google/your friends/colleagues/sub wiki pages) before posting questions. Also you need to mention your qualifications in Post Title.&lt;/strong&gt;&lt;/p&gt;\n' +
          '&lt;/div&gt;&lt;!-- SC_ON --&gt;',
        restrict_posting: true,
        user_is_banned: null,
        free_form_reports: true,
        wiki_enabled: true,
        user_is_muted: null,
        user_can_flair_in_sr: null,
        display_name: 'Indian_Academia',
        header_img: null,
        title: 'For questions and discussions about the education system, colleges, research, and careers in India ',
        allow_galleries: true,
        icon_size: null,
        primary_color: '#373c3f',
        active_user_count: null,
        icon_img: '',
        display_name_prefixed: 'r/Indian_Academia',
        accounts_active: null,
        public_traffic: false,
        subscribers: 198438,
        user_flair_richtext: [],
        name: 't5_idfco',
        quarantine: false,
        hide_ads: false,
        prediction_leaderboard_entry_type: 'SUBREDDIT_HEADER',
        emojis_enabled: false,
        advertiser_category: '',
        public_description: '\n' +
          'A subreddit for discussions about Indian higher education, research, admissions process, career advice, resource sharing, and similar topics.',
        comment_score_hide_mins: 60,
        allow_predictions: false,
        user_has_favorited: null,
        user_flair_template_id: null,
        community_icon: 'https://styles.redditmedia.com/t5_idfco/styles/communityIcon_cutci7b690371.png?width=256&amp;s=230c7c41a0c77b65a2b9646b4099e433eb40b276',
        banner_background_image: 'https://styles.redditmedia.com/t5_idfco/styles/bannerBackgroundImage_0oeuz67tzpv21.png?width=4000&amp;s=df0fb81267d1978337140691107bea65964f7787',
        original_content_tag_enabled: false,
        community_reviewed: true,
        submit_text: '**Please do prior research (google/your friends/colleagues/sub wiki pages) before posting questions. Also you need to mention your qualifications in Post Title.**',
        description_html: '&lt;!-- SC_OFF --&gt;&lt;div class="md"&gt;&lt;h2&gt;Welcome to &lt;a href="/r/Indian_Academia"&gt;/r/Indian_Academia&lt;/a&gt;!&lt;/h2&gt;\n' +
          '\n' +
          '&lt;p&gt;Please read our wiki: &lt;a href="https://www.reddit.com/r/Indian_Academia/wiki/all_wiki_index"&gt;https://www.reddit.com/r/Indian_Academia/wiki/all_wiki_index&lt;/a&gt;&lt;/p&gt;\n' +
          '\n' +
          '&lt;p&gt;A subreddit for discussions about Indian higher education, research, admissions process, career advice, resource sharing, and other relevant topics.  &lt;a href="https://www.reddit.com/message/compose/?to=/r/Indian_Academia"&gt;Send message to moderators by clicking here, if you need any help&lt;/a&gt;&lt;/p&gt;\n' +
          '\n' +
          '&lt;p&gt;&lt;a href="https://www.reddit.com/r/Indian_Academia/comments/k2hgoh/neet_study_guidance_v1"&gt;1. NEET Prep Guidance Thread&lt;/a&gt;&lt;/p&gt;\n' +
          '\n' +
          '&lt;p&gt;&lt;a href="https://www.reddit.com/r/Indian_Academia/comments/k23ef7/jee_study_guidance_v1/"&gt;2. JEE Prep Guidance Thread&lt;/a&gt;&lt;/p&gt;\n' +
          '\n' +
          '&lt;p&gt;&lt;a href="https://www.reddit.com/r/Indian_Academia/comments/kbqt0j/monthly_once_sticky_links_to_external_study_groups/"&gt;4. Monthly Once Sticky : Links to external study / groups &lt;/a&gt;&lt;/p&gt;\n' +
          '\n' +
          '&lt;p&gt;&lt;a href="https://www.reddit.com/r/Indian_Academia/comments/kg203t/itaf_is_there_anyone_from_xyz_branchcollegeplanet/"&gt;6. ITAF: Is there anyone from XYZ branch/college #megathread&lt;/a&gt;&lt;/p&gt;\n' +
          '\n' +
          '&lt;p&gt;&lt;a href="https://www.reddit.com/r/Indian_Academia/comments/kg1vzv/i_got_x_marks_which_branch_can_i_get_megathread/"&gt;7. I got X marks, which branch can I get? #megathread&lt;/a&gt;&lt;/p&gt;\n' +
          '\n' +
          '&lt;p&gt;&lt;a href="https://www.reddit.com/r/Indian_Academia/comments/kfbf00/jee_2021_registration_related_queries/"&gt;8. JEE 2021 Registration Related Queries&lt;/a&gt;&lt;/p&gt;\n' +
          '\n' +
          '&lt;hr/&gt;\n' +
          '\n' +
          '&lt;h1&gt;Rules:&lt;/h1&gt;\n' +
          '\n' +
          '&lt;p&gt;1.Make the title &lt;strong&gt;very&lt;/strong&gt; informative. In the title, ask exact question which is TLDR/Summary of your post. Add as many specific keywords as you can in the title (related to your specific situation). All vague titles (and content) posts will be removed.&lt;/p&gt;\n' +
          '\n' +
          '&lt;hr/&gt;\n' +
          '\n' +
          '&lt;h1&gt;Some useful links:&lt;/h1&gt;\n' +
          '\n' +
          '&lt;p&gt;&lt;a href="https://scholarships.gov.in/"&gt;National Scholarship Portal&lt;/a&gt;&lt;/p&gt;\n' +
          '\n' +
          '&lt;p&gt;&lt;a href="http://proposal.sakshat.ac.in/scholarship/"&gt;MHRD Sakshat - Most of the abroad learning scholarships&lt;/a&gt;&lt;/p&gt;\n' +
          '\n' +
          '&lt;p&gt;&lt;a href="https://academia.stackexchange.com/"&gt;Academia Stack Exchange - For non-local/general academy questions&lt;/a&gt;&lt;/p&gt;\n' +
          '\n' +
          '&lt;p&gt;&lt;a href="https://ndl.iitkgp.ac.in/"&gt;National Digital Library of India&lt;/a&gt;&lt;/p&gt;\n' +
          '\n' +
          '&lt;p&gt;&lt;a href="http://nptel.ac.in/"&gt;NPTEL - Online Certificate Courses from IITs and IISc&lt;/a&gt;&lt;/p&gt;\n' +
          '\n' +
          '&lt;p&gt;&lt;a href="http://serb.gov.in/home.php"&gt;Science and Engineering Research Board&lt;/a&gt;&lt;/p&gt;\n' +
          '\n' +
          '&lt;p&gt;&lt;a href="https://www.nirfindia.org/Home"&gt;National Institutional Ranking Framework&lt;/a&gt;&lt;/p&gt;\n' +
          '\n' +
          '&lt;p&gt;&lt;a href="http://vigyanprasar.gov.in/isw/isw.htm"&gt;Vigyanprasar - India Science Wire&lt;/a&gt;&lt;/p&gt;\n' +
          '\n' +
          '&lt;p&gt;&lt;a href="https://www.reddit.com/r/Indian_Academia/comments/8e9jnl/if_you_all_know_any_of_the_sources_which_would_be/"&gt;Source link suggestion post&lt;/a&gt;&lt;/p&gt;\n' +
          '\n' +
          '&lt;hr/&gt;\n' +
          '\n' +
          '&lt;h1&gt;Subs helping us by mentioning our sub in their sidebar/wiki:&lt;/h1&gt;\n' +
          '\n' +
          '&lt;p&gt;&lt;a href="/r/AskAcademia"&gt;r/AskAcademia&lt;/a&gt;&lt;/p&gt;\n' +
          '\n' +
          '&lt;p&gt;&lt;a href="/r/NPTEL"&gt;r/NPTEL&lt;/a&gt; &lt;/p&gt;\n' +
          '\n' +
          '&lt;p&gt;&lt;a href="/r/indianews"&gt;r/indianews&lt;/a&gt; &lt;/p&gt;\n' +
          '\n' +
          '&lt;p&gt;&lt;a href="/r/IncredibleIndia"&gt;r/IncredibleIndia&lt;/a&gt; &lt;/p&gt;\n' +
          '\n' +
          '&lt;p&gt;&lt;a href="/r/IndiaMain"&gt;r/IndiaMain&lt;/a&gt; &lt;/p&gt;\n' +
          '\n' +
          '&lt;p&gt;&lt;a href="/r/Mumbai"&gt;r/Mumbai&lt;/a&gt; &lt;/p&gt;\n' +
          '\n' +
          '&lt;p&gt;&lt;a href="/r/IndianGaming"&gt;r/IndianGaming&lt;/a&gt; &lt;/p&gt;\n' +
          '\n' +
          '&lt;p&gt;&lt;a href="/r/delhi"&gt;r/delhi&lt;/a&gt; &lt;/p&gt;\n' +
          '\n' +
          '&lt;p&gt;&lt;a href="/r/TILinIndia"&gt;r/TILinIndia&lt;/a&gt; &lt;/p&gt;\n' +
          '\n' +
          '&lt;p&gt;&lt;a href="/r/IndiaNonPolitical"&gt;r/IndiaNonPolitical&lt;/a&gt; &lt;/p&gt;\n' +
          '\n' +
          '&lt;p&gt;&lt;a href="/r/Pune"&gt;r/Pune&lt;/a&gt; &lt;/p&gt;\n' +
          '\n' +
          '&lt;p&gt;&lt;a href="/r/India"&gt;r/India&lt;/a&gt; &lt;/p&gt;\n' +
          '\n' +
          '&lt;p&gt;&lt;a href="/r/IndiaSpeaks"&gt;r/IndiaSpeaks&lt;/a&gt;&lt;/p&gt;\n' +
          '\n' +
          '&lt;p&gt;&lt;a href="/r/IndiaSocial"&gt;r/IndiaSocial&lt;/a&gt;&lt;/p&gt;\n' +
          '&lt;/div&gt;&lt;!-- SC_ON --&gt;',
        spoilers_enabled: false,
        comment_contribution_settings: { allowed_media_types: null },
        allow_talks: false,
        header_size: null,
        user_flair_position: 'right',
        all_original_content: false,
        has_menu_widget: false,
        is_enrolled_in_new_modmail: null,
        key_color: '',
        can_assign_user_flair: false,
        created: 1524453361,
        wls: 6,
        show_media_preview: true,
        submission_type: 'self',
        user_is_subscriber: null,
        allowed_media_in_comments: [],
        allow_videogifs: false,
        should_archive_posts: false,
        user_flair_type: 'text',
        allow_polls: false,
        collapse_deleted_comments: true,
        emojis_custom_size: null,
        public_description_html: '&lt;!-- SC_OFF --&gt;&lt;div class="md"&gt;&lt;p&gt;A subreddit for discussions about Indian higher education, research, admissions process, career advice, resource sharing, and similar topics.&lt;/p&gt;\n' +
          '&lt;/div&gt;&lt;!-- SC_ON --&gt;',
        allow_videos: false,
        is_crosspostable_subreddit: false,
        suggested_comment_sort: null,
        should_show_media_in_comments_setting: true,
        can_assign_link_flair: true,
        accounts_active_is_fuzzed: false,
        allow_prediction_contributors: false,
        submit_text_label: '',
        link_flair_position: 'left',
        user_sr_flair_enabled: null,
        user_flair_enabled_in_sr: false,
        allow_chat_post_creation: false,
        allow_discovery: true,
        accept_followers: true,
        user_sr_theme_enabled: true,
        link_flair_enabled: true,
        disable_contributor_requests: true,
        subreddit_type: 'public',
        notification_level: null,
        banner_img: '',
        user_flair_text: null,
        banner_background_color: '#929ba0',
        show_media: true,
        id: 'idfco',
        user_is_contributor: null,
        over18: false,
        header_title: '',
        description: '##Welcome to /r/Indian_Academia!\n' +
          '\n' +
          'Please read our wiki: https://www.reddit.com/r/Indian_Academia/wiki/all_wiki_index\n' +
          '\n' +
          'A subreddit for discussions about Indian higher education, research, admissions process, career advice, resource sharing, and other relevant topics.  [Send message to moderators by clicking here, if you need any help](https://www.reddit.com/message/compose/?to=/r/Indian_Academia)\n' +
          '\n' +
          '[1. NEET Prep Guidance Thread](https://www.reddit.com/r/Indian_Academia/comments/k2hgoh/neet_study_guidance_v1)\n' +
          '\n' +
          '[2. JEE Prep Guidance Thread](https://www.reddit.com/r/Indian_Academia/comments/k23ef7/jee_study_guidance_v1/)\n' +
          '\n' +
          '[4. Monthly Once Sticky : Links to external study / groups ] (https://www.reddit.com/r/Indian_Academia/comments/kbqt0j/monthly_once_sticky_links_to_external_study_groups/)\n' +
          '\n' +
          '[6. ITAF: Is there anyone from XYZ branch/college #megathread](https://www.reddit.com/r/Indian_Academia/comments/kg203t/itaf_is_there_anyone_from_xyz_branchcollegeplanet/)\n' +
          '\n' +
          '[7. I got X marks, which branch can I get? #megathread](https://www.reddit.com/r/Indian_Academia/comments/kg1vzv/i_got_x_marks_which_branch_can_i_get_megathread/)\n' +
          '\n' +
          '[8. JEE 2021 Registration Related Queries](https://www.reddit.com/r/Indian_Academia/comments/kfbf00/jee_2021_registration_related_queries/)\n' +
          '\n' +
          '---------------------------------------------------------   \n' +
          '\n' +
          '#Rules:\n' +
          '\n' +
          '1.Make the title **very** informative. In the title, ask exact question which is TLDR/Summary of your post. Add as many specific keywords as you can in the title (related to your specific situation). All vague titles (and content) posts will be removed.\n' +
          '\n' +
          '\n' +
          '-----------------------------------------------------\n' +
          '\n' +
          '#Some useful links: \n' +
          '\n' +
          '[National Scholarship Portal](https://scholarships.gov.in/)\n' +
          '\n' +
          '[MHRD Sakshat - Most of the abroad learning scholarships](http://proposal.sakshat.ac.in/scholarship/)\n' +
          '\n' +
          '[Academia Stack Exchange - For non-local/general academy questions](https://academia.stackexchange.com/)\n' +
          '\n' +
          '[National Digital Library of India](https://ndl.iitkgp.ac.in/)\n' +
          '\n' +
          '[NPTEL - Online Certificate Courses from IITs and IISc](http://nptel.ac.in/)\n' +
          '\n' +
          '[Science and Engineering Research Board](http://serb.gov.in/home.php)\n' +
          '\n' +
          '[National Institutional Ranking Framework](https://www.nirfindia.org/Home)\n' +
          '\n' +
          '[Vigyanprasar - India Science Wire](http://vigyanprasar.gov.in/isw/isw.htm)\n' +
          '\n' +
          '[Source link suggestion post](https://www.reddit.com/r/Indian_Academia/comments/8e9jnl/if_you_all_know_any_of_the_sources_which_would_be/)\n' +
          '\n' +
          '------------------------------------------\n' +
          '\n' +
          '#Subs helping us by mentioning our sub in their sidebar/wiki:\n' +
          '\n' +
          'r/AskAcademia\n' +
          '\n' +
          'r/NPTEL \n' +
          '\n' +
          'r/indianews \n' +
          '\n' +
          'r/IncredibleIndia \n' +
          '\n' +
          'r/IndiaMain \n' +
          '\n' +
          'r/Mumbai \n' +
          '\n' +
          'r/IndianGaming \n' +
          '\n' +
          'r/delhi \n' +
          '\n' +
          'r/TILinIndia \n' +
          '\n' +
          'r/IndiaNonPolitical \n' +
          '\n' +
          'r/Pune \n' +
          '\n' +
          'r/India \n' +
          '\n' +
          'r/IndiaSpeaks\n' +
          '\n' +
          'r/IndiaSocial',
        is_chat_post_feature_enabled: true,
        submit_link_label: '',
        user_flair_text_color: null,
        restrict_commenting: false,
        user_flair_css_class: null,
        allow_images: true,
        lang: 'en',
        whitelist_status: 'all_ads',
        url: '/r/Indian_Academia/',
        created_utc: 1524453361,
        banner_size: null,
        mobile_banner_image: '',
        user_is_moderator: null,
        allow_predictions_tournament: false
      },
      {
        user_flair_background_color: null,
        submit_text_html: '&lt;!-- SC_OFF --&gt;&lt;div class="md"&gt;&lt;h2&gt;Please check the subreddit &lt;a href="https://www.reddit.com/r/manufacturing/about/rules/"&gt;rules&lt;/a&gt; before submitting.&lt;/h2&gt;\n' +
          '\n' +
          '&lt;p&gt;&lt;strong&gt;Ignorance is no excuse.&lt;/strong&gt;&lt;/p&gt;\n' +
          '&lt;/div&gt;&lt;!-- SC_ON --&gt;',
        restrict_posting: true,
        user_is_banned: null,
        free_form_reports: true,
        wiki_enabled: false,
        user_is_muted: null,
        user_can_flair_in_sr: null,
        display_name: 'manufacturing',
        header_img: 'https://b.thumbs.redditmedia.com/XKfTXhTAmEGNlDDy.png',
        title: 'News from the manufacturing industry',
        allow_galleries: true,
        icon_size: null,
        primary_color: '',
        active_user_count: null,
        icon_img: '',
        display_name_prefixed: 'r/manufacturing',
        accounts_active: null,
        public_traffic: false,
        subscribers: 50344,
        user_flair_richtext: [],
        name: 't5_2qz70',
        quarantine: false,
        hide_ads: false,
        prediction_leaderboard_entry_type: 'SUBREDDIT_HEADER',
        emojis_enabled: false,
        advertiser_category: '',
        public_description: "A subreddit for anyone in the manufacturing industry. Content is very diverse: you'll find videos, articles and self posts just to name a few.",
        comment_score_hide_mins: 0,
        allow_predictions: false,
        user_has_favorited: null,
        user_flair_template_id: null,
        community_icon: '',
        banner_background_image: '',
        original_content_tag_enabled: false,
        community_reviewed: true,
        submit_text: '## Please check the subreddit [rules](https://www.reddit.com/r/manufacturing/about/rules/) before submitting. \n' +
          '\n' +
          '**Ignorance is no excuse.**',
        description_html: '&lt;!-- SC_OFF --&gt;&lt;div class="md"&gt;&lt;h2&gt;Welcome to &lt;a href="/r/manufacturing"&gt;/r/manufacturing&lt;/a&gt;!&lt;/h2&gt;\n' +
          '\n' +
          '&lt;p&gt;&lt;strong&gt;The subreddit for the manufacturing industry.&lt;/strong&gt;&lt;/p&gt;\n' +
          '\n' +
          '&lt;p&gt;&amp;nbsp;&lt;/p&gt;\n' +
          '\n' +
          '&lt;hr/&gt;\n' +
          '\n' +
          '&lt;p&gt;&lt;strong&gt;Post not showing up?&lt;/strong&gt; &lt;a href="/message/compose?to=%2Fr%2Fmanufacturing"&gt;Message the mods.&lt;/a&gt;&lt;/p&gt;\n' +
          '\n' +
          '&lt;hr/&gt;\n' +
          '\n' +
          '&lt;p&gt;&lt;strong&gt;Willing to do an AMA?&lt;/strong&gt; &lt;a href="/message/compose?to=%2Fr%2Fmanufacturing"&gt;Message the mods.&lt;/a&gt;&lt;/p&gt;\n' +
          '\n' +
          '&lt;hr/&gt;\n' +
          '\n' +
          '&lt;p&gt;&amp;nbsp;&lt;/p&gt;\n' +
          '\n' +
          '&lt;h1&gt;Rules&lt;/h1&gt;\n' +
          '\n' +
          '&lt;p&gt;&lt;em&gt;The full rules can be found &lt;a href="https://www.reddit.com/r/manufacturing/about/rules/"&gt;here&lt;/a&gt;, and take priority over the summary below.&lt;/em&gt;&lt;/p&gt;\n' +
          '\n' +
          '&lt;p&gt;&amp;nbsp;&lt;/p&gt;\n' +
          '\n' +
          '&lt;ol&gt;\n' +
          '&lt;li&gt;Posts must be in English.&lt;/li&gt;\n' +
          '&lt;li&gt;Posts trying to sell products or services are not allowed. \n' +
          '\n' +
          '&lt;ul&gt;\n' +
          '&lt;li&gt;Replying to requests is the only exception to this rule.&lt;/li&gt;\n' +
          '&lt;li&gt;Free trials and similar offers are not allowed.&lt;/li&gt;\n' +
          '&lt;/ul&gt;&lt;/li&gt;\n' +
          '&lt;li&gt;This is not the place for market research or other surveys. &lt;/li&gt;\n' +
          '&lt;li&gt; Company blog submissions are only allowed on Saturdays.&lt;/li&gt;\n' +
          '&lt;li&gt;Video submissions are &lt;a href="https://www.reddit.com/r/manufacturing/comments/o1f8jn/new_rule_restrictions_to_video_submissions/?"&gt;heavily restricted&lt;/a&gt;. &lt;/li&gt;\n' +
          '&lt;/ol&gt;\n' +
          '\n' +
          '&lt;p&gt;Unsure of something? &lt;a href="/message/compose?to=%2Fr%2Fmanufacturing"&gt;Message the mods!&lt;/a&gt;&lt;/p&gt;\n' +
          '\n' +
          '&lt;p&gt;&amp;nbsp;&lt;/p&gt;\n' +
          '\n' +
          '&lt;p&gt;Posts that do not follow these rules will be removed on sight. See any posts breaking these rules? Hit the &lt;strong&gt;report&lt;/strong&gt; button!  &lt;/p&gt;\n' +
          '\n' +
          '&lt;p&gt;&amp;nbsp;&lt;/p&gt;\n' +
          '\n' +
          '&lt;hr/&gt;\n' +
          '\n' +
          '&lt;p&gt;&amp;nbsp;&lt;/p&gt;\n' +
          '\n' +
          '&lt;h3&gt;Other subreddits you might enjoy:&lt;/h3&gt;\n' +
          '\n' +
          '&lt;blockquote&gt;\n' +
          '&lt;p&gt;&lt;a href="/r/3Dprinting"&gt;/r/3Dprinting&lt;/a&gt;&lt;br/&gt;\n' +
          '&lt;a href="/r/AskEngineers"&gt;/r/AskEngineers&lt;/a&gt;&lt;br/&gt;\n' +
          '&lt;a href="/r/Automate"&gt;/r/Automate&lt;/a&gt;&lt;br/&gt;\n' +
          '&lt;a href="/r/CNC"&gt;/r/CNC&lt;/a&gt;&lt;br/&gt;\n' +
          '&lt;a href="/r/CAD"&gt;/r/CAD&lt;/a&gt;&lt;br/&gt;\n' +
          '&lt;a href="/r/Engineering"&gt;/r/Engineering&lt;/a&gt;&lt;br/&gt;\n' +
          '&lt;a href="/r/EngineeringResumes"&gt;/r/EngineeringResumes&lt;/a&gt;&lt;br/&gt;\n' +
          '&lt;a href="/r/functionalprint"&gt;/r/functionalprint&lt;/a&gt;&lt;br/&gt;\n' +
          '&lt;a href="/r/IndustrialDesign"&gt;/r/IndustrialDesign&lt;/a&gt;&lt;br/&gt;\n' +
          '&lt;a href="/r/IndustrialEngineering"&gt;/r/IndustrialEngineering&lt;/a&gt;&lt;br/&gt;\n' +
          '&lt;a href="/r/JustRolledIntoTheShop"&gt;/r/JustRolledIntoTheShop&lt;/a&gt;&lt;br/&gt;\n' +
          '&lt;a href="/r/Machining"&gt;/r/Machining&lt;/a&gt;\n' +
          '&lt;a href="/r/Machinists"&gt;/r/Machinists&lt;/a&gt;&lt;br/&gt;\n' +
          '&lt;a href="/r/Mechanical_gifs"&gt;/r/Mechanical_gifs&lt;/a&gt;&lt;br/&gt;\n' +
          '&lt;a href="/r/Metalworking"&gt;/r/Metalworking&lt;/a&gt;&lt;br/&gt;\n' +
          '&lt;a href="/r/Metrology"&gt;/r/Metrology&lt;/a&gt;&lt;br/&gt;\n' +
          '&lt;a href="/r/PrintedCircuitBoard"&gt;/r/PrintedCircuitBoard&lt;/a&gt;&lt;br/&gt;\n' +
          '&lt;a href="/r/Product_Design"&gt;/r/Product_Design&lt;/a&gt;&lt;br/&gt;\n' +
          '&lt;a href="/r/SupplyChain"&gt;/r/SupplyChain&lt;/a&gt;&lt;br/&gt;\n' +
          '&lt;a href="/r/ThingsCutInHalfPorn"&gt;/r/ThingsCutInHalfPorn&lt;/a&gt;&lt;br/&gt;\n' +
          '&lt;a href="/r/Toolgifs"&gt;/r/Toolgifs&lt;/a&gt;&lt;br/&gt;\n' +
          '&lt;a href="/r/Workboots"&gt;/r/Workboots&lt;/a&gt;&lt;/p&gt;\n' +
          '&lt;/blockquote&gt;\n' +
          '\n' +
          '&lt;p&gt;&amp;nbsp;&lt;/p&gt;\n' +
          '\n' +
          '&lt;p&gt;&lt;sup&gt;&lt;em&gt;Working Snoo logo by &lt;a href="/u/SevenEyes"&gt;/u/SevenEyes&lt;/a&gt;&lt;/em&gt;&lt;/sup&gt;&lt;/p&gt;\n' +
          '&lt;/div&gt;&lt;!-- SC_ON --&gt;',
        spoilers_enabled: false,
        comment_contribution_settings: { allowed_media_types: null },
        allow_talks: false,
        header_size: [ 50, 50 ],
        user_flair_position: 'right',
        all_original_content: false,
        has_menu_widget: false,
        is_enrolled_in_new_modmail: null,
        key_color: '',
        can_assign_user_flair: true,
        created: 1243350418,
        wls: 6,
        show_media_preview: true,
        submission_type: 'any',
        user_is_subscriber: null,
        allowed_media_in_comments: [],
        allow_videogifs: true,
        should_archive_posts: false,
        user_flair_type: 'text',
        allow_polls: false,
        collapse_deleted_comments: false,
        emojis_custom_size: null,
        public_description_html: '&lt;!-- SC_OFF --&gt;&lt;div class="md"&gt;&lt;p&gt;A subreddit for anyone in the manufacturing industry. Content is very diverse: you&amp;#39;ll find videos, articles and self posts just to name a few.&lt;/p&gt;\n' +
          '&lt;/div&gt;&lt;!-- SC_ON --&gt;',
        allow_videos: false,
        is_crosspostable_subreddit: false,
        suggested_comment_sort: null,
        should_show_media_in_comments_setting: true,
        can_assign_link_flair: true,
        accounts_active_is_fuzzed: false,
        allow_prediction_contributors: false,
        submit_text_label: '',
        link_flair_position: 'left',
        user_sr_flair_enabled: null,
        user_flair_enabled_in_sr: false,
        allow_chat_post_creation: false,
        allow_discovery: true,
        accept_followers: true,
        user_sr_theme_enabled: true,
        link_flair_enabled: true,
        disable_contributor_requests: false,
        subreddit_type: 'public',
        notification_level: null,
        banner_img: '',
        user_flair_text: null,
        banner_background_color: '',
        show_media: true,
        id: '2qz70',
        user_is_contributor: null,
        over18: false,
        header_title: '',
        description: '## Welcome to /r/manufacturing!   \n' +
          '**The subreddit for the manufacturing industry.**\n' +
          '\n' +
          '&amp;nbsp;\n' +
          '\n' +
          '---\n' +
          '\n' +
          '**Post not showing up?** [Message the mods.](/message/compose?to=%2Fr%2Fmanufacturing)\n' +
          '\n' +
          '---\n' +
          '\n' +
          '**Willing to do an AMA?** [Message the mods.](/message/compose?to=%2Fr%2Fmanufacturing)\n' +
          '\n' +
          '---\n' +
          '\n' +
          '&amp;nbsp;\n' +
          '\n' +
          '#Rules\n' +
          '\n' +
          '*The full rules can be found [here](https://www.reddit.com/r/manufacturing/about/rules/), and take priority over the summary below.*\n' +
          '\n' +
          '&amp;nbsp;\n' +
          '\n' +
          '1. Posts must be in English.\n' +
          '1. Posts trying to sell products or services are not allowed. \n' +
          ' * Replying to requests is the only exception to this rule.\n' +
          ' * Free trials and similar offers are not allowed.\n' +
          '1. This is not the place for market research or other surveys. \n' +
          '1.  Company blog submissions are only allowed on Saturdays.\n' +
          '1. Video submissions are [heavily restricted](https://www.reddit.com/r/manufacturing/comments/o1f8jn/new_rule_restrictions_to_video_submissions/?). \n' +
          '\n' +
          'Unsure of something? [Message the mods!](/message/compose?to=%2Fr%2Fmanufacturing)\n' +
          '\n' +
          '&amp;nbsp;\n' +
          '\n' +
          'Posts that do not follow these rules will be removed on sight. See any posts breaking these rules? Hit the **report** button!  \n' +
          '\n' +
          '&amp;nbsp;\n' +
          '\n' +
          '---\n' +
          '\n' +
          '&amp;nbsp;\n' +
          '\n' +
          '###Other subreddits you might enjoy:\n' +
          '\n' +
          '&gt; /r/3Dprinting  \n' +
          '/r/AskEngineers  \n' +
          '/r/Automate  \n' +
          '/r/CNC  \n' +
          '/r/CAD  \n' +
          '/r/Engineering  \n' +
          '/r/EngineeringResumes  \n' +
          '/r/functionalprint  \n' +
          '/r/IndustrialDesign  \n' +
          '/r/IndustrialEngineering  \n' +
          '/r/JustRolledIntoTheShop  \n' +
          '/r/Machining\n' +
          '/r/Machinists  \n' +
          '/r/Mechanical_gifs  \n' +
          '/r/Metalworking  \n' +
          '/r/Metrology  \n' +
          '/r/PrintedCircuitBoard  \n' +
          '/r/Product_Design  \n' +
          '/r/SupplyChain  \n' +
          '/r/ThingsCutInHalfPorn  \n' +
          '/r/Toolgifs  \n' +
          '/r/Workboots\n' +
          '\n' +
          '&amp;nbsp;\n' +
          '\n' +
          '^(*Working Snoo logo by /u/SevenEyes*)',
        is_chat_post_feature_enabled: true,
        submit_link_label: '',
        user_flair_text_color: null,
        restrict_commenting: false,
        user_flair_css_class: null,
        allow_images: true,
        lang: 'en',
        whitelist_status: 'all_ads',
        url: '/r/manufacturing/',
        created_utc: 1243350418,
        banner_size: null,
        mobile_banner_image: '',
        user_is_moderator: null,
        allow_predictions_tournament: false
      }
    ]

      at src/features/feed/homeSlice.js:105:17


  console.log
    the error state false

      at Home (src/features/feed/HomeFeed.js:21:13)

  console.log
    the loading state true

      at Home (src/features/feed/HomeFeed.js:22:13)

  console.log
    1st store {
      counter: { value: 0, status: 'idle' },
      post: { post: null, comments: [], loading: false, error: null },
      home: {
        posts: [],
        subreddits: [ [Object], [Object] ],
        loading: true,
        error: false,
        searchTerm: '',
        selectedSubreddit: '/r/nibbio'
      }
    }

      at Object.<anonymous> (src/features/feed/tests/HomeFeed.test.js:51:17)

  console.log
    the error state false

      at Home (src/features/feed/HomeFeed.js:21:13)

  console.log
    the loading state false

      at Home (src/features/feed/HomeFeed.js:22:13)

  console.log
    the error state false

      at Home (src/features/feed/HomeFeed.js:21:13)

  console.log
    the loading state true

      at Home (src/features/feed/HomeFeed.js:22:13)

  console.log
    2nd store {
      counter: { value: 0, status: 'idle' },
      home: {
        posts: [],
        subreddits: [ [Object], [Object] ],
        loading: false,
        error: true,
        searchTerm: '',
        selectedSubreddit: '/r/nibbio'
      },
      post: { post: null, comments: [], loading: false, error: null }
    }

      at Object.<anonymous> (src/features/feed/tests/HomeFeed.test.js:79:17)

  console.log
    the error state false

      at Home (src/features/feed/HomeFeed.js:21:13)

  console.log
    the loading state false

      at Home (src/features/feed/HomeFeed.js:22:13)

  console.log
    the error state false

      at Home (src/features/feed/HomeFeed.js:21:13)

  console.log
    the loading state true

      at Home (src/features/feed/HomeFeed.js:22:13)

  console.log
    the error state false

      at Home (src/features/feed/HomeFeed.js:21:13)

  console.log
    the loading state false

      at Home (src/features/feed/HomeFeed.js:22:13)

  console.log
    the error state false

      at Home (src/features/feed/HomeFeed.js:21:13)

  console.log
    the loading state true

      at Home (src/features/feed/HomeFeed.js:22:13)

  console.log
    4th store {
      counter: { value: 0, status: 'idle' },
      home: {
        posts: [],
        subreddits: [ [Object], [Object] ],
        loading: false,
        error: false,
        searchTerm: 'Test',
        selectedSubreddit: '/r/nibbio'
      },
      post: { post: null, comments: [], loading: false, error: null }
    }

      at Object.<anonymous> (src/features/feed/tests/HomeFeed.test.js:129:17)

  console.log
    the error state false

      at Home (src/features/feed/HomeFeed.js:21:13)

  console.log
    the loading state true

      at Home (src/features/feed/HomeFeed.js:22:13)


